11-18 00:07:15.069 19239 19239 D ConnectivityManager: StackLog: [android.net.ConnectivityManager.sendRequestForNetwork(ConnectivityManager.java:4736)] [android.net.ConnectivityManager.sendRequestForNetwork(ConnectivityManager.java:4904)] [android.net.ConnectivityManager.registerNetworkCallback(ConnectivityManager.java:5321)] [WV.km1.e(chromium-TrichromeWebViewGoogle6432.aab-stable-739012433:86)] [WV.km1.a(chromium-TrichromeWebViewGoogle6432.aab-stable-739012433:1)] [org.chromium.android_webview.AwContentsLifecycleNotifier.onFirstWebViewCreated(chromium-TrichromeWebViewGoogle6432.aab-stable-739012433:19)] [J.N.JJ(Native Method)] [org.chromium.android_webview.AwContents.<init>(chromium-TrichromeWebViewGoogle6432.aab-stable-739012433:619)] [com.android.webview.chromium.k.run(chromium-TrichromeWebViewGoogle6432.aab-stable-739012433:163)] [WV.d23.run(chromium-TrichromeWebViewGoogle6432.aab-stable-739012433:13)] [org.chromium.base.task.PostTask.d(chromium-TrichromeWebViewGoogle6432.aab-stable-739012433:18)] [WV.e23.a(chromium-TrichromeWebViewGoogle6432.aab-stable-739012433:18)] [com.android.webview.chromium.WebViewChromiumFactoryProvider.a(chromium-TrichromeWebViewGoogle6432.aab-stable-739012433:3)] [com.android.webview.chromium.WebViewChromium.init(chromium-TrichromeWebViewGoogle6432.aab-stable-739012433:334)] [android.webkit.WebView.<init>(WebView.java:446)] [android.webkit.WebView.<init>(WebView.java:366)] [android.webkit.WebView.<init>(WebView.java:348)] [android.webkit.WebView.<init>(WebView.java:335)] [android.webkit.WebView.<init>(WebView.java:325)] [com.onda.app.MainActivity.onCreate(Unknown Source:5)] [android.app.Activity.performCreate(Activity.java:9363)] [android.app.Activity.performCreate(Activity.java:9332)] [android.app.Instrumentation.callActivityOnCreate(Instrumentation.java:1526)] [android.app.ActivityThread.performLaunchActivity(ActivityThread.java:4436)] [android.app.ActivityThread.handleLaunchActivity(ActivityThread.java:4685)] [android.app.servertransaction.LaunchActivityItem.execute(LaunchActivityItem.java:112)] [android.app.servertransaction.TransactionExecutor.executeNonLifecycleItem(TransactionExecutor.java:174)] [android.app.servertransaction.TransactionExecutor.executeTransactionItems(TransactionExecutor.java:109)] [android.app.servertransaction.TransactionExecutor.execute(TransactionExecutor.java:81)] [android.app.ActivityThread$H.handleMessage(ActivityThread.java:2895)]
11-18 00:07:15.070  1643  2654 D OemPaidWifiNetworkFactory: got request NetworkRequest [ REQUEST id=7857, [ Capabilities: INTERNET&NOT_RESTRICTED&TRUSTED&NOT_VCN_MANAGED&NOT_BANDWIDTH_CONSTRAINED Uid: 10407 RequestorUid: 10407 RequestorPkg: com.onda.app UnderlyingNetworks: Null] ]
11-18 00:07:15.070  1643  2654 D MultiInternetWifiNetworkFactory: got request NetworkRequest [ REQUEST id=7857, [ Capabilities: INTERNET&NOT_RESTRICTED&TRUSTED&NOT_VCN_MANAGED&NOT_BANDWIDTH_CONSTRAINED Uid: 10407 RequestorUid: 10407 RequestorPkg: com.onda.app UnderlyingNetworks: Null] ]
11-18 00:07:15.070  1643  2654 D WifiNetworkFactory: got request NetworkRequest [ REQUEST id=7857, [ Capabilities: INTERNET&NOT_RESTRICTED&TRUSTED&NOT_VCN_MANAGED&NOT_BANDWIDTH_CONSTRAINED Uid: 10407 RequestorUid: 10407 RequestorPkg: com.onda.app UnderlyingNetworks: Null] ]
11-18 00:07:15.072  1643  2654 D UntrustedWifiNetworkFactory: got request NetworkRequest [ REQUEST id=7857, [ Capabilities: INTERNET&NOT_RESTRICTED&TRUSTED&NOT_VCN_MANAGED&NOT_BANDWIDTH_CONSTRAINED Uid: 10407 RequestorUid: 10407 RequestorPkg: com.onda.app UnderlyingNetworks: Null] ]
11-18 00:07:15.103  1643  2684 D MdnieScenarioControlService:  packageName : com.onda.app    className : com.onda.app.MainActivity
11-18 00:07:15.111  1336  1445 I SurfaceFlinger: id=20842 createSurf, flag=84004, ea85172 com.onda.app/com.onda.app.MainActivity#20842
11-18 00:07:15.112  1336  1336 I SurfaceFlinger: [ea85172 com.onda.app/com.onda.app.MainActivity#20842] attach to parent LayerHierarchy{RequestedLayerState{ActivityRecord{ff478c0 u0 com.onda.app/.MainActivity t1413}#20832 parentId=20831} 3 children}
11-18 00:07:15.113 19239 19239 I InsetsController: onStateChanged: host=com.onda.app/com.onda.app.MainActivity, from=android.view.ViewRootImpl.setView:1999, state=InsetsState: {mDisplayFrame=Rect(0, 0 - 1080, 2340), mDisplayCutout=DisplayCutout{insets=Rect(0, 99 - 0, 0) waterfall=Insets{left=0, top=0, right=0, bottom=0} boundingRect={Bounds=[Rect(0, 0 - 0, 0), Rect(505, 0 - 575, 99), Rect(0, 0 - 0, 0), Rect(0, 0 - 0, 0)]} cutoutPathParserInfo={CutoutPathParserInfo{displayWidth=1080 displayHeight=2340 physicalDisplayWidth=1080 physicalDisplayHeight=2340 density={3.0} cutoutSpec={M 0,0 M 0,29 a 35,35 0 1,0 0,70 a 35,35 0 1,0 0,-70 Z} rotation={0} scale={1.0} physicalPixelDisplaySizeRatio={1.0}}} sideOverrides={}}, mRoundedCorners=RoundedCorners{[RoundedCorner{position=TopLeft, radius=108, center=Point(108, 108)}, RoundedCorner{position=TopRight, radius=108, center=Point(972, 108)}, RoundedCorner{position=BottomRight, radius=108, center=Point(972, 2232)}, RoundedCorner{position=BottomLeft, radius=108, center=Point(108, 2232)}]}  mRoundedCornerFrame=Rect(0, 0 - 1080, 2340), mPrivacyIndicatorBounds=PrivacyIndicatorBounds {static bounds=Rect(948, 0 - 1080, 99) rotation=0}, mDisplayShape=DisplayShape{ spec=-311912193 displayWidth=1080 displayHeight=2340 physicalPixelDisplaySizeRatio=1.0 rotation=0 offsetX=0 offsetY=0 scale=1.0}, mSources= { InsetsSource: {3 mType=ime mFrame=[0,0][0,0] mVisible=false mFlags= mSideHint=NONE mBoundingRects=null}, InsetsSource: {27 mType=displayCutout mFrame=[0,0][1080,99] mVisible=true mFlags= mSideHint=TOP mBoundingRects=null}, InsetsSource: {26710001 mType=navigationBars mFrame=[0,2196][1080,2340] mVisible=true mFlags= mSideHint=BOTTOM mBoundingRects=null}, InsetsSource: {26710004 mType=systemGestures mFrame=[0,0][0,0] mVisible=true mFlags= mSideHint=NONE mBoundingRects=null}, InsetsSource: {26710005 mType=mandatorySystemGestures mFrame=[0,2196][1080,2340] mVisible=true mFlags= mSideHint=BOTTOM mBoundingRects=null}, InsetsSource: {26710006 mType=tappableElement mFrame=[0,2196][1080,2340] mVisible=true mFlags= mSideHint=BOTTOM mBoundingRects=null}, InsetsSource: {26710024 mType=systemGestures mFrame=[0,0][0,0] mVisible=true mFlags= mSideHint=NONE mBoundingRects=null}, InsetsSource: {60080000 mType=statusBars mFrame=[0,0][1080,99] mVisible=true mFlags= mSideHint=TOP mBoundingRects=null}, InsetsSource: {60080005 mType=mandatorySystemGestures mFrame=[0,0][1080,135] mVisible=true mFlags= mSideHint=TOP mBoundingRects=null}, InsetsSource: {60080006 mType=tappableElement mFrame=[0,0][1080,99] mVisible=true mFlags= mSideHint=TOP mBoundingRects=null} }
11-18 00:07:15.121  1336  1336 I SurfaceFlinger: Layer [ea85172 com.onda.app/com.onda.app.MainActivity#20842] hidden!! flag(4096)
11-18 00:07:15.125  1643  3100 V WindowManager: Relayout Window{ea85172 u0 com.onda.app/com.onda.app.MainActivity}: viewVisibility=0 req=1080x2340 ty=1 d0
11-18 00:07:15.126  1336  3104 I SurfaceFlinger: id=20843 createSurf, flag=44004, com.onda.app/com.onda.app.MainActivity$_19239#20843
11-18 00:07:15.127  1336  1336 I SurfaceFlinger: [com.onda.app/com.onda.app.MainActivity$_19239#20843] attach to parent LayerHierarchy{RequestedLayerState{ea85172 com.onda.app/com.onda.app.MainActivity#20842 parentId=20832} 1 children}
11-18 00:07:15.129  1643  3100 D WindowManager: makeSurface duration=4 name=com.onda.app/com.onda.app.MainActivity$_19239
11-18 00:07:15.132  1643  3100 D WindowManager: Changing focus from null to Window{ea85172 u0 com.onda.app/com.onda.app.MainActivity} displayId=0 Callers=com.android.server.wm.WindowManagerService.relayoutWindowInner:142 com.android.server.wm.WindowManagerService.relayoutWindow:6 com.android.server.wm.Session.relayout:27 android.view.IWindowSession$Stub.onTransact:861
11-18 00:07:15.134  1643  3100 D InsetsSourceProvider: updateControlForTarget: control=InsetsSourceControl: {60080000 mType=statusBars initiallyVisible mSurfacePosition=Point(0, 0) mInsetsHint=Insets{left=0, top=99, right=0, bottom=0}}, target=Window{ea85172 u0 com.onda.app/com.onda.app.MainActivity}, from=com.android.server.wm.InsetsStateController.onControlTargetChanged:81 com.android.server.wm.InsetsPolicy.updateBarControlTarget:175 com.android.server.wm.DisplayPolicy.updateSystemBarAttributes:281 com.android.server.wm.WindowManagerService.updateFocusedWindowLocked:375 com.android.server.wm.WindowManagerService.relayoutWindowInner:142
11-18 00:07:15.136  1643  3100 D InsetsSourceProvider: updateControlForTarget: control=InsetsSourceControl: {26710001 mType=navigationBars initiallyVisible mSurfacePosition=Point(0, 2196) mInsetsHint=Insets{left=0, top=0, right=0, bottom=144}}, target=Window{ea85172 u0 com.onda.app/com.onda.app.MainActivity}, from=com.android.server.wm.InsetsStateController.onControlTargetChanged:81 com.android.server.wm.InsetsPolicy.updateBarControlTarget:188 com.android.server.wm.DisplayPolicy.updateSystemBarAttributes:281 com.android.server.wm.WindowManagerService.updateFocusedWindowLocked:375 com.android.server.wm.WindowManagerService.relayoutWindowInner:142
11-18 00:07:15.138  1643  3100 D WindowManager: updateSystemBarAttributes: displayId=0, focusedCanBeNavColorWin=false, win=Window{ea85172 u0 com.onda.app/com.onda.app.MainActivity}, navColorWin=Window{c5be184 u0 Splash Screen com.onda.app}, caller=com.android.server.wm.WindowManagerService.updateFocusedWindowLocked:375 com.android.server.wm.WindowManagerService.relayoutWindowInner:142 com.android.server.wm.WindowManagerService.relayoutWindow:6
11-18 00:07:15.138  1643  3100 V SystemKeyManager: updateFocusedWindow() is called, com.onda.app/com.onda.app.MainActivity
11-18 00:07:15.138  1643  3132 D CoreBackPreview: Window{ea85172 u0 com.onda.app/com.onda.app.MainActivity}: Setting back callback OnBackInvokedCallbackInfo{mCallback=android.window.IOnBackInvokedCallback$Stub$Proxy@d2c9cca, mPriority=0, mIsAnimationCallback=false}
11-18 00:07:15.140  2913  2913 D NavigationBar: onSystemBarAttributesChanged() -  displayId:0, appearance:16, packageName: com.onda.app (APPEARANCE_LIGHT_NAVIGATION_BARS ), navbarColorManagedByIme:false
11-18 00:07:15.143 19239 19239 E com.onda.app: Unable to open libpenguin.so: dlopen failed: library "libpenguin.so" not found.
11-18 00:07:15.151  1336  1540 D SurfaceFlinger: [input] setFocusedWindow: ea85172 com.onda.app/com.onda.app.MainActivity
11-18 00:07:15.152  1643  3132 D InputDispatcher: Once focus requested (0): ea85172 com.onda.app/com.onda.app.MainActivity
11-18 00:07:15.152  1643  3132 D InputDispatcher: Focus request (0): ea85172 com.onda.app/com.onda.app.MainActivity but waiting because NOT_VISIBLE
11-18 00:07:15.201  1336  1446 I SurfaceFlinger: [com.onda.app/com.onda.app.MainActivity$_19239#20843] setTransactionState with the first frame. bufferData(ID: 82630875807744, frameNumber: 1)
11-18 00:07:15.202  1643  3124 D WindowManager: finishDrawingWindow: Window{ea85172 u0 com.onda.app/com.onda.app.MainActivity} mDrawState=DRAW_PENDING seqId=0
11-18 00:07:15.204  1643  2025 V WindowManager: Finish starting ActivityRecord{ff478c0 u0 com.onda.app/.MainActivity t1413}: first real window is shown, no animation
11-18 00:07:15.205  1643  2025 V WindowManager: Schedule remove starting ActivityRecord{ff478c0 u0 com.onda.app/.MainActivity t1413} startingWindow=Window{c5be184 u0 Splash Screen com.onda.app} animate=true Callers=com.android.server.wm.ActivityRecord.removeStartingWindow:150 com.android.server.wm.WindowState.performShowLocked:147 com.android.server.wm.WindowStateAnimator.commitFinishDrawingLocked:59 com.android.server.wm.DisplayContent$$ExternalSyntheticLambda1.accept$com$android$server$wm$DisplayContent$$ExternalSyntheticLambda40:22 com.android.server.wm.DisplayContent$$ExternalSyntheticLambda1.accept:305
11-18 00:07:15.206  1643  2025 D TaskOrganizerController: applyStartingWindowAnimation, window=Window{ea85172 u0 com.onda.app/com.onda.app.MainActivity}, caller=com.android.server.wm.TaskOrganizerController.removeStartingWindow:131 com.android.server.wm.StartingSurfaceController$StartingSurface.remove:23 com.android.server.wm.ActivityRecord.removeStartingWindowAnimation:181
11-18 00:07:15.206  1643  2025 I WindowManager: Reparenting to leash, surface=Surface(name=ea85172 com.onda.app/com.onda.app.MainActivity)/@0x7644304, syncState=0, syncCommitDepth=0, leashParent=Surface(name=ActivityRecord{ff478c0 u0 com.onda.app/.MainActivity t1413})/@0xb33f0ed
11-18 00:07:15.206  1336  1446 I SurfaceFlinger: id=20846 createSurf, flag=24000, Surface(name=ea85172 com.onda.app/com.onda.app.MainActivity)/@0x7644304 - animation-leash of starting_reveal#20846
11-18 00:07:15.208  1643  2025 D WindowManager: makeSurface duration=1 leash=Surface(name=Surface(name=ea85172 com.onda.app/com.onda.app.MainActivity)/@0x7644304 - animation-leash of starting_reveal)/@0xb1279b3
11-18 00:07:15.213  1643  2025 I ActivityTaskManager: done cause=notifyWindowsDrawn timestamp=81342551567510 info=TransitionInfo{130fe0f a=ActivityRecord{ff478c0 u0 com.onda.app/.MainActivity t1413} d=true}
11-18 00:07:15.213  1643  2025 V WindowManager: performShowLocked: mDrawState=HAS_DRAWN in Window{ea85172 u0 com.onda.app/com.onda.app.MainActivity}
11-18 00:07:15.214  1336  1336 I SurfaceFlinger: [Surface(name=ea85172 com.onda.app/com.onda.app.MainActivity)/@0x7644304 - animation-leash of starting_reveal#20846] attach to parent LayerHierarchy{RequestedLayerState{ActivityRecord{ff478c0 u0 com.onda.app/.MainActivity t1413}#20832 parentId=20831} 4 children}
11-18 00:07:15.216  1643  2020 I PkgPredictorService-SecIpmManagerServiceImpl: reportToNAP uid:10407 com.onda.app/com.onda.app.MainActivity thisTime:302
11-18 00:07:15.218  1643  2020 I ActivityTaskManager: Displayed com.onda.app/.MainActivity for user 0: +302ms
11-18 00:07:15.218  1643  2020 I Pageboost: Launch time gathered : pid 19239 com.onda.app 302
11-18 00:07:15.219 19239 19239 I InsetsSourceConsumer: applyRequestedVisibilityToControl: visible=true, type=statusBars, host=com.onda.app/com.onda.app.MainActivity
11-18 00:07:15.219 19239 19239 I InsetsSourceConsumer: applyRequestedVisibilityToControl: visible=true, type=navigationBars, host=com.onda.app/com.onda.app.MainActivity
11-18 00:07:15.234  1336  1336 I SurfaceFlinger: Layer [com.onda.app/com.onda.app.MainActivity$_19239#20843] hidden!! flag(0)
11-18 00:07:15.234  1336  1336 I SurfaceFlinger: [LayerHierarchy{RequestedLayerState{ea85172 com.onda.app/com.onda.app.MainActivity#20842 parentId=20846} 1 children}] reparent to LayerHierarchy{RequestedLayerState{Surface(name=ea85172 com.onda.app/com.onda.app.MainActivity)/@0x7644304 - animation-leash of starting_reveal#20846 parentId=20832} 1 children}
11-18 00:07:15.243  1336  1336 D SurfaceFlinger:        CLIENT |   0xb4000079df92fe20 | 0001 | RGBA_8888    |    0.0    0.0 1079.0 2275.0 |    9   64 1063 2287 | com.onda.app/com.onda.app.MainActivity$_19239#20843 (2)
11-18 00:07:15.243  1336  1336 D SurfaceFlinger:        CLIENT |   0xb4000079df92d2d0 | 0001 | RGBA_8888    |    0.0    2.0 1079.0 2335.0 |    9    8 1063 2287 | Splash Screen com.onda.app$_2913#20834 (2)
11-18 00:07:15.244  1643  3132 D InputDispatcher: Focus entered window (0): ea85172 com.onda.app/com.onda.app.MainActivity
11-18 00:07:15.253  1643  3124 D SGM:GameManager: identifyGamePackage. com.onda.app, mCurrentUserId: 0, callerUserId: 0, callingMethodInfo: com.samsung.android.game.IGameManagerService$Stub.onTransact(IGameManagerService.java:228)
11-18 00:07:15.256  1643  2606 I ImeTracker: com.onda.app:8529c971: onRequestHide at ORIGIN_SERVER reason HIDE_UNSPECIFIED_WINDOW fromUser false
11-18 00:07:15.257  1643  2606 I ImeTracker: com.onda.app:8529c971: onCancelled at PHASE_SERVER_SHOULD_HIDE
11-18 00:07:15.262  6802  6802 I HBD     : c [AiWriter] setContact : com.onda.app
11-18 00:07:15.262  6802  6802 I HBD     : a [AiWriter] setContact : com.onda.app
11-18 00:07:15.262  1643  3124 D InsetsSourceProvider: updateControlForTarget: control=InsetsSourceControl: {3 mType=ime mSurfacePosition=Point(0, 99) mInsetsHint=Insets{left=0, top=0, right=0, bottom=1026}}, target=Window{ea85172 u0 com.onda.app/com.onda.app.MainActivity}, from=com.android.server.wm.ImeInsetsSourceProvider.updateControlForTarget:17 com.android.server.wm.InsetsStateController.onControlTargetChanged:81 com.android.server.wm.DisplayContent.updateImeControlTarget:21 com.android.server.wm.DisplayContent.updateImeInputAndControlTarget:81 com.android.server.wm.WindowManagerService$LocalService.updateInputMethodTargetWindow:21
11-18 00:07:15.265  6802  7143 I HBD     : h [SKE_SPECIFIC] specific model[com.onda.app] loaded, 1774688 ns
11-18 00:07:15.268  1643  3132 V WindowManager: Relayout Window{c5be184 u0 Splash Screen com.onda.app}: viewVisibility=8 req=1080x2340 ty=3 d0
11-18 00:07:15.270  1643  3124 D CoreBackPreview: Window{c5be184 u0 Splash Screen com.onda.app}: Setting back callback null
11-18 00:07:15.270  1643  5430 D WindowManager: Starting window removed Window{c5be184 u0 Splash Screen com.onda.app}
11-18 00:07:15.270  1643  5430 I WindowManager: Cancelling animation restarting=false, leash=Surface(name=Surface(name=ea85172 com.onda.app/com.onda.app.MainActivity)/@0x7644304 - animation-leash of starting_reveal)/@0xb1279b3
11-18 00:07:15.270  1643  5430 I WindowManager: Reparenting to original parent: Surface(name=ActivityRecord{ff478c0 u0 com.onda.app/.MainActivity t1413})/@0xb33f0ed, destroy=false, syncState=0, syncCommitDepth=0, surface=Surface(name=ea85172 com.onda.app/com.onda.app.MainActivity)/@0x7644304
11-18 00:07:15.270  1643  5430 W InputManager-JNI: Input channel object 'c5be184 Splash Screen com.onda.app (client)' was disposed without first being removed with the input manager!
11-18 00:07:15.270  1643  5430 V WindowManager: Remove Window{c5be184 u0 Splash Screen com.onda.app}: mSurfaceController=Surface(name=Splash Screen com.onda.app$_2913)/@0x9a59364 mAnimatingExit=false mRemoveOnExit=false mHasSurface=true surfaceShowing=true animating=false app-animation=false mDisplayFrozen=false callers=com.android.server.wm.Session.remove:16 android.view.IWindowSession$Stub.onTransact:794 com.android.server.wm.Session.onTransact:1 android.os.Binder.execTransactInternal:1541 android.os.Binder.execTransact:1480 <bottom of call stack>
11-18 00:07:15.278 19239 19239 I InsetsSourceConsumer: applyRequestedVisibilityToControl: visible=false, type=ime, host=com.onda.app/com.onda.app.MainActivity
11-18 00:07:15.281  1336  1336 I SurfaceFlinger: Layer [Splash Screen com.onda.app$_2913#20834] hidden!! flag(1)
11-18 00:07:15.282  1336  1336 I SurfaceFlinger: [LayerHierarchy{RequestedLayerState{ImeContainer#16 parentId=20832 relativeParentId=20832 z=3} 1 children}] reparent to LayerHierarchy{RequestedLayerState{ActivityRecord{ff478c0 u0 com.onda.app/.MainActivity t1413}#20832 parentId=20831} 4 children}
11-18 00:07:15.282  1336  1336 I SurfaceFlinger: [LayerHierarchy{RequestedLayerState{ea85172 com.onda.app/com.onda.app.MainActivity#20842 parentId=20832} 1 children}] reparent to LayerHierarchy{RequestedLayerState{ActivityRecord{ff478c0 u0 com.onda.app/.MainActivity t1413}#20832 parentId=20831} 5 children}
11-18 00:07:15.282  1336  1336 I SurfaceFlinger: [LayerHierarchy{RequestedLayerState{Surface(name=ea85172 com.onda.app/com.onda.app.MainActivity)/@0x7644304 - animation-leash of starting_reveal#20846} no children}] reparent to OffscreenRoot
11-18 00:07:15.282  1336  1336 I SurfaceFlinger: [LayerHierarchy{RequestedLayerState{Surface(name=ea85172 com.onda.app/com.onda.app.MainActivity)/@0x7644304 - animation-leash of starting_reveal#20846} no children}] RelativeParent to null
11-18 00:07:15.290  1336  1336 D SurfaceFlinger:        CLIENT |   0xb4000079df92fe20 | 0001 | RGBA_8888    |    0.0    0.0 1079.0 2338.0 |    3    2 1075 2326 | com.onda.app/com.onda.app.MainActivity$_19239#20843 (2)
11-18 00:07:15.307  1643  3132 I WindowManager: Destroying surface Surface(name=Splash Screen com.onda.app$_2913)/@0x9a59364 called by com.android.server.wm.WindowStateAnimator.destroySurface:11 com.android.server.wm.WindowStateAnimator.destroySurfaceLocked:54 com.android.server.wm.WindowState.removeImmediately:43 com.android.server.wm.WindowState.handleCompleteDeferredRemoval:16 com.android.server.wm.WindowContainer.handleCompleteDeferredRemoval:21 com.android.server.wm.ActivityRecord.handleCompleteDeferredRemoval:8 com.android.server.wm.WindowContainer.handleCompleteDeferredRemoval:21 com.android.server.wm.TaskFragment.handleCompleteDeferredRemoval:17
11-18 00:07:15.307  1643  3132 D WindowManager: updateSystemBarAttributes: displayId=0, focusedCanBeNavColorWin=false, win=Window{ea85172 u0 com.onda.app/com.onda.app.MainActivity}, navColorWin=Window{ea85172 u0 com.onda.app/com.onda.app.MainActivity}, caller=com.android.server.wm.DisplayPolicy.finishPostLayoutPolicyLw:17 com.android.server.wm.RootWindowContainer.applySurfaceChangesTransaction$1:194 com.android.server.wm.RootWindowContainer.performSurfacePlacementNoTrace:61
11-18 00:07:15.312 19239 19239 D WebViewConsole: Uncaught Error: Missing Supabase environment variables (line 272 of https://appassets.androidplatform.net/assets/index-DP2tEIYx.js)
11-18 00:07:15.317  1336  1336 D SurfaceFlinger:        DEVICE |   0xb4000079df92fe20 | 0001 | RGBA_8888    |    0.0    0.0 1080.0 2340.0 |    0    0 1080 2340 | com.onda.app/com.onda.app.MainActivity$_19239#20843 (2)
11-18 00:07:15.318  1643  2830 D NetdEventListenerService: DNS Requested by 119, 10407(com.onda.app), SUCCESS, 1ms
11-18 00:07:15.319  1336  1336 I SurfaceFlinger: [LayerHierarchy{RequestedLayerState{ImeContainer#16 parentId=20832 relativeParentId=20842 z=1} 1 children}] RelativeParent to LayerHierarchy{RequestedLayerState{ea85172 com.onda.app/com.onda.app.MainActivity#20842 parentId=20832} 2 children}
11-18 00:07:15.319  1336  1336 I SurfaceFlinger: [LayerHierarchy{RequestedLayerState{c5be184 Splash Screen com.onda.app#20833 z=2147483647} 1 children}] reparent to OffscreenRoot
11-18 00:07:15.319  1336  1336 I SurfaceFlinger: [LayerHierarchy{RequestedLayerState{c5be184 Splash Screen com.onda.app#20833 z=2147483647} 1 children}] RelativeParent to null
11-18 00:07:15.319  1336  1336 I SurfaceFlinger: [LayerHierarchy{RequestedLayerState{Splash Screen com.onda.app$_2913#20834} no children}] reparent to OffscreenRoot
11-18 00:07:15.319  1336  1336 I SurfaceFlinger: [LayerHierarchy{RequestedLayerState{Splash Screen com.onda.app$_2913#20834} no children}] RelativeParent to null
11-18 00:07:15.321  1336  1336 I SurfaceFlinger: id=20833 Removed c5be184 Splash Screen com.onda.app#20833 (145)
11-18 00:07:15.321  1336  1336 I SurfaceFlinger: id=20834 Removed Splash Screen com.onda.app$_2913#20834 (145)
11-18 00:07:15.325  1336  1336 I SurfaceFlinger: destroyed c5be184 Splash Screen com.onda.app#20833
11-18 00:07:15.325  1336  1336 I SurfaceFlinger: destroyed Splash Screen com.onda.app$_2913#20834
11-18 00:07:15.326  1336  1336 I Layer   : id=20834 Destroyed Splash Screen com.onda.app$_2913#20834
11-18 00:07:15.326  1336  1336 I Layer   : id=20833 Destroyed c5be184 Splash Screen com.onda.app#20833
11-18 00:07:15.331  1643  2024 D SGM:FgCheckThread: getForegroundApp(), foregroundPkgName=com.onda.app
11-18 00:07:15.332  1643  2024 D SGM:FgCheckThread: noteStopComponent(), received pkgName: com.sec.android.app.launcher, focusedPkgName: com.onda.app, userId: 0
11-18 00:07:15.423  1643  2830 D NetdEventListenerService: DNS Requested by 119, 10407(com.onda.app), SUCCESS, 1ms
11-18 00:07:15.424  1643  2830 D NetdEventListenerService: DNS Requested by 119, 10407(com.onda.app), SUCCESS, 0ms
11-18 00:07:15.424  1643  2830 D NetdEventListenerService: DNS Requested by 119, 10407(com.onda.app), SUCCESS, 1ms
11-18 00:07:15.426  1643  2830 D NetdEventListenerService: DNS Requested by 119, 10407(com.onda.app), SUCCESS, 0ms
11-18 00:07:15.463  1643  2830 D NetdEventListenerService: DNS Requested by 119, 10407(com.onda.app), SUCCESS, 0ms
11-18 00:07:15.464  1643  2684 D MdnieScenarioControlService:  packageName : com.onda.app    className : com.onda.app.MainActivity
11-18 00:07:15.507  1643  2830 D NetdEventListenerService: DNS Requested by 119, 10407(com.onda.app), SUCCESS, 0ms
11-18 00:07:15.737  1643  2830 D NetdEventListenerService: DNS Requested by 119, 10407(com.onda.app), SUCCESS, 0ms
11-18 00:07:15.763  1643  2024 D SGM:GameManager: identifyForegroundApp. com.onda.app, mCurrentUserId: 0, callerUserId: 0
11-18 00:07:16.278  1643  2830 D NetdEventListenerService: DNS Requested by 119, 10407(com.onda.app), SUCCESS, 1ms
11-18 00:07:17.044  1643  3100 V WindowManager: Transition 1535: Set Task{c6219f9 #1413 type=standard A=10407:com.onda.app} as transient-hidden-task, caller=com.android.server.wm.Task.forAllTasks:4 com.android.server.wm.WindowContainer.forAllTasks:2 com.android.server.wm.DisplayArea.forAllTasks:9
11-18 00:07:17.044  1643  3100 V WindowManager: Collecting in transition 1535: Task{c6219f9 #1413 type=standard A=10407:com.onda.app}, caller=com.android.server.wm.Transition$$ExternalSyntheticLambda16.test:93 com.android.server.wm.Task.forAllTasks:4 com.android.server.wm.WindowContainer.forAllTasks:2 com.android.server.wm.DisplayArea.forAllTasks:9 com.android.server.wm.TransitionController.setTransientLaunch:99
11-18 00:07:17.045  1643  3100 D ActivityTaskManager: scheduleTopResumedActivityChanged, onTop=false, r=ActivityRecord{ff478c0 u0 com.onda.app/.MainActivity t1413}, caller=com.android.server.wm.ActivityTaskSupervisor.scheduleTopResumedActivityStateLossIfNeeded:11 com.android.server.wm.ActivityTaskSupervisor.updateTopResumedActivityIfNeeded:19 com.android.server.wm.TaskDisplayArea.positionChildAt:270 com.android.server.wm.Task.moveToFront:443 com.android.server.wm.ActivityStartController.startExistingRecents:201 com.android.server.wm.WindowOrganizerController.applyHierarchyOp:31
11-18 00:07:17.073  1643  2025 V WindowManager: Start calculating TransitionInfo based on participants: {Task{300af38 #1171 type=recents I=com.sec.android.app.launcher/com.android.quickstep.RecentsActivity}, TransientLaunchOverlayToken{50bb239 token=android.os.BinderProxy@fe04a00}, WallpaperWindowToken{926e278 token=android.os.Binder@36b27db}_<system>, ActivityRecord{c0d2f9b u0 com.sec.android.app.launcher/com.android.quickstep.RecentsActivity t1171}, Task{c6219f9 #1413 type=standard A=10407:com.onda.app}}
11-18 00:07:17.074  1643  2025 V WindowManager:   Final targets: [TransientLaunchOverlayToken{50bb239 token=android.os.BinderProxy@fe04a00}, Task{300af38 #1171 type=recents I=com.sec.android.app.launcher/com.android.quickstep.RecentsActivity}, Task{c6219f9 #1413 type=standard A=10407:com.onda.app}, WallpaperWindowToken{926e278 token=android.os.Binder@36b27db}_<system>]
11-18 00:07:17.074  3422  3422 I HoneySpace.GestureEventController: SetGestureTaskList, SendGestureTaskList(taskList=[[#1413=com.onda.app]], initPosition=0, runningTaskId=1413, showAnimStartPosition=0, isLeashTargetCenter=true, forSimple=true)
11-18 00:07:17.074  3422  3422 I HoneySpace.GestureEventController: SetGestureTaskList, SendGestureTaskList(taskList=[[#1413=com.onda.app]], initPosition=0, runningTaskId=1413, showAnimStartPosition=0, isLeashTargetCenter=true, forSimple=false)
11-18 00:07:17.075  3422  3422 I HoneySpace.TaskListViewModel: groupTasks: [[#1413=com.onda.app]]
11-18 00:07:17.076  1643  2025 D WindowManager: setActiveRecents, recents=ActivityRecord{c0d2f9b u0 com.sec.android.app.launcher/com.android.quickstep.RecentsActivity t1171}, task=Task{c6219f9 #1413 type=standard A=10407:com.onda.app}, caller=com.android.server.wm.InputMonitor.setActiveRecents:32 com.android.server.wm.Transition.handleLegacyRecentsStartBehavior:107 com.android.server.wm.Transition.onTransactionReady:2212
11-18 00:07:17.076  3422  3422 I HoneySpace.TaskAdapter: attach [position: 0], taskData size: 1, item: ComponentInfo{com.onda.app/com.onda.app.MainActivity}, animReady: 4, firstBindingComplete: 4, view: a3b89f9
11-18 00:07:17.076  3422 17398 I HoneySpace.TaskDataRepositoryImpl: Request icon and label, id=1413, iconAndLabel: IconAndLabel(icon=android.graphics.Bitmap@ddeb86, label=Onda), componentKey: com.onda.app/.MainActivity#UserHandle{0}
11-18 00:07:17.076  1643  2025 V WindowManager:         {WCT{RemoteToken{c518bdd Task{c6219f9 #1413 type=standard A=10407:com.onda.app}}} m=TO_BACK f=NONE leash=Surface(name=Task=1413)/@0xf4c887 sb=Rect(0, 0 - 1080, 2340) eb=Rect(0, 0 - 1080, 2340) d=0 taskParent=-1 inset=Rect(0, 99 - 0, 144) dim=true},
11-18 00:07:17.080  3422 17751 I HoneySpace.SuggestedItemsFacade: DPS items : Onda, com.onda.app/.MainActivity#UserHandle{0}
11-18 00:07:17.080  3422 17751 I HoneySpace.FilteredItemProvider: collect filtered items o, [PK(p='com.onda.app', u=UserHandle{0})]
11-18 00:07:17.081  3422 17751 I HoneySpace.SuggestedItemsFacade: filteredItem : PK(p='com.onda.app', u=UserHandle{0})
11-18 00:07:17.081  3422 17751 I HoneySpace.SuggestedItemsFacade: item removed by filter - PK(p='com.onda.app', u=UserHandle{0})
11-18 00:07:17.086  1643  2020 V WindowManager:         {WCT{RemoteToken{c518bdd Task{c6219f9 #1413 type=standard A=10407:com.onda.app}}} m=TO_BACK f=NONE leash=Surface(name=Task=1413)/@0xf4c887 sb=Rect(0, 0 - 1080, 2340) eb=Rect(0, 0 - 1080, 2340) d=0 taskParent=-1 inset=Rect(0, 99 - 0, 144) dim=true},
11-18 00:07:17.092  3422  3422 I HoneySpace.TaskAdapter: attach [position: 0], taskData size: 1, item: ComponentInfo{com.onda.app/com.onda.app.MainActivity}, animReady: 4, firstBindingComplete: 4, view: a7ce021
11-18 00:07:17.093  3422 10982 I HoneySpace.TaskDataRepositoryImpl: Request icon and label, id=1413, iconAndLabel: IconAndLabel(icon=android.graphics.Bitmap@ddeb86, label=Onda), componentKey: com.onda.app/.MainActivity#UserHandle{0}
11-18 00:07:17.115  1336  1481 D RenderEngine: [SEC_SF_EFFECTS] drawLayersInternal,1299, Rendering layer com.onda.app/com.onda.app.MainActivity$_19239#20843 at index 1
11-18 00:07:17.118  1643  3124 D WindowManager: Changing focus from Window{ea85172 u0 com.onda.app/com.onda.app.MainActivity} to Window{a24f455 u0 com.sec.android.app.launcher/com.android.quickstep.RecentsActivity} displayId=0 Callers=com.android.server.wm.ActivityTaskManagerService.setLastResumedActivityUncheckLocked:264 com.android.server.wm.ActivityTaskManagerService.setFocusedTask:20 com.android.server.wm.ActivityTaskManagerService.focusTopTask:52 android.app.IActivityTaskManager$Stub.onTransact:1865
11-18 00:07:17.121  1643  3124 D WindowManager: updateSystemBarAttributes: displayId=0, focusedCanBeNavColorWin=false, win=Window{a24f455 u0 com.sec.android.app.launcher/com.android.quickstep.RecentsActivity}, navColorWin=Window{ea85172 u0 com.onda.app/com.onda.app.MainActivity}, caller=com.android.server.wm.WindowManagerService.updateFocusedWindowLocked:375 com.android.server.wm.ActivityTaskManagerService.setLastResumedActivityUncheckLocked:264 com.android.server.wm.ActivityTaskManagerService.setFocusedTask:20
11-18 00:07:17.125  1336  1336 D SurfaceFlinger:        CLIENT |   0xb4000079df92b740 | 0001 | RGBA_8888    |    0.0    3.0 1079.0 2334.0 |    0    0 1079 2339 | com.onda.app/com.onda.app.MainActivity$_19239#20843 (4)
11-18 00:07:17.150  1643  2909 D InputDispatcher: Focus left window (0): ea85172 com.onda.app/com.onda.app.MainActivity
11-18 00:07:17.429  1336  1481 D RenderEngine: [SEC_SF_EFFECTS] drawLayersInternal,1299, Rendering layer com.onda.app/com.onda.app.MainActivity$_19239#20843 at index 1
11-18 00:07:17.456  1336  1336 D SurfaceFlinger:        CLIENT |   0xb4000079df92b740 | 0001 | RGBA_8888    |    1.0  100.0 1079.0 2194.0 |  198  338  881 1667 | com.onda.app/com.onda.app.MainActivity$_19239#20843 (4)
11-18 00:07:17.460  1643  2909 V WindowManager: Setting visibility of Window{ea85172 u0 com.onda.app/com.onda.app.MainActivity}: false, caller=com.android.server.wm.WindowContainer.sendAppVisibilityToClients:19 com.android.server.wm.WindowToken.setClientVisible:49 com.android.server.wm.ActivityRecord.setClientVisible:8 com.android.server.wm.ActivityRecord.commitVisibility:273 com.android.server.wm.TransitionController.finishTransition:766
11-18 00:07:17.471  1643  2025 I SurfaceControlRegistry: hide, t=syncBuffer_VRI[RecentsTransitionOverlay]@a62e43d#76_seqId<104> sc=ActivityRecord{ff478c0 u0 com.onda.app/.MainActivity t1413}, caller=android.view.SurfaceControl$Transaction.hide:3258 com.android.server.wm.ActivityRecord.prepareSurfaces:66 com.android.server.wm.WindowContainer.prepareSurfaces:26 com.android.server.wm.TaskFragment.prepareSurfaces:7 com.android.server.wm.Task.prepareSurfaces:10 com.android.server.wm.WindowContainer.prepareSurfaces:26
11-18 00:07:17.471  1643  2025 I SurfaceControlRegistry: hide, t=syncBuffer_VRI[RecentsTransitionOverlay]@a62e43d#76_seqId<104> sc=com.onda.app/com.onda.app.MainActivity$_19239, caller=android.view.SurfaceControl$Transaction.hide:3258 com.android.server.wm.WindowStateAnimator.hide:56 com.android.server.wm.WindowStateAnimator.prepareSurfaceLocked:292 com.android.server.wm.WindowState.prepareSurfaces:95 com.android.server.wm.WindowContainer.prepareSurfaces:26 com.android.server.wm.ActivityRecord.prepareSurfaces:107
11-18 00:07:17.473  1336  1336 I SurfaceFlinger: Layer [com.onda.app/com.onda.app.MainActivity$_19239#20843] hidden!! flag(1)
11-18 00:07:17.473  1336  1336 I SurfaceFlinger: Layer [ActivityRecord{ff478c0 u0 com.onda.app/.MainActivity t1413}#20832] hidden!! flag(1)
11-18 00:07:17.476  1643  2909 V WindowManager: Relayout Window{ea85172 u0 com.onda.app/com.onda.app.MainActivity}: viewVisibility=8 req=1080x2340 ty=1 d0
11-18 00:07:17.496 19239 19239 D VRI[MainActivity]@45e7f2: WindowStopped on com.onda.app/com.onda.app.MainActivity set to true
11-18 00:07:17.502  1643  3124 V WindowManager: Relayout Window{ea85172 u0 com.onda.app/com.onda.app.MainActivity}: viewVisibility=8 req=1080x2340 ty=1 d0
11-18 00:07:17.505  1643  3100 E WindowManager: win=Window{ea85172 u0 com.onda.app/com.onda.app.MainActivity} destroySurfaces: appStopped=true cleanupOnResume=false win.mWindowRemovalAllowed=false win.mRemoveOnExit=false win.mViewVisibility=8 caller=com.android.server.wm.ActivityRecord.destroySurfaces:25 com.android.server.wm.ActivityRecord.activityStopped:204 com.android.server.wm.ActivityClientController.activityStopped:95 android.app.IActivityClientController$Stub.onTransact:722 com.android.server.wm.ActivityClientController.onTransact:1 android.os.Binder.execTransactInternal:1541 android.os.Binder.execTransact:1480
11-18 00:07:17.505  1643  3100 I WindowManager: Destroying surface Surface(name=com.onda.app/com.onda.app.MainActivity$_19239)/@0x6b9cc37 called by com.android.server.wm.WindowStateAnimator.destroySurface:11 com.android.server.wm.WindowStateAnimator.destroySurfaceLocked:54 com.android.server.wm.WindowState.destroySurfaceUnchecked:5 com.android.server.wm.WindowState.destroySurface:126 com.android.server.wm.ActivityRecord.destroySurfaces:25 com.android.server.wm.ActivityRecord.activityStopped:204 com.android.server.wm.ActivityClientController.activityStopped:95 android.app.IActivityClientController$Stub.onTransact:722
11-18 00:07:17.505  1643  2024 D SGM:FgCheckThread: pkgName: com.onda.app is not in foreground
11-18 00:07:17.505  1643  2024 D SGM:FgCheckThread: noteStopComponent(), received pkgName: com.onda.app, focusedPkgName: com.sec.android.app.launcher, userId: 0
11-18 00:07:17.506  1336  1336 I SurfaceFlinger: [LayerHierarchy{RequestedLayerState{com.onda.app/com.onda.app.MainActivity$_19239#20843} no children}] reparent to OffscreenRoot
11-18 00:07:17.506  1336  1336 I SurfaceFlinger: [LayerHierarchy{RequestedLayerState{com.onda.app/com.onda.app.MainActivity$_19239#20843} no children}] RelativeParent to null
11-18 00:07:17.507  1336  3104 I SurfaceFlinger: id=20843 Removed com.onda.app/com.onda.app.MainActivity$_19239#20843 (139)
11-18 00:07:17.507  1643  2021 D PkgPredictorService-SecIpmManagerServiceImpl: bg information pid:19239 uid:10407 pkgName:com.onda.app
11-18 00:07:17.515  1336  1336 I SurfaceFlinger: destroyed com.onda.app/com.onda.app.MainActivity$_19239#20843
11-18 00:07:17.515  1336  1336 I Layer   : id=20843 Destroyed com.onda.app/com.onda.app.MainActivity$_19239#20843
11-18 00:07:17.805   806   806 D io_stats: !@ Read_top(KB): com.onda.app(19239) 1820 chbox:googleapp(14202) 1244 pageboostd(3852) 1032
11-18 00:07:17.805   806   806 D io_stats: !@ Write_top(KB): system_server(1643) 1000 loop46(3924) 768 com.onda.app(19239) 680
11-18 00:07:17.968  1643  2024 I ActivityManager: Killing 19239:com.onda.app/u0a407 (adj 850): remove task
11-18 00:07:18.020  1643  2909 W ActivityManager: Scheduling restart of crashed service com.onda.app/org.chromium.content.app.SandboxedProcessService0:0 in 1000ms for connection
11-18 00:07:18.039  1643  3065 I WindowManager: WIN DEATH: Window{ea85172 u0 com.onda.app/com.onda.app.MainActivity}
11-18 00:07:18.039  1643  3065 W InputManager-JNI: Input channel object 'ea85172 com.onda.app/com.onda.app.MainActivity (client)' was disposed without first being removed with the input manager!
11-18 00:07:18.039  1643  2669 D ConnectivityService: releasing NetworkRequest [ REQUEST id=7857, [ Capabilities: INTERNET&NOT_RESTRICTED&TRUSTED&NOT_VCN_MANAGED&NOT_BANDWIDTH_CONSTRAINED Uid: 10407 RequestorUid: 10407 RequestorPkg: com.onda.app UnderlyingNetworks: Null] ] (release request)
11-18 00:07:18.040  1643  3065 V WindowManager: Remove Window{ea85172 u0 com.onda.app/com.onda.app.MainActivity}: mSurfaceController=null mAnimatingExit=false mRemoveOnExit=false mHasSurface=false surfaceShowing=false animating=false app-animation=false mDisplayFrozen=false callers=com.android.server.wm.Session.binderDied:118 android.os.IBinder$DeathRecipient.binderDied:339 android.os.BinderProxy.sendDeathNotice:794 <bottom of call stack> <bottom of call stack> <bottom of call stack>
11-18 00:07:18.045  1336  1446 I SurfaceFlinger: id=20840 Removed db3b3f2 ActivityRecordInputSink com.onda.app/.MainActivity#20840 (143)
11-18 00:07:18.053  1643  2550 W UsageStatsService: Unexpected activity event reported! (com.onda.app/com.onda.app.MainActivity event : 23 instanceId : 155524414)
11-18 00:07:18.053  1643  2024 D SGM:FgCheckThread: pkgName: com.onda.app is not in foreground
11-18 00:07:18.053  1643  2024 D SGM:FgCheckThread: noteStopComponent(), received pkgName: com.onda.app, focusedPkgName: com.sec.android.app.launcher, userId: 0
11-18 00:07:18.055  1336  1336 I SurfaceFlinger: [LayerHierarchy{RequestedLayerState{ActivityRecord{ff478c0 u0 com.onda.app/.MainActivity t1413}#20832} 2 children}] reparent to OffscreenRoot
11-18 00:07:18.055  1336  1336 I SurfaceFlinger: [LayerHierarchy{RequestedLayerState{ActivityRecord{ff478c0 u0 com.onda.app/.MainActivity t1413}#20832} 2 children}] RelativeParent to null
11-18 00:07:18.055  1336  1336 I SurfaceFlinger: [LayerHierarchy{RequestedLayerState{ea85172 com.onda.app/com.onda.app.MainActivity#20842} no children}] reparent to OffscreenRoot
11-18 00:07:18.055  1336  1336 I SurfaceFlinger: [LayerHierarchy{RequestedLayerState{ea85172 com.onda.app/com.onda.app.MainActivity#20842} no children}] RelativeParent to null
11-18 00:07:18.055  1336  1336 I SurfaceFlinger: id=20832 Removed ActivityRecord{ff478c0 u0 com.onda.app/.MainActivity t1413}#20832 (145)
11-18 00:07:18.055  1336  1336 I SurfaceFlinger: id=20842 Removed ea85172 com.onda.app/com.onda.app.MainActivity#20842 (145)
11-18 00:07:18.063  1336  1336 I SurfaceFlinger: destroyed db3b3f2 ActivityRecordInputSink com.onda.app/.MainActivity#20840
11-18 00:07:18.063  1336  1336 I SurfaceFlinger: destroyed ActivityRecord{ff478c0 u0 com.onda.app/.MainActivity t1413}#20832
11-18 00:07:18.063  1336  1336 I SurfaceFlinger: destroyed ea85172 com.onda.app/com.onda.app.MainActivity#20842
11-18 00:07:18.064  1336  1336 I Layer   : id=20840 Destroyed db3b3f2 ActivityRecordInputSink com.onda.app/.MainActivity#20840
11-18 00:07:18.064  1336  1336 I Layer   : id=20832 Destroyed ActivityRecord{ff478c0 u0 com.onda.app/.MainActivity t1413}#20832
11-18 00:07:18.064  1336  1336 I Layer   : id=20842 Destroyed ea85172 com.onda.app/com.onda.app.MainActivity#20842
11-18 00:07:20.423  1643  3419 I Pageboost: start alp : com.onda.app
11-18 00:07:20.423  1643  2879 I Pageboost: alp for : com.onda.app , 0
11-18 00:07:20.429  2913  3086 D ShellStartingWindow: preload Icon com.onda.app
11-18 00:07:20.442  1643  2058 I ActivityManager: Start proc 19428:com.onda.app/u0a407 for activelaunch {com.onda.app/com.onda.app.MainActivity}
11-18 00:07:20.442  1643  2058 D DynamicHiddenApp_BGProtectManager: [SecIpm] it's a ML_TYPE_EMPTYPROCESS protected process com.onda.app
11-18 00:07:20.454 19428 19428 I com.onda.app: Using CollectorTypeCC GC.
11-18 00:07:20.456 19428 19428 E com.onda.app: Not starting debugger since process cannot load the jdwp agent.
11-18 00:07:20.470 19428 19428 D nativeloader: Configuring clns-7 for other apk /data/app/~~GGKjbNhfPDFnr4LBVH5miw==/com.onda.app-uie-qHfgK11JIPIXmd4Fiw==/base.apk. target_sdk_version=34, uses_libraries=, library_path=/data/app/~~GGKjbNhfPDFnr4LBVH5miw==/com.onda.app-uie-qHfgK11JIPIXmd4Fiw==/lib/arm64, permitted_path=/data:/mnt/expand:/data/user/0/com.onda.app
11-18 00:07:20.863  3422  3422 I HoneySpace.QuickOptionPopup: Inflate QuickOption view: App(item=id:2014 label:Onda componnet:com.onda.app/.MainActivity#UserHandle{0} badgeCount:0  drag:false iconState:NONE, pageRank=6, rank=1, dragged=false, hasReservedPosition=false) , Shortcut Count: 0 ,Notification Count: 0, Title: null
11-18 00:07:25.763 19428 19457 D ProfileInstaller: Installing profile for com.onda.app
11-18 00:08:04.703 17791 17791 I UninstallerActivity: Uninstalling extras=Bundle[{com.android.packageinstaller.extra.IS_CLONE_APP=false, com.android.packageinstaller.extra.APP_LABEL=Onda, com.android.packageinstaller.applicationInfo=ApplicationInfo{e7fef07 com.onda.app}, android.intent.extra.UNINSTALL_ALL_USERS=false, com.android.packageinstaller.extra.UNINSTALL_ID=-2147483632}]
11-18 00:08:04.704  1643  2909 I PackageManager: pkg{com.onda.app}, user{0}, caller{10069} flags{0}
11-18 00:08:04.705  1643  2057 I ActivityManager: Force stopping com.onda.app appid=10407 user=0: deletePackageX
11-18 00:08:04.711  1643  2123 I AppsFilter: interaction: PackageSetting{6a71a83 com.onda.life/10336} -> PackageSetting{1062a41 com.onda.app/10407} BLOCKED
11-18 00:08:04.717  1643  2057 I ActivityManager: Killing 19428:com.onda.app/u0a407 (adj 850): stop com.onda.app due to deletePackageX
11-18 00:08:04.749  1643  2057 D ActivityManager: proc ProcessRecord{84a632a 19428:com.onda.app/u0a407} already removed. so we skip next process.
11-18 00:08:04.797  1643  2123 D PackageManager: isLocaleOptimizedPackage() -  Non optimized app: com.onda.app. Proceed with normal install
11-18 00:08:04.798  1643  5940 V ActivityManager: Got obituary of 19428:com.onda.app
11-18 00:08:04.814  1643  2123 D AASA_PackageManager_RESTRICTED: Uninstall : userId = 0, info.uid = 10407, packageName = com.onda.app
11-18 00:08:04.827  1643  2123 I ActivityManager: Force stopping com.onda.app appid=10407 user=0: pkg removed
11-18 00:08:04.828 17791 17791 I UninstallFinish: Uninstall finished extras=Bundle[{android.content.pm.extra.STATUS=0, com.android.packageinstaller.extra.IS_CLONE_APP=false, android.content.pm.extra.PACKAGE_NAME=com.onda.app, com.android.packageinstaller.extra.APP_LABEL=Onda, com.android.packageinstaller.applicationInfo=Supplier{VAL_PARCELABLE@516+1320}, android.intent.extra.UNINSTALL_ALL_USERS=false, android.content.pm.extra.LEGACY_STATUS=1, com.android.packageinstaller.extra.UNINSTALL_ID=-2147483632, android.content.pm.extra.STATUS_MESSAGE=DELETE_SUCCEEDED}]
11-18 00:08:04.844  1643  2123 I ActivityManager: Force stopping com.onda.app appid=10407 user=0: pkg removed
11-18 00:08:04.869  1643  2696 D AS.AudioService: com.onda.app(10407) is removed
11-18 00:08:04.873  1643  2740 D ShortcutService: removing package: com.onda.app userId0
11-18 00:08:04.875  2878  2878 D CarrierSvcBindHelper: onPackageRemoved: com.onda.app
11-18 00:08:04.878  1643  2696 D SGM:GameManager: identifyGamePackage. com.onda.app, mCurrentUserId: 0, callerUserId: 0, callingMethodInfo: com.samsung.android.game.SemGameManager.isGamePackage(SemGameManager.java:105)
11-18 00:08:04.878  1643  2696 D SGM:SemGameManager: isGamePackage(), pkgName=com.onda.app, ret=false
11-18 00:08:04.881  1643  2654 W WifiService: Couldn't get PackageInfo for package:com.onda.app
11-18 00:08:04.881  1643  2654 D WifiService: Remove settings for package:com.onda.app
11-18 00:08:04.881  1643  2654 D WifiConfigManager: Remove all networks for app ApplicationInfo{3904f1d com.onda.app}
11-18 00:08:04.882  2878  2878 I VvmPkgInstalledRcvr: packageName: com.onda.app, systemDialer: com.samsung.android.dialer
11-18 00:08:04.886  2878  2878 I VvmPkgInstalledRcvr:  NOT contains : com.onda.app
11-18 00:08:04.889  2878  2878 I VvmPkgInstalledRcvr:  NOT contains : com.onda.app
11-18 00:08:04.889  1643  2654 I PasspointManager: No app ops listener found for com.onda.app
11-18 00:08:04.898  3833  3911 I PackageInfoManager_FLP: action : ACTION_PACKAGE_REMOVED, packageName = com.onda.app
11-18 00:08:04.919  1643  2538 D OverlayManager: onPackageRemoved: pkgName = [com.onda.app], userId = [0], packageHidden = [false]
11-18 00:08:04.919  1643  2538 I OverlayManager: updateOverlaysForTarget() called with: targetPackage = [com.onda.app], userId = [0], flags = [0]
11-18 00:08:04.922  1643  2615 V StorageManagerService: Package com.onda.app does not have legacy storage
11-18 00:08:04.930  1643  2550 D UsageStatsService: onPackageRemoved com.onda.app
11-18 00:08:04.941  1643  2578 D SEP_UNION_SemDeviceInfoManagerService: Package com.onda.app is removed on User 0
11-18 00:08:04.941  1643  2553 I RollbackManager: broadcast=ACTION_PACKAGE_FULLY_REMOVED pkg=com.onda.app
11-18 00:08:04.952  1643  2654 W WifiService: Couldn't get PackageInfo for package:com.onda.app
11-18 00:08:04.953  1643  2654 D WifiService: Remove settings for package:com.onda.app
11-18 00:08:04.953  1643  2654 D WifiConfigManager: Remove all networks for app ApplicationInfo{cd652ee com.onda.app}
11-18 00:08:04.953  1643  2654 I PasspointManager: No app ops listener found for com.onda.app
11-18 00:08:04.960 17847 17847 I FILP/PackageIntentReceiver: pkgName : com.onda.app
11-18 00:08:04.962  1643  1643 D SdpManagerImpl.receiver: On android.intent.action.PACKAGE_REMOVED : DATA = package:com.onda.app, UID = 10407, UserId = 0, Is replacing? false
11-18 00:08:04.962  1643  1643 D SdpManagerImpl.receiver: ACTION_PACKAGE_REMOVED packageName:: com.onda.app
11-18 00:08:04.964  1643  3145 D SdpManagerImpl: handlePackageRemoved - PackageName : com.onda.app, UserId : 0
11-18 00:08:04.964  1643  2681 D LocationManagerService: package com.onda.app reset
11-18 00:08:04.965 22721 22721 I Finsky  : [2] AIM: AppInfoCacheUpdater -> invalidating apps: [com.onda.app]
11-18 00:08:04.966 22721 22801 I Finsky  : [205] AIM: AppInfoManager-Perf > OnDeviceAppInfo > cacheHitCount=0, cacheMissCount=1. Missed  in cache (limit 10) : [com.onda.app]
11-18 00:08:04.967 17995 17995 I Finsky:background: [2] Package no longer installed: com.onda.app
11-18 00:08:04.971  1643  1643 I Telecom : CarModeTracker: Package com.onda.app is not tracked.: SSH.oR@HA4
11-18 00:08:04.973 17995 17995 I Finsky:background: [2] IQ: onPackageRemoved com.onda.app, replacing=false, uninstallingFromPlay=false
11-18 00:08:04.978  5106  5439 W DMASA[S]: [LOGWING][b]Get package version failed : com.onda.app
11-18 00:08:04.980  1643  2879 I Pageboost: remove app @ runtime : com.onda.app
11-18 00:08:04.986 17995 17995 I Finsky:background: [2] Package no longer installed: com.onda.app
11-18 00:08:04.992  2913  2913 D Navbar.Store: handleEvent(0) OnPackageRemoved(packageName=com.onda.app) [Module] NavBarStoreImpl
11-18 00:08:04.998  2913  2913 D KeyguardShortcutManager: onReceive : Intent.EXTRA_REPLACING false, com.onda.app
11-18 00:08:04.999  2913  2913 D SecSTQuickControlRequestReceiver: onReceiveForPackage action = android.intent.action.PACKAGE_REMOVED, pkgName = com.onda.app
11-18 00:08:05.017  6676 19561 I ProximityAuth: [RecentAppsMediator] Package removed: (user=UserHandle{0}) com.onda.app
11-18 00:08:05.036 17847 19556 I FILP/FilterInstaller: removeFromFS : com.onda.app, cursor size : 0
11-18 00:08:05.054 22721 19574 I Finsky  : [515] Asset module storage cleared for package com.onda.app.
11-18 00:08:05.055 17847 19556 I FILP/FilterInstaller: Delete all filter DB result : com.onda.app, 0
11-18 00:08:05.056 17847 19556 I FILP/FilterInstaller: Delete filter DB result : com.onda.app, 0
11-18 00:08:05.056 17847 19556 I FILP/FilterInstaller: Delete my filter DB result : com.onda.app, 0
11-18 00:08:05.057  2913  2913 I GoodLockLifecycle: onPackageRemoved: com.onda.app
11-18 00:08:05.057  2913  2913 D FaceWidgetMusicViewModel: onPackageRemoved() pkg = com.onda.app, r = false
11-18 00:08:05.127 22721 22721 W Finsky  : [2] STU: Failed to get storage stats for package 'com.onda.app' (1601: Error getting stats: android.content.pm.PackageManager.NameNotFoundException)
11-18 00:08:05.226  1336  1446 I SurfaceFlinger: id=20846 Removed Surface(name=ea85172 com.onda.app/com.onda.app.MainActivity)/@0x7644304 - animation-leash of starting_reveal#20846 (141)
11-18 00:08:05.227  1336  1336 I SurfaceFlinger: destroyed Surface(name=ea85172 com.onda.app/com.onda.app.MainActivity)/@0x7644304 - animation-leash of starting_reveal#20846
11-18 00:08:05.227  1336  1336 I Layer   : id=20846 Destroyed Surface(name=ea85172 com.onda.app/com.onda.app.MainActivity)/@0x7644304 - animation-leash of starting_reveal#20846
11-18 00:08:05.302 17847 19556 I FILP/FilterInstaller: uninstallFilters mPackageName: com.onda.app
11-18 00:08:05.303  1643  1643 I ConditionProviders: Disallowing condition provider com.onda.app (userSet: true)
11-18 00:08:05.330  5010 19571 W RWIPackageIntentOps: Registries cleared for package: com.onda.app
