11-17 21:14:32.024  1643  2025 V WindowManager:         {WCT{RemoteToken{861be8e Task{a91ddad #1376 type=standard A=10400:com.onda.app}}} m=OPEN f=NONE leash=Surface(name=Task=1376)/@0x6dcc590 sb=Rect(0, 0 - 1080, 2340) eb=Rect(0, 0 - 1080, 2340) d=0 taskParent=-1 inset=Rect(0, 99 - 0, 144) dim=true},
11-17 21:14:32.027  1643  2020 V WindowManager: Sent Transition (#1370) createdAt=11-17 21:14:31.968 via request=TransitionRequestInfo { type = OPEN, triggerTask = TaskInfo{userId=0 taskId=1376 displayId=0 isRunning=true baseIntent=Intent { act=android.intent.action.MAIN cat=[android.intent.category.LAUNCHER] flg=0x10200000 cmp=com.onda.app/.MainActivity } baseActivity=ComponentInfo{com.onda.app/com.onda.app.MainActivity} topActivity=ComponentInfo{com.onda.app/com.onda.app.MainActivity} origActivity=null realActivity=ComponentInfo{com.onda.app/com.onda.app.MainActivity} numActivities=1 lastActiveTime=178336212 supportsMultiWindow=true resizeMode=1 isResizeable=true minWidth=-1 minHeight=-1 maxWidth=-1 maxHeight=-1 defaultMinSize=220 token=WCT{RemoteToken{861be8e Task{a91ddad #1376 type=standard A=10400:com.onda.app}}} topActivityType=1 pictureInPictureParams=null shouldDockBigOverlays=false launchIntoPipHostTaskId=-1 lastParentTaskIdBeforePip=-1 displayCutoutSafeInsets=Rect(0, 99 - 0, 0) topActivityInfo=ActivityInfo{98196af com.onda.app.MainActivity} launchCookies=[android.os.BinderProxy@270aabc] positionInParent=Point(0, 0) parentTaskId=-1 isFocused=false isVisible=false isVisibleRequested=false isSleeping=false topActivityInSizeCompat=false locusId=null displayAreaFeatureId=1 isTopActivityTransparent=false isTopActivityStyleFloating=false appCompatTaskInfo=AppCompatTaskInfo { topActivityInSizeCompat=false eligibleForLetterboxEducation= false isLetterboxEducationEnabled= false isLetterboxDoubleTapEnabled= false eligibleForUserAspectRatioButton= false topActivityBoundsLetterboxed= false isFromLetterboxDoubleTap= false topActivityLetterboxVerticalPosition= -1 topActivityLetterboxHorizontalPosition= -1 topActivityLetterboxWidth=1080 topActivityLetterboxHeight=2340 topActivityLetterboxAppWidth=1080 topActivityLetterboxAppHeight=2097 isUserFullscreenOverrideEnabled=false isSystemFullscreenOverrideEnabled=false hasMinAspectRatioOverride=false cameraCompatTaskInfo=CameraCompatTaskInfo { freeformCameraCompatMode=inactive} topActivityBounds=null topActivityInDisplayCompat=false} originallySupportedMultiWindow=true hasWallpaper=false rootAffinity=10400:com.onda.app isTopTaskInStage=false topActivityUiMode=17 CoverLauncherWidgetTask=false isAllowedSeamlessRotation=false isTopTransparentActivity=false snappingGuideBounds=Rect(81, 562 - 999, 1732) isAliasManaged=false hasConfigChanged=false isAiKeyRemoveAppTask=false}, pipTask = null, remoteTransition = RemoteTransition { remoteTransition = android.window.IRemoteTransition$Stub$Proxy@7662a45, appThread = android.app.IApplicationThread$Stub$Proxy@dbf359a, debugName = QuickstepLaunchflags =NONE }, displayChange = null, flags = 0, debugId = 1370 }
11-17 21:14:32.027  1643  2020 V WindowManager:         {WCT{RemoteToken{861be8e Task{a91ddad #1376 type=standard A=10400:com.onda.app}}} m=OPEN f=NONE leash=Surface(name=Task=1376)/@0x6dcc590 sb=Rect(0, 0 - 1080, 2340) eb=Rect(0, 0 - 1080, 2340) d=0 taskParent=-1 inset=Rect(0, 99 - 0, 144) dim=true},
11-17 21:14:32.123  1643  2058 I ActivityManager: Start proc 21284:com.google.android.webview:sandboxed_process0:org.chromium.content.app.SandboxedProcessService0:0/u0i176 for  {com.onda.app/org.chromium.content.app.SandboxedProcessService0:0}
11-17 21:14:32.123  1643  2058 I DynamicHiddenApp_BGProtectManager: check webview name : com.google.android.webview:sandboxed_process0:org.chromium.content.app.SandboxedProcessService0:0check hostingname webview : {com.onda.app/org.chromium.content.app.SandboxedProcessService0:0}
11-17 21:14:32.129  1643  2684 D MdnieScenarioControlService:  packageName : com.onda.app    className : com.onda.app.MainActivity
11-17 21:14:32.165  1643  3123 D BaseRestrictionMgr: Package: com.google.android.webview, userid: 0, hostingType: bindService is allowed by freecess, caller is: com.onda.app
11-17 21:14:32.253  1643  5912 D SGM:GameManager: identifyGamePackage. com.onda.app, mCurrentUserId: 0, callerUserId: 0, callingMethodInfo: com.samsung.android.game.IGameManagerService$Stub.onTransact(IGameManagerService.java:228)
11-17 21:14:32.267  1643  5942 D CoreBackPreview: Window{c65cc44 u0 com.onda.app/com.onda.app.MainActivity}: Setting back callback OnBackInvokedCallbackInfo{mCallback=android.window.IOnBackInvokedCallback$Stub$Proxy@3f86c4f, mPriority=0, mIsAnimationCallback=false}
11-17 21:14:32.268  1643  1776 D WindowManager: makeSurface duration=1 name=com.onda.app/com.onda.app.MainActivity$_21252
11-17 21:14:32.271  1643  1776 D InsetsSourceProvider: updateControlForTarget: control=InsetsSourceControl: {60080000 mType=statusBars initiallyVisible mSurfacePosition=Point(0, 0) mInsetsHint=Insets{left=0, top=99, right=0, bottom=0}}, target=Window{bb33ec7 u0 Splash Screen com.onda.app}, from=com.android.server.wm.InsetsStateController.onControlTargetChanged:81 com.android.server.wm.InsetsPolicy.updateBarControlTarget:175 com.android.server.wm.DisplayPolicy.updateSystemBarAttributes:281 com.android.server.wm.DisplayPolicy.finishPostLayoutPolicyLw:17 com.android.server.wm.RootWindowContainer.applySurfaceChangesTransaction$1:194
11-17 21:14:32.272  1643  1776 D InsetsSourceProvider: updateControlForTarget: control=InsetsSourceControl: {26710001 mType=navigationBars initiallyVisible mSurfacePosition=Point(0, 2196) mInsetsHint=Insets{left=0, top=0, right=0, bottom=144}}, target=Window{bb33ec7 u0 Splash Screen com.onda.app}, from=com.android.server.wm.InsetsStateController.onControlTargetChanged:81 com.android.server.wm.InsetsPolicy.updateBarControlTarget:188 com.android.server.wm.DisplayPolicy.updateSystemBarAttributes:281 com.android.server.wm.DisplayPolicy.finishPostLayoutPolicyLw:17 com.android.server.wm.RootWindowContainer.applySurfaceChangesTransaction$1:194
11-17 21:14:32.272  1643  1776 D WindowManager: updateSystemBarAttributes: displayId=0, focusedCanBeNavColorWin=false, win=Window{bb33ec7 u0 Splash Screen com.onda.app}, navColorWin=Window{bb33ec7 u0 Splash Screen com.onda.app}, caller=com.android.server.wm.DisplayPolicy.finishPostLayoutPolicyLw:17 com.android.server.wm.RootWindowContainer.applySurfaceChangesTransaction$1:194 com.android.server.wm.RootWindowContainer.performSurfacePlacementNoTrace:61
11-17 21:14:32.273  1643  1776 D WindowManager: Changing focus from null to Window{c65cc44 u0 com.onda.app/com.onda.app.MainActivity} displayId=0 Callers=com.android.server.wm.WindowManagerService.relayoutWindowInner:142 com.android.server.wm.WindowManagerService.relayoutWindow:6 com.android.server.wm.Session.relayout:27 android.view.IWindowSession$Stub.onTransact:861
11-17 21:14:32.274  1643  1776 D InsetsSourceProvider: updateControlForTarget: control=InsetsSourceControl: {60080000 mType=statusBars initiallyVisible mSurfacePosition=Point(0, 0) mInsetsHint=Insets{left=0, top=99, right=0, bottom=0}}, target=Window{c65cc44 u0 com.onda.app/com.onda.app.MainActivity}, from=com.android.server.wm.InsetsStateController.onControlTargetChanged:81 com.android.server.wm.InsetsPolicy.updateBarControlTarget:175 com.android.server.wm.DisplayPolicy.updateSystemBarAttributes:281 com.android.server.wm.WindowManagerService.updateFocusedWindowLocked:375 com.android.server.wm.WindowManagerService.relayoutWindowInner:142
11-17 21:14:32.276  1643  1776 D InsetsSourceProvider: updateControlForTarget: control=InsetsSourceControl: {26710001 mType=navigationBars initiallyVisible mSurfacePosition=Point(0, 2196) mInsetsHint=Insets{left=0, top=0, right=0, bottom=144}}, target=Window{c65cc44 u0 com.onda.app/com.onda.app.MainActivity}, from=com.android.server.wm.InsetsStateController.onControlTargetChanged:81 com.android.server.wm.InsetsPolicy.updateBarControlTarget:188 com.android.server.wm.DisplayPolicy.updateSystemBarAttributes:281 com.android.server.wm.WindowManagerService.updateFocusedWindowLocked:375 com.android.server.wm.WindowManagerService.relayoutWindowInner:142
11-17 21:14:32.276  1643  1776 D WindowManager: updateSystemBarAttributes: displayId=0, focusedCanBeNavColorWin=false, win=Window{c65cc44 u0 com.onda.app/com.onda.app.MainActivity}, navColorWin=Window{bb33ec7 u0 Splash Screen com.onda.app}, caller=com.android.server.wm.WindowManagerService.updateFocusedWindowLocked:375 com.android.server.wm.WindowManagerService.relayoutWindowInner:142 com.android.server.wm.WindowManagerService.relayoutWindow:6
11-17 21:14:32.276  1643  1776 V SystemKeyManager: updateFocusedWindow() is called, com.onda.app/com.onda.app.MainActivity
11-17 21:14:32.334  1643  1776 D WindowManager: finishDrawingWindow: Window{c65cc44 u0 com.onda.app/com.onda.app.MainActivity} mDrawState=DRAW_PENDING seqId=0
11-17 21:14:32.335  1643  2025 V WindowManager: Finish starting ActivityRecord{686eac4 u0 com.onda.app/.MainActivity t1376}: first real window is shown, no animation
11-17 21:14:32.335  1643  2025 V WindowManager: Schedule remove starting ActivityRecord{686eac4 u0 com.onda.app/.MainActivity t1376} startingWindow=Window{bb33ec7 u0 Splash Screen com.onda.app} animate=true Callers=com.android.server.wm.ActivityRecord.removeStartingWindow:150 com.android.server.wm.WindowState.performShowLocked:147 com.android.server.wm.WindowStateAnimator.commitFinishDrawingLocked:59 com.android.server.wm.DisplayContent$$ExternalSyntheticLambda1.accept$com$android$server$wm$DisplayContent$$ExternalSyntheticLambda40:22 com.android.server.wm.DisplayContent$$ExternalSyntheticLambda1.accept:305
11-17 21:14:32.335  1643  2025 D TaskOrganizerController: applyStartingWindowAnimation, window=Window{c65cc44 u0 com.onda.app/com.onda.app.MainActivity}, caller=com.android.server.wm.TaskOrganizerController.removeStartingWindow:131 com.android.server.wm.StartingSurfaceController$StartingSurface.remove:23 com.android.server.wm.ActivityRecord.removeStartingWindowAnimation:181
11-17 21:14:32.335  1643  2025 I WindowManager: Reparenting to leash, surface=Surface(name=c65cc44 com.onda.app/com.onda.app.MainActivity)/@0x9308c12, syncState=0, syncCommitDepth=0, leashParent=Surface(name=ActivityRecord{686eac4 u0 com.onda.app/.MainActivity t1376})/@0xc454fe3
11-17 21:14:32.337  1643  2025 D WindowManager: makeSurface duration=1 leash=Surface(name=Surface(name=c65cc44 com.onda.app/com.onda.app.MainActivity)/@0x9308c12 - animation-leash of starting_reveal)/@0x46c5de0
11-17 21:14:32.337  1643  2025 I ActivityTaskManager: done cause=notifyWindowsDrawn timestamp=74732018801855 info=TransitionInfo{1fe6899 a=ActivityRecord{686eac4 u0 com.onda.app/.MainActivity t1376} d=true}
11-17 21:14:32.337  1643  2025 V WindowManager: performShowLocked: mDrawState=HAS_DRAWN in Window{c65cc44 u0 com.onda.app/com.onda.app.MainActivity}
11-17 21:14:32.350  1643  2020 I Pageboost: Launch time gathered : pid 21252 com.onda.app 370
11-17 21:14:32.372  1643  1776 D InsetsSourceProvider: updateControlForTarget: control=InsetsSourceControl: {3 mType=ime mSurfacePosition=Point(0, 99) mInsetsHint=Insets{left=0, top=0, right=0, bottom=1026}}, target=Window{c65cc44 u0 com.onda.app/com.onda.app.MainActivity}, from=com.android.server.wm.ImeInsetsSourceProvider.updateControlForTarget:17 com.android.server.wm.InsetsStateController.onControlTargetChanged:81 com.android.server.wm.DisplayContent.updateImeControlTarget:21 com.android.server.wm.DisplayContent.updateImeInputAndControlTarget:81 com.android.server.wm.WindowManagerService$LocalService.updateInputMethodTargetWindow:21
11-17 21:14:32.403  1643  5941 D WindowManager: Starting window removed Window{bb33ec7 u0 Splash Screen com.onda.app}
11-17 21:14:32.403  1643  5941 I WindowManager: Cancelling animation restarting=false, leash=Surface(name=Surface(name=c65cc44 com.onda.app/com.onda.app.MainActivity)/@0x9308c12 - animation-leash of starting_reveal)/@0x46c5de0
11-17 21:14:32.403  1643  5941 I WindowManager: Reparenting to original parent: Surface(name=ActivityRecord{686eac4 u0 com.onda.app/.MainActivity t1376})/@0xc454fe3, destroy=false, syncState=0, syncCommitDepth=0, surface=Surface(name=c65cc44 com.onda.app/com.onda.app.MainActivity)/@0x9308c12
11-17 21:14:32.403  1643  5941 V WindowManager: Remove Window{bb33ec7 u0 Splash Screen com.onda.app}: mSurfaceController=Surface(name=Splash Screen com.onda.app$_2913)/@0xff20517 mAnimatingExit=false mRemoveOnExit=false mHasSurface=true surfaceShowing=true animating=false app-animation=false mDisplayFrozen=false callers=com.android.server.wm.Session.remove:16 android.view.IWindowSession$Stub.onTransact:794 com.android.server.wm.Session.onTransact:1 android.os.Binder.execTransactInternal:1541 android.os.Binder.execTransact:1480 <bottom of call stack>
11-17 21:14:32.403  1643  5941 I WindowManager: Destroying surface Surface(name=Splash Screen com.onda.app$_2913)/@0xff20517 called by com.android.server.wm.WindowStateAnimator.destroySurface:11 com.android.server.wm.WindowStateAnimator.destroySurfaceLocked:54 com.android.server.wm.WindowState.removeImmediately:43 com.android.server.wm.WindowState.removeIfPossible:638 com.android.server.wm.Session.remove:16 android.view.IWindowSession$Stub.onTransact:794 com.android.server.wm.Session.onTransact:1 android.os.Binder.execTransactInternal:1541
11-17 21:14:32.404  1643  5941 D WindowManager: updateSystemBarAttributes: displayId=0, focusedCanBeNavColorWin=false, win=Window{c65cc44 u0 com.onda.app/com.onda.app.MainActivity}, navColorWin=Window{c65cc44 u0 com.onda.app/com.onda.app.MainActivity}, caller=com.android.server.wm.DisplayPolicy.finishPostLayoutPolicyLw:17 com.android.server.wm.RootWindowContainer.applySurfaceChangesTransaction$1:194 com.android.server.wm.RootWindowContainer.performSurfacePlacementNoTrace:61
11-17 21:14:32.409  1643  2024 D SGM:FgCheckThread: getForegroundApp(), foregroundPkgName=com.onda.app
11-17 21:14:32.410  1643  2024 D SGM:FgCheckThread: noteStopComponent(), received pkgName: com.sec.android.app.launcher, focusedPkgName: com.onda.app, userId: 0
11-17 21:14:32.546  1643  2684 D MdnieScenarioControlService:  packageName : com.onda.app    className : com.onda.app.MainActivity
11-17 21:14:32.874  1643  2024 D SGM:GameManager: identifyForegroundApp. com.onda.app, mCurrentUserId: 0, callerUserId: 0
11-17 21:14:36.365   806   806 D io_stats: !@ Write_top(KB): kworker/u16:16(13960) 2464 system_server(1643) 236 com.onda.app(21252) 16
11-17 21:14:36.671  1643  5941 V WindowManager: Transition 1371: Set Task{a91ddad #1376 type=standard A=10400:com.onda.app} as transient-hidden-task, caller=com.android.server.wm.Task.forAllTasks:4 com.android.server.wm.WindowContainer.forAllTasks:2 com.android.server.wm.DisplayArea.forAllTasks:9
11-17 21:14:36.671  1643  5941 V WindowManager: Collecting in transition 1371: Task{a91ddad #1376 type=standard A=10400:com.onda.app}, caller=com.android.server.wm.Transition$$ExternalSyntheticLambda16.test:93 com.android.server.wm.Task.forAllTasks:4 com.android.server.wm.WindowContainer.forAllTasks:2 com.android.server.wm.DisplayArea.forAllTasks:9 com.android.server.wm.TransitionController.setTransientLaunch:99
11-17 21:14:36.672  1643  5941 D ActivityTaskManager: scheduleTopResumedActivityChanged, onTop=false, r=ActivityRecord{686eac4 u0 com.onda.app/.MainActivity t1376}, caller=com.android.server.wm.ActivityTaskSupervisor.scheduleTopResumedActivityStateLossIfNeeded:11 com.android.server.wm.ActivityTaskSupervisor.updateTopResumedActivityIfNeeded:19 com.android.server.wm.TaskDisplayArea.positionChildAt:270 com.android.server.wm.Task.moveToFront:443 com.android.server.wm.ActivityStartController.startExistingRecents:201 com.android.server.wm.WindowOrganizerController.applyHierarchyOp:31
11-17 21:14:36.697  1643  2025 V WindowManager: Start calculating TransitionInfo based on participants: {Task{300af38 #1171 type=recents I=com.sec.android.app.launcher/com.android.quickstep.RecentsActivity}, TransientLaunchOverlayToken{50bb239 token=android.os.BinderProxy@fe04a00}, WallpaperWindowToken{926e278 token=android.os.Binder@36b27db}_<system>, Task{a91ddad #1376 type=standard A=10400:com.onda.app}, ActivityRecord{c0d2f9b u0 com.sec.android.app.launcher/com.android.quickstep.RecentsActivity t1171}}
11-17 21:14:36.697  1643  2025 V WindowManager:   Final targets: [TransientLaunchOverlayToken{50bb239 token=android.os.BinderProxy@fe04a00}, Task{300af38 #1171 type=recents I=com.sec.android.app.launcher/com.android.quickstep.RecentsActivity}, Task{a91ddad #1376 type=standard A=10400:com.onda.app}, WallpaperWindowToken{926e278 token=android.os.Binder@36b27db}_<system>]
11-17 21:14:36.700  1643  2025 D WindowManager: setActiveRecents, recents=ActivityRecord{c0d2f9b u0 com.sec.android.app.launcher/com.android.quickstep.RecentsActivity t1171}, task=Task{a91ddad #1376 type=standard A=10400:com.onda.app}, caller=com.android.server.wm.InputMonitor.setActiveRecents:32 com.android.server.wm.Transition.handleLegacyRecentsStartBehavior:107 com.android.server.wm.Transition.onTransactionReady:2212
11-17 21:14:36.701  1643  2025 V WindowManager:         {WCT{RemoteToken{861be8e Task{a91ddad #1376 type=standard A=10400:com.onda.app}}} m=TO_BACK f=NONE leash=Surface(name=Task=1376)/@0x6dcc590 sb=Rect(0, 0 - 1080, 2340) eb=Rect(0, 0 - 1080, 2340) d=0 taskParent=-1 inset=Rect(0, 99 - 0, 144) dim=true},
11-17 21:14:36.712  1643  2020 V WindowManager:         {WCT{RemoteToken{861be8e Task{a91ddad #1376 type=standard A=10400:com.onda.app}}} m=TO_BACK f=NONE leash=Surface(name=Task=1376)/@0x6dcc590 sb=Rect(0, 0 - 1080, 2340) eb=Rect(0, 0 - 1080, 2340) d=0 taskParent=-1 inset=Rect(0, 99 - 0, 144) dim=true},
11-17 21:14:36.736  1643  3123 D WindowManager: Changing focus from Window{c65cc44 u0 com.onda.app/com.onda.app.MainActivity} to Window{a24f455 u0 com.sec.android.app.launcher/com.android.quickstep.RecentsActivity} displayId=0 Callers=com.android.server.wm.ActivityTaskManagerService.setLastResumedActivityUncheckLocked:264 com.android.server.wm.ActivityTaskManagerService.setFocusedTask:20 com.android.server.wm.ActivityTaskManagerService.focusTopTask:52 android.app.IActivityTaskManager$Stub.onTransact:1865
11-17 21:14:36.740  1643  3123 D WindowManager: updateSystemBarAttributes: displayId=0, focusedCanBeNavColorWin=false, win=Window{a24f455 u0 com.sec.android.app.launcher/com.android.quickstep.RecentsActivity}, navColorWin=Window{c65cc44 u0 com.onda.app/com.onda.app.MainActivity}, caller=com.android.server.wm.WindowManagerService.updateFocusedWindowLocked:375 com.android.server.wm.ActivityTaskManagerService.setLastResumedActivityUncheckLocked:264 com.android.server.wm.ActivityTaskManagerService.setFocusedTask:20
11-17 21:14:37.090  1643  5912 V WindowManager: Setting visibility of Window{c65cc44 u0 com.onda.app/com.onda.app.MainActivity}: false, caller=com.android.server.wm.WindowContainer.sendAppVisibilityToClients:19 com.android.server.wm.WindowToken.setClientVisible:49 com.android.server.wm.ActivityRecord.setClientVisible:8 com.android.server.wm.ActivityRecord.commitVisibility:273 com.android.server.wm.TransitionController.finishTransition:766
11-17 21:14:37.126  1643  3419 E WindowManager: win=Window{c65cc44 u0 com.onda.app/com.onda.app.MainActivity} destroySurfaces: appStopped=true cleanupOnResume=false win.mWindowRemovalAllowed=false win.mRemoveOnExit=false win.mViewVisibility=8 caller=com.android.server.wm.ActivityRecord.destroySurfaces:25 com.android.server.wm.ActivityRecord.activityStopped:204 com.android.server.wm.ActivityClientController.activityStopped:95 android.app.IActivityClientController$Stub.onTransact:722 com.android.server.wm.ActivityClientController.onTransact:1 android.os.Binder.execTransactInternal:1541 android.os.Binder.execTransact:1480
11-17 21:14:37.126  1643  3419 I WindowManager: Destroying surface Surface(name=com.onda.app/com.onda.app.MainActivity$_21252)/@0x2f2edc7 called by com.android.server.wm.WindowStateAnimator.destroySurface:11 com.android.server.wm.WindowStateAnimator.destroySurfaceLocked:54 com.android.server.wm.WindowState.destroySurfaceUnchecked:5 com.android.server.wm.WindowState.destroySurface:126 com.android.server.wm.ActivityRecord.destroySurfaces:25 com.android.server.wm.ActivityRecord.activityStopped:204 com.android.server.wm.ActivityClientController.activityStopped:95 android.app.IActivityClientController$Stub.onTransact:722
11-17 21:14:37.127  1643  2024 D SGM:FgCheckThread: pkgName: com.onda.app is not in foreground
11-17 21:14:37.127  1643  2024 D SGM:FgCheckThread: noteStopComponent(), received pkgName: com.onda.app, focusedPkgName: com.sec.android.app.launcher, userId: 0
11-17 21:14:37.670  1643  2024 I ActivityManager: Killing 21252:com.onda.app/u0a400 (adj 900): remove task
11-17 21:14:37.723  1643  5912 W ActivityManager: Scheduling restart of crashed service com.onda.app/org.chromium.content.app.SandboxedProcessService0:0 in 1000ms for connection
11-17 21:14:37.734  1643  5912 I WindowManager: WIN DEATH: Window{c65cc44 u0 com.onda.app/com.onda.app.MainActivity}
11-17 21:14:37.734  1643  5912 V WindowManager: Remove Window{c65cc44 u0 com.onda.app/com.onda.app.MainActivity}: mSurfaceController=null mAnimatingExit=false mRemoveOnExit=false mHasSurface=false surfaceShowing=false animating=false app-animation=false mDisplayFrozen=false callers=com.android.server.wm.Session.binderDied:118 android.os.IBinder$DeathRecipient.binderDied:339 android.os.BinderProxy.sendDeathNotice:794 <bottom of call stack> <bottom of call stack> <bottom of call stack>
11-17 21:14:37.737  1643  2024 D SGM:FgCheckThread: pkgName: com.onda.app is not in foreground
11-17 21:14:37.737  1643  2024 D SGM:FgCheckThread: noteStopComponent(), received pkgName: com.onda.app, focusedPkgName: com.sec.android.app.launcher, userId: 0
11-17 21:14:37.738  1643  2550 W UsageStatsService: Unexpected activity event reported! (com.onda.app/com.onda.app.MainActivity event : 23 instanceId : 41175266)
11-17 21:58:09.101  3422 16537 I HoneySpace.SuggestedItemsFacade: DPS items : Onda, com.onda.app/.MainActivity#UserHandle{0}
11-17 21:58:09.102  3422 16537 I HoneySpace.SuggestedItemsFacade: getFinalItems : Onda, com.onda.app/.MainActivity#UserHandle{0}
11-17 22:20:33.071  1643  1706 W system_server: ApkAssets: Deleting an ApkAssets object '<empty> and /data/app/~~-fYGSLKYAEdXfOuAAJDM6A==/com.onda.app-PMSknAVu0MbjduCMphi9qg==/base.apk' with 1 weak references
11-17 22:20:35.901  1643  5419 I Pageboost: start alp : com.onda.app
11-17 22:20:35.907  1643  2879 I Pageboost: alp for : com.onda.app , 0
11-17 22:20:35.928  1643  2058 I ActivityManager: Start proc 25829:com.onda.app/u0a400 for activelaunch {com.onda.app/com.onda.app.MainActivity}
11-17 22:20:35.928  1643  2058 D DynamicHiddenApp_BGProtectManager: [SecIpm] it's a ML_TYPE_EMPTYPROCESS protected process com.onda.app
11-17 22:20:35.936  2913  3086 D ShellStartingWindow: preload Icon com.onda.app
11-17 22:20:35.946 25829 25829 I com.onda.app: Using CollectorTypeCC GC.
11-17 22:20:35.948 25829 25829 E com.onda.app: Not starting debugger since process cannot load the jdwp agent.
11-17 22:20:35.966 25829 25829 D nativeloader: Configuring clns-7 for other apk /data/app/~~-fYGSLKYAEdXfOuAAJDM6A==/com.onda.app-PMSknAVu0MbjduCMphi9qg==/base.apk. target_sdk_version=34, uses_libraries=, library_path=/data/app/~~-fYGSLKYAEdXfOuAAJDM6A==/com.onda.app-PMSknAVu0MbjduCMphi9qg==/lib/arm64, permitted_path=/data:/mnt/expand:/data/user/0/com.onda.app
11-17 22:20:36.355  3422  3422 I HoneySpace.QuickOptionPopup: Inflate QuickOption view: App(item=id:2007 label:Onda componnet:com.onda.app/.MainActivity#UserHandle{0} badgeCount:0  drag:false iconState:NONE, pageRank=6, rank=1, dragged=false, hasReservedPosition=false) , Shortcut Count: 0 ,Notification Count: 0, Title: null
11-17 22:20:38.439 25852 25852 I UninstallerActivity: Uninstalling extras=Bundle[{com.android.packageinstaller.extra.IS_CLONE_APP=false, com.android.packageinstaller.extra.APP_LABEL=Onda, com.android.packageinstaller.applicationInfo=ApplicationInfo{aec39a9 com.onda.app}, android.intent.extra.UNINSTALL_ALL_USERS=false, com.android.packageinstaller.extra.UNINSTALL_ID=-2147483637}]
11-17 22:20:38.448  1643  5419 I PackageManager: pkg{com.onda.app}, user{0}, caller{10069} flags{0}
11-17 22:20:38.458  1643  2057 I ActivityManager: Force stopping com.onda.app appid=10400 user=0: deletePackageX
11-17 22:20:38.460  1643  2123 I AppsFilter: interaction: PackageSetting{6a71a83 com.onda.life/10336} -> PackageSetting{c2dc535 com.onda.app/10400} BLOCKED
11-17 22:20:38.467  1643  2057 I ActivityManager: Killing 25829:com.onda.app/u0a400 (adj 850): stop com.onda.app due to deletePackageX
11-17 22:20:38.484  1643  2057 D ActivityManager: proc ProcessRecord{f1a1775 25829:com.onda.app/u0a400} already removed. so we skip next process.
11-17 22:20:38.511  1643  3123 V ActivityManager: Got obituary of 25829:com.onda.app
11-17 22:20:38.769  1643  2123 D PackageManager: isLocaleOptimizedPackage() -  Non optimized app: com.onda.app. Proceed with normal install
11-17 22:20:38.789  1643  2123 D AASA_PackageManager_RESTRICTED: Uninstall : userId = 0, info.uid = 10400, packageName = com.onda.app
11-17 22:20:38.812  1643  2123 I ActivityManager: Force stopping com.onda.app appid=10400 user=0: pkg removed
11-17 22:20:38.813 25852 25852 I UninstallFinish: Uninstall finished extras=Bundle[{android.content.pm.extra.STATUS=0, com.android.packageinstaller.extra.IS_CLONE_APP=false, android.content.pm.extra.PACKAGE_NAME=com.onda.app, com.android.packageinstaller.extra.APP_LABEL=Onda, com.android.packageinstaller.applicationInfo=Supplier{VAL_PARCELABLE@516+1320}, android.intent.extra.UNINSTALL_ALL_USERS=false, android.content.pm.extra.LEGACY_STATUS=1, com.android.packageinstaller.extra.UNINSTALL_ID=-2147483637, android.content.pm.extra.STATUS_MESSAGE=DELETE_SUCCEEDED}]
11-17 22:20:38.823  1643  2123 I ActivityManager: Force stopping com.onda.app appid=10400 user=0: pkg removed
11-17 22:20:38.835  1643  2538 D OverlayManager: onPackageRemoved: pkgName = [com.onda.app], userId = [0], packageHidden = [false]
11-17 22:20:38.835  1643  2538 I OverlayManager: updateOverlaysForTarget() called with: targetPackage = [com.onda.app], userId = [0], flags = [0]
11-17 22:20:38.837  1643  2615 V StorageManagerService: Package com.onda.app does not have legacy storage
11-17 22:20:38.844  2878  2878 D CarrierSvcBindHelper: onPackageRemoved: com.onda.app
11-17 22:20:38.849  1643  2550 D UsageStatsService: onPackageRemoved com.onda.app
11-17 22:20:38.849  1643  2054 I SettingsProvider: onPackageRemoved (userId 0) PackageName = com.onda.app
11-17 22:20:38.857  1643  2696 D AS.AudioService: com.onda.app(10400) is removed
11-17 22:20:38.862  2878  2878 I VvmPkgInstalledRcvr: packageName: com.onda.app, systemDialer: com.samsung.android.dialer
11-17 22:20:38.862  1643  2553 I RollbackManager: broadcast=ACTION_PACKAGE_FULLY_REMOVED pkg=com.onda.app
11-17 22:20:38.863  1643  2740 D ShortcutService: removing package: com.onda.app userId0
11-17 22:20:38.869  1643  2696 D SGM:GameManager: identifyGamePackage. com.onda.app, mCurrentUserId: 0, callerUserId: 0, callingMethodInfo: com.samsung.android.game.SemGameManager.isGamePackage(SemGameManager.java:105)
11-17 22:20:38.869  1643  2696 D SGM:SemGameManager: isGamePackage(), pkgName=com.onda.app, ret=false
11-17 22:20:38.873  3833  3911 I PackageInfoManager_FLP: action : ACTION_PACKAGE_REMOVED, packageName = com.onda.app
11-17 22:20:38.876  1643  2654 W WifiService: Couldn't get PackageInfo for package:com.onda.app
11-17 22:20:38.876  1643  2654 D WifiService: Remove settings for package:com.onda.app
11-17 22:20:38.876  1643  2654 D WifiConfigManager: Remove all networks for app ApplicationInfo{4a27211 com.onda.app}
11-17 22:20:38.876  1643  2654 I PasspointManager: No app ops listener found for com.onda.app
11-17 22:20:38.876  1643  2654 W WifiService: Couldn't get PackageInfo for package:com.onda.app
11-17 22:20:38.876  1643  2654 D WifiService: Remove settings for package:com.onda.app
11-17 22:20:38.876  1643  2654 D WifiConfigManager: Remove all networks for app ApplicationInfo{3dd1977 com.onda.app}
11-17 22:20:38.876  1643  2654 I PasspointManager: No app ops listener found for com.onda.app
11-17 22:20:38.883  2878  2878 I VvmPkgInstalledRcvr:  NOT contains : com.onda.app
11-17 22:20:38.886  2878  2878 I VvmPkgInstalledRcvr:  NOT contains : com.onda.app
11-17 22:20:38.903 25852 25859 W ackageinstaller: ApkAssets: Deleting an ApkAssets object '<empty> and /data/app/~~-fYGSLKYAEdXfOuAAJDM6A==/com.onda.app-PMSknAVu0MbjduCMphi9qg==/base.apk' with 1 weak references
11-17 22:20:38.923  1643  2578 D SEP_UNION_SemDeviceInfoManagerService: Package com.onda.app is removed on User 0
11-17 22:20:38.942  1643  2681 D LocationManagerService: package com.onda.app reset
11-17 22:20:38.942  1643  1643 D SdpManagerImpl.receiver: On android.intent.action.PACKAGE_REMOVED : DATA = package:com.onda.app, UID = 10400, UserId = 0, Is replacing? false
11-17 22:20:38.942  1643  1643 D SdpManagerImpl.receiver: ACTION_PACKAGE_REMOVED packageName:: com.onda.app
11-17 22:20:38.943  1643  3145 D SdpManagerImpl: handlePackageRemoved - PackageName : com.onda.app, UserId : 0
11-17 22:20:38.948  5106  5439 W DMASA[S]: [LOGWING][b]Get package version failed : com.onda.app
11-17 22:20:38.951  1643  1643 I Telecom : CarModeTracker: Package com.onda.app is not tracked.: SSH.oR@GsY
11-17 22:20:38.961  1643  2879 I Pageboost: remove app @ runtime : com.onda.app
11-17 22:20:38.963  1643  1643 D EnterpriseLicenseService: isPackageInstalled() - com.onda.app not found in user 0
11-17 22:20:38.975  2913  2913 D Navbar.Store: handleEvent(0) OnPackageRemoved(packageName=com.onda.app) [Module] NavBarStoreImpl
11-17 22:20:38.993  1643 25927 I Telecom : SamsungTelecomServiceImpl : clearAccounts - packageName : com.onda.app / callingPid : 1643 / processName : sts / callingUser : UserHandle{0}
11-17 22:20:39.005  2913  2913 D KeyguardShortcutManager: onReceive : Intent.EXTRA_REPLACING false, com.onda.app
11-17 22:20:39.009  2913  2913 D SecSTQuickControlRequestReceiver: onReceiveForPackage action = android.intent.action.PACKAGE_REMOVED, pkgName = com.onda.app
11-17 22:20:39.010  2913  2913 I GoodLockLifecycle: onPackageRemoved: com.onda.app
11-17 22:20:39.011  2913  2913 D FaceWidgetMusicViewModel: onPackageRemoved() pkg = com.onda.app, r = false
11-17 22:20:39.207  1643  1643 I ConditionProviders: Disallowing condition provider com.onda.app (userSet: true)
11-17 22:20:39.288 22875 22875 I Finsky:background: [2] Package no longer installed: com.onda.app
11-17 22:20:39.396  6676 25961 I ProximityAuth: [RecentAppsMediator] Package removed: (user=UserHandle{0}) com.onda.app
11-17 22:20:39.427 22875 22875 I Finsky:background: [2] IQ: onPackageRemoved com.onda.app, replacing=false, uninstallingFromPlay=false
11-17 22:20:39.476 25942 25972 I ENTM:Systemprocess: handlePackageRemoved().pkgName: com.onda.app
11-17 22:20:39.476 25942 25972 I ENTM:Systemprocess: checkELMActivationForPackageRemoved().START - com.onda.app
11-17 22:20:39.478 25942 25972 I ENTM:Systemprocess: checkKLMActivationForPackageRemoved().START - com.onda.app
11-17 22:20:39.480 25942 25972 I ENTM:DataBaseUtils: isSameTrackerIdInDeviceDB().START: com.onda.app
11-17 22:20:39.503 22875 22875 I Finsky:background: [2] Package no longer installed: com.onda.app
11-17 22:20:39.520 22721 22721 I Finsky  : [2] AIM: AppInfoCacheUpdater -> invalidating apps: [com.onda.app]
11-17 22:20:39.565 22875 22875 I Finsky:background: [2] Package no longer installed: com.onda.app
11-17 22:20:39.652  5010 25957 W RWIPackageIntentOps: Registries cleared for package: com.onda.app
11-17 22:20:39.687  5010  5025 I Icing   : doRemovePackageData com.onda.app
11-17 22:20:39.729 22721 22804 I Finsky  : [208] AIM: AppInfoManager-Perf > OnDeviceAppInfo > cacheHitCount=0, cacheMissCount=1. Missed  in cache (limit 10) : [com.onda.app]
11-17 22:20:39.743  5010 25789 W SQLiteLog: (28) double-quoted string literal: "com.onda.app"
11-17 22:20:39.792 22721 26015 I Finsky  : [261] Asset module storage cleared for package com.onda.app.
11-17 22:20:39.852  5070  5695 D MediaProvider: Deleted 0 Android/media items belonging to com.onda.app on /data/user/0/com.google.android.providers.media.module/databases/external.db
11-17 22:20:39.866  5070  5695 I FuseDaemon: Successfully deleted rows in leveldb for owner_id:  and ownerPackageIdentifier: com.onda.app::0
11-17 22:20:39.871  5070  5695 D MediaGrants: Removed 0 media_grants for 0 user for [com.onda.app]. Reason: Package orphaned
11-17 22:20:39.956 22721 22721 W Finsky  : [2] STU: Failed to get storage stats for package 'com.onda.app' (1601: Error getting stats: android.content.pm.PackageManager.NameNotFoundException)
11-17 22:20:40.011  2913  7623 I TileConfigurationStore: updatePackageDataChange : com.onda.app, type = 2, tileType = 1
11-17 22:20:40.014  2913  7623 I TileConfigurationStore: updatePackageDataChange : Complication Tile com.onda.app, type = 2
11-17 22:20:40.014  2913  7623 I AppWidgetDataProvider:  updatePackageChangeData type  1 , pack type 2  ,  pkg com.onda.app
11-17 22:20:40.101 26020 26020 D PersistedStoragePackageUninstalledReceiver: Received android.intent.action.PACKAGE_FULLY_REMOVED for com.onda.app for u0
11-17 22:20:40.199  1643  2054 I CredentialManager: updateProvidersWhenPackageRemoved)pkg=com.onda.app (0)
11-17 22:20:40.400 26067 26067 I DWBh    : onPackageDeleted : com.onda.app
11-17 22:20:40.402 26057 26071 I LockContentProvider: before profileData Id : 0, removePkg:com.onda.app, enabledWidgetIdList:{}
11-17 22:20:40.505 26067 26116 I DWBa    : couldn't find com.onda.app
11-17 22:20:40.570 26125 26125 I FILP/PackageIntentReceiver: pkgName : com.onda.app
11-17 22:20:40.588 26125 26148 I FILP/FilterInstaller: removeFromFS : com.onda.app, cursor size : 0
11-17 22:20:40.595 26125 26148 I FILP/FilterInstaller: Delete all filter DB result : com.onda.app, 0
11-17 22:20:40.596 26125 26148 I FILP/FilterInstaller: Delete filter DB result : com.onda.app, 0
11-17 22:20:40.596 26125 26148 I FILP/FilterInstaller: Delete my filter DB result : com.onda.app, 0
11-17 22:20:40.598 26125 26148 I FILP/FilterInstaller: uninstallFilters mPackageName: com.onda.app
11-17 22:20:41.023  1643  2054 I SGM:GameManager: PkgUpdateReceiver, onPackageRemoved(). pkgName=com.onda.app, userId=0
11-17 22:20:41.023  1643  2054 W SGM:Util: isPkgInstalled(), com.onda.app does not exist.
11-17 22:20:41.023  1643  2054 D SGM:Util: isPkgInstalled(). pkgName=com.onda.app, userId=0, installed=false
11-17 22:20:41.023  1643  2054 D SGM:GosNotifyThread: sendPackageMessage(), changeType=1, pkgName=com.onda.app, userHandleId=0
11-17 22:20:41.024  1643  2054 D MetaDataCollector: onReceive: done pkgName=com.onda.app
11-17 22:20:41.099  1643  2054 D LauncherAppsService: Calling onPackageRemoved: com.onda.app, EXTRA_REPLACING: false
11-17 22:20:41.099  1643  2054 D LauncherAppsService: Calling onPackageRemoved: com.onda.app, listener: com.google.android.as(UserHandle{0}, 5083)
11-17 22:20:41.099  1643  2054 D LauncherAppsService: Calling onPackageRemoved: com.onda.app, listener: com.sec.android.app.launcher(UserHandle{0}, 3422)
11-17 22:20:41.099  5083  5559 D LauncherApps: onPackageRemoved 0,com.onda.app
11-17 22:20:41.100  1643  2054 D LauncherAppsService: Calling onPackageRemoved: com.onda.app, listener: com.android.systemui(UserHandle{0}, 2913)
11-17 22:20:41.100  1643  2054 D LauncherAppsService: Calling onPackageRemoved: com.onda.app, listener: android(UserHandle{0}, 1643)
11-17 22:20:41.100  2913  3105 D LauncherApps: onPackageRemoved 0,com.onda.app
11-17 22:20:41.100  1643  2054 D LauncherApps: onPackageRemoved 0,com.onda.app
11-17 22:20:41.100  3422  3422 I HoneySpace.PackageOperationTracker: onPackageRemoved - com.onda.app UserHandle{0}
11-17 22:20:41.101  3422 25764 I HoneySpace.IconCache: remove icon cache & DB : com.onda.app UserHandle{0}
11-17 22:20:41.101  3422 25764 I HoneySpace.IconCache: removeSpecificIconDb: com.onda.app UserHandle{0}
11-17 22:20:41.102  3422  3422 I HoneySpace.PackageChangedCallbackImpl: onPackageRemoved: com.onda.app / UserHandle{0}
11-17 22:20:41.114  3422  3422 I HoneySpace.HoneySpaceManagerContainer: refreshHoneyPlugin, packageName: com.onda.app
11-17 22:20:41.114  3422 15268 I HoneySpace.HoneySpacePackageSourceImpl: Package removed : com.onda.app
11-17 22:20:41.115  3422 19477 I SearchableManager: removeDynamicSearchable: com.onda.app
11-17 22:20:41.115  3422 19477 I SearchableManager: invalidate: com.onda.app
11-17 22:20:41.117  3422  3422 I HoneySpace.PackageEventHandler: Package removed : [com.onda.app/.MainActivity#UserHandle{0}]
11-17 22:20:41.124  3422  3422 I HoneySpace.DataCache: deleteItem : id=2007, title=Onda, type=APP, containerType=ITEM_GROUP, containerId=20, x=-1, y=-1, rank=1, spanX=-1, spanY=-1, scale=1.0component=com.onda.app/.MainActivity, profileId=0, intent=null, restored=0, hidden=UNHIDDEN, appWidgetId=-1, options=0, refPackageName=null (appList) package removed
11-17 22:20:41.126  3422  5747 I HoneySpace.DataCache: delete item : (appList) package removed - APP / 2007 / Onda / com.onda.app/.MainActivity / -1 / 0
11-17 22:20:41.516  3422 25764 I SearchEngineAppSuggestion: package removed: com.onda.app
11-17 22:20:54.884  1643  2528 I PackageInformation: com.onda.app ::20250714::20250713
11-17 22:20:54.908 22721 22721 I Finsky  : [2] VerifyApps: Install-time verification requested for package com.onda.app, PackageManager id = 16, Verifier id = d5e4a69d-56ae-4d85-851d-72889f18c40c
11-17 22:20:54.985 22721 26046 I Finsky  : [272] VerifyApps: Anti-malware verification task started for package=com.onda.app
11-17 22:20:55.050 22721 22804 I Finsky  : [208] VerifyApps: Starting APK Analysis scan for com.onda.app.
11-17 22:20:55.051 22721 22804 I Finsky  : [208] Scanning package com.onda.app contents with client side protections. File: [2Lt0EXokyCJcHt0yDFfhP2PUYpPZ_hRJydfRzt2OKCw]
11-17 22:20:55.087 26438 26453 I GOS:GameServiceReceiver:  PkgInstallStarted for com.onda.app UserID : 0
11-17 22:20:55.145 26438 26457 W GOS:PackageUtil: isPackageInstalledAsUser(). Exception: android.content.pm.PackageManager$NameNotFoundException: com.onda.app
11-17 22:20:55.146 26438 26457 I GOS:GameIntentService: onPackageChanged(). extras: Bundle[{changeType=2, userId=0, type=15, packageName=com.onda.app}]
11-17 22:20:55.146 26438 26457 I GOS:GameIntentService: onPackageChanged(). changeType(INSTALL_STARTED), pkgName(com.onda.app), UserHandle(0), userId(0), Installed(false)
11-17 22:20:55.148 26438 26457 W GOS:PackageUtil: isPackageInstalledAsUser(). Exception: android.content.pm.PackageManager$NameNotFoundException: com.onda.app
11-17 22:20:55.328 22721 22801 I Finsky  : [205] VerifyApps: APK Analysis scan finished for com.onda.app. Verdict: SAFE
11-17 22:20:55.817 22721 26475 I Finsky  : [285] VerifyApps: Verification package=com.onda.app, id=16, response=9, upload_requested=false, enable_ecm=true
11-17 22:21:05.756 22721 22809 I Finsky  : [211] VerifyApps: waiting for app installation for com.onda.app
11-17 22:21:05.783 22721 22721 I Finsky  : [2] VerifyApps: Install-time verification complete: id=16, package_name=com.onda.app
11-17 22:21:05.789  1643  2528 I PackageManager:           pkg{com.onda.app}
11-17 22:21:05.842  1643  2123 D ApplicationPolicy: getApplicationStateEnabled : pkg = com.onda.app userId : 0
11-17 22:21:05.843  1643  2123 D PermissionService: setAllowlistedRestrictedPermissionsUnchecked called for package - com.onda.app
11-17 22:21:05.843  1643  2123 D PermissionService: updateAdminPermissionsInternalcom.onda.app
11-17 22:21:05.940  1643  2123 I ArtService: Adjusting the compiler filter for 'com.onda.app' from 'speed-profile' to 'verify' because there is no valid profile
11-17 22:21:05.941 25885 26529 I artd    : GetBestInfo: /data/app/~~1LG2gG9rBxH1nVzfIynkTA==/com.onda.app-APiPbHCbJcihEj5qA5ObzA==/base.apk has no usable artifacts
11-17 22:21:05.993 25885 26529 I artd    : Running dex2oat: /apex/com.android.art/bin/art_exec --drop-capabilities --set-task-profile=Dex2OatBootComplete --set-priority=background --keep-fds=7:8:9:10 -- /apex/com.android.art/bin/dex2oat64 --zip-fd=7 --zip-location=/data/app/~~1LG2gG9rBxH1nVzfIynkTA==/com.onda.app-APiPbHCbJcihEj5qA5ObzA==/base.apk --oat-fd=8 --oat-location=/data/app/~~1LG2gG9rBxH1nVzfIynkTA==/com.onda.app-APiPbHCbJcihEj5qA5ObzA==/oat/arm64/base.odex --output-vdex-fd=9 --swap-fd=10 --class-loader-context=PCL[] --classpath-dir=/data/app/~~1LG2gG9rBxH1nVzfIynkTA==/com.onda.app-APiPbHCbJcihEj5qA5ObzA== --instruction-set=arm64 --instruction-set-features=default --instruction-set-variant=kryo300 --compiler-filter=verify --compilation-reason=install --max-image-block-size=524288 --resolve-startup-const-strings=true --generate-mini-debug-info --runtime-arg -Xtarget-sdk-version:34 --runtime-arg -Xhidden-api-policy:enabled --runtime-arg -Xms64m --runtime-arg -Xmx512m --comments=app-name:com.onda.app,app-version-name:1.0,app-version-code:1,art-version:360910040
11-17 22:21:05.993 25885 26529 I artd    : Opened FDs: 7:/data/app/~~1LG2gG9rBxH1nVzfIynkTA==/com.onda.app-APiPbHCbJcihEj5qA5ObzA==/base.apk 8:/data/app/~~1LG2gG9rBxH1nVzfIynkTA==/com.onda.app-APiPbHCbJcihEj5qA5ObzA==/oat/arm64/base.odex.1pq4Pt.tmp 9:/data/app/~~1LG2gG9rBxH1nVzfIynkTA==/com.onda.app-APiPbHCbJcihEj5qA5ObzA==/oat/arm64/base.vdex.GFp3pn.tmp 10:/data/app/~~1LG2gG9rBxH1nVzfIynkTA==/com.onda.app-APiPbHCbJcihEj5qA5ObzA==/oat/arm64/base.odex.swap.3ESbKv.tmp
11-17 22:21:06.147 26534 26534 I dex2oat64: /apex/com.android.art/bin/dex2oat64 --output-vdex-fd=9 --class-loader-context=PCL[] --classpath-dir=/data/app/~~1LG2gG9rBxH1nVzfIynkTA==/com.onda.app-APiPbHCbJcihEj5qA5ObzA== --compiler-filter=verify --compilation-reason=install --max-image-block-size=524288 --resolve-startup-const-strings=true --generate-mini-debug-info --comments=app-name:com.onda.app,app-version-name:1.0,app-version-code:1,art-version:360910040
11-17 22:21:06.420  1643  2123 I ArtService: Dexopt result: [packageName = com.onda.app] DexContainerFileDexoptResult{dexContainerFile=/data/app/~~1LG2gG9rBxH1nVzfIynkTA==/com.onda.app-APiPbHCbJcihEj5qA5ObzA==/base.apk, primaryAbi=true, abi=arm64-v8a, actualCompilerFilter=verify, status=PERFORMED, dex2oatWallTimeMillis=417, dex2oatCpuTimeMillis=470, sizeBytes=1990300, sizeBeforeBytes=0, extendedStatusFlags=[]}
11-17 22:21:06.422  1643  2123 I BackupManagerService: [UserID:0] restoreAtInstall pkg=com.onda.app token=11 restoreSet=3656d656966b1297
11-17 22:21:07.367  5010  5916 I Backup  : [RestoreRequestProcessor] Skipping app with no doc url or kv pairs: com.onda.app
11-17 22:21:07.376  1643  2123 D PackageManager: isLocaleOptimizedPackage() -  Non optimized app: com.onda.app. Proceed with normal install
11-17 22:21:07.391  1643  2123 I AppsFilter: interaction: PackageSetting{8adc260 com.onda.life/10336} -> PackageSetting{2a0b616 com.onda.app/10401} BLOCKED
11-17 22:21:07.419  1643  2717 I AppWidgetServiceImpl: Received broadcast: android.intent.action.PACKAGE_ADDED, Updates all providers with com.onda.app, userId: 0
11-17 22:21:07.419  1643  2740 D ShortcutService: adding package: com.onda.app userId0
11-17 22:21:07.420  1643  2696 D SGM:GameManager: identifyGamePackage. com.onda.app, mCurrentUserId: 0, callerUserId: 0, callingMethodInfo: com.samsung.android.game.SemGameManager.isGamePackage(SemGameManager.java:105)
11-17 22:21:07.420  1643  2696 D SGM:SemGameManager: isGamePackage(), pkgName=com.onda.app, ret=false
11-17 22:21:07.421  2878  2878 D CarrierSvcBindHelper: onPackageAdded: com.onda.app
11-17 22:21:07.434  2913  3135 D PluginActionManager: queryPkg com.onda.app com.android.systemui.action.PLUGIN_SENSOR_MANAGER
11-17 22:21:07.435  3833  3911 I PackageInfoManager_FLP: action : ACTION_PACKAGE_ADDED, packageName = com.onda.app
11-17 22:21:07.435  2913  3135 D PluginActionManager: queryPkg com.onda.app com.android.systemui.action.PLUGIN_OVERLAY
11-17 22:21:07.435  2913  3135 D PluginActionManager: queryPkg com.onda.app com.android.systemui.action.PLUGIN_VOLUME
11-17 22:21:07.435  2913  3135 D PluginActionManager: queryPkg com.onda.app com.samsung.systemui.action.PLUGIN_FACE_WIDGET
11-17 22:21:07.435  2913  3135 D PluginActionManager: queryPkg com.onda.app com.android.systemui.action.PLUGIN_QS
11-17 22:21:07.436  2913  3135 D PluginActionManager: queryPkg com.onda.app com.android.systemui.action.PLUGIN_TOAST
11-17 22:21:07.436  2913  3135 D PluginActionManager: queryPkg com.onda.app com.android.systemui.action.PLUGIN_GLOBAL_ACTIONS
11-17 22:21:07.436  2913  3135 D PluginActionManager: queryPkg com.onda.app com.android.systemui.action.PLUGIN_QS_FACTORY
11-17 22:21:07.436  2913  3135 D PluginActionManager: queryPkg com.onda.app com.android.systemui.action.PLUGIN_CLOCK_PROVIDER
11-17 22:21:07.436  2913  3135 D PluginActionManager: queryPkg com.onda.app com.android.systemui.action.PLUGIN_NOTIFICATION_ASSISTANT
11-17 22:21:07.436  2913  3135 D PluginActionManager: queryPkg com.onda.app com.android.systemui.action.PEOPLE_HUB_PERSON_EXTRACTOR
11-17 22:21:07.437  2878  3125 D ImsResolver: maybeAddedImsService, packageName: com.onda.app
11-17 22:21:07.440  1643  2798 I SdkSandboxManager: No SDKs used. Skipping SDK data reconcilation for CallingInfo{mUid=10401, mPackageName='com.onda.app, mAppProcessToken='null'}
11-17 22:21:07.440  2878  2878 I VvmPkgInstalledRcvr: packageName: com.onda.app, systemDialer: com.samsung.android.dialer
11-17 22:21:07.450 22721 22797 I Finsky  : [201] AIM: AppInfoManager-Perf > OnDeviceAppInfo > cacheHitCount=0, cacheMissCount=1. Missed  in cache (limit 10) : [com.onda.app]
11-17 22:21:07.454 22721 22721 I Finsky  : [2] AIM: AppInfoCacheUpdater -> invalidating apps: [com.onda.app]
11-17 22:21:07.456 22721 22801 I Finsky  : [205] AIM: AppInfoManager-Perf > OnDeviceAppInfo > cacheHitCount=0, cacheMissCount=1. Missed  in cache (limit 10) : [com.onda.app]
11-17 22:21:07.457  1643  2538 D OverlayManager: reconcileSettingsForPackage pkgName=com.onda.app userId=0
11-17 22:21:07.457  1643  2538 I OverlayManager: updateOverlaysForTarget() called with: targetPackage = [com.onda.app], userId = [0], flags = [0]
11-17 22:21:07.458 22721 22721 I Finsky  : [2] VerifyApps: app installation complete for com.onda.app
11-17 22:21:07.460 25885 26528 I artd    : GetBestInfo: odex next to the dex file (/data/app/~~1LG2gG9rBxH1nVzfIynkTA==/com.onda.app-APiPbHCbJcihEj5qA5ObzA==/oat/arm64/base.odex) is kOatUpToDate with filter 'verify' executable 'false'
11-17 22:21:07.467  2878  2878 I VvmPkgInstalledRcvr:  NOT contains : com.onda.app
11-17 22:21:07.468  2878  2878 I VvmPkgInstalledRcvr:  NOT contains : com.onda.app
11-17 22:21:07.469  2913  2913 I GoodLockLifecycle: onPackageAdded: com.onda.app
11-17 22:21:07.486 22721 22809 I Finsky  : [211] VerifyApps: running post install verification task for package: com.onda.app, install ID: d5e4a69d-56ae-4d85-851d-72889f18c40c
11-17 22:21:07.496 22721 22809 I Finsky  : [211] VerifyApps: Putting package com.onda.app in ECM mode succeeded
11-17 22:21:07.498 26125 26125 I FILP/PackageIntentReceiver: pkgName : com.onda.app
11-17 22:21:07.498  1643  2093 D MARsPolicyManager: new Package : com.onda.app, SCPMTarget : false
11-17 22:21:07.501  2913  3103 D BluetoothEventManager: AppPackageChangedHandler: package name = com.onda.app
11-17 22:21:07.517  1643  2785 D SGM:GameManager: identifyGamePackage. com.onda.app, mCurrentUserId: 0, callerUserId: 0, callingMethodInfo: com.samsung.android.game.SemGameManager.isGamePackage(SemGameManager.java:105)
11-17 22:21:07.518  1643  2785 D SGM:SemGameManager: isGamePackage(), pkgName=com.onda.app, ret=false
11-17 22:21:07.521  1643  2538 D OverlayManager: -> Updating overlay: target=com.onda.app overlays=[OverlayPaths { resourceDirs = [/product/overlay/NavigationBarMode3Button/NavigationBarMode3ButtonOverlay.apk], overlayPaths = [/product/overlay/NavigationBarMode3Button/NavigationBarMode3ButtonOverlay.apk] }] userId=0
11-17 22:21:07.543  6676 26560 I ProximityAuth: [RecentAppsMediator] Package added: (user=UserHandle{0}) com.onda.app
11-17 22:21:07.550 26020 26020 I SafetyLabelChangedBroadcastReceiver: received broadcast packageName: com.onda.app, current user: UserHandle{0}, packageChangeEvent: NEW_INSTALL, intent user: UserHandle{0}
11-17 22:21:07.560  1643  1643 I Telecom : SamsungOpenCommunicationPlatformPolicyPackageBroadcastReceiver : action : android.intent.action.PACKAGE_ADDED / packageName : com.onda.app
11-17 22:21:07.561  1643  3541 I Telecom : SamsungOpenCommunicationPlatformPolicyPackageHandler : handleMessage : { when=-1ms what=0 obj=com.onda.app target=com.samsung.server.telecom.advancedcall.ocp.policy.broadcast.SamsungOpenCommunicationPlatformPolicyPackageHandler }.what
11-17 22:21:07.583  1643  2879 D SGM:GameManager: identifyGamePackage. com.onda.app, mCurrentUserId: 0, callerUserId: 0, callingMethodInfo: com.samsung.android.game.SemGameManager.isGamePackage(SemGameManager.java:105)
11-17 22:21:07.583  1643  2879 D SGM:SemGameManager: isGamePackage(), pkgName=com.onda.app, ret=false
11-17 22:21:07.583  1643  2879 I Pageboost: appinfo : com.onda.app 0 0 0 0
11-17 22:21:07.587 25484 25484 I Routine@Core[4.8.07.1]: MetadataLoaderImpl: collectInBackground - packageName:com.onda.app
11-17 22:21:07.591 25484 25484 I Routine@Core[4.8.07.1]: MetadataSyncBacklog: add: null + com.onda.app
11-17 22:21:07.605  1643  2879 D SGM:GameManager: identifyGamePackage. com.onda.app, mCurrentUserId: 0, callerUserId: 0, callingMethodInfo: com.samsung.android.game.SemGameManager.isGamePackage(SemGameManager.java:105)
11-17 22:21:07.605  1643  2879 D SGM:SemGameManager: isGamePackage(), pkgName=com.onda.app, ret=false
11-17 22:21:07.605  1643  2879 I Pageboost: Reset this app info : com.onda.app
