11-17 22:32:58.660  1643  2021 V WindowManager: Collecting in transition 1405: ActivityRecord{f877633 u0 com.onda.app/.MainActivity t1382}, caller=com.android.server.wm.TransitionController.collect:7 com.android.server.wm.ActivityRecord.setVisibility:189 com.android.server.wm.ActivityRecord.makeInvisible:39 com.android.server.wm.EnsureActivitiesVisibleHelper.process:637 com.android.server.wm.TaskFragment.updateActivityVisibilities:12
11-17 22:32:58.660  1643  2021 D WindowManager: prepareSync <SYNC_STATE_WAITING_FOR_DRAW>, mPrepareSyncSeqId=0, win=Window{c40836e u0 com.onda.app/com.onda.app.MainActivity}
11-17 22:32:58.663  1643  2021 D WindowManager: Changing focus from Window{c40836e u0 com.onda.app/com.onda.app.MainActivity} to null displayId=0 Callers=com.android.server.wm.ActivityTaskManagerService.setLastResumedActivityUncheckLocked:264 com.android.server.wm.ActivityTaskSupervisor.updateTopResumedActivityIfNeeded:50 com.android.server.wm.TaskFragment.setResumedActivity:29 com.android.server.wm.ActivityRecord.setState:104
11-17 22:32:58.674  1643  2024 D SGM:FgCheckThread: notePauseComponent(), received pkgName: com.onda.app, userId: 0
11-17 22:32:58.674  1643  2024 D SGM:FgCheckThread: notePauseComponent(), received pkgName: com.onda.app, userId: 0
11-17 22:32:58.674  1643  2024 D SGM:FgCheckThread: notifyFocusInOut(). of pkg: com.onda.app, type: 20, isSecGameFamily: false, userId: 0
11-17 22:32:58.676  1643  2024 D SGM:GameManager: identifyGamePackage. com.onda.app, mCurrentUserId: 0, callerUserId: 0, callingMethodInfo: com.samsung.android.game.SemGameManager.isGamePackage(SemGameManager.java:105)
11-17 22:32:58.677  1643  2024 D SGM:SemGameManager: isGamePackage(), pkgName=com.onda.app, ret=false
11-17 22:32:58.681  1643  5912 D InputDispatcher: Focus left window (0): c40836e com.onda.app/com.onda.app.MainActivity
11-17 22:32:58.779  1643  5419 D WindowManager: updateSystemBarAttributes: displayId=0, focusedCanBeNavColorWin=false, win=Window{e46940f u0 com.sec.android.app.launcher/com.sec.android.app.launcher.activities.LauncherActivity}, navColorWin=Window{c40836e u0 com.onda.app/com.onda.app.MainActivity}, caller=com.android.server.wm.WindowManagerService.updateFocusedWindowLocked:375 com.android.server.wm.WindowManagerService.relayoutWindowInner:142 com.android.server.wm.WindowManagerService.relayoutWindow:6
11-17 22:32:58.807  1643  2025 V WindowManager: Start calculating TransitionInfo based on participants: {ActivityRecord{1657b25 u0 com.sec.android.app.launcher/.activities.LauncherActivity t-1}, Task{308bf4f #1 type=home}, WallpaperWindowToken{926e278 token=android.os.Binder@36b27db}_<system>, Task{93e2c94 #1169 type=home I=com.sec.android.app.launcher/.activities.LauncherActivity}, ActivityRecord{c02d6da u0 com.sec.android.app.launcher/.activities.LauncherActivity t1169}, ActivityRecord{f877633 u0 com.onda.app/.MainActivity t1382}}
11-17 22:32:58.807  1643  2025 V WindowManager:   Final targets: [Task{308bf4f #1 type=home}, Task{1230df0 #1382 type=standard A=10401:com.onda.app}, WallpaperWindowToken{926e278 token=android.os.Binder@36b27db}_<system>]
11-17 22:32:58.809  1643  2025 V WindowManager:         {WCT{RemoteToken{4b6d4d9 Task{1230df0 #1382 type=standard A=10401:com.onda.app}}} m=TO_BACK f=NONE leash=Surface(name=Task=1382)/@0xc9a5223 sb=Rect(0, 0 - 1080, 2340) eb=Rect(0, 0 - 1080, 2340) d=0 taskParent=-1 inset=Rect(0, 99 - 0, 144)},
11-17 22:32:58.820  1336  1481 D RenderEngine: [SEC_SF_EFFECTS] drawLayersInternal,1299, Rendering layer com.onda.app/com.onda.app.MainActivity$_27760#19184 at index 1
11-17 22:32:58.830  3422  3422 I HoneySpace.AppCloseAnimationDelegate: findTargetValue [cookie-2008, pkgName-com.onda.app]
11-17 22:32:58.834  1643  2020 V WindowManager:         {WCT{RemoteToken{4b6d4d9 Task{1230df0 #1382 type=standard A=10401:com.onda.app}}} m=TO_BACK f=NONE leash=Surface(name=Task=1382)/@0xc9a5223 sb=Rect(0, 0 - 1080, 2340) eb=Rect(0, 0 - 1080, 2340) d=0 taskParent=-1 inset=Rect(0, 99 - 0, 144)},
11-17 22:32:58.864  1336  1336 D SurfaceFlinger:        CLIENT |   0xb4000079df906660 | 0001 | RGBA_8888    |    0.0    0.0 1079.0 2339.0 |    1    2 1079 2339 | com.onda.app/com.onda.app.MainActivity$_27760#19184 (4)
11-17 22:32:58.992  1643  2536 V WindowManager: Setting visibility of Window{c40836e u0 com.onda.app/com.onda.app.MainActivity}: false, caller=com.android.server.wm.WindowContainer.sendAppVisibilityToClients:19 com.android.server.wm.WindowToken.setClientVisible:49 com.android.server.wm.ActivityRecord.setClientVisible:8 com.android.server.wm.ActivityRecord.commitVisibility:273 com.android.server.wm.TransitionController.finishTransition:766
11-17 22:32:59.006  1336  1336 I SurfaceFlinger: Layer [ActivityRecord{f877633 u0 com.onda.app/.MainActivity t1382}#19142] hidden!! flag(1)
11-17 22:32:59.006  1336  1336 I SurfaceFlinger: Layer [com.onda.app/com.onda.app.MainActivity$_27760#19184] hidden!! flag(1)
11-17 22:32:59.025  1643  5912 V WindowManager: Relayout Window{c40836e u0 com.onda.app/com.onda.app.MainActivity}: viewVisibility=8 req=1080x2340 ty=1 d0
11-17 22:32:59.031 27760 27760 D VRI[MainActivity]@933ccc0: WindowStopped on com.onda.app/com.onda.app.MainActivity set to true
11-17 22:32:59.039  1643  5912 V WindowManager: Relayout Window{c40836e u0 com.onda.app/com.onda.app.MainActivity}: viewVisibility=8 req=1080x2340 ty=1 d0
11-17 22:32:59.044  1643  5912 E WindowManager: win=Window{c40836e u0 com.onda.app/com.onda.app.MainActivity} destroySurfaces: appStopped=true cleanupOnResume=false win.mWindowRemovalAllowed=false win.mRemoveOnExit=false win.mViewVisibility=8 caller=com.android.server.wm.ActivityRecord.destroySurfaces:25 com.android.server.wm.ActivityRecord.activityStopped:204 com.android.server.wm.ActivityClientController.activityStopped:95 android.app.IActivityClientController$Stub.onTransact:722 com.android.server.wm.ActivityClientController.onTransact:1 android.os.Binder.execTransactInternal:1541 android.os.Binder.execTransact:1480
11-17 22:32:59.044  1643  5912 I WindowManager: Destroying surface Surface(name=com.onda.app/com.onda.app.MainActivity$_27760)/@0x1302ff3 called by com.android.server.wm.WindowStateAnimator.destroySurface:11 com.android.server.wm.WindowStateAnimator.destroySurfaceLocked:54 com.android.server.wm.WindowState.destroySurfaceUnchecked:5 com.android.server.wm.WindowState.destroySurface:126 com.android.server.wm.ActivityRecord.destroySurfaces:25 com.android.server.wm.ActivityRecord.activityStopped:204 com.android.server.wm.ActivityClientController.activityStopped:95 android.app.IActivityClientController$Stub.onTransact:722
11-17 22:32:59.045  1643  2024 D SGM:FgCheckThread: pkgName: com.onda.app is not in foreground
11-17 22:32:59.045  1643  2024 D SGM:FgCheckThread: noteStopComponent(), received pkgName: com.onda.app, focusedPkgName: com.sec.android.app.launcher, userId: 0
11-17 22:32:59.045  1643  2021 D PkgPredictorService-SecIpmManagerServiceImpl: bg information pid:27760 uid:10401 pkgName:com.onda.app
11-17 22:32:59.047  1336  1336 I SurfaceFlinger: [LayerHierarchy{RequestedLayerState{com.onda.app/com.onda.app.MainActivity$_27760#19184} no children}] reparent to OffscreenRoot
11-17 22:32:59.047  1336  1336 I SurfaceFlinger: [LayerHierarchy{RequestedLayerState{com.onda.app/com.onda.app.MainActivity$_27760#19184} no children}] RelativeParent to null
11-17 22:32:59.048  1336  1336 I SurfaceFlinger: id=19184 Removed com.onda.app/com.onda.app.MainActivity$_27760#19184 (147)
11-17 22:32:59.051  3422 25764 I HoneySpace.SuggestedItemsFacade: DPS items : Onda, com.onda.app/.MainActivity#UserHandle{0}
11-17 22:32:59.051  3422 25764 I HoneySpace.FilteredItemProvider: collect filtered items o, [PK(p='com.onda.app', u=UserHandle{0})]
11-17 22:32:59.053  3422 25764 I HoneySpace.SuggestedItemsFacade: filteredItem : PK(p='com.onda.app', u=UserHandle{0})
11-17 22:32:59.053  3422 25764 I HoneySpace.SuggestedItemsFacade: item removed by filter - PK(p='com.onda.app', u=UserHandle{0})
11-17 22:32:59.055  1336  1336 I SurfaceFlinger: destroyed com.onda.app/com.onda.app.MainActivity$_27760#19184
11-17 22:32:59.056  1336  1336 I Layer   : id=19184 Destroyed com.onda.app/com.onda.app.MainActivity$_27760#19184
11-17 22:32:59.060  3422  3422 I HoneySpace.TaskListViewModel: groupTasks: [[#1382=com.onda.app]]
11-17 22:32:59.080  3422  3422 I HoneySpace.TaskAdapter: attach [position: 0], taskData size: 1, item: ComponentInfo{com.onda.app/com.onda.app.MainActivity}, animReady: 4, firstBindingComplete: 4, view: 1e707ea
11-17 22:32:59.080  3422 28833 I HoneySpace.TaskDataRepositoryImpl: Request icon and label, id=1382, iconAndLabel: IconAndLabel(icon=android.graphics.Bitmap@83704c, label=Onda), componentKey: com.onda.app/.MainActivity#UserHandle{0}
11-17 22:32:59.992  1643  2024 I ActivityManager: Killing 27760:com.onda.app/u0a401 (adj 850): remove task
11-17 22:33:00.050  1643  2669 D ConnectivityService: releasing NetworkRequest [ REQUEST id=7441, [ Capabilities: INTERNET&NOT_RESTRICTED&TRUSTED&NOT_VCN_MANAGED&NOT_BANDWIDTH_CONSTRAINED Uid: 10401 RequestorUid: 10401 RequestorPkg: com.onda.app UnderlyingNetworks: Null] ] (release request)
11-17 22:33:00.052  1643  3123 I WindowManager: WIN DEATH: Window{c40836e u0 com.onda.app/com.onda.app.MainActivity}
11-17 22:33:00.052  1643  3123 W InputManager-JNI: Input channel object 'c40836e com.onda.app/com.onda.app.MainActivity (client)' was disposed without first being removed with the input manager!
11-17 22:33:00.054  1643  3123 V WindowManager: Remove Window{c40836e u0 com.onda.app/com.onda.app.MainActivity}: mSurfaceController=null mAnimatingExit=false mRemoveOnExit=false mHasSurface=false surfaceShowing=false animating=false app-animation=false mDisplayFrozen=false callers=com.android.server.wm.Session.binderDied:118 android.os.IBinder$DeathRecipient.binderDied:339 android.os.BinderProxy.sendDeathNotice:794 <bottom of call stack> <bottom of call stack> <bottom of call stack>
11-17 22:33:00.058  1643  5419 W ActivityManager: Exception when unbinding service com.onda.app/org.chromium.content.app.SandboxedProcessService0:0
11-17 22:33:00.059  1336  3104 I SurfaceFlinger: id=19150 Removed f54796d ActivityRecordInputSink com.onda.app/.MainActivity#19150 (150)
11-17 22:33:00.062  1336  1336 I SurfaceFlinger: [LayerHierarchy{RequestedLayerState{c40836e com.onda.app/com.onda.app.MainActivity#19152} no children}] reparent to OffscreenRoot
11-17 22:33:00.062  1336  1336 I SurfaceFlinger: [LayerHierarchy{RequestedLayerState{c40836e com.onda.app/com.onda.app.MainActivity#19152} no children}] RelativeParent to null
11-17 22:33:00.063  1336  1336 I SurfaceFlinger: id=19152 Removed c40836e com.onda.app/com.onda.app.MainActivity#19152 (151)
11-17 22:33:00.068  1643  2024 D SGM:FgCheckThread: pkgName: com.onda.app is not in foreground
11-17 22:33:00.068  1643  2024 D SGM:FgCheckThread: noteStopComponent(), received pkgName: com.onda.app, focusedPkgName: com.sec.android.app.launcher, userId: 0
11-17 22:33:00.069  1643  2550 W UsageStatsService: Unexpected activity event reported! (com.onda.app/com.onda.app.MainActivity event : 23 instanceId : 30162793)
11-17 22:33:00.071  1336  1336 I SurfaceFlinger: destroyed c40836e com.onda.app/com.onda.app.MainActivity#19152
11-17 22:33:00.071  1336  1336 I SurfaceFlinger: [LayerHierarchy{RequestedLayerState{ActivityRecord{f877633 u0 com.onda.app/.MainActivity t1382}#19142} 1 children}] reparent to OffscreenRoot
11-17 22:33:00.071  1336  1336 I SurfaceFlinger: [LayerHierarchy{RequestedLayerState{ActivityRecord{f877633 u0 com.onda.app/.MainActivity t1382}#19142} 1 children}] RelativeParent to null
11-17 22:33:00.071  1336  1336 I Layer   : id=19152 Destroyed c40836e com.onda.app/com.onda.app.MainActivity#19152
11-17 22:33:00.071  1336  1336 I SurfaceFlinger: id=19142 Removed ActivityRecord{f877633 u0 com.onda.app/.MainActivity t1382}#19142 (150)
11-17 22:33:00.079  1336  1336 I SurfaceFlinger: destroyed f54796d ActivityRecordInputSink com.onda.app/.MainActivity#19150
11-17 22:33:00.079  1336  1336 I SurfaceFlinger: destroyed ActivityRecord{f877633 u0 com.onda.app/.MainActivity t1382}#19142
11-17 22:33:00.079  1336  1336 I Layer   : id=19150 Destroyed f54796d ActivityRecordInputSink com.onda.app/.MainActivity#19150
11-17 22:33:00.080  1336  1336 I Layer   : id=19142 Destroyed ActivityRecord{f877633 u0 com.onda.app/.MainActivity t1382}#19142
11-17 22:33:57.743  3422 21203 I HoneySpace.SuggestedItemsFacade: DPS items : Onda, com.onda.app/.MainActivity#UserHandle{0}
11-17 22:33:57.744  3422 21203 I HoneySpace.SuggestedItemsFacade: getFinalItems : Onda, com.onda.app/.MainActivity#UserHandle{0}
11-17 22:36:13.627  1643  1706 W system_server: ApkAssets: Deleting an ApkAssets object '<empty> and /data/app/~~1LG2gG9rBxH1nVzfIynkTA==/com.onda.app-APiPbHCbJcihEj5qA5ObzA==/base.apk' with 1 weak references
11-17 22:59:42.545  1643  5678 I Pageboost: start alp : com.onda.app
11-17 22:59:42.546  1643  2879 I Pageboost: alp for : com.onda.app , 0
11-17 22:59:42.576  1643  2058 I ActivityManager: Start proc 31966:com.onda.app/u0a401 for activelaunch {com.onda.app/com.onda.app.MainActivity}
11-17 22:59:42.576  1643  2058 D DynamicHiddenApp_BGProtectManager: [SecIpm] it's a ML_TYPE_EMPTYPROCESS protected process com.onda.app
11-17 22:59:42.584  2913  3086 D ShellStartingWindow: preload Icon com.onda.app
11-17 22:59:42.586 31966 31966 I com.onda.app: Using CollectorTypeCC GC.
11-17 22:59:42.588 31966 31966 E com.onda.app: Not starting debugger since process cannot load the jdwp agent.
11-17 22:59:42.610 31966 31966 D nativeloader: Configuring clns-7 for other apk /data/app/~~1LG2gG9rBxH1nVzfIynkTA==/com.onda.app-APiPbHCbJcihEj5qA5ObzA==/base.apk. target_sdk_version=34, uses_libraries=, library_path=/data/app/~~1LG2gG9rBxH1nVzfIynkTA==/com.onda.app-APiPbHCbJcihEj5qA5ObzA==/lib/arm64, permitted_path=/data:/mnt/expand:/data/user/0/com.onda.app
11-17 22:59:42.997  3422  3422 I HoneySpace.QuickOptionPopup: Inflate QuickOption view: App(item=id:2008 label:Onda componnet:com.onda.app/.MainActivity#UserHandle{0} badgeCount:0  drag:false iconState:NONE, pageRank=6, rank=1, dragged=false, hasReservedPosition=false) , Shortcut Count: 0 ,Notification Count: 0, Title: null
11-17 22:59:45.149 32048 32048 I UninstallerActivity: Uninstalling extras=Bundle[{com.android.packageinstaller.extra.IS_CLONE_APP=false, com.android.packageinstaller.extra.APP_LABEL=Onda, com.android.packageinstaller.applicationInfo=ApplicationInfo{aec39a9 com.onda.app}, android.intent.extra.UNINSTALL_ALL_USERS=false, com.android.packageinstaller.extra.UNINSTALL_ID=-2147483636}]
11-17 22:59:45.154  1643  5940 I PackageManager: pkg{com.onda.app}, user{0}, caller{10069} flags{0}
11-17 22:59:45.165  1643  2057 I ActivityManager: Force stopping com.onda.app appid=10401 user=0: deletePackageX
11-17 22:59:45.171  1643  2123 I AppsFilter: interaction: PackageSetting{6a71a83 com.onda.life/10336} -> PackageSetting{d7b6317 com.onda.app/10401} BLOCKED
11-17 22:59:45.178  1643  2057 I ActivityManager: Killing 31966:com.onda.app/u0a401 (adj 850): stop com.onda.app due to deletePackageX
11-17 22:59:45.192  1643  2057 D ActivityManager: proc ProcessRecord{e62dbd6 31966:com.onda.app/u0a401} already removed. so we skip next process.
11-17 22:59:45.217  1643  5912 V ActivityManager: Got obituary of 31966:com.onda.app
11-17 22:59:45.488  1643  2123 D PackageManager: isLocaleOptimizedPackage() -  Non optimized app: com.onda.app. Proceed with normal install
11-17 22:59:45.508  1643  2123 D AASA_PackageManager_RESTRICTED: Uninstall : userId = 0, info.uid = 10401, packageName = com.onda.app
11-17 22:59:45.524  1643  2123 I ActivityManager: Force stopping com.onda.app appid=10401 user=0: pkg removed
11-17 22:59:45.525 32048 32048 I UninstallFinish: Uninstall finished extras=Bundle[{android.content.pm.extra.STATUS=0, com.android.packageinstaller.extra.IS_CLONE_APP=false, android.content.pm.extra.PACKAGE_NAME=com.onda.app, com.android.packageinstaller.extra.APP_LABEL=Onda, com.android.packageinstaller.applicationInfo=Supplier{VAL_PARCELABLE@516+1320}, android.intent.extra.UNINSTALL_ALL_USERS=false, android.content.pm.extra.LEGACY_STATUS=1, com.android.packageinstaller.extra.UNINSTALL_ID=-2147483636, android.content.pm.extra.STATUS_MESSAGE=DELETE_SUCCEEDED}]
11-17 22:59:45.531  1643  2123 I ActivityManager: Force stopping com.onda.app appid=10401 user=0: pkg removed
11-17 22:59:45.540  1643  2740 D ShortcutService: removing package: com.onda.app userId0
11-17 22:59:45.541  1643  2696 D AS.AudioService: com.onda.app(10401) is removed
11-17 22:59:45.544  1643  2654 W WifiService: Couldn't get PackageInfo for package:com.onda.app
11-17 22:59:45.544  1643  2654 D WifiService: Remove settings for package:com.onda.app
11-17 22:59:45.546  1643  2654 D WifiConfigManager: Remove all networks for app ApplicationInfo{bcd826b com.onda.app}
11-17 22:59:45.551  1643  2654 I PasspointManager: No app ops listener found for com.onda.app
11-17 22:59:45.551  1643  2538 D OverlayManager: onPackageRemoved: pkgName = [com.onda.app], userId = [0], packageHidden = [false]
11-17 22:59:45.551  1643  2538 I OverlayManager: updateOverlaysForTarget() called with: targetPackage = [com.onda.app], userId = [0], flags = [0]
11-17 22:59:45.553  1643  2550 D UsageStatsService: onPackageRemoved com.onda.app
11-17 22:59:45.553  1643  2615 V StorageManagerService: Package com.onda.app does not have legacy storage
11-17 22:59:45.554  2878  2878 D CarrierSvcBindHelper: onPackageRemoved: com.onda.app
11-17 22:59:45.556  3833  3911 I PackageInfoManager_FLP: action : ACTION_PACKAGE_REMOVED, packageName = com.onda.app
11-17 22:59:45.558  1643  2696 D SGM:GameManager: identifyGamePackage. com.onda.app, mCurrentUserId: 0, callerUserId: 0, callingMethodInfo: com.samsung.android.game.SemGameManager.isGamePackage(SemGameManager.java:105)
11-17 22:59:45.558  1643  2696 D SGM:SemGameManager: isGamePackage(), pkgName=com.onda.app, ret=false
11-17 22:59:45.573  2878  2878 I VvmPkgInstalledRcvr: packageName: com.onda.app, systemDialer: com.samsung.android.dialer
11-17 22:59:45.608  1643  2578 D SEP_UNION_SemDeviceInfoManagerService: Package com.onda.app is removed on User 0
11-17 22:59:45.608  1643  2654 W WifiService: Couldn't get PackageInfo for package:com.onda.app
11-17 22:59:45.608  1643  2654 D WifiService: Remove settings for package:com.onda.app
11-17 22:59:45.608  1643  2654 D WifiConfigManager: Remove all networks for app ApplicationInfo{1dce47d com.onda.app}
11-17 22:59:45.608  1643  2654 I PasspointManager: No app ops listener found for com.onda.app
11-17 22:59:45.608  1643  2553 I RollbackManager: broadcast=ACTION_PACKAGE_FULLY_REMOVED pkg=com.onda.app
11-17 22:59:45.651 32048 32055 W ackageinstaller: ApkAssets: Deleting an ApkAssets object '<empty> and /data/app/~~1LG2gG9rBxH1nVzfIynkTA==/com.onda.app-APiPbHCbJcihEj5qA5ObzA==/base.apk' with 1 weak references
11-17 22:59:45.651  2878  2878 I VvmPkgInstalledRcvr:  NOT contains : com.onda.app
11-17 22:59:45.659  2878  2878 I VvmPkgInstalledRcvr:  NOT contains : com.onda.app
11-17 22:59:45.676  2913  2913 D Navbar.Store: handleEvent(0) OnPackageRemoved(packageName=com.onda.app) [Module] NavBarStoreImpl
11-17 22:59:45.681  5106  5439 W DMASA[S]: [LOGWING][b]Get package version failed : com.onda.app
11-17 22:59:45.682  2913  2913 D KeyguardShortcutManager: onReceive : Intent.EXTRA_REPLACING false, com.onda.app
11-17 22:59:45.692  1643  2681 D LocationManagerService: package com.onda.app reset
11-17 22:59:45.692  1643  1643 D SdpManagerImpl.receiver: On android.intent.action.PACKAGE_REMOVED : DATA = package:com.onda.app, UID = 10401, UserId = 0, Is replacing? false
11-17 22:59:45.693  1643  1643 D SdpManagerImpl.receiver: ACTION_PACKAGE_REMOVED packageName:: com.onda.app
11-17 22:59:45.693  1643  3145 D SdpManagerImpl: handlePackageRemoved - PackageName : com.onda.app, UserId : 0
11-17 22:59:45.719  1643  1643 I Telecom : CarModeTracker: Package com.onda.app is not tracked.: SSH.oR@G0I
11-17 22:59:45.734  6676 32123 I ProximityAuth: [RecentAppsMediator] Package removed: (user=UserHandle{0}) com.onda.app
11-17 22:59:45.738  1643  2879 I Pageboost: remove app @ runtime : com.onda.app
11-17 22:59:45.742  2913  2913 D SecSTQuickControlRequestReceiver: onReceiveForPackage action = android.intent.action.PACKAGE_REMOVED, pkgName = com.onda.app
11-17 22:59:45.742  2913  2913 I GoodLockLifecycle: onPackageRemoved: com.onda.app
11-17 22:59:45.742  2913  2913 D FaceWidgetMusicViewModel: onPackageRemoved() pkg = com.onda.app, r = false
11-17 22:59:45.762  1643  1643 D EnterpriseLicenseService: isPackageInstalled() - com.onda.app not found in user 0
11-17 22:59:45.763  6676 32121 E PhSharedDirectoryWriter: Failed to delete the CE shared dir for Android package: com.onda.app. [CONTEXT service_id=51 ]
11-17 22:59:45.771  6676 32121 E PhSharedDirectoryWriter: Failed to delete the DE shared dir for Android package: com.onda.app. [CONTEXT service_id=51 ]
11-17 22:59:45.798  1643 32154 I Telecom : SamsungTelecomServiceImpl : clearAccounts - packageName : com.onda.app / callingPid : 1643 / processName : sts / callingUser : UserHandle{0}
11-17 22:59:45.933 22721 22721 I Finsky  : [2] AIM: AppInfoCacheUpdater -> invalidating apps: [com.onda.app]
11-17 22:59:45.971  1643  1643 I ConditionProviders: Disallowing condition provider com.onda.app (userSet: true)
11-17 22:59:45.985 22721 22801 I Finsky  : [205] AIM: AppInfoManager-Perf > OnDeviceAppInfo > cacheHitCount=0, cacheMissCount=1. Missed  in cache (limit 10) : [com.onda.app]
11-17 22:59:45.997  5010 32129 W RWIPackageIntentOps: Registries cleared for package: com.onda.app
11-17 22:59:46.041  5010  5025 I Icing   : doRemovePackageData com.onda.app
11-17 22:59:46.049 22721 32188 I Finsky  : [316] Asset module storage cleared for package com.onda.app.
11-17 22:59:46.099  5010 32152 W SQLiteLog: (28) double-quoted string literal: "com.onda.app"
11-17 22:59:46.103 32117 32117 I FILP/PackageIntentReceiver: pkgName : com.onda.app
11-17 22:59:46.138 32117 32205 I FILP/FilterInstaller: removeFromFS : com.onda.app, cursor size : 0
11-17 22:59:46.178 32117 32205 I FILP/FilterInstaller: Delete all filter DB result : com.onda.app, 0
11-17 22:59:46.179 32117 32205 I FILP/FilterInstaller: Delete filter DB result : com.onda.app, 0
11-17 22:59:46.179 32117 32205 I FILP/FilterInstaller: Delete my filter DB result : com.onda.app, 0
11-17 22:59:46.181 32117 32205 I FILP/FilterInstaller: uninstallFilters mPackageName: com.onda.app
11-17 22:59:46.196 22721 22804 I Finsky  : [208] AIM: AppInfoManager-Perf > OnDeviceAppInfo > cacheHitCount=0, cacheMissCount=1. Missed  in cache (limit 10) : [com.onda.app]
11-17 22:59:46.234 32185 32229 I ENTM:Systemprocess: handlePackageRemoved().pkgName: com.onda.app
11-17 22:59:46.234 32185 32229 I ENTM:Systemprocess: checkELMActivationForPackageRemoved().START - com.onda.app
11-17 22:59:46.243  5070  5695 D MediaProvider: Deleted 0 Android/media items belonging to com.onda.app on /data/user/0/com.google.android.providers.media.module/databases/external.db
11-17 22:59:46.252 32185 32229 I ENTM:Systemprocess: checkKLMActivationForPackageRemoved().START - com.onda.app
11-17 22:59:46.256 32185 32229 I ENTM:DataBaseUtils: isSameTrackerIdInDeviceDB().START: com.onda.app
11-17 22:59:46.278  5070  5695 I FuseDaemon: Successfully deleted rows in leveldb for owner_id:  and ownerPackageIdentifier: com.onda.app::0
11-17 22:59:46.294  5070  5695 D MediaGrants: Removed 0 media_grants for 0 user for [com.onda.app]. Reason: Package orphaned
11-17 22:59:46.347 22721 22721 W Finsky  : [2] STU: Failed to get storage stats for package 'com.onda.app' (1601: Error getting stats: android.content.pm.PackageManager.NameNotFoundException)
11-17 22:59:46.583 32244 32244 I Finsky:background: [2] Package no longer installed: com.onda.app
11-17 22:59:46.588 32244 32244 I Finsky:background: [2] Package no longer installed: com.onda.app
11-17 22:59:46.743  2913  7623 I TileConfigurationStore: updatePackageDataChange : com.onda.app, type = 2, tileType = 1
11-17 22:59:46.744  2913  7623 I TileConfigurationStore: updatePackageDataChange : Complication Tile com.onda.app, type = 2
11-17 22:59:46.744  2913  7623 I AppWidgetDataProvider:  updatePackageChangeData type  1 , pack type 2  ,  pkg com.onda.app
11-17 22:59:46.891 32306 32306 D PersistedStoragePackageUninstalledReceiver: Received android.intent.action.PACKAGE_FULLY_REMOVED for com.onda.app for u0
11-17 22:59:46.894 32329 32353 I LockContentProvider: before profileData Id : 0, removePkg:com.onda.app, enabledWidgetIdList:{}
11-17 22:59:46.966  1643  2054 I SGM:GameManager: PkgUpdateReceiver, onPackageRemoved(). pkgName=com.onda.app, userId=0
11-17 22:59:46.967  1643  2054 W SGM:Util: isPkgInstalled(), com.onda.app does not exist.
11-17 22:59:46.967  1643  2054 D SGM:Util: isPkgInstalled(). pkgName=com.onda.app, userId=0, installed=false
11-17 22:59:46.967  1643  2054 D SGM:GosNotifyThread: sendPackageMessage(), changeType=1, pkgName=com.onda.app, userHandleId=0
11-17 22:59:46.967  1643  2054 D MetaDataCollector: onReceive: done pkgName=com.onda.app
11-17 22:59:47.056  1643  2054 I SettingsProvider: onPackageRemoved (userId 0) PackageName = com.onda.app
11-17 22:59:47.128 32358 32358 I DWBh    : onPackageDeleted : com.onda.app
11-17 22:59:47.220 32358 32400 I DWBa    : couldn't find com.onda.app
11-17 22:59:47.418  1643  2054 I CredentialManager: updateProvidersWhenPackageRemoved)pkg=com.onda.app (0)
11-17 22:59:47.420  1643  2054 D LauncherAppsService: Calling onPackageRemoved: com.onda.app, EXTRA_REPLACING: false
11-17 22:59:47.421  1643  2054 D LauncherAppsService: Calling onPackageRemoved: com.onda.app, listener: com.google.android.as(UserHandle{0}, 5083)
11-17 22:59:47.421  1643  2054 D LauncherAppsService: Calling onPackageRemoved: com.onda.app, listener: com.sec.android.app.launcher(UserHandle{0}, 3422)
11-17 22:59:47.421  5083  5559 D LauncherApps: onPackageRemoved 0,com.onda.app
11-17 22:59:47.422  1643  2054 D LauncherAppsService: Calling onPackageRemoved: com.onda.app, listener: com.android.systemui(UserHandle{0}, 2913)
11-17 22:59:47.422  3422  3422 I HoneySpace.PackageOperationTracker: onPackageRemoved - com.onda.app UserHandle{0}
11-17 22:59:47.422  2913 11296 D LauncherApps: onPackageRemoved 0,com.onda.app
11-17 22:59:47.422  1643  2054 D LauncherAppsService: Calling onPackageRemoved: com.onda.app, listener: android(UserHandle{0}, 1643)
11-17 22:59:47.422  1643  2054 D LauncherApps: onPackageRemoved 0,com.onda.app
11-17 22:59:47.423  3422  3422 I HoneySpace.PackageChangedCallbackImpl: onPackageRemoved: com.onda.app / UserHandle{0}
11-17 22:59:47.423  3422 15267 I HoneySpace.IconCache: remove icon cache & DB : com.onda.app UserHandle{0}
11-17 22:59:47.423  3422 15267 I HoneySpace.IconCache: removeSpecificIconDb: com.onda.app UserHandle{0}
11-17 22:59:47.432  3422  3422 I HoneySpace.HoneySpaceManagerContainer: refreshHoneyPlugin, packageName: com.onda.app
11-17 22:59:47.432  3422 30418 I HoneySpace.HoneySpacePackageSourceImpl: Package removed : com.onda.app
11-17 22:59:47.436  3422 30418 I SearchableManager: removeDynamicSearchable: com.onda.app
11-17 22:59:47.436  3422 30418 I SearchableManager: invalidate: com.onda.app
11-17 22:59:47.440  3422  3422 I HoneySpace.PackageEventHandler: Package removed : [com.onda.app/.MainActivity#UserHandle{0}]
11-17 22:59:47.446  3422  3422 I HoneySpace.DataCache: deleteItem : id=2008, title=Onda, type=APP, containerType=ITEM_GROUP, containerId=20, x=-1, y=-1, rank=1, spanX=-1, spanY=-1, scale=1.0component=com.onda.app/.MainActivity, profileId=0, intent=null, restored=0, hidden=UNHIDDEN, appWidgetId=-1, options=0, refPackageName=null (appList) package removed
11-17 22:59:47.449  3422  5747 I HoneySpace.DataCache: delete item : (appList) package removed - APP / 2008 / Onda / com.onda.app/.MainActivity / -1 / 0
11-17 22:59:47.841  3422 15267 I SearchEngineAppSuggestion: package removed: com.onda.app
11-17 22:59:59.403  1643  2528 I PackageInformation: com.onda.app ::20250714::20250713
11-17 22:59:59.425 22721 22721 I Finsky  : [2] VerifyApps: Install-time verification requested for package com.onda.app, PackageManager id = 17, Verifier id = 0c7f069f-7696-4a8a-89ae-ddf202cc7883
11-17 22:59:59.453 22721 32239 I Finsky  : [325] VerifyApps: Anti-malware verification task started for package=com.onda.app
11-17 22:59:59.496 22721 22804 I Finsky  : [208] VerifyApps: Starting APK Analysis scan for com.onda.app.
11-17 22:59:59.497 22721 22804 I Finsky  : [208] Scanning package com.onda.app contents with client side protections. File: [_R399KTvgVbYkusc82nTsEE9sWhL1uLiw1fKCFhqT9o]
11-17 22:59:59.591 32639 32656 I GOS:GameServiceReceiver:  PkgInstallStarted for com.onda.app UserID : 0
11-17 22:59:59.695 32639 32661 W GOS:PackageUtil: isPackageInstalledAsUser(). Exception: android.content.pm.PackageManager$NameNotFoundException: com.onda.app
11-17 22:59:59.695 32639 32661 I GOS:GameIntentService: onPackageChanged(). extras: Bundle[{changeType=2, userId=0, type=15, packageName=com.onda.app}]
11-17 22:59:59.695 32639 32661 I GOS:GameIntentService: onPackageChanged(). changeType(INSTALL_STARTED), pkgName(com.onda.app), UserHandle(0), userId(0), Installed(false)
11-17 22:59:59.697 32639 32661 W GOS:PackageUtil: isPackageInstalledAsUser(). Exception: android.content.pm.PackageManager$NameNotFoundException: com.onda.app
11-17 22:59:59.742 22721 22809 I Finsky  : [211] VerifyApps: APK Analysis scan finished for com.onda.app. Verdict: SAFE
11-17 23:00:00.421 22721 32676 I Finsky  : [333] VerifyApps: Verification package=com.onda.app, id=17, response=9, upload_requested=false, enable_ecm=true
11-17 23:00:10.148 22721 22804 I Finsky  : [208] VerifyApps: waiting for app installation for com.onda.app
11-17 23:00:10.170 22721 22721 I Finsky  : [2] VerifyApps: Install-time verification complete: id=17, package_name=com.onda.app
11-17 23:00:10.174  1643  2528 I PackageManager:           pkg{com.onda.app}
11-17 23:00:10.215  1643  2123 D ApplicationPolicy: getApplicationStateEnabled : pkg = com.onda.app userId : 0
11-17 23:00:10.216  1643  2123 D PermissionService: setAllowlistedRestrictedPermissionsUnchecked called for package - com.onda.app
11-17 23:00:10.216  1643  2123 D PermissionService: updateAdminPermissionsInternalcom.onda.app
11-17 23:00:10.345  1643  2123 I DisplayDeviceRepository: Display device added: DisplayDeviceInfo{"SpegVirtualDisplay": uniqueId="virtual:com.onda.app:10402", 1080 x 2340, modeId 9, renderFrameRate 60.0, defaultModeId 9, userPreferredModeId -1, supportedModes [{id=9, width=1080, height=2340, fps=60.0, vsync=60.0, synthetic=false, alternativeRefreshRates=[], supportedHdrTypes=[]}], colorMode 0, supportedColorModes [0], hdrCapabilities null, allmSupported false, gameContentTypeSupported false, density 480, 480.0 x 480.0 dpi, appVsyncOff 0, presDeadline 16666666, touch VIRTUAL, rotation 0, type VIRTUAL, deviceProductInfo null, state OFF, committedState UNKNOWN, owner com.onda.app (uid 10402), frameRateOverride , brightnessMinimum 0.0, brightnessMaximum 0.0, brightnessDefault 0.0, hdrSdrRatio NaN, FLAG_ROTATES_WITH_CONTENT, FLAG_PRIVATE, FLAG_NEVER_BLANK, FLAG_OWN_CONTENT_ONLY, FLAG_DESTROY_CONTENT_ON_REMOVAL, FLAG_SPEG_DISPLAY, installOrientation 0, displayShape DisplayShape{ spec=-1084927657 displayWidth=1080 displayHeight=2340 physicalPixelDisplaySizeRatio=1.0 rotation=0 offsetX=0 offsetY=0 scale=1.0}}
11-17 23:00:10.359  1643  2025 I DisplayDevice: [12] Layerstack set to 12 for virtual:com.onda.app:10402
11-17 23:00:10.359  1643  2025 D DisplayDevice: setProjectionLocked, orientation=0, layerStackRect=Rect(0, 0 - 1080, 2340), displayRect=Rect(0, 0 - 1080, 2340) for virtual:com.onda.app:10402
11-17 23:00:10.366  1643  2024 I InputManager-JNI: Viewport [1] to add: virtual:com.onda.app:10402, isActive: true
11-17 23:00:10.366  1643  2024 D InputManager-JNI: Viewport [1] type:3, displayId=12, uniqueId=virtual:com.onda.app:10402, orientation=0, logicalFrame=[0, 0][1080, 2340], physicalFrame=[0, 0][1080, 2340], deviceSize=[1080, 2340]
11-17 23:00:10.392  1643  2021 D WindowManager: onDisplayAdded, displayId=12 display=Display id 12: DisplayInfo{"SpegVirtualDisplay", displayId 12, displayGroupId 0, FLAG_PRIVATE, FLAG_SPEG_DISPLAY, real 1080 x 2340, largest app 2340 x 2340, smallest app 1080 x 1080, appVsyncOff 0, presDeadline 16666666, mode 9, renderFrameRate 60.0, defaultMode 9, REFRESH_RATE_MODE_ALWAYS, userPreferredModeId -1, supportedModes [{id=9, width=1080, height=2340, fps=60.0, vsync=60.0, synthetic=false, alternativeRefreshRates=[], supportedHdrTypes=[]}], appsSupportedModes [{id=9, width=1080, height=2340, fps=60.0, vsync=60.0, synthetic=false, alternativeRefreshRates=[], supportedHdrTypes=[]}], hdrCapabilities null, userDisabledHdrTypes [], minimalPostProcessingSupported false, rotation 0, state ON, committedState UNKNOWN, type VIRTUAL, uniqueId "virtual:com.onda.app:10402", app 1080 x 2340, density 480 (480.0 x 480.0) dpi, layerStack 12, colorMode 0, supportedColorModes [0], deviceProductInfo null, owner com.onda.app (uid 10402), removeMode 1, refreshRateOverride 60.0, brightnessMinimum 0.0, brightnessMaximum 0.0, brightnessDefault 0.0, installOrientation ROTATION_0, layoutLimitedRefreshRate null, hdrSdrRatio not_available, thermalRefreshRateThrottling {}, thermalBrightnessThrottlingDataId default}, DisplayMetrics{density=3.0, width=1080, height=2340, scaledDensity=3.0, xdpi=480.0, ydpi=480.0}, isValid=true
11-17 23:00:10.409  1643  2123 I Pageboost: onAppLaunch : com.onda.app
11-17 23:00:10.415  1643  2123 V WindowManager: Collecting in transition 1424: ActivityRecord{5a62b84 u0 com.onda.app/.MainActivity, caller=com.android.server.wm.TransitionController.collect:7 com.android.server.wm.ActivityStarter.startActivityUnchecked:626 com.android.server.wm.ActivityStarter.executeRequest:3365 com.android.server.wm.ActivityStarter.execute:1122 com.android.server.wm.ActivityTaskManagerService.startActivityAsUser:88
11-17 23:00:10.415  1643  2123 D ActivityTaskManager: TaskLaunchParamsModifier:task=null activity=ActivityRecord{5a62b84 u0 com.onda.app/.MainActivity t-1} display-from-option=12 display-id=12 task-display-area-windowing-mode=1 suggested-display-area=DefaultTaskDisplayArea_d12@181639749
11-17 23:00:10.416  1643  2123 D ActivityTaskManager: TaskLaunchParamsModifier:task=null activity=ActivityRecord{5a62b84 u0 com.onda.app/.MainActivity t-1} display-from-option=12 display-id=12 task-display-area-windowing-mode=1 suggested-display-area=DefaultTaskDisplayArea_d12@181639749 non-freeform-task-display-area display-area=DefaultTaskDisplayArea_d12@181639749 activity-requested-portrait freeform-size-mismatch=Rect(81, 585 - 999, 1755)
11-17 23:00:10.416  1643  2123 D SPEG    : Skipping boost of com.onda.app
11-17 23:00:10.417  1643  2123 D ActivityTaskManager: TaskLaunchParamsModifier:task=Task{51aef6d #1387 type=standard A=10402:com.onda.app} activity=ActivityRecord{5a62b84 u0 com.onda.app/.MainActivity t-1} display-from-option=12 display-id=12 task-display-area-windowing-mode=1 suggested-display-area=DefaultTaskDisplayArea_d12@181639749 inherit-from-task=fullscreen non-freeform-task-display-area display-area=DefaultTaskDisplayArea_d12@181639749 activity-requested-portrait freeform-size-mismatch=Rect(81, 585 - 999, 1755)
11-17 23:00:10.417  1643  2123 V WindowManager: Collecting in transition 1424: Task{51aef6d #1387 type=standard A=10402:com.onda.app}, caller=com.android.server.wm.Transition.collectExistenceChange:42 com.android.server.wm.ActivityStarter.setNewTask:43 com.android.server.wm.ActivityStarter.startActivityInner:2218 com.android.server.wm.ActivityStarter.startActivityUnchecked:639 com.android.server.wm.ActivityStarter.executeRequest:3365
11-17 23:00:10.418  1336  3104 I SurfaceFlinger: id=19433 createSurf, flag=84004, ActivityRecord{5a62b84 u0 com.onda.app/.MainActivity t1387}#19433
11-17 23:00:10.419  1643  2123 V WindowManager: Add starting ActivityRecord{5a62b84 u0 com.onda.app/.MainActivity t1387}: startingData=SplashScreenStartingData{ce9dc33 waitForSyncTransactionCommit=false removeAfterTransaction= 0}
11-17 23:00:10.419  1643  2123 V WindowManager: Added starting ActivityRecord{5a62b84 u0 com.onda.app/.MainActivity t1387}: startingWindow=null startingView=com.android.server.wm.StartingSurfaceController$StartingSurface@31c7bf0
11-17 23:00:10.419  1643  2123 D SPEG    : Skipping boost of com.onda.app
11-17 23:00:10.419  1643  2123 D SPEG    : Skip changing launched state for com.onda.app
11-17 23:00:10.419  1643  2123 D SPEG    : Skip first launch notification for com.onda.app
11-17 23:00:10.420  1643  2123 I AppsFilter: interaction: PackageSetting{4cb1d7f com.onda.life/10336} -> PackageSetting{af94bee com.onda.app/10402} BLOCKED
11-17 23:00:10.421  1643  2123 V WindowManager: Collecting in transition 1424: ActivityRecord{5a62b84 u0 com.onda.app/.MainActivity t1387}, caller=com.android.server.wm.TransitionController.collect:7 com.android.server.wm.ActivityRecord.setVisibility:189 com.android.server.wm.EnsureActivitiesVisibleHelper.process:450 com.android.server.wm.TaskFragment.updateActivityVisibilities:12 com.android.server.wm.Task$$ExternalSyntheticLambda3.accept:399
11-17 23:00:10.421  1336  1336 I SurfaceFlinger: [ActivityRecord{5a62b84 u0 com.onda.app/.MainActivity t1387}#19433] attach to parent LayerHierarchy{RequestedLayerState{Task=1387#19432 parentId=19420} 1 children}
11-17 23:00:10.422  1643  2123 V WindowManager: Collecting in transition 1424: ActivityRecord{5a62b84 u0 com.onda.app/.MainActivity t1387}, caller=com.android.server.wm.Transition.collectExistenceChange:42 com.android.server.wm.ActivityStarter.handleStartResult:523 com.android.server.wm.ActivityStarter.startActivityUnchecked:653 com.android.server.wm.ActivityStarter.executeRequest:3365 com.android.server.wm.ActivityStarter.execute:1122
11-17 23:00:10.423  1643  2123 I ActivityTaskManager: START u0 {act=android.intent.action.MAIN cat=[android.intent.category.LAUNCHER] flg=0x50040000 pkg=com.onda.app cmp=com.onda.app/.MainActivity} with LAUNCH_MULTIPLE from uid 1000 (BAL_ALLOW_ALLOWLISTED_UID) result code=0
11-17 23:00:10.423  1643  2123 D SPEG    : Skipping boost of com.onda.app
11-17 23:00:10.425  2913  3030 V WindowManagerShell: Transition requested (#1424): android.os.BinderProxy@a075257 TransitionRequestInfo { type = OPEN, triggerTask = TaskInfo{userId=0 taskId=1387 displayId=12 isRunning=true baseIntent=Intent { act=android.intent.action.MAIN cat=[android.intent.category.LAUNCHER] flg=0x50040000 pkg=com.onda.app cmp=com.onda.app/.MainActivity } baseActivity=ComponentInfo{com.onda.app/com.onda.app.MainActivity} topActivity=ComponentInfo{com.onda.app/com.onda.app.MainActivity} origActivity=null realActivity=ComponentInfo{com.onda.app/com.onda.app.MainActivity} numActivities=1 lastActiveTime=184674658 supportsMultiWindow=true resizeMode=1 isResizeable=true minWidth=-1 minHeight=-1 maxWidth=-1 maxHeight=-1 defaultMinSize=220 token=WCT{android.window.IWindowContainerToken$Stub$Proxy@67ec144} topActivityType=1 pictureInPictureParams=null shouldDockBigOverlays=false launchIntoPipHostTaskId=-1 lastParentTaskIdBeforePip=-1 displayCutoutSafeInsets=null topActivityInfo=ActivityInfo{173322d com.onda.app.MainActivity} launchCookies=[] positionInParent=Point(0, 0) parentTaskId=-1 isFocused=false isVisible=false isVisibleRequested=true isSleeping=false topActivityInSizeCompat=false locusId=null displayAreaFeatureId=1 isTopActivityTransparent=false isTopActivityStyleFloating=false appCompatTaskInfo=AppCompatTaskInfo { topActivityInSizeCompat=false eligibleForLetterboxEducation= false isLetterboxEducationEnabled= false isLetterboxDoubleTapEnabled= false eligibleForUserAspectRatioButton= false topActivityBoundsLetterboxed= false isFromLetterboxDoubleTap= false topActivityLetterboxVerticalPosition= -1 topActivityLetterboxHorizontalPosition= -1 topActivityLetterboxWidth=1080 topActivityLetterboxHeight=2340 topActivityLetterboxAppWidth=1080 topActivityLetterboxAppHeight=2340 isUserFullscreenOverrideEnabled=false isSystemFullscreenOverrideEnabled=false hasMinAspectRatioOverride=false cameraCompatTaskInfo=CameraCompatTaskInfo { freeformCameraCompatMode=inactive} topActivityBounds=null topActivityInDisplayCompat=false} originallySupportedMultiWindow=true hasWallpaper=false rootAffinity=10402:com.onda.app isTopTaskInStage=false topActivityUiMode=17 CoverLauncherWidgetTask=false isAllowedSeamlessRotation=false isTopTransparentActivity=false snappingGuideBounds=Rect(81, 585 - 999, 1755) isAliasManaged=false hasConfigChanged=false isAiKeyRemoveAppTask=false}, pipTask = null, remoteTransition = null, displayChange = null, flags = 0, debugId = 1424 }
11-17 23:00:10.427  1643  2025 D BLASTSyncEngine: SyncGroup 1424:  Unfinished container: ActivityRecord{5a62b84 u0 com.onda.app/.MainActivity t1387} mSyncState=2
11-17 23:00:10.437  1643  2058 I ActivityManager: Start proc 345:com.onda.app/u0a402 for activity {com.onda.app/com.onda.app.MainActivity}
11-17 23:00:10.437  1643  2058 D DynamicHiddenApp_BGProtectManager: [SecIpm] it's a ML_TYPE_EMPTYPROCESS protected process com.onda.app
11-17 23:00:10.452   345   345 I com.onda.app: Using CollectorTypeCC GC.
11-17 23:00:10.455   345   345 E com.onda.app: Not starting debugger since process cannot load the jdwp agent.
11-17 23:00:10.488   345   345 D nativeloader: Configuring clns-7 for other apk /data/app/~~-KyIj1LOPbhpV7yGBSSeSw==/com.onda.app-_1macvq7UzTp-DHjuk2wOw==/base.apk. target_sdk_version=34, uses_libraries=, library_path=/data/app/~~-KyIj1LOPbhpV7yGBSSeSw==/com.onda.app-_1macvq7UzTp-DHjuk2wOw==/lib/arm64, permitted_path=/data:/mnt/expand:/data/user/0/com.onda.app
11-17 23:00:10.509  1643  2909 V WindowManager: Collecting in transition 1424: ActivityRecord{5a62b84 u0 com.onda.app/.MainActivity t1387}, caller=com.android.server.wm.TransitionController.collect:7 com.android.server.wm.ActivityRecord.setVisibility:189 com.android.server.wm.ActivityTaskSupervisor.realStartActivityLocked:234 com.android.server.wm.RootWindowContainer.attachApplication:90 com.android.server.wm.ActivityTaskManagerService$LocalService.attachApplication:40
11-17 23:00:10.509  1643  2909 D SGM:FgCheckThread: notifyAppCreated(), packageName: com.onda.app, userId: 0, sendRet: true
11-17 23:00:10.509  1643  2612 D SGM:FgCheckThread: onLooperPrepared(), msg: MSG_APP_CREATE, pkgName: com.onda.app, userId: 0
11-17 23:00:10.511  1643  2024 D SGM:FgCheckThread: noteResumeComponent(), received pkgName: com.onda.app, userId: 0
11-17 23:00:10.511  1643  2909 D GraphicsStatsService: requestRenderEngineFor(com.onda.app)
11-17 23:00:10.511  3422  3422 I HoneySpace.EdgePanel.EdgeContainerViewModel: cocktailHostRepository.edgePanelOperation NoteResumeComponent(componentName=ComponentInfo{com.onda.app/com.onda.app.MainActivity})
11-17 23:00:10.511  3422 15267 I HoneySpace.EdgePanel.ActivityUtils: HomePackage : com.sec.android.app.launcher, resumePackageName : com.onda.app
11-17 23:00:10.511  5228  5416 I SDHMS:l : handleResumeComponent : put = com.onda.app, userid = 0 instanceid =213473186
11-17 23:00:10.652  1643  2058 I ActivityManager: Start proc 445:com.google.android.webview:sandboxed_process0:org.chromium.content.app.SandboxedProcessService0:0/u0i183 for  {com.onda.app/org.chromium.content.app.SandboxedProcessService0:0}
11-17 23:00:10.652  1643  2058 I DynamicHiddenApp_BGProtectManager: check webview name : com.google.android.webview:sandboxed_process0:org.chromium.content.app.SandboxedProcessService0:0check hostingname webview : {com.onda.app/org.chromium.content.app.SandboxedProcessService0:0}
11-17 23:00:10.892  1643  2909 D ConnectivityService: requestNetwork for uid/pid:10402/345 activeRequest: null callbackRequest: 7529 [NetworkRequest [ REQUEST id=7530, [ Capabilities: INTERNET&NOT_RESTRICTED&TRUSTED&NOT_VCN_MANAGED&NOT_BANDWIDTH_CONSTRAINED Uid: 10402 RequestorUid: 10402 RequestorPkg: com.onda.app UnderlyingNetworks: Null] ]] callback flags: 0 order: 2147483647 isUidTracked: false declaredMethods: AVAIL|LOST|NC|LP
11-17 23:00:10.892  1643  2669 D ConnectivityService:    accepting network in place of null for NetworkRequest [ REQUEST id=7530, [ Capabilities: INTERNET&NOT_RESTRICTED&TRUSTED&NOT_VCN_MANAGED&NOT_BANDWIDTH_CONSTRAINED Uid: 10402 RequestorUid: 10402 RequestorPkg: com.onda.app UnderlyingNetworks: Null] ]
11-17 23:00:10.893  1643  2654 D OemPaidWifiNetworkFactory: got request NetworkRequest [ REQUEST id=7530, [ Capabilities: INTERNET&NOT_RESTRICTED&TRUSTED&NOT_VCN_MANAGED&NOT_BANDWIDTH_CONSTRAINED Uid: 10402 RequestorUid: 10402 RequestorPkg: com.onda.app UnderlyingNetworks: Null] ]
11-17 23:00:10.893  1643  2654 D MultiInternetWifiNetworkFactory: got request NetworkRequest [ REQUEST id=7530, [ Capabilities: INTERNET&NOT_RESTRICTED&TRUSTED&NOT_VCN_MANAGED&NOT_BANDWIDTH_CONSTRAINED Uid: 10402 RequestorUid: 10402 RequestorPkg: com.onda.app UnderlyingNetworks: Null] ]
11-17 23:00:10.893  1643  2654 D WifiNetworkFactory: got request NetworkRequest [ REQUEST id=7530, [ Capabilities: INTERNET&NOT_RESTRICTED&TRUSTED&NOT_VCN_MANAGED&NOT_BANDWIDTH_CONSTRAINED Uid: 10402 RequestorUid: 10402 RequestorPkg: com.onda.app UnderlyingNetworks: Null] ]
11-17 23:00:10.893  1643  2654 D UntrustedWifiNetworkFactory: got request NetworkRequest [ REQUEST id=7530, [ Capabilities: INTERNET&NOT_RESTRICTED&TRUSTED&NOT_VCN_MANAGED&NOT_BANDWIDTH_CONSTRAINED Uid: 10402 RequestorUid: 10402 RequestorPkg: com.onda.app UnderlyingNetworks: Null] ]
11-17 23:00:10.969  1643  5593 D WindowManager: prepareSync <SYNC_STATE_WAITING_FOR_DRAW>, mPrepareSyncSeqId=0, win=Window{ee4421e u0 com.onda.app/com.onda.app.MainActivity}
11-17 23:00:10.969  1336  3104 I SurfaceFlinger: id=19434 createSurf, flag=84004, ee4421e com.onda.app/com.onda.app.MainActivity#19434
11-17 23:00:10.971  1336  1336 I SurfaceFlinger: [ee4421e com.onda.app/com.onda.app.MainActivity#19434] attach to parent LayerHierarchy{RequestedLayerState{ActivityRecord{5a62b84 u0 com.onda.app/.MainActivity t1387}#19433 parentId=19432} 1 children}
11-17 23:00:11.001  1643  5593 D CoreBackPreview: Window{ee4421e u0 com.onda.app/com.onda.app.MainActivity}: Setting back callback OnBackInvokedCallbackInfo{mCallback=android.window.IOnBackInvokedCallback$Stub$Proxy@690dd64, mPriority=0, mIsAnimationCallback=false}
11-17 23:00:11.001  1643  4846 V WindowManager: Relayout Window{ee4421e u0 com.onda.app/com.onda.app.MainActivity}: viewVisibility=0 req=1080x2340 ty=1 d12
11-17 23:00:11.002  1336  1445 I SurfaceFlinger: id=19435 createSurf, flag=44004, com.onda.app/com.onda.app.MainActivity$_345#19435
11-17 23:00:11.002  1643  4846 D WindowManager: makeSurface duration=1 name=com.onda.app/com.onda.app.MainActivity$_345
11-17 23:00:11.003  1643  4846 D BLASTSyncEngine: SyncGroup 1424:  Unfinished container: ActivityRecord{5a62b84 u0 com.onda.app/.MainActivity t1387} mSyncState=2
11-17 23:00:11.004  1336  1336 I SurfaceFlinger: [com.onda.app/com.onda.app.MainActivity$_345#19435] attach to parent LayerHierarchy{RequestedLayerState{ee4421e com.onda.app/com.onda.app.MainActivity#19434 parentId=19433} 1 children}
11-17 23:00:11.082  1336  3104 I SurfaceFlinger: [com.onda.app/com.onda.app.MainActivity$_345#19435] setTransactionState with the first frame. bufferData(ID: 1481763717123, frameNumber: 1)
11-17 23:00:11.084  1643  5941 D WindowManager: finishDrawingWindow: Window{ee4421e u0 com.onda.app/com.onda.app.MainActivity} mDrawState=DRAW_PENDING seqId=0
11-17 23:00:11.084  1643  2025 V WindowManager: Clearing startingData for token=ActivityRecord{5a62b84 u0 com.onda.app/.MainActivity t1387}
11-17 23:00:11.085  1643  2025 V WindowManager: performShowLocked: mDrawState=HAS_DRAWN in Window{ee4421e u0 com.onda.app/com.onda.app.MainActivity}
11-17 23:00:11.085  1643  2025 V WindowManager: Start calculating TransitionInfo based on participants: {Task{51aef6d #1387 type=standard A=10402:com.onda.app}, ActivityRecord{5a62b84 u0 com.onda.app/.MainActivity t1387}}
11-17 23:00:11.085  1643  2025 V WindowManager:   Final targets: [Task{51aef6d #1387 type=standard A=10402:com.onda.app}, DefaultTaskDisplayArea_d12@181639749]
11-17 23:00:11.088  1643  2025 I SurfaceControlRegistry: show, t=StartTransaction_SyncId<1424> sc=ActivityRecord{5a62b84 u0 com.onda.app/.MainActivity t1387}, caller=android.view.SurfaceControl$Transaction.show:3232 com.android.server.wm.Transition.onTransactionReady:2273 com.android.server.wm.BLASTSyncEngine$SyncGroup.finishNow:195 com.android.server.wm.BLASTSyncEngine.onSurfacePlacement:269 com.android.server.wm.RootWindowContainer.performSurfacePlacementNoTrace:471 com.android.server.wm.RootWindowContainer.performSurfacePlacement:9
11-17 23:00:11.089  1643  2025 V WindowManager:         {WCT{RemoteToken{9c05818 Task{51aef6d #1387 type=standard A=10402:com.onda.app}}} m=OPEN f=NONE p=WCT{RemoteToken{c4d0271 DefaultTaskDisplayArea_d12@181639749}} leash=Surface(name=Task=1387)/@0xda23d8a sb=Rect(0, 0 - 1080, 2340) eb=Rect(0, 0 - 1080, 2340) d=12 taskParent=-1 inset=Rect(0, 0 - 0, 0)},
11-17 23:00:11.090  1643  2025 I ActivityTaskManager: done cause=notifyTransitionStarting drawn timestamp=77318432594723 info=TransitionInfo{7eea856 a=ActivityRecord{5a62b84 u0 com.onda.app/.MainActivity t1387} d=true}
11-17 23:00:11.091  1643  2025 D WindowManager: updateSystemBarAttributes: displayId=12, focusedCanBeNavColorWin=false, win=Window{ee4421e u0 com.onda.app/com.onda.app.MainActivity}, navColorWin=null, caller=com.android.server.wm.DisplayPolicy.finishPostLayoutPolicyLw:17 com.android.server.wm.RootWindowContainer.applySurfaceChangesTransaction$1:194 com.android.server.wm.RootWindowContainer.performSurfacePlacementNoTrace:61
11-17 23:00:11.092  1336  3076 I SurfaceFlinger: id=19437 createSurf, flag=84000, 9105016 ActivityRecordInputSink com.onda.app/.MainActivity#19437
