11-18 00:07:06.760  1336  1540 D SurfaceFlinger: [input] setFocusedWindow: ebb0908 com.onda.app/com.onda.app.MainActivity
11-18 00:07:06.763  1643  3134 D InputDispatcher: Once focus requested (0): ebb0908 com.onda.app/com.onda.app.MainActivity
11-18 00:07:06.763  1643  3134 D InputDispatcher: Focus request (0): ebb0908 com.onda.app/com.onda.app.MainActivity but waiting because NOT_VISIBLE
11-18 00:07:06.926  1336  1336 D SurfaceFlinger:        DEVICE |   0xb4000079df93dfb0 | 0001 | RGBA_8888    |    0.0    0.0 1080.0 2340.0 |    0    0 1080 2340 | Splash Screen com.onda.app$_2913#20774 (1)
11-18 00:07:06.927  1336  1446 I SurfaceFlinger: [com.onda.app/com.onda.app.MainActivity$_19004#20785] setTransactionState with the first frame. bufferData(ID: 81621558493187, frameNumber: 1)
11-18 00:07:06.928  1643  2535 D WindowManager: finishDrawingWindow: Window{ebb0908 u0 com.onda.app/com.onda.app.MainActivity} mDrawState=DRAW_PENDING seqId=0
11-18 00:07:06.931  1643  2025 V WindowManager: Finish starting ActivityRecord{d52915a u0 com.onda.app/.MainActivity t1412}: first real window is shown, no animation
11-18 00:07:06.931  1643  2025 V WindowManager: Schedule remove starting ActivityRecord{d52915a u0 com.onda.app/.MainActivity t1412} startingWindow=Window{780d5b0 u0 Splash Screen com.onda.app} animate=true Callers=com.android.server.wm.ActivityRecord.removeStartingWindow:150 com.android.server.wm.WindowState.performShowLocked:147 com.android.server.wm.WindowStateAnimator.commitFinishDrawingLocked:59 com.android.server.wm.DisplayContent$$ExternalSyntheticLambda1.accept$com$android$server$wm$DisplayContent$$ExternalSyntheticLambda40:22 com.android.server.wm.DisplayContent$$ExternalSyntheticLambda1.accept:305
11-18 00:07:06.931  1643  2025 D TaskOrganizerController: applyStartingWindowAnimation, window=Window{ebb0908 u0 com.onda.app/com.onda.app.MainActivity}, caller=com.android.server.wm.TaskOrganizerController.removeStartingWindow:131 com.android.server.wm.StartingSurfaceController$StartingSurface.remove:23 com.android.server.wm.ActivityRecord.removeStartingWindowAnimation:181
11-18 00:07:06.931  1643  2025 I WindowManager: Reparenting to leash, surface=Surface(name=ebb0908 com.onda.app/com.onda.app.MainActivity)/@0x14179b9, syncState=0, syncCommitDepth=0, leashParent=Surface(name=ActivityRecord{d52915a u0 com.onda.app/.MainActivity t1412})/@0xa0d61fe
11-18 00:07:06.931  1336  3076 I SurfaceFlinger: id=20791 createSurf, flag=24000, Surface(name=ebb0908 com.onda.app/com.onda.app.MainActivity)/@0x14179b9 - animation-leash of starting_reveal#20791
11-18 00:07:06.933  1643  2025 D WindowManager: makeSurface duration=2 leash=Surface(name=Surface(name=ebb0908 com.onda.app/com.onda.app.MainActivity)/@0x14179b9 - animation-leash of starting_reveal)/@0x4d9a00a
11-18 00:07:06.933  1643  2025 V WindowManager: performShowLocked: mDrawState=HAS_DRAWN in Window{ebb0908 u0 com.onda.app/com.onda.app.MainActivity}
11-18 00:07:06.935  1336  1336 I SurfaceFlinger: Layer [com.onda.app/com.onda.app.MainActivity$_19004#20785] hidden!! flag(0)
11-18 00:07:06.935  1336  1336 I SurfaceFlinger: [Surface(name=ebb0908 com.onda.app/com.onda.app.MainActivity)/@0x14179b9 - animation-leash of starting_reveal#20791] attach to parent LayerHierarchy{RequestedLayerState{ActivityRecord{d52915a u0 com.onda.app/.MainActivity t1412}#20772 parentId=20771} 4 children}
11-18 00:07:06.935  1336  1336 I SurfaceFlinger: [LayerHierarchy{RequestedLayerState{ebb0908 com.onda.app/com.onda.app.MainActivity#20783 parentId=20791} 1 children}] reparent to LayerHierarchy{RequestedLayerState{Surface(name=ebb0908 com.onda.app/com.onda.app.MainActivity)/@0x14179b9 - animation-leash of starting_reveal#20791 parentId=20772} 1 children}
11-18 00:07:06.937 19004 19004 I InsetsSourceConsumer: applyRequestedVisibilityToControl: visible=true, type=statusBars, host=com.onda.app/com.onda.app.MainActivity
11-18 00:07:06.937 19004 19004 I InsetsSourceConsumer: applyRequestedVisibilityToControl: visible=true, type=navigationBars, host=com.onda.app/com.onda.app.MainActivity
11-18 00:07:06.943  1336  1336 D SurfaceFlinger:        DEVICE |   0xb4000079df904800 | 0001 | RGBA_8888    |    0.0    0.0 1080.0 2340.0 |    0    0 1080 2340 | com.onda.app/com.onda.app.MainActivity$_19004#20785 (1)
11-18 00:07:06.943  1336  1336 D SurfaceFlinger:        DEVICE |   0xb4000079df93dfb0 | 0001 | RGBA_8888    |    0.0    0.0 1080.0 2340.0 |    0    0 1080 2340 | Splash Screen com.onda.app$_2913#20774 (1)
11-18 00:07:06.945  1643  3134 D InputDispatcher: Focus entered window (0): ebb0908 com.onda.app/com.onda.app.MainActivity
11-18 00:07:06.946  1643  2020 I PkgPredictorService-SecIpmManagerServiceImpl: reportToNAP uid:10407 com.onda.app/com.onda.app.MainActivity thisTime:586
11-18 00:07:06.949  1643  2606 I ImeTracker: com.onda.app:34ccce44: onRequestHide at ORIGIN_SERVER reason HIDE_UNSPECIFIED_WINDOW fromUser false
11-18 00:07:06.949  1643  2606 I ImeTracker: com.onda.app:34ccce44: onCancelled at PHASE_SERVER_SHOULD_HIDE
11-18 00:07:06.957  1643  2020 I ActivityTaskManager: Displayed com.onda.app/.MainActivity for user 0: +586ms
11-18 00:07:06.957  1643  2020 I Pageboost: Launch time gathered : pid 19004 com.onda.app 586
11-18 00:07:06.958  6802  6802 I HBD     : c [AiWriter] setContact : com.onda.app
11-18 00:07:06.958  6802  6802 I HBD     : a [AiWriter] setContact : com.onda.app
11-18 00:07:06.961  1643  3134 D InsetsSourceProvider: updateControlForTarget: control=InsetsSourceControl: {3 mType=ime mSurfacePosition=Point(0, 99) mInsetsHint=Insets{left=0, top=0, right=0, bottom=1026}}, target=Window{ebb0908 u0 com.onda.app/com.onda.app.MainActivity}, from=com.android.server.wm.ImeInsetsSourceProvider.updateControlForTarget:17 com.android.server.wm.InsetsStateController.onControlTargetChanged:81 com.android.server.wm.DisplayContent.updateImeControlTarget:21 com.android.server.wm.DisplayContent.updateImeInputAndControlTarget:81 com.android.server.wm.WindowManagerService$LocalService.updateInputMethodTargetWindow:21
11-18 00:07:06.964 19004 19004 I InsetsSourceConsumer: applyRequestedVisibilityToControl: visible=false, type=ime, host=com.onda.app/com.onda.app.MainActivity
11-18 00:07:06.968  1336  1336 I SurfaceFlinger: [LayerHierarchy{RequestedLayerState{ImeContainer#16 parentId=20772 relativeParentId=20772 z=3} 1 children}] reparent to LayerHierarchy{RequestedLayerState{ActivityRecord{d52915a u0 com.onda.app/.MainActivity t1412}#20772 parentId=20771} 4 children}
11-18 00:07:06.971  1643  2024 D SGM:FgCheckThread: getForegroundApp(), foregroundPkgName=com.onda.app
11-18 00:07:06.972  1643  2024 D SGM:FgCheckThread: noteStopComponent(), received pkgName: org.telegram.messenger, focusedPkgName: com.onda.app, userId: 0
11-18 00:07:06.977  6802  7143 I HBD     : h [SKE_SPECIFIC] specific model[com.onda.app] loaded, 6433698 ns
11-18 00:07:06.982  3422 18962 I SearchableManager: invalidate: com.onda.app
11-18 00:07:06.984  1643  2024 D SGM:FgCheckThread: getForegroundApp(), foregroundPkgName=com.onda.app
11-18 00:07:06.984  1643  2024 D SGM:FgCheckThread: noteStopComponent(), received pkgName: com.google.android.packageinstaller, focusedPkgName: com.onda.app, userId: 0
11-18 00:07:07.020  1643  2909 V WindowManager: Relayout Window{780d5b0 u0 Splash Screen com.onda.app}: viewVisibility=8 req=1080x2340 ty=3 d0
11-18 00:07:07.022  1643  2535 D CoreBackPreview: Window{780d5b0 u0 Splash Screen com.onda.app}: Setting back callback null
11-18 00:07:07.022  1643  3134 D WindowManager: Starting window removed Window{780d5b0 u0 Splash Screen com.onda.app}
11-18 00:07:07.022  1643  3134 I WindowManager: Cancelling animation restarting=false, leash=Surface(name=Surface(name=ebb0908 com.onda.app/com.onda.app.MainActivity)/@0x14179b9 - animation-leash of starting_reveal)/@0x4d9a00a
11-18 00:07:07.022  1643  3134 I WindowManager: Reparenting to original parent: Surface(name=ActivityRecord{d52915a u0 com.onda.app/.MainActivity t1412})/@0xa0d61fe, destroy=false, syncState=0, syncCommitDepth=0, surface=Surface(name=ebb0908 com.onda.app/com.onda.app.MainActivity)/@0x14179b9
11-18 00:07:07.023  1643  3134 W InputManager-JNI: Input channel object '780d5b0 Splash Screen com.onda.app (client)' was disposed without first being removed with the input manager!
11-18 00:07:07.023  1643  3134 V WindowManager: Remove Window{780d5b0 u0 Splash Screen com.onda.app}: mSurfaceController=Surface(name=Splash Screen com.onda.app$_2913)/@0x99f7f37 mAnimatingExit=false mRemoveOnExit=false mHasSurface=true surfaceShowing=true animating=false app-animation=false mDisplayFrozen=false callers=com.android.server.wm.Session.remove:16 android.view.IWindowSession$Stub.onTransact:794 com.android.server.wm.Session.onTransact:1 android.os.Binder.execTransactInternal:1541 android.os.Binder.execTransact:1480 <bottom of call stack>
11-18 00:07:07.023  1643  3134 I WindowManager: Destroying surface Surface(name=Splash Screen com.onda.app$_2913)/@0x99f7f37 called by com.android.server.wm.WindowStateAnimator.destroySurface:11 com.android.server.wm.WindowStateAnimator.destroySurfaceLocked:54 com.android.server.wm.WindowState.removeImmediately:43 com.android.server.wm.WindowState.removeIfPossible:638 com.android.server.wm.Session.remove:16 android.view.IWindowSession$Stub.onTransact:794 com.android.server.wm.Session.onTransact:1 android.os.Binder.execTransactInternal:1541
11-18 00:07:07.024  1643  3134 D WindowManager: updateSystemBarAttributes: displayId=0, focusedCanBeNavColorWin=false, win=Window{ebb0908 u0 com.onda.app/com.onda.app.MainActivity}, navColorWin=Window{ebb0908 u0 com.onda.app/com.onda.app.MainActivity}, caller=com.android.server.wm.DisplayPolicy.finishPostLayoutPolicyLw:17 com.android.server.wm.RootWindowContainer.applySurfaceChangesTransaction$1:194 com.android.server.wm.RootWindowContainer.performSurfacePlacementNoTrace:61
11-18 00:07:07.026  1643  2024 D SGM:FgCheckThread: getForegroundApp(), foregroundPkgName=com.onda.app
11-18 00:07:07.028  1643  2024 D SGM:FgCheckThread: noteStopComponent(), received pkgName: com.google.android.packageinstaller, focusedPkgName: com.onda.app, userId: 0
11-18 00:07:07.036  1336  1336 I SurfaceFlinger: [LayerHierarchy{RequestedLayerState{ImeContainer#16 parentId=20772 relativeParentId=20783 z=1} 1 children}] RelativeParent to LayerHierarchy{RequestedLayerState{ebb0908 com.onda.app/com.onda.app.MainActivity#20783 parentId=20772} 2 children}
11-18 00:07:07.036  1336  1336 I SurfaceFlinger: [LayerHierarchy{RequestedLayerState{Splash Screen com.onda.app$_2913#20774} no children}] reparent to OffscreenRoot
11-18 00:07:07.036  1336  1336 I SurfaceFlinger: [LayerHierarchy{RequestedLayerState{Splash Screen com.onda.app$_2913#20774} no children}] RelativeParent to null
11-18 00:07:07.036  1336  1336 I SurfaceFlinger: [LayerHierarchy{RequestedLayerState{780d5b0 Splash Screen com.onda.app#20773 z=2147483647} no children}] reparent to OffscreenRoot
11-18 00:07:07.036  1336  1336 I SurfaceFlinger: [LayerHierarchy{RequestedLayerState{780d5b0 Splash Screen com.onda.app#20773 z=2147483647} no children}] RelativeParent to null
11-18 00:07:07.036  1336  1336 I SurfaceFlinger: [LayerHierarchy{RequestedLayerState{Surface(name=ebb0908 com.onda.app/com.onda.app.MainActivity)/@0x14179b9 - animation-leash of starting_reveal#20791} 1 children}] reparent to OffscreenRoot
11-18 00:07:07.036  1336  1336 I SurfaceFlinger: [LayerHierarchy{RequestedLayerState{Surface(name=ebb0908 com.onda.app/com.onda.app.MainActivity)/@0x14179b9 - animation-leash of starting_reveal#20791} 1 children}] RelativeParent to null
11-18 00:07:07.036  1336  1336 I SurfaceFlinger: [LayerHierarchy{RequestedLayerState{ebb0908 com.onda.app/com.onda.app.MainActivity#20783 parentId=20772} 2 children}] reparent to LayerHierarchy{RequestedLayerState{ActivityRecord{d52915a u0 com.onda.app/.MainActivity t1412}#20772 parentId=20771} 3 children}
11-18 00:07:07.040  1336  1336 I SurfaceFlinger: id=20774 Removed Splash Screen com.onda.app$_2913#20774 (147)
11-18 00:07:07.040  1336  1336 I SurfaceFlinger: id=20773 Removed 780d5b0 Splash Screen com.onda.app#20773 (147)
11-18 00:07:07.045  1336  1336 D SurfaceFlinger:        DEVICE |   0xb4000079df8eee10 | 0001 | RGBA_8888    |    0.0    0.0 1080.0 2340.0 |    0    0 1080 2340 | com.onda.app/com.onda.app.MainActivity$_19004#20785 (2)
11-18 00:07:07.045  1336  1336 I SurfaceFlinger: destroyed Splash Screen com.onda.app$_2913#20774
11-18 00:07:07.045  1336  1336 I SurfaceFlinger: destroyed 780d5b0 Splash Screen com.onda.app#20773
11-18 00:07:07.046  1336  1336 I Layer   : id=20774 Destroyed Splash Screen com.onda.app$_2913#20774
11-18 00:07:07.046  1336  1336 I Layer   : id=20773 Destroyed 780d5b0 Splash Screen com.onda.app#20773
11-18 00:07:07.049  1643  2830 D NetdEventListenerService: DNS Requested by 119, 10407(com.onda.app), SUCCESS, 8ms
11-18 00:07:07.111 19004 19004 D WebViewConsole: Uncaught Error: Missing Supabase environment variables (line 272 of https://appassets.androidplatform.net/assets/index-DP2tEIYx.js)
11-18 00:07:07.158  1643  2684 D MdnieScenarioControlService:  packageName : com.onda.app    className : com.onda.app.MainActivity
11-18 00:07:07.299  1643  2830 D NetdEventListenerService: DNS Requested by 119, 10407(com.onda.app), SUCCESS, 251ms
11-18 00:07:07.300  1643  2830 D NetdEventListenerService: DNS Requested by 119, 10407(com.onda.app), SUCCESS, 252ms
11-18 00:07:07.440  2913  7623 E AppWidgetSupplier: Couldn't find any provider services packageName=com.onda.app
11-18 00:07:07.440  2913  7623 I TileConfigurationStore: updatePackageDataChange : Complication Tile com.onda.app, type = 1
11-18 00:07:07.440  2913  7623 I AppWidgetDataProvider:  updatePackageChangeData type  1 , pack type 1  ,  pkg com.onda.app
11-18 00:07:07.442  2913  7623 I TileConfigurationStore: updatePackageDataChange : com.onda.app, type = 3, tileType = 1
11-18 00:07:07.442  2913  7623 I TileConfigurationStore: updatePackageDataChange : Complication Tile com.onda.app, type = 3
11-18 00:07:07.442  2913  7623 I AppWidgetDataProvider:  updatePackageChangeData type  1 , pack type 3  ,  pkg com.onda.app
11-18 00:07:07.462  1643  2024 D SGM:GameManager: identifyForegroundApp. com.onda.app, mCurrentUserId: 0, callerUserId: 0
11-18 00:07:07.614  1643  2830 D NetdEventListenerService: DNS Requested by 119, 10407(com.onda.app), SUCCESS, 1ms
11-18 00:07:07.763  1643  2830 D NetdEventListenerService: DNS Requested by 119, 10407(com.onda.app), SUCCESS, 1ms
11-18 00:07:07.764  1643  2830 D NetdEventListenerService: DNS Requested by 119, 10407(com.onda.app), SUCCESS, 1ms
11-18 00:07:07.811  1643  2830 D NetdEventListenerService: DNS Requested by 119, 10407(com.onda.app), SUCCESS, 48ms
11-18 00:07:07.932  1643  2830 D NetdEventListenerService: DNS Requested by 119, 10407(com.onda.app), SUCCESS, 1ms
11-18 00:07:08.122  1643  2830 D NetdEventListenerService: DNS Requested by 119, 10407(com.onda.app), SUCCESS, 1ms
11-18 00:07:08.356  1643  2830 D NetdEventListenerService: DNS Requested by 119, 10407(com.onda.app), SUCCESS, 1ms
11-18 00:07:08.948 18636 19134 I AppClassifier: Category not present in BloomFilter, Checking in Manifest:- com.onda.app
11-18 00:07:08.950 18636 19134 I AppClassifier: Category not found in BF and Manifest for pkg :- com.onda.app
11-18 00:07:08.980 18636 19134 I SCS@AiSearch user 0: (IndexManager) [UPDATE] index=com.samsung.android.apps, size=1, documents=[com.onda.app@0@com.onda.app.MainActivity]
11-18 00:07:09.047  1643  2535 V WindowManager: Transition 1530: Set Task{a0d7f8b #1412 type=standard A=10407:com.onda.app} as transient-hidden-task, caller=com.android.server.wm.Task.forAllTasks:4 com.android.server.wm.WindowContainer.forAllTasks:2 com.android.server.wm.DisplayArea.forAllTasks:9
11-18 00:07:09.047  1643  2535 V WindowManager: Collecting in transition 1530: Task{a0d7f8b #1412 type=standard A=10407:com.onda.app}, caller=com.android.server.wm.Transition$$ExternalSyntheticLambda16.test:93 com.android.server.wm.Task.forAllTasks:4 com.android.server.wm.WindowContainer.forAllTasks:2 com.android.server.wm.DisplayArea.forAllTasks:9 com.android.server.wm.TransitionController.setTransientLaunch:99
11-18 00:07:09.047  1643  2535 D ActivityTaskManager: scheduleTopResumedActivityChanged, onTop=false, r=ActivityRecord{d52915a u0 com.onda.app/.MainActivity t1412}, caller=com.android.server.wm.ActivityTaskSupervisor.scheduleTopResumedActivityStateLossIfNeeded:11 com.android.server.wm.ActivityTaskSupervisor.updateTopResumedActivityIfNeeded:19 com.android.server.wm.TaskDisplayArea.positionChildAt:270 com.android.server.wm.Task.moveToFront:443 com.android.server.wm.ActivityStartController.startExistingRecents:201 com.android.server.wm.WindowOrganizerController.applyHierarchyOp:31
11-18 00:07:09.086  3422  3422 I HoneySpace.GestureEventController: SetGestureTaskList, SendGestureTaskList(taskList=[[#1412=com.onda.app], [#1410=com.google.android.packageinstaller]], initPosition=1, runningTaskId=1412, showAnimStartPosition=1, isLeashTargetCenter=false, forSimple=true)
11-18 00:07:09.086  3422  3422 I HoneySpace.GestureEventController: SetGestureTaskList, SendGestureTaskList(taskList=[[#1412=com.onda.app], [#1410=com.google.android.packageinstaller]], initPosition=1, runningTaskId=1412, showAnimStartPosition=1, isLeashTargetCenter=false, forSimple=false)
11-18 00:07:09.086  3422  3422 I HoneySpace.TaskListViewModel: groupTasks: [[#1412=com.onda.app], [#1410=com.google.android.packageinstaller]]
11-18 00:07:09.090  3422  3422 I HoneySpace.TaskAdapter: attach [position: 0], taskData size: 2, item: ComponentInfo{com.onda.app/com.onda.app.MainActivity}, animReady: 4, firstBindingComplete: 5, view: a3b89f9
11-18 00:07:09.090  3422 11880 I HoneySpace.TaskDataRepositoryImpl: Request icon and label, id=1412, iconAndLabel: IconAndLabel(icon=android.graphics.Bitmap@ddeb86, label=Onda), componentKey: com.onda.app/.MainActivity#UserHandle{0}
11-18 00:07:09.100  3422 17750 I HoneySpace.SuggestedItemsFacade: DPS items : Onda, com.onda.app/.MainActivity#UserHandle{0}
11-18 00:07:09.100  3422  3422 I HoneySpace.TaskAdapter: attach [position: 0], taskData size: 2, item: ComponentInfo{com.onda.app/com.onda.app.MainActivity}, animReady: 4, firstBindingComplete: 4, view: 1e707ea
11-18 00:07:09.100  3422 12394 I HoneySpace.TaskDataRepositoryImpl: Request icon and label, id=1412, iconAndLabel: IconAndLabel(icon=android.graphics.Bitmap@ddeb86, label=Onda), componentKey: com.onda.app/.MainActivity#UserHandle{0}
11-18 00:07:09.101  3422 17750 I HoneySpace.FilteredItemProvider: collect filtered items o, [PK(p='com.onda.app', u=UserHandle{0}), PK(p='org.telegram.messenger', u=UserHandle{0})]
11-18 00:07:09.102  3422 17750 I HoneySpace.SuggestedItemsFacade: filteredItem : PK(p='com.onda.app', u=UserHandle{0})
11-18 00:07:09.102  3422 17750 I HoneySpace.SuggestedItemsFacade: item removed by filter - PK(p='com.onda.app', u=UserHandle{0})
11-18 00:07:09.123  1336  1481 D RenderEngine: [SEC_SF_EFFECTS] drawLayersInternal,1299, Rendering layer com.onda.app/com.onda.app.MainActivity$_19004#20785 at index 1
11-18 00:07:09.129  1643  2025 V WindowManager: Start calculating TransitionInfo based on participants: {Task{300af38 #1171 type=recents I=com.sec.android.app.launcher/com.android.quickstep.RecentsActivity}, TransientLaunchOverlayToken{50bb239 token=android.os.BinderProxy@fe04a00}, WallpaperWindowToken{926e278 token=android.os.Binder@36b27db}_<system>, Task{a0d7f8b #1412 type=standard A=10407:com.onda.app}, ActivityRecord{c0d2f9b u0 com.sec.android.app.launcher/com.android.quickstep.RecentsActivity t1171}}
11-18 00:07:09.129  1643  2025 V WindowManager:   Final targets: [TransientLaunchOverlayToken{50bb239 token=android.os.BinderProxy@fe04a00}, Task{300af38 #1171 type=recents I=com.sec.android.app.launcher/com.android.quickstep.RecentsActivity}, Task{a0d7f8b #1412 type=standard A=10407:com.onda.app}, WallpaperWindowToken{926e278 token=android.os.Binder@36b27db}_<system>]
11-18 00:07:09.133  1643  2025 D WindowManager: setActiveRecents, recents=ActivityRecord{c0d2f9b u0 com.sec.android.app.launcher/com.android.quickstep.RecentsActivity t1171}, task=Task{a0d7f8b #1412 type=standard A=10407:com.onda.app}, caller=com.android.server.wm.InputMonitor.setActiveRecents:32 com.android.server.wm.Transition.handleLegacyRecentsStartBehavior:107 com.android.server.wm.Transition.onTransactionReady:2212
11-18 00:07:09.134  1643  2025 V WindowManager:         {WCT{RemoteToken{c5ecf2f Task{a0d7f8b #1412 type=standard A=10407:com.onda.app}}} m=TO_BACK f=NONE leash=Surface(name=Task=1412)/@0x2f99309 sb=Rect(0, 0 - 1080, 2340) eb=Rect(0, 0 - 1080, 2340) d=0 taskParent=-1 inset=Rect(0, 99 - 0, 144) dim=true},
11-18 00:07:09.153  1643  2020 V WindowManager:         {WCT{RemoteToken{c5ecf2f Task{a0d7f8b #1412 type=standard A=10407:com.onda.app}}} m=TO_BACK f=NONE leash=Surface(name=Task=1412)/@0x2f99309 sb=Rect(0, 0 - 1080, 2340) eb=Rect(0, 0 - 1080, 2340) d=0 taskParent=-1 inset=Rect(0, 99 - 0, 144) dim=true},
11-18 00:07:09.169  1643  3124 D WindowManager: Changing focus from Window{ebb0908 u0 com.onda.app/com.onda.app.MainActivity} to Window{a24f455 u0 com.sec.android.app.launcher/com.android.quickstep.RecentsActivity} displayId=0 Callers=com.android.server.wm.ActivityTaskManagerService.setLastResumedActivityUncheckLocked:264 com.android.server.wm.ActivityTaskManagerService.setFocusedTask:20 com.android.server.wm.ActivityTaskManagerService.focusTopTask:52 android.app.IActivityTaskManager$Stub.onTransact:1865
11-18 00:07:09.172  1643  3124 D WindowManager: updateSystemBarAttributes: displayId=0, focusedCanBeNavColorWin=false, win=Window{a24f455 u0 com.sec.android.app.launcher/com.android.quickstep.RecentsActivity}, navColorWin=Window{ebb0908 u0 com.onda.app/com.onda.app.MainActivity}, caller=com.android.server.wm.WindowManagerService.updateFocusedWindowLocked:375 com.android.server.wm.ActivityTaskManagerService.setLastResumedActivityUncheckLocked:264 com.android.server.wm.ActivityTaskManagerService.setFocusedTask:20
11-18 00:07:09.192  1643  3124 D InputDispatcher: Focus left window (0): ebb0908 com.onda.app/com.onda.app.MainActivity
11-18 00:07:09.206  1336  1336 D SurfaceFlinger:        CLIENT |   0xb4000079df91e690 | 0001 | RGBA_8888    |    0.0    8.0 1079.0 2328.0 |    0    0 1079 2339 | com.onda.app/com.onda.app.MainActivity$_19004#20785 (4)
11-18 00:07:09.612  1336  1481 D RenderEngine: [SEC_SF_EFFECTS] drawLayersInternal,1299, Rendering layer com.onda.app/com.onda.app.MainActivity$_19004#20785 at index 1
11-18 00:07:09.626  1336  1336 D SurfaceFlinger:        CLIENT |   0xb4000079df91e690 | 0001 | RGBA_8888    |    1.0  100.0  232.0 2194.0 |  927  309 1080 1697 | com.onda.app/com.onda.app.MainActivity$_19004#20785 (4)
11-18 00:07:09.643  1643  3134 V WindowManager: Setting visibility of Window{ebb0908 u0 com.onda.app/com.onda.app.MainActivity}: false, caller=com.android.server.wm.WindowContainer.sendAppVisibilityToClients:19 com.android.server.wm.WindowToken.setClientVisible:49 com.android.server.wm.ActivityRecord.setClientVisible:8 com.android.server.wm.ActivityRecord.commitVisibility:273 com.android.server.wm.TransitionController.finishTransition:766
11-18 00:07:09.656  1336  1336 I SurfaceFlinger: Layer [com.onda.app/com.onda.app.MainActivity$_19004#20785] hidden!! flag(1)
11-18 00:07:09.656  1336  1336 I SurfaceFlinger: Layer [ActivityRecord{d52915a u0 com.onda.app/.MainActivity t1412}#20772] hidden!! flag(1)
11-18 00:07:09.658  1643  3419 V WindowManager: Relayout Window{ebb0908 u0 com.onda.app/com.onda.app.MainActivity}: viewVisibility=8 req=1080x2340 ty=1 d0
11-18 00:07:09.669 19004 19004 D VRI[MainActivity]@dd94efd: WindowStopped on com.onda.app/com.onda.app.MainActivity set to true
11-18 00:07:09.674  1643  3134 V WindowManager: Relayout Window{ebb0908 u0 com.onda.app/com.onda.app.MainActivity}: viewVisibility=8 req=1080x2340 ty=1 d0
11-18 00:07:09.681  1643  2024 D SGM:FgCheckThread: pkgName: com.onda.app is not in foreground
11-18 00:07:09.681  1643  2024 D SGM:FgCheckThread: noteStopComponent(), received pkgName: com.onda.app, focusedPkgName: com.sec.android.app.launcher, userId: 0
11-18 00:07:09.681  1643  3134 E WindowManager: win=Window{ebb0908 u0 com.onda.app/com.onda.app.MainActivity} destroySurfaces: appStopped=true cleanupOnResume=false win.mWindowRemovalAllowed=false win.mRemoveOnExit=false win.mViewVisibility=8 caller=com.android.server.wm.ActivityRecord.destroySurfaces:25 com.android.server.wm.ActivityRecord.activityStopped:204 com.android.server.wm.ActivityClientController.activityStopped:95 android.app.IActivityClientController$Stub.onTransact:722 com.android.server.wm.ActivityClientController.onTransact:1 android.os.Binder.execTransactInternal:1541 android.os.Binder.execTransact:1480
11-18 00:07:09.681  1643  3134 I WindowManager: Destroying surface Surface(name=com.onda.app/com.onda.app.MainActivity$_19004)/@0xfe378f2 called by com.android.server.wm.WindowStateAnimator.destroySurface:11 com.android.server.wm.WindowStateAnimator.destroySurfaceLocked:54 com.android.server.wm.WindowState.destroySurfaceUnchecked:5 com.android.server.wm.WindowState.destroySurface:126 com.android.server.wm.ActivityRecord.destroySurfaces:25 com.android.server.wm.ActivityRecord.activityStopped:204 com.android.server.wm.ActivityClientController.activityStopped:95 android.app.IActivityClientController$Stub.onTransact:722
11-18 00:07:09.689  1336  1336 I SurfaceFlinger: [LayerHierarchy{RequestedLayerState{com.onda.app/com.onda.app.MainActivity$_19004#20785} no children}] reparent to OffscreenRoot
11-18 00:07:09.689  1336  1336 I SurfaceFlinger: [LayerHierarchy{RequestedLayerState{com.onda.app/com.onda.app.MainActivity$_19004#20785} no children}] RelativeParent to null
11-18 00:07:09.692  1643  2021 D PkgPredictorService-SecIpmManagerServiceImpl: bg information pid:19004 uid:10407 pkgName:com.onda.app
11-18 00:07:09.692  1336  3104 I SurfaceFlinger: id=20785 Removed com.onda.app/com.onda.app.MainActivity$_19004#20785 (147)
11-18 00:07:09.698  1336  1336 I SurfaceFlinger: destroyed com.onda.app/com.onda.app.MainActivity$_19004#20785
11-18 00:07:09.698  1336  1336 I Layer   : id=20785 Destroyed com.onda.app/com.onda.app.MainActivity$_19004#20785
11-18 00:07:10.625  3422  3598 I HoneySpace.SALoggingUtils: SA Logging screenID: 500 eventId: 5101 detail: {PACKAGE=com.onda.app, TYPE=Tap, NthTask=0} value: -1
11-18 00:07:10.635  1643  3419 V WindowManager: Collecting in transition 1531: Task{a0d7f8b #1412 type=standard A=10407:com.onda.app}, caller=com.android.server.wm.TransitionController.collect:7 com.android.server.wm.ActivityTaskSupervisor.findTaskToMoveToFront:114 com.android.server.wm.ActivityTaskManagerService.moveTaskToFrontLocked:222 com.android.server.wm.ActivityTaskSupervisor.startActivityFromRecents:849 com.android.server.wm.ActivityTaskManagerService.startActivityFromRecents:31
11-18 00:07:10.635  1643  3419 D WindowManager: prepareSync <SYNC_STATE_WAITING_FOR_DRAW>, mPrepareSyncSeqId=0, win=Window{ebb0908 u0 com.onda.app/com.onda.app.MainActivity}
11-18 00:07:10.635  1643  3419 I Pageboost: moveTaskToFront : 10407:com.onda.app
11-18 00:07:10.636  1643  3419 V WindowManager: Add starting ActivityRecord{d52915a u0 com.onda.app/.MainActivity t1412}: startingData=SnapshotStartingData{3acc723 waitForSyncTransactionCommit=false removeAfterTransaction= 0}
11-18 00:07:10.636  1643  3419 V WindowManager: Added starting ActivityRecord{d52915a u0 com.onda.app/.MainActivity t1412}: startingWindow=null startingView=com.android.server.wm.StartingSurfaceController$StartingSurface@d4fa420
11-18 00:07:10.637  2913  3030 V WindowManagerShell: Transition requested (#1531): android.os.BinderProxy@f307a90 TransitionRequestInfo { type = TO_FRONT, triggerTask = TaskInfo{userId=0 taskId=1412 displayId=0 isRunning=true baseIntent=Intent { act=android.intent.action.MAIN cat=[android.intent.category.LAUNCHER] flg=0x34000000 pkg=com.onda.app cmp=com.onda.app/.MainActivity } baseActivity=ComponentInfo{com.onda.app/com.onda.app.MainActivity} topActivity=ComponentInfo{com.onda.app/com.onda.app.MainActivity} origActivity=null realActivity=ComponentInfo{com.onda.app/com.onda.app.MainActivity} numActivities=1 lastActiveTime=188690687 supportsMultiWindow=true resizeMode=1 isResizeable=true minWidth=-1 minHeight=-1 maxWidth=-1 maxHeight=-1 defaultMinSize=220 token=WCT{android.window.IWindowContainerToken$Stub$Proxy@85c3f89} topActivityType=1 pictureInPictureParams=null shouldDockBigOverlays=false launchIntoPipHostTaskId=-1 lastParentTaskIdBeforePip=-1 displayCutoutSafeInsets=Rect(0, 99 - 0, 0) topActivityInfo=ActivityInfo{798fb8e com.onda.app.MainActivity} launchCookies=[] positionInParent=Point(0, 0) parentTaskId=-1 isFocused=false isVisible=false isVisibleRequested=false isSleeping=false topActivityInSizeCompat=false locusId=null displayAreaFeatureId=1 isTopActivityTransparent=false isTopActivityStyleFloating=false appCompatTaskInfo=AppCompatTaskInfo { topActivityInSizeCompat=false eligibleForLetterboxEducation= false isLetterboxEducationEnabled= false isLetterboxDoubleTapEnabled= false eligibleForUserAspectRatioButton= false topActivityBoundsLetterboxed= false isFromLetterboxDoubleTap= false topActivityLetterboxVerticalPosition= -1 topActivityLetterboxHorizontalPosition= -1 topActivityLetterboxWidth=1080 topActivityLetterboxHeight=2340 topActivityLetterboxAppWidth=1080 topActivityLetterboxAppHeight=2097 isUserFullscreenOverrideEnabled=false isSystemFullscreenOverrideEnabled=false hasMinAspectRatioOverride=false cameraCompatTaskInfo=CameraCompatTaskInfo { freeformCameraCompatMode=inactive} topActivityBounds=null topActivityInDisplayCompat=false} originallySupportedMultiWindow=true hasWallpaper=false rootAffinity=10407:com.onda.app isTopTaskInStage=false topActivityUiMode=17 CoverLauncherWidgetTask=false isAllowedSeamlessRotation=false isTopTransparentActivity=false snappingGuideBounds=Rect(81, 562 - 999, 1732) isAliasManaged=false hasConfigChanged=false isAiKeyRemoveAppTask=false}, pipTask = null, remoteTransition = RemoteTransition { remoteTransition = android.window.IRemoteTransition$Stub$Proxy@69c8faf, appThread = android.app.IApplicationThread$Stub$Proxy@4caafbc, debugName = QuickstepLaunchflags =NONE }, displayChange = null, flags = 0, debugId = 1531 }
11-18 00:07:10.638  3422 12395 I HoneySpace.SuggestedAppsRepositoryImpl: sendSuggestedAppsLaunchTarget: ComponentInfo{com.onda.app/com.onda.app.MainActivity}
11-18 00:07:10.643  1643  5940 V WindowManager: Collecting in transition 1531: ActivityRecord{d52915a u0 com.onda.app/.MainActivity t1412}, caller=com.android.server.wm.TransitionController.collect:7 com.android.server.wm.ActivityRecord.setVisibility:189 com.android.server.wm.TaskFragment.resumeTopActivity:1735 com.android.server.wm.Task.resumeTopActivityInnerLocked:98 com.android.server.wm.Task.resumeTopActivityUncheckedLocked:23
11-18 00:07:10.643  1643  5940 V WindowManager: Setting visibility of Window{ebb0908 u0 com.onda.app/com.onda.app.MainActivity}: true, caller=com.android.server.wm.WindowContainer.sendAppVisibilityToClients:19 com.android.server.wm.WindowToken.setClientVisible:49 com.android.server.wm.ActivityRecord.setVisibility:392 com.android.server.wm.TaskFragment.resumeTopActivity:1735 com.android.server.wm.Task.resumeTopActivityInnerLocked:98
11-18 00:07:10.643  1643  5940 D SGM:FgCheckThread:   sendRunningComponentFocus(), pkgName: com.onda.app, userId: 0
11-18 00:07:10.643  1643  5940 D InputDispatcher: Focused application(0): ActivityRecord{d52915a u0 com.onda.app/.MainActivity t1412}
11-18 00:07:10.643  1643  2612 D SGM:FgCheckThread: onLooperPrepared(), msg: MSG_TASK_FOCUSED, pkgName: com.onda.app, userId: 0
11-18 00:07:10.643  1643  2612 D SGM:FgCheckThread:   handleTaskFocused(), pkgName: com.onda.app, userID:0
11-18 00:07:10.643  1643  2612 D SGM:FgCheckThread:   handleResume(). pkgName: com.onda.app, userId: 0, category: non-game
11-18 00:07:10.643  1643  2612 D SGM:FgCheckThread: notifyFocusInOut(). of pkg: com.onda.app, type: 4, isSecGameFamily: false, userId: 0
11-18 00:07:10.644  1643  5940 D ActivityTaskManager: scheduleTopResumedActivityChanged, onTop=true, r=ActivityRecord{d52915a u0 com.onda.app/.MainActivity t1412}, caller=com.android.server.wm.ActivityTaskSupervisor.updateTopResumedActivityIfNeeded:62 com.android.server.wm.TaskFragment.setResumedActivity:29 com.android.server.wm.ActivityRecord.setState:104 com.android.server.wm.TaskFragment.resumeTopActivity:1817 com.android.server.wm.Task.resumeTopActivityInnerLocked:98 com.android.server.wm.Task.resumeTopActivityUncheckedLocked:23
11-18 00:07:10.645  1643  5940 D WindowManager: rotationForOrientation, orientationSource=ActivityRecord{d52915a u0 com.onda.app/.MainActivity t1412}
11-18 00:07:10.645  1643  5940 D WindowManagerServiceExt: updateTaskbarTargetIfNeeded: cn=ComponentInfo{com.onda.app/com.onda.app.MainActivity} occludesParent=true isInSplitScreenMode=false styleFloating=false
11-18 00:07:10.646  1643  5940 D BLASTSyncEngine: SyncGroup 1531:  Unfinished container: ActivityRecord{d52915a u0 com.onda.app/.MainActivity t1412} mSyncState=2
11-18 00:07:10.646 19004 19004 D VRI[MainActivity]@dd94efd: WindowStopped on com.onda.app/com.onda.app.MainActivity set to false
11-18 00:07:10.648  1643  3419 V WindowManager: addWindow: ActivityRecord{d52915a u0 com.onda.app/.MainActivity t1412} startingWindow=Window{e81a79e u0 SnapshotStartingWindow for taskId=1412}
11-18 00:07:10.651  2913  3030 D WindowManagerShell: onActivityRestartAttempt: ComponentInfo{com.onda.app/com.onda.app.MainActivity}
11-18 00:07:10.651  1643  5940 D BLASTSyncEngine: SyncGroup 1531:  Unfinished container: ActivityRecord{d52915a u0 com.onda.app/.MainActivity t1412} mSyncState=2
11-18 00:07:10.651  5228 22516 I SDHMS:l : handleResumeComponent : put = com.onda.app, userid = 0 instanceid =85842024
11-18 00:07:10.652  1643  3134 V WindowManager: Relayout Window{ebb0908 u0 com.onda.app/com.onda.app.MainActivity}: viewVisibility=0 req=1080x2340 ty=1 d0
11-18 00:07:10.652  1336  3781 I SurfaceFlinger: id=20804 createSurf, flag=44004, com.onda.app/com.onda.app.MainActivity$_19004#20804
11-18 00:07:10.652  2913  2913 I {OngoingActivityDataHelper}: setBaseActivityComponentName:ComponentInfo{com.onda.app/com.onda.app.MainActivity}
11-18 00:07:10.653  1643  3134 D WindowManager: makeSurface duration=1 name=com.onda.app/com.onda.app.MainActivity$_19004
11-18 00:07:10.653  1643  3134 D BLASTSyncEngine: SyncGroup 1531:  Unfinished container: ActivityRecord{d52915a u0 com.onda.app/.MainActivity t1412} mSyncState=2
11-18 00:07:10.653  1643  3134 D WindowManager: Changing focus from null to Window{ebb0908 u0 com.onda.app/com.onda.app.MainActivity} displayId=0 Callers=com.android.server.wm.WindowManagerService.relayoutWindowInner:142 com.android.server.wm.WindowManagerService.relayoutWindow:6 com.android.server.wm.Session.relayout:27 android.view.IWindowSession$Stub.onTransact:861
11-18 00:07:10.654  1643  3134 D InsetsSourceProvider: updateControlForTarget: control=InsetsSourceControl: {60080000 mType=statusBars initiallyVisible mSurfacePosition=Point(0, 0) mInsetsHint=Insets{left=0, top=99, right=0, bottom=0}}, target=Window{ebb0908 u0 com.onda.app/com.onda.app.MainActivity}, from=com.android.server.wm.InsetsStateController.onControlTargetChanged:81 com.android.server.wm.InsetsPolicy.updateBarControlTarget:175 com.android.server.wm.DisplayPolicy.updateSystemBarAttributes:281 com.android.server.wm.WindowManagerService.updateFocusedWindowLocked:375 com.android.server.wm.WindowManagerService.relayoutWindowInner:142
11-18 00:07:10.655  1643  3134 D InsetsSourceProvider: updateControlForTarget: control=InsetsSourceControl: {26710001 mType=navigationBars initiallyVisible mSurfacePosition=Point(0, 2196) mInsetsHint=Insets{left=0, top=0, right=0, bottom=144}}, target=Window{ebb0908 u0 com.onda.app/com.onda.app.MainActivity}, from=com.android.server.wm.InsetsStateController.onControlTargetChanged:81 com.android.server.wm.InsetsPolicy.updateBarControlTarget:188 com.android.server.wm.DisplayPolicy.updateSystemBarAttributes:281 com.android.server.wm.WindowManagerService.updateFocusedWindowLocked:375 com.android.server.wm.WindowManagerService.relayoutWindowInner:142
11-18 00:07:10.655  1336  1336 I SurfaceFlinger: [e81a79e SnapshotStartingWindow for taskId=1412#20802] attach to parent LayerHierarchy{RequestedLayerState{ActivityRecord{d52915a u0 com.onda.app/.MainActivity t1412}#20772 parentId=20771} 3 children}
11-18 00:07:10.655  1336  1336 I SurfaceFlinger: [com.onda.app/com.onda.app.MainActivity$_19004#20804] attach to parent LayerHierarchy{RequestedLayerState{ebb0908 com.onda.app/com.onda.app.MainActivity#20783 parentId=20772} 1 children}
11-18 00:07:10.655  1643  3134 D WindowManager: updateSystemBarAttributes: displayId=0, focusedCanBeNavColorWin=false, win=Window{ebb0908 u0 com.onda.app/com.onda.app.MainActivity}, navColorWin=Window{a24f455 u0 com.sec.android.app.launcher/com.android.quickstep.RecentsActivity}, caller=com.android.server.wm.WindowManagerService.updateFocusedWindowLocked:375 com.android.server.wm.WindowManagerService.relayoutWindowInner:142 com.android.server.wm.WindowManagerService.relayoutWindow:6
11-18 00:07:10.655  1643  3134 V SystemKeyManager: updateFocusedWindow() is called, com.onda.app/com.onda.app.MainActivity
11-18 00:07:10.659  1643  2025 V WindowManager: Start calculating TransitionInfo based on participants: {WallpaperWindowToken{926e278 token=android.os.Binder@36b27db}_<system>, Task{a0d7f8b #1412 type=standard A=10407:com.onda.app}, WallpaperWindowToken{a84b3fd token=android.os.Binder@8f50cc1}_<lock>, ActivityRecord{c0d2f9b u0 com.sec.android.app.launcher/com.android.quickstep.RecentsActivity t1171}, ActivityRecord{d52915a u0 com.onda.app/.MainActivity t1412}}
11-18 00:07:10.659  1643  2025 V WindowManager:   Final targets: [Task{a0d7f8b #1412 type=standard A=10407:com.onda.app}, Task{300af38 #1171 type=recents I=com.sec.android.app.launcher/com.android.quickstep.RecentsActivity}, WallpaperWindowToken{926e278 token=android.os.Binder@36b27db}_<system>]
11-18 00:07:10.660  1643  2025 I SurfaceControlRegistry: show, t=StartTransaction_SyncId<1531> sc=ActivityRecord{d52915a u0 com.onda.app/.MainActivity t1412}, caller=android.view.SurfaceControl$Transaction.show:3232 com.android.server.wm.Transition.onTransactionReady:2273 com.android.server.wm.BLASTSyncEngine$SyncGroup.finishNow:195 com.android.server.wm.BLASTSyncEngine.onSurfacePlacement:269 com.android.server.wm.RootWindowContainer.performSurfacePlacementNoTrace:471 com.android.server.wm.RootWindowContainer.performSurfacePlacement:9
11-18 00:07:10.660  1643  2025 V WindowManager:         {WCT{RemoteToken{c5ecf2f Task{a0d7f8b #1412 type=standard A=10407:com.onda.app}}} m=TO_FRONT f=MOVE_TO_TOP leash=Surface(name=Task=1412)/@0x2f99309 sb=Rect(0, 0 - 1080, 2340) eb=Rect(0, 0 - 1080, 2340) d=0 taskParent=-1 inset=Rect(0, 99 - 0, 144) dim=true},
11-18 00:07:10.661  1643  2025 D WindowManager: updateSystemBarAttributes: displayId=0, focusedCanBeNavColorWin=false, win=Window{ebb0908 u0 com.onda.app/com.onda.app.MainActivity}, navColorWin=Window{ebb0908 u0 com.onda.app/com.onda.app.MainActivity}, caller=com.android.server.wm.DisplayPolicy.finishPostLayoutPolicyLw:17 com.android.server.wm.RootWindowContainer.applySurfaceChangesTransaction$1:194 com.android.server.wm.RootWindowContainer.performSurfacePlacementNoTrace:61
11-18 00:07:10.662  2913  2913 D NavigationBar: onSystemBarAttributesChanged() -  displayId:0, appearance:16, packageName: com.onda.app (APPEARANCE_LIGHT_NAVIGATION_BARS ), navbarColorManagedByIme:false
11-18 00:07:10.662  2913  2913 D SamsungLightBarControlHelper: updateNavigationBar (BLACK button) isLightOpaque:false, hasLightNavigationBarFlag:true, packageName:com.onda.app, DirectReplying:false, NavBarColorMangedByIme:false, ForceDarkForScrim:false, ForceLightForScrim:false, QsCustomizing:false, QsExpanded:false
11-18 00:07:10.662  1643  2020 V WindowManager: Sent Transition (#1531) createdAt=11-18 00:07:10.635 via request=TransitionRequestInfo { type = TO_FRONT, triggerTask = TaskInfo{userId=0 taskId=1412 displayId=0 isRunning=true baseIntent=Intent { act=android.intent.action.MAIN cat=[android.intent.category.LAUNCHER] flg=0x34000000 pkg=com.onda.app cmp=com.onda.app/.MainActivity } baseActivity=ComponentInfo{com.onda.app/com.onda.app.MainActivity} topActivity=ComponentInfo{com.onda.app/com.onda.app.MainActivity} origActivity=null realActivity=ComponentInfo{com.onda.app/com.onda.app.MainActivity} numActivities=1 lastActiveTime=188690687 supportsMultiWindow=true resizeMode=1 isResizeable=true minWidth=-1 minHeight=-1 maxWidth=-1 maxHeight=-1 defaultMinSize=220 token=WCT{RemoteToken{c5ecf2f Task{a0d7f8b #1412 type=standard A=10407:com.onda.app}}} topActivityType=1 pictureInPictureParams=null shouldDockBigOverlays=false launchIntoPipHostTaskId=-1 lastParentTaskIdBeforePip=-1 displayCutoutSafeInsets=Rect(0, 99 - 0, 0) topActivityInfo=ActivityInfo{d083cc3 com.onda.app.MainActivity} launchCookies=[] positionInParent=Point(0, 0) parentTaskId=-1 isFocused=false isVisible=false isVisibleRequested=false isSleeping=false topActivityInSizeCompat=false locusId=null displayAreaFeatureId=1 isTopActivityTransparent=false isTopActivityStyleFloating=false appCompatTaskInfo=AppCompatTaskInfo { topActivityInSizeCompat=false eligibleForLetterboxEducation= false isLetterboxEducationEnabled= false isLetterboxDoubleTapEnabled= false eligibleForUserAspectRatioButton= false topActivityBoundsLetterboxed= false isFromLetterboxDoubleTap= false topActivityLetterboxVerticalPosition= -1 topActivityLetterboxHorizontalPosition= -1 topActivityLetterboxWidth=1080 topActivityLetterboxHeight=2340 topActivityLetterboxAppWidth=1080 topActivityLetterboxAppHeight=2097 isUserFullscreenOverrideEnabled=false isSystemFullscreenOverrideEnabled=false hasMinAspectRatioOverride=false cameraCompatTaskInfo=CameraCompatTaskInfo { freeformCameraCompatMode=inactive} topActivityBounds=null topActivityInDisplayCompat=false} originallySupportedMultiWindow=true hasWallpaper=false rootAffinity=10407:com.onda.app isTopTaskInStage=false topActivityUiMode=17 CoverLauncherWidgetTask=false isAllowedSeamlessRotation=false isTopTransparentActivity=false snappingGuideBounds=Rect(81, 562 - 999, 1732) isAliasManaged=false hasConfigChanged=false isAiKeyRemoveAppTask=false}, pipTask = null, remoteTransition = RemoteTransition { remoteTransition = android.window.IRemoteTransition$Stub$Proxy@e43e311, appThread = android.app.IApplicationThread$Stub$Proxy@23d0c76, debugName = QuickstepLaunchflags =NONE }, displayChange = null, flags = 0, debugId = 1531 }
11-18 00:07:10.662  1643  2024 D SGM:FgCheckThread: noteResumeComponent(), received pkgName: com.onda.app, userId: 0
11-18 00:07:10.662  1643  2020 V WindowManager:         {WCT{RemoteToken{c5ecf2f Task{a0d7f8b #1412 type=standard A=10407:com.onda.app}}} m=TO_FRONT f=MOVE_TO_TOP leash=Surface(name=Task=1412)/@0x2f99309 sb=Rect(0, 0 - 1080, 2340) eb=Rect(0, 0 - 1080, 2340) d=0 taskParent=-1 inset=Rect(0, 99 - 0, 144) dim=true},
11-18 00:07:10.662  1643  2612 D SGM:FgCheckThread: onLooperPrepared(), msg: MSG_APP_RESUME, pkgName: com.onda.app, userid: 0
11-18 00:07:10.662  1643  2612 D SGM:FgCheckThread:   handleResume(). pkgName: com.onda.app, userId: 0, category: non-game
11-18 00:07:10.662  1643  2612 D SGM:FgCheckThread: notifyFocusInOut(). of pkg: com.onda.app, type: 4, isSecGameFamily: false, userId: 0
11-18 00:07:10.663  3422  3422 I HoneySpace.EdgePanel.EdgeContainerViewModel: cocktailHostRepository.edgePanelOperation NoteResumeComponent(componentName=ComponentInfo{com.onda.app/com.onda.app.MainActivity})
11-18 00:07:10.663  3422 17398 I HoneySpace.EdgePanel.ActivityUtils: HomePackage : com.sec.android.app.launcher, resumePackageName : com.onda.app
11-18 00:07:10.666  1336  1540 D SurfaceFlinger: [input] setFocusedWindow: ebb0908 com.onda.app/com.onda.app.MainActivity
11-18 00:07:10.666  1643  3124 D InputDispatcher: Once focus requested (0): ebb0908 com.onda.app/com.onda.app.MainActivity
11-18 00:07:10.666  1643  3124 D InputDispatcher: Focus request (0): ebb0908 com.onda.app/com.onda.app.MainActivity but waiting because NO_WINDOW
11-18 00:07:10.667  1336  3781 I SurfaceFlinger: [com.onda.app/com.onda.app.MainActivity$_19004#20804] setTransactionState with the first frame. bufferData(ID: 81621558493188, frameNumber: 1)
11-18 00:07:10.668  1643  3419 D WindowManager: finishDrawingWindow: Window{ebb0908 u0 com.onda.app/com.onda.app.MainActivity} mDrawState=DRAW_PENDING seqId=0
11-18 00:07:10.669  1643  2024 D SGM:GameManager: identifyGamePackage. com.onda.app, mCurrentUserId: 0, callerUserId: 0, callingMethodInfo: com.samsung.android.game.SemGameManager.isGamePackage(SemGameManager.java:105)
11-18 00:07:10.669  1643  2024 D SGM:SemGameManager: isGamePackage(), pkgName=com.onda.app, ret=false
11-18 00:07:10.669  1643  2025 V WindowManager: Finish starting ActivityRecord{d52915a u0 com.onda.app/.MainActivity t1412}: first real window is shown, no animation
11-18 00:07:10.669  1643  2025 I ActivityTaskManager: done cause=notifyWindowsDrawn timestamp=81338011293241 info=TransitionInfo{70e7277 a=ActivityRecord{d52915a u0 com.onda.app/.MainActivity t1412} d=true}
11-18 00:07:10.669  1643  2025 V WindowManager: performShowLocked: mDrawState=HAS_DRAWN in Window{ebb0908 u0 com.onda.app/com.onda.app.MainActivity}
11-18 00:07:10.670 19004 19004 I InsetsSourceConsumer: applyRequestedVisibilityToControl: visible=true, type=statusBars, host=com.onda.app/com.onda.app.MainActivity
11-18 00:07:10.672  1336  1336 I SurfaceFlinger: Layer [ActivityRecord{d52915a u0 com.onda.app/.MainActivity t1412}#20772] hidden!! flag(0)
11-18 00:07:10.672 19004 19004 I InsetsSourceConsumer: applyRequestedVisibilityToControl: visible=true, type=navigationBars, host=com.onda.app/com.onda.app.MainActivity
11-18 00:07:10.673  1643  3134 V WindowManager: Schedule remove starting ActivityRecord{d52915a u0 com.onda.app/.MainActivity t1412} startingWindow=Window{e81a79e u0 SnapshotStartingWindow for taskId=1412} animate=false Callers=com.android.server.wm.ActivityRecord.onSyncTransactionCommitted:19 com.android.server.wm.BLASTSyncEngine$SyncGroup$1CommitCallback.onCommitted:54 com.android.server.wm.BLASTSyncEngine$SyncGroup$$ExternalSyntheticLambda0.onTransactionCommitted:8 android.view.SurfaceControl$Transaction$$ExternalSyntheticLambda4.run:0 com.android.server.SystemServerInitThreadPool$$ExternalSyntheticLambda0.execute:1
11-18 00:07:10.674  1643  2020 I PkgPredictorService-SecIpmManagerServiceImpl: reportToNAP uid:10407 com.onda.app/com.onda.app.MainActivity thisTime:34
11-18 00:07:10.680  1336  1336 I SurfaceFlinger: Layer [com.onda.app/com.onda.app.MainActivity$_19004#20804] hidden!! flag(0)
11-18 00:07:10.701  1336  1336 D SurfaceFlinger:        CLIENT |   0xb4000079df93d590 | 0001 | RGBA_8888    |    0.0   97.0  245.0 2197.0 |  917  306 1080 1705 | com.onda.app/com.onda.app.MainActivity$_19004#20804 (2)
11-18 00:07:10.701  1643  3134 D InputDispatcher: Focus entered window (0): ebb0908 com.onda.app/com.onda.app.MainActivity
11-18 00:07:10.705  1643  2606 I ImeTracker: com.onda.app:5c2202be: onRequestHide at ORIGIN_SERVER reason HIDE_UNSPECIFIED_WINDOW fromUser false
11-18 00:07:10.705  1643  2606 I ImeTracker: com.onda.app:5c2202be: onCancelled at PHASE_SERVER_SHOULD_HIDE
11-18 00:07:10.713  1643  3419 D InsetsSourceProvider: updateControlForTarget: control=InsetsSourceControl: {3 mType=ime mSurfacePosition=Point(0, 99) mInsetsHint=Insets{left=0, top=0, right=0, bottom=1026}}, target=Window{ebb0908 u0 com.onda.app/com.onda.app.MainActivity}, from=com.android.server.wm.ImeInsetsSourceProvider.updateControlForTarget:17 com.android.server.wm.InsetsStateController.onControlTargetChanged:81 com.android.server.wm.DisplayContent.updateImeControlTarget:21 com.android.server.wm.DisplayContent.updateImeInputAndControlTarget:81 com.android.server.wm.WindowManagerService$LocalService.updateInputMethodTargetWindow:21
11-18 00:07:10.714  6802  6802 I HBD     : c [AiWriter] setContact : com.onda.app
11-18 00:07:10.714  6802  6802 I HBD     : a [AiWriter] setContact : com.onda.app
11-18 00:07:10.717  1643  3419 D SGM:GameManager: identifyGamePackage. com.onda.app, mCurrentUserId: 0, callerUserId: 0, callingMethodInfo: com.samsung.android.game.IGameManagerService$Stub.onTransact(IGameManagerService.java:228)
11-18 00:07:10.718  6802  7073 I HBD     : h [SKE_SPECIFIC] specific model[com.onda.app] loaded, 2170781 ns
11-18 00:07:10.725 19004 19004 I InsetsSourceConsumer: applyRequestedVisibilityToControl: visible=false, type=ime, host=com.onda.app/com.onda.app.MainActivity
11-18 00:07:10.730  1336  1336 I SurfaceFlinger: [LayerHierarchy{RequestedLayerState{ImeContainer#16 parentId=20772 relativeParentId=20772 z=3} 1 children}] reparent to LayerHierarchy{RequestedLayerState{ActivityRecord{d52915a u0 com.onda.app/.MainActivity t1412}#20772 parentId=20771} 4 children}
11-18 00:07:10.777  1643  2535 I WindowManager: Reparenting to leash, surface=Surface(name=e81a79e SnapshotStartingWindow for taskId=1412)/@0x65f7f26, syncState=0, syncCommitDepth=0, leashParent=Surface(name=ActivityRecord{d52915a u0 com.onda.app/.MainActivity t1412})/@0xa0d61fe
11-18 00:07:10.780  1336  1336 I SurfaceFlinger: [Surface(name=e81a79e SnapshotStartingWindow for taskId=1412)/@0x65f7f26 - animation-leash of window_animation#20811] attach to parent LayerHierarchy{RequestedLayerState{ActivityRecord{d52915a u0 com.onda.app/.MainActivity t1412}#20772 parentId=20771} 5 children}
11-18 00:07:10.807  1643  2684 D MdnieScenarioControlService:  packageName : com.onda.app    className : com.onda.app.MainActivity
