 caller=com.android.server.wm.WindowManagerService.updateFocusedWindowLocked:375 com.android.server.wm.WindowManagerService.relayoutWindowInner:142 com.android.server.wm.WindowManagerService.relayoutWindow:6
11-17 23:10:45.926  1643  1711 V SystemKeyManager: updateFocusedWindow() is called, com.onda.app/com.onda.app.MainActivity
11-17 23:10:45.928  2913  2913 D NavigationBar: onSystemBarAttributesChanged() -  displayId:0, appearance:16, packageName: com.onda.app (APPEARANCE_LIGHT_NAVIGATION_BARS ), navbarColorManagedByIme:false
11-17 23:10:45.931  2913  3085 I InsetsController: onStateChanged: host=Splash Screen com.onda.app, from=android.view.ViewRootImpl.handleInsetsControlChanged:2888, state=InsetsState: {mDisplayFrame=Rect(0, 0 - 1080, 2340), mDisplayCutout=DisplayCutout{insets=Rect(0, 99 - 0, 0) waterfall=Insets{left=0, top=0, right=0, bottom=0} boundingRect={Bounds=[Rect(0, 0 - 0, 0), Rect(505, 0 - 575, 99), Rect(0, 0 - 0, 0), Rect(0, 0 - 0, 0)]} cutoutPathParserInfo={CutoutPathParserInfo{displayWidth=1080 displayHeight=2340 physicalDisplayWidth=1080 physicalDisplayHeight=2340 density={3.0} cutoutSpec={M 0,0 M 0,29 a 35,35 0 1,0 0,70 a 35,35 0 1,0 0,-70 Z} rotation={0} scale={1.0} physicalPixelDisplaySizeRatio={1.0}}} sideOverrides={}}, mRoundedCorners=RoundedCorners{[RoundedCorner{position=TopLeft, radius=108, center=Point(108, 108)}, RoundedCorner{position=TopRight, radius=108, center=Point(972, 108)}, RoundedCorner{position=BottomRight, radius=108, center=Point(972, 2232)}, RoundedCorner{position=BottomLeft, radius=108, center=Point(108, 2232)}]}  mRoundedCornerFrame=Rect(0, 0 - 1080, 2340), mPrivacyIndicatorBounds=PrivacyIndicatorBounds {static bounds=Rect(948, 0 - 1080, 99) rotation=0}, mDisplayShape=DisplayShape{ spec=-311912193 displayWidth=1080 displayHeight=2340 physicalPixelDisplaySizeRatio=1.0 rotation=0 offsetX=0 offsetY=0 scale=1.0}, mSources= { InsetsSource: {3 mType=ime mFrame=[0,0][0,0] mVisible=false mFlags= mSideHint=NONE mBoundingRects=null}, InsetsSource: {27 mType=displayCutout mFrame=[0,0][1080,99] mVisible=true mFlags= mSideHint=TOP mBoundingRects=null}, InsetsSource: {26710001 mType=navigationBars mFrame=[0,2196][1080,2340] mVisible=true mFlags= mSideHint=BOTTOM mBoundingRects=null}, InsetsSource: {26710004 mType=systemGestures mFrame=[0,0][0,0] mVisible=true mFlags= mSideHint=NONE mBoundingRects=null}, InsetsSource: {26710005 mType=mandatorySystemGestures mFrame=[0,2196][1080,2340] mVisible=true mFlags= mSideHint=BOTTOM mBoundingRects=null}, InsetsSource: {26710006 mType=tappableElement mFrame=[0,2196][1080,2340] mVisible=true mFlags= mSideHint=BOTTOM mBoundingRects=null}, InsetsSource: {26710024 mType=systemGestures mFrame=[0,0][0,0] mVisible=true mFlags= mSideHint=NONE mBoundingRects=null}, InsetsSource: {60080000 mType=statusBars mFrame=[0,0][1080,99] mVisible=true mFlags= mSideHint=TOP mBoundingRects=null}, InsetsSource: {60080005 mType=mandatorySystemGestures mFrame=[0,0][1080,135] mVisible=true mFlags= mSideHint=TOP mBoundingRects=null}, InsetsSource: {60080006 mType=tappableElement mFrame=[0,0][1080,99] mVisible=true mFlags= mSideHint=TOP mBoundingRects=null} }
11-17 23:10:45.935  6426  6426 E com.onda.app: Unable to open libpenguin.so: dlopen failed: library "libpenguin.so" not found.
11-17 23:10:45.953  1336  1540 D SurfaceFlinger: [input] setFocusedWindow: 32c6b22 com.onda.app/com.onda.app.MainActivity
11-17 23:10:45.954  1643  2880 D InputDispatcher: Once focus requested (0): 32c6b22 com.onda.app/com.onda.app.MainActivity
11-17 23:10:45.954  1643  2880 D InputDispatcher: Focus request (0): 32c6b22 com.onda.app/com.onda.app.MainActivity but waiting because NOT_VISIBLE
11-17 23:10:46.016  1336  3076 I SurfaceFlinger: [com.onda.app/com.onda.app.MainActivity$_6426#19745] setTransactionState with the first frame. bufferData(ID: 27599459844096, frameNumber: 1)
11-17 23:10:46.016  1643  3134 D WindowManager: finishDrawingWindow: Window{32c6b22 u0 com.onda.app/com.onda.app.MainActivity} mDrawState=DRAW_PENDING seqId=0
11-17 23:10:46.017  1643  2025 V WindowManager: Finish starting ActivityRecord{85e68c0 u0 com.onda.app/.MainActivity t1392}: first real window is shown, no animation
11-17 23:10:46.017  1643  2025 V WindowManager: Schedule remove starting ActivityRecord{85e68c0 u0 com.onda.app/.MainActivity t1392} startingWindow=Window{43baebb u0 Splash Screen com.onda.app} animate=true Callers=com.android.server.wm.ActivityRecord.removeStartingWindow:150 com.android.server.wm.WindowState.performShowLocked:147 com.android.server.wm.WindowStateAnimator.commitFinishDrawingLocked:59 com.android.server.wm.DisplayContent$$ExternalSyntheticLambda1.accept$com$android$server$wm$DisplayContent$$ExternalSyntheticLambda40:22 com.android.server.wm.DisplayContent$$ExternalSyntheticLambda1.accept:305
11-17 23:10:46.017  1643  2025 D TaskOrganizerController: applyStartingWindowAnimation, window=Window{32c6b22 u0 com.onda.app/com.onda.app.MainActivity}, caller=com.android.server.wm.TaskOrganizerController.removeStartingWindow:131 com.android.server.wm.StartingSurfaceController$StartingSurface.remove:23 com.android.server.wm.ActivityRecord.removeStartingWindowAnimation:181
11-17 23:10:46.021  1643  2025 I WindowManager: Reparenting to leash, surface=Surface(name=32c6b22 com.onda.app/com.onda.app.MainActivity)/@0xbdcdd15, syncState=0, syncCommitDepth=0, leashParent=Surface(name=ActivityRecord{85e68c0 u0 com.onda.app/.MainActivity t1392})/@0xba4b82a
11-17 23:10:46.022  1336  3781 I SurfaceFlinger: id=19750 createSurf, flag=24000, Surface(name=32c6b22 com.onda.app/com.onda.app.MainActivity)/@0xbdcdd15 - animation-leash of starting_reveal#19750
11-17 23:10:46.022  1643  2025 D WindowManager: makeSurface duration=1 leash=Surface(name=Surface(name=32c6b22 com.onda.app/com.onda.app.MainActivity)/@0xbdcdd15 - animation-leash of starting_reveal)/@0xae2cf6
11-17 23:10:46.024  1643  2025 I ActivityTaskManager: done cause=notifyWindowsDrawn timestamp=77953365704272 info=TransitionInfo{82048f7 a=ActivityRecord{85e68c0 u0 com.onda.app/.MainActivity t1392} d=true}
11-17 23:10:46.024  1643  2025 V WindowManager: performShowLocked: mDrawState=HAS_DRAWN in Window{32c6b22 u0 com.onda.app/com.onda.app.MainActivity}
11-17 23:10:46.025  6426  6426 I InsetsSourceConsumer: applyRequestedVisibilityToControl: visible=true, type=statusBars, host=com.onda.app/com.onda.app.MainActivity
11-17 23:10:46.026  6426  6426 I InsetsSourceConsumer: applyRequestedVisibilityToControl: visible=true, type=navigationBars, host=com.onda.app/com.onda.app.MainActivity
11-17 23:10:46.027  1643  2020 I PkgPredictorService-SecIpmManagerServiceImpl: reportToNAP uid:10402 com.onda.app/com.onda.app.MainActivity thisTime:398
11-17 23:10:46.027  1336  1336 I SurfaceFlinger: [Surface(name=32c6b22 com.onda.app/com.onda.app.MainActivity)/@0xbdcdd15 - animation-leash of starting_reveal#19750] attach to parent LayerHierarchy{RequestedLayerState{ActivityRecord{85e68c0 u0 com.onda.app/.MainActivity t1392}#19736 parentId=19735} 4 children}
11-17 23:10:46.038  1643  2020 I ActivityTaskManager: Displayed com.onda.app/.MainActivity for user 0: +398ms
11-17 23:10:46.038  1643  2020 I Pageboost: Launch time gathered : pid 6426 com.onda.app 398
11-17 23:10:46.049  1336  1336 D SurfaceFlinger:        DEVICE |   0xb4000079df9338a0 | 0001 | RGBA_8888    |    0.0    0.0 1080.0 2340.0 |    0    0 1080 2340 | Splash Screen com.onda.app$_2913#19738 (1)
11-17 23:10:46.052  1643  2024 D SGM:FgCheckThread: getForegroundApp(), foregroundPkgName=com.onda.app
11-17 23:10:46.052  1643  2024 D SGM:FgCheckThread: noteStopComponent(), received pkgName: com.sec.android.app.launcher, focusedPkgName: com.onda.app, userId: 0
11-17 23:10:46.067  1336  1336 I SurfaceFlinger: Layer [com.onda.app/com.onda.app.MainActivity$_6426#19745] hidden!! flag(0)
11-17 23:10:46.067  1336  1336 I SurfaceFlinger: [LayerHierarchy{RequestedLayerState{32c6b22 com.onda.app/com.onda.app.MainActivity#19744 parentId=19750} 1 children}] reparent to LayerHierarchy{RequestedLayerState{Surface(name=32c6b22 com.onda.app/com.onda.app.MainActivity)/@0xbdcdd15 - animation-leash of starting_reveal#19750 parentId=19736} 1 children}
11-17 23:10:46.073  1336  1336 D SurfaceFlinger:        DEVICE |   0xb4000079df92f760 | 0001 | RGBA_8888    |    0.0    0.0 1080.0 2327.0 |    0   13 1080 2340 | com.onda.app/com.onda.app.MainActivity$_6426#19745 (2)
11-17 23:10:46.073  1336  1336 D SurfaceFlinger:        DEVICE |   0xb4000079df931bf0 | 0001 | RGBA_8888    |    0.0    0.0 1080.0 2340.0 |    0    0 1080 2340 | Splash Screen com.onda.app$_2913#19738 (4)
11-17 23:10:46.076  1643  5942 D InputDispatcher: Focus entered window (0): 32c6b22 com.onda.app/com.onda.app.MainActivity
11-17 23:10:46.079  1643  2606 I ImeTracker: com.onda.app:a9a2ecbb: onRequestHide at ORIGIN_SERVER reason HIDE_UNSPECIFIED_WINDOW fromUser false
11-17 23:10:46.079  1643  2606 I ImeTracker: com.onda.app:a9a2ecbb: onCancelled at PHASE_SERVER_SHOULD_HIDE
11-17 23:10:46.085  1643  3134 D InsetsSourceProvider: updateControlForTarget: control=InsetsSourceControl: {3 mType=ime mSurfacePosition=Point(0, 99) mInsetsHint=Insets{left=0, top=0, right=0, bottom=1026}}, target=Window{32c6b22 u0 com.onda.app/com.onda.app.MainActivity}, from=com.android.server.wm.ImeInsetsSourceProvider.updateControlForTarget:17 com.android.server.wm.InsetsStateController.onControlTargetChanged:81 com.android.server.wm.DisplayContent.updateImeControlTarget:21 com.android.server.wm.DisplayContent.updateImeInputAndControlTarget:81 com.android.server.wm.WindowManagerService$LocalService.updateInputMethodTargetWindow:21
11-17 23:10:46.085  6802  6802 I HBD     : c [AiWriter] setContact : com.onda.app
11-17 23:10:46.086  6802  6802 I HBD     : a [AiWriter] setContact : com.onda.app
11-17 23:10:46.089  1643  3134 V WindowManager: Relayout Window{43baebb u0 Splash Screen com.onda.app}: viewVisibility=8 req=1080x2340 ty=3 d0
11-17 23:10:46.092  1336  1336 I SurfaceFlinger: Layer [Splash Screen com.onda.app$_2913#19738] hidden!! flag(1)
11-17 23:10:46.092  1336  1336 I SurfaceFlinger: [LayerHierarchy{RequestedLayerState{ImeContainer#16 parentId=19736 relativeParentId=19736 z=3} 1 children}] reparent to LayerHierarchy{RequestedLayerState{ActivityRecord{85e68c0 u0 com.onda.app/.MainActivity t1392}#19736 parentId=19735} 4 children}
11-17 23:10:46.095  1643  5942 D CoreBackPreview: Window{43baebb u0 Splash Screen com.onda.app}: Setting back callback null
11-17 23:10:46.095  1643  1711 D WindowManager: Starting window removed Window{43baebb u0 Splash Screen com.onda.app}
11-17 23:10:46.095  1643  1711 I WindowManager: Cancelling animation restarting=false, leash=Surface(name=Surface(name=32c6b22 com.onda.app/com.onda.app.MainActivity)/@0xbdcdd15 - animation-leash of starting_reveal)/@0xae2cf6
11-17 23:10:46.095  1643  1711 I WindowManager: Reparenting to original parent: Surface(name=ActivityRecord{85e68c0 u0 com.onda.app/.MainActivity t1392})/@0xba4b82a, destroy=false, syncState=0, syncCommitDepth=0, surface=Surface(name=32c6b22 com.onda.app/com.onda.app.MainActivity)/@0xbdcdd15
11-17 23:10:46.096  6426  6426 I InsetsSourceConsumer: applyRequestedVisibilityToControl: visible=false, type=ime, host=com.onda.app/com.onda.app.MainActivity
11-17 23:10:46.096  1643  1711 W InputManager-JNI: Input channel object '43baebb Splash Screen com.onda.app (client)' was disposed without first being removed with the input manager!
11-17 23:10:46.096  1643  1711 V WindowManager: Remove Window{43baebb u0 Splash Screen com.onda.app}: mSurfaceController=Surface(name=Splash Screen com.onda.app$_2913)/@0x95d81cf mAnimatingExit=false mRemoveOnExit=false mHasSurface=true surfaceShowing=false animating=false app-animation=false mDisplayFrozen=false callers=com.android.server.wm.Session.remove:16 android.view.IWindowSession$Stub.onTransact:794 com.android.server.wm.Session.onTransact:1 android.os.Binder.execTransactInternal:1541 android.os.Binder.execTransact:1480 <bottom of call stack>
11-17 23:10:46.096  1643  1711 I WindowManager: Destroying surface Surface(name=Splash Screen com.onda.app$_2913)/@0x95d81cf called by com.android.server.wm.WindowStateAnimator.destroySurface:11 com.android.server.wm.WindowStateAnimator.destroySurfaceLocked:54 com.android.server.wm.WindowState.removeImmediately:43 com.android.server.wm.WindowState.removeIfPossible:638 com.android.server.wm.Session.remove:16 android.view.IWindowSession$Stub.onTransact:794 com.android.server.wm.Session.onTransact:1 android.os.Binder.execTransactInternal:1541
11-17 23:10:46.099  1643  1711 D WindowManager: updateSystemBarAttributes: displayId=0, focusedCanBeNavColorWin=false, win=Window{32c6b22 u0 com.onda.app/com.onda.app.MainActivity}, navColorWin=Window{32c6b22 u0 com.onda.app/com.onda.app.MainActivity}, caller=com.android.server.wm.DisplayPolicy.finishPostLayoutPolicyLw:17 com.android.server.wm.RootWindowContainer.applySurfaceChangesTransaction$1:194 com.android.server.wm.RootWindowContainer.performSurfacePlacementNoTrace:61
11-17 23:10:46.099  1336  1336 D SurfaceFlinger:        DEVICE |   0xb4000079df92f760 | 0001 | RGBA_8888    |    0.0    0.0 1080.0 2339.0 |    0    1 1080 2340 | com.onda.app/com.onda.app.MainActivity$_6426#19745 (2)
11-17 23:10:46.100  6802  7143 I HBD     : h [SKE_SPECIFIC] specific model[com.onda.app] loaded, 1871614 ns
11-17 23:10:46.108  1336  1336 I SurfaceFlinger: [LayerHierarchy{RequestedLayerState{ImeContainer#16 parentId=19736 relativeParentId=19744 z=1} 1 children}] RelativeParent to LayerHierarchy{RequestedLayerState{32c6b22 com.onda.app/com.onda.app.MainActivity#19744 parentId=19736} 2 children}
11-17 23:10:46.108  1336  1336 I SurfaceFlinger: [LayerHierarchy{RequestedLayerState{43baebb Splash Screen com.onda.app#19737 z=2147483647} 1 children}] reparent to OffscreenRoot
11-17 23:10:46.108  1336  1336 I SurfaceFlinger: [LayerHierarchy{RequestedLayerState{43baebb Splash Screen com.onda.app#19737 z=2147483647} 1 children}] RelativeParent to null
11-17 23:10:46.108  1336  1336 I SurfaceFlinger: [LayerHierarchy{RequestedLayerState{Splash Screen com.onda.app$_2913#19738} no children}] reparent to OffscreenRoot
11-17 23:10:46.108  1336  1336 I SurfaceFlinger: [LayerHierarchy{RequestedLayerState{Splash Screen com.onda.app$_2913#19738} no children}] RelativeParent to null
11-17 23:10:46.108  1336  1336 I SurfaceFlinger: [LayerHierarchy{RequestedLayerState{Surface(name=32c6b22 com.onda.app/com.onda.app.MainActivity)/@0xbdcdd15 - animation-leash of starting_reveal#19750} 1 children}] reparent to OffscreenRoot
11-17 23:10:46.108  1336  1336 I SurfaceFlinger: [LayerHierarchy{RequestedLayerState{Surface(name=32c6b22 com.onda.app/com.onda.app.MainActivity)/@0xbdcdd15 - animation-leash of starting_reveal#19750} 1 children}] RelativeParent to null
11-17 23:10:46.108  1336  1336 I SurfaceFlinger: [LayerHierarchy{RequestedLayerState{32c6b22 com.onda.app/com.onda.app.MainActivity#19744 parentId=19736} 2 children}] reparent to LayerHierarchy{RequestedLayerState{ActivityRecord{85e68c0 u0 com.onda.app/.MainActivity t1392}#19736 parentId=19735} 3 children}
11-17 23:10:46.108  1336  1336 I SurfaceFlinger: id=19738 Removed Splash Screen com.onda.app$_2913#19738 (143)
11-17 23:10:46.108  1336  1336 I SurfaceFlinger: id=19737 Removed 43baebb Splash Screen com.onda.app#19737 (143)
11-17 23:10:46.115  1336  1336 I SurfaceFlinger: destroyed 43baebb Splash Screen com.onda.app#19737
11-17 23:10:46.115  1336  1336 I SurfaceFlinger: destroyed Splash Screen com.onda.app$_2913#19738
11-17 23:10:46.116  1336  1336 I Layer   : id=19738 Destroyed Splash Screen com.onda.app$_2913#19738
11-17 23:10:46.116  1336  1336 I Layer   : id=19737 Destroyed 43baebb Splash Screen com.onda.app#19737
11-17 23:10:46.186  1643  2684 D MdnieScenarioControlService:  packageName : com.onda.app    className : com.onda.app.MainActivity
11-17 23:10:46.249  1643  2830 D NetdEventListenerService: DNS Requested by 119, 10402(com.onda.app), SUCCESS, 71ms
11-17 23:10:46.255  1643  2830 D NetdEventListenerService: DNS Requested by 119, 10402(com.onda.app), SUCCESS, 27ms
11-17 23:10:46.256  1643  2830 D NetdEventListenerService: DNS Requested by 119, 10402(com.onda.app), SUCCESS, 24ms
11-17 23:10:46.256  1643  2830 D NetdEventListenerService: DNS Requested by 119, 10402(com.onda.app), SUCCESS, 27ms
11-17 23:10:46.363  1643  2830 D NetdEventListenerService: DNS Requested by 119, 10402(com.onda.app), SUCCESS, 62ms
11-17 23:10:46.374  1643  2830 D NetdEventListenerService: DNS Requested by 119, 10402(com.onda.app), SUCCESS, 52ms
11-17 23:10:46.586  1643  2024 D SGM:GameManager: identifyForegroundApp. com.onda.app, mCurrentUserId: 0, callerUserId: 0
11-17 23:10:46.810  1643  5942 D SGM:GameManager: identifyGamePackage. com.onda.app, mCurrentUserId: 0, callerUserId: 0, callingMethodInfo: com.samsung.android.game.IGameManagerService$Stub.onTransact(IGameManagerService.java:228)
11-17 23:10:46.827  1643  2830 D NetdEventListenerService: DNS Requested by 119, 10402(com.onda.app), 7(NODATA), isBlocked=false, 54ms
11-17 23:10:46.828  1643  2830 D NetdEventListenerService: DNS Requested by 119, 10402(com.onda.app), SUCCESS, 55ms
11-17 23:10:46.828  1643  2830 D NetdEventListenerService: DNS Requested by 119, 10402(com.onda.app), 7(NODATA), isBlocked=false, 0ms
11-17 23:10:47.149  1643  5942 V WindowManager: Transition 1449: Set Task{89d49f9 #1392 type=standard A=10402:com.onda.app} as transient-hidden-task, caller=com.android.server.wm.Task.forAllTasks:4 com.android.server.wm.WindowContainer.forAllTasks:2 com.android.server.wm.DisplayArea.forAllTasks:9
11-17 23:10:47.149  1643  5942 V WindowManager: Collecting in transition 1449: Task{89d49f9 #1392 type=standard A=10402:com.onda.app}, caller=com.android.server.wm.Transition$$ExternalSyntheticLambda16.test:93 com.android.server.wm.Task.forAllTasks:4 com.android.server.wm.WindowContainer.forAllTasks:2 com.android.server.wm.DisplayArea.forAllTasks:9 com.android.server.wm.TransitionController.setTransientLaunch:99
11-17 23:10:47.150  1643  5942 D ActivityTaskManager: scheduleTopResumedActivityChanged, onTop=false, r=ActivityRecord{85e68c0 u0 com.onda.app/.MainActivity t1392}, caller=com.android.server.wm.ActivityTaskSupervisor.scheduleTopResumedActivityStateLossIfNeeded:11 com.android.server.wm.ActivityTaskSupervisor.updateTopResumedActivityIfNeeded:19 com.android.server.wm.TaskDisplayArea.positionChildAt:270 com.android.server.wm.Task.moveToFront:443 com.android.server.wm.ActivityStartController.startExistingRecents:201 com.android.server.wm.WindowOrganizerController.applyHierarchyOp:31
11-17 23:10:47.175  1643  2025 V WindowManager: Start calculating TransitionInfo based on participants: {Task{300af38 #1171 type=recents I=com.sec.android.app.launcher/com.android.quickstep.RecentsActivity}, TransientLaunchOverlayToken{50bb239 token=android.os.BinderProxy@fe04a00}, Task{89d49f9 #1392 type=standard A=10402:com.onda.app}, WallpaperWindowToken{926e278 token=android.os.Binder@36b27db}_<system>, ActivityRecord{c0d2f9b u0 com.sec.android.app.launcher/com.android.quickstep.RecentsActivity t1171}}
11-17 23:10:47.175  1643  2025 V WindowManager:   Final targets: [TransientLaunchOverlayToken{50bb239 token=android.os.BinderProxy@fe04a00}, Task{300af38 #1171 type=recents I=com.sec.android.app.launcher/com.android.quickstep.RecentsActivity}, Task{89d49f9 #1392 type=standard A=10402:com.onda.app}, WallpaperWindowToken{926e278 token=android.os.Binder@36b27db}_<system>]
11-17 23:10:47.177  1643  2025 D WindowManager: setActiveRecents, recents=ActivityRecord{c0d2f9b u0 com.sec.android.app.launcher/com.android.quickstep.RecentsActivity t1171}, task=Task{89d49f9 #1392 type=standard A=10402:com.onda.app}, caller=com.android.server.wm.InputMonitor.setActiveRecents:32 com.android.server.wm.Transition.handleLegacyRecentsStartBehavior:107 com.android.server.wm.Transition.onTransactionReady:2212
11-17 23:10:47.177  1643  2025 V WindowManager:         {WCT{RemoteToken{26b9f08 Task{89d49f9 #1392 type=standard A=10402:com.onda.app}}} m=TO_BACK f=NONE leash=Surface(name=Task=1392)/@0x9ce0d25 sb=Rect(0, 0 - 1080, 2340) eb=Rect(0, 0 - 1080, 2340) d=0 taskParent=-1 inset=Rect(0, 99 - 0, 144) dim=true},
11-17 23:10:47.184  3422  3422 I HoneySpace.GestureEventController: SetGestureTaskList, SendGestureTaskList(taskList=[[#1392=com.onda.app]], initPosition=0, runningTaskId=1392, showAnimStartPosition=0, isLeashTargetCenter=true, forSimple=true)
11-17 23:10:47.184  3422  3422 I HoneySpace.GestureEventController: SetGestureTaskList, SendGestureTaskList(taskList=[[#1392=com.onda.app]], initPosition=0, runningTaskId=1392, showAnimStartPosition=0, isLeashTargetCenter=true, forSimple=false)
11-17 23:10:47.185  3422  3422 I HoneySpace.TaskListViewModel: groupTasks: [[#1392=com.onda.app]]
11-17 23:10:47.186  3422  3422 I HoneySpace.TaskAdapter: attach [position: 0], taskData size: 1, item: ComponentInfo{com.onda.app/com.onda.app.MainActivity}, animReady: 4, firstBindingComplete: 4, view: a3b89f9
11-17 23:10:47.186  3422  6247 I HoneySpace.TaskDataRepositoryImpl: Request icon and label, id=1392, iconAndLabel: IconAndLabel(icon=android.graphics.Bitmap@992d749, label=Onda), componentKey: com.onda.app/.MainActivity#UserHandle{0}
11-17 23:10:47.191  3422  6247 I HoneySpace.SuggestedItemsFacade: DPS items : Onda, com.onda.app/.MainActivity#UserHandle{0}
11-17 23:10:47.192  3422  6247 I HoneySpace.FilteredItemProvider: collect filtered items o, [PK(p='com.onda.app', u=UserHandle{0})]
11-17 23:10:47.192  3422  6247 I HoneySpace.SuggestedItemsFacade: filteredItem : PK(p='com.onda.app', u=UserHandle{0})
11-17 23:10:47.192  3422  6247 I HoneySpace.SuggestedItemsFacade: item removed by filter - PK(p='com.onda.app', u=UserHandle{0})
11-17 23:10:47.195  3422  3422 I HoneySpace.TaskAdapter: attach [position: 0], taskData size: 1, item: ComponentInfo{com.onda.app/com.onda.app.MainActivity}, animReady: 4, firstBindingComplete: 4, view: 1e707ea
11-17 23:10:47.199  3422 32099 I HoneySpace.TaskDataRepositoryImpl: Request icon and label, id=1392, iconAndLabel: IconAndLabel(icon=android.graphics.Bitmap@992d749, label=Onda), componentKey: com.onda.app/.MainActivity#UserHandle{0}
11-17 23:10:47.203  1643  2020 V WindowManager:         {WCT{RemoteToken{26b9f08 Task{89d49f9 #1392 type=standard A=10402:com.onda.app}}} m=TO_BACK f=NONE leash=Surface(name=Task=1392)/@0x9ce0d25 sb=Rect(0, 0 - 1080, 2340) eb=Rect(0, 0 - 1080, 2340) d=0 taskParent=-1 inset=Rect(0, 99 - 0, 144) dim=true},
11-17 23:10:47.206  1336  1481 D RenderEngine: [SEC_SF_EFFECTS] drawLayersInternal,1299, Rendering layer com.onda.app/com.onda.app.MainActivity$_6426#19745 at index 1
11-17 23:10:47.213  1643  2880 D WindowManager: Changing focus from Window{32c6b22 u0 com.onda.app/com.onda.app.MainActivity} to Window{a24f455 u0 com.sec.android.app.launcher/com.android.quickstep.RecentsActivity} displayId=0 Callers=com.android.server.wm.ActivityTaskManagerService.setLastResumedActivityUncheckLocked:264 com.android.server.wm.ActivityTaskManagerService.setFocusedTask:20 com.android.server.wm.ActivityTaskManagerService.focusTopTask:52 android.app.IActivityTaskManager$Stub.onTransact:1865
11-17 23:10:47.218  1643  2880 D WindowManager: updateSystemBarAttributes: displayId=0, focusedCanBeNavColorWin=false, win=Window{a24f455 u0 com.sec.android.app.launcher/com.android.quickstep.RecentsActivity}, navColorWin=Window{32c6b22 u0 com.onda.app/com.onda.app.MainActivity}, caller=com.android.server.wm.WindowManagerService.updateFocusedWindowLocked:375 com.android.server.wm.ActivityTaskManagerService.setLastResumedActivityUncheckLocked:264 com.android.server.wm.ActivityTaskManagerService.setFocusedTask:20
11-17 23:10:47.242  1336  1336 D SurfaceFlinger:        CLIENT |   0xb4000079df931140 | 0001 | RGBA_8888    |    0.0    4.0 1079.0 2334.0 |    0    0 1079 2340 | com.onda.app/com.onda.app.MainActivity$_6426#19745 (4)
11-17 23:10:47.244  1643  2880 D InputDispatcher: Focus left window (0): 32c6b22 com.onda.app/com.onda.app.MainActivity
11-17 23:10:47.416  1643  2830 D NetdEventListenerService: DNS Requested by 119, 10402(com.onda.app), SUCCESS, 36ms
11-17 23:10:47.549  1336  1481 D RenderEngine: [SEC_SF_EFFECTS] drawLayersInternal,1299, Rendering layer com.onda.app/com.onda.app.MainActivity$_6426#19745 at index 1
11-17 23:10:47.571  1643  1711 V WindowManager: Setting visibility of Window{32c6b22 u0 com.onda.app/com.onda.app.MainActivity}: false, caller=com.android.server.wm.WindowContainer.sendAppVisibilityToClients:19 com.android.server.wm.WindowToken.setClientVisible:49 com.android.server.wm.ActivityRecord.setClientVisible:8 com.android.server.wm.ActivityRecord.commitVisibility:273 com.android.server.wm.TransitionController.finishTransition:766
11-17 23:10:47.575  1643  3100 V WindowManager: Relayout Window{32c6b22 u0 com.onda.app/com.onda.app.MainActivity}: viewVisibility=8 req=1080x2340 ty=1 d0
11-17 23:10:47.576  1336  1336 D SurfaceFlinger:        CLIENT |   0xb4000079df931140 | 0001 | RGBA_8888    |    1.0  100.0 1079.0 2194.0 |  198  338  881 1667 | com.onda.app/com.onda.app.MainActivity$_6426#19745 (4)
11-17 23:10:47.578  1336  1336 I SurfaceFlinger: Layer [ActivityRecord{85e68c0 u0 com.onda.app/.MainActivity t1392}#19736] hidden!! flag(1)
11-17 23:10:47.578  1336  1336 I SurfaceFlinger: Layer [com.onda.app/com.onda.app.MainActivity$_6426#19745] hidden!! flag(1)
11-17 23:10:47.586  6426  6426 D VRI[MainActivity]@dd94efd: WindowStopped on com.onda.app/com.onda.app.MainActivity set to true
11-17 23:10:47.590  1643  5942 V WindowManager: Relayout Window{32c6b22 u0 com.onda.app/com.onda.app.MainActivity}: viewVisibility=8 req=1080x2340 ty=1 d0
11-17 23:10:47.601  1643  1711 E WindowManager: win=Window{32c6b22 u0 com.onda.app/com.onda.app.MainActivity} destroySurfaces: appStopped=true cleanupOnResume=false win.mWindowRemovalAllowed=false win.mRemoveOnExit=false win.mViewVisibility=8 caller=com.android.server.wm.ActivityRecord.destroySurfaces:25 com.android.server.wm.ActivityRecord.activityStopped:204 com.android.server.wm.ActivityClientController.activityStopped:95 android.app.IActivityClientController$Stub.onTransact:722 com.android.server.wm.ActivityClientController.onTransact:1 android.os.Binder.execTransactInternal:1541 android.os.Binder.execTransact:1480
11-17 23:10:47.601  1643  1711 I WindowManager: Destroying surface Surface(name=com.onda.app/com.onda.app.MainActivity$_6426)/@0xdeded9e called by com.android.server.wm.WindowStateAnimator.destroySurface:11 com.android.server.wm.WindowStateAnimator.destroySurfaceLocked:54 com.android.server.wm.WindowState.destroySurfaceUnchecked:5 com.android.server.wm.WindowState.destroySurface:126 com.android.server.wm.ActivityRecord.destroySurfaces:25 com.android.server.wm.ActivityRecord.activityStopped:204 com.android.server.wm.ActivityClientController.activityStopped:95 android.app.IActivityClientController$Stub.onTransact:722
11-17 23:10:47.603  1643  2021 D PkgPredictorService-SecIpmManagerServiceImpl: bg information pid:6426 uid:10402 pkgName:com.onda.app
11-17 23:10:47.605  1643  2024 D SGM:FgCheckThread: pkgName: com.onda.app is not in foreground
11-17 23:10:47.605  1643  2024 D SGM:FgCheckThread: noteStopComponent(), received pkgName: com.onda.app, focusedPkgName: com.sec.android.app.launcher, userId: 0
11-17 23:10:47.607  1336  1336 I SurfaceFlinger: [LayerHierarchy{RequestedLayerState{com.onda.app/com.onda.app.MainActivity$_6426#19745} no children}] reparent to OffscreenRoot
11-17 23:10:47.607  1336  1336 I SurfaceFlinger: [LayerHierarchy{RequestedLayerState{com.onda.app/com.onda.app.MainActivity$_6426#19745} no children}] RelativeParent to null
11-17 23:10:47.608  1336  1336 I SurfaceFlinger: id=19745 Removed com.onda.app/com.onda.app.MainActivity$_6426#19745 (143)
11-17 23:10:47.615  1336  1336 I SurfaceFlinger: destroyed com.onda.app/com.onda.app.MainActivity$_6426#19745
11-17 23:10:47.616  1336  1336 I Layer   : id=19745 Destroyed com.onda.app/com.onda.app.MainActivity$_6426#19745
11-17 23:10:48.174  1643  5753 D CoreBackPreview: Window{32c6b22 u0 com.onda.app/com.onda.app.MainActivity}: Setting back callback null
11-17 23:10:48.175  1643  2024 I ActivityManager: Killing 6426:com.onda.app/u0a402 (adj 850): remove task
11-17 23:10:48.228  1643  5937 W ActivityManager: Scheduling restart of crashed service com.onda.app/org.chromium.content.app.SandboxedProcessService0:0 in 1000ms for connection
11-17 23:10:48.236  1643  2669 D ConnectivityService: releasing NetworkRequest [ REQUEST id=7617, [ Capabilities: INTERNET&NOT_RESTRICTED&TRUSTED&NOT_VCN_MANAGED&NOT_BANDWIDTH_CONSTRAINED Uid: 10402 RequestorUid: 10402 RequestorPkg: com.onda.app UnderlyingNetworks: Null] ] (release request)
11-17 23:10:48.236  1643  5941 I WindowManager: WIN DEATH: Window{32c6b22 u0 com.onda.app/com.onda.app.MainActivity}
11-17 23:10:48.237  1643  5941 W InputManager-JNI: Input channel object '32c6b22 com.onda.app/com.onda.app.MainActivity (client)' was disposed without first being removed with the input manager!
11-17 23:10:48.237  1643  5941 V WindowManager: Remove Window{32c6b22 u0 com.onda.app/com.onda.app.MainActivity}: mSurfaceController=null mAnimatingExit=false mRemoveOnExit=false mHasSurface=false surfaceShowing=false animating=false app-animation=false mDisplayFrozen=false callers=com.android.server.wm.Session.binderDied:118 android.os.IBinder$DeathRecipient.binderDied:339 android.os.BinderProxy.sendDeathNotice:794 <bottom of call stack> <bottom of call stack> <bottom of call stack>
11-17 23:10:48.242  1336  1446 I SurfaceFlinger: id=19741 Removed 83023f2 ActivityRecordInputSink com.onda.app/.MainActivity#19741 (146)
11-17 23:10:48.246  1643  2550 W UsageStatsService: Unexpected activity event reported! (com.onda.app/com.onda.app.MainActivity event : 23 instanceId : 119049534)
11-17 23:10:48.246  1643  2024 D SGM:FgCheckThread: pkgName: com.onda.app is not in foreground
11-17 23:10:48.246  1643  2024 D SGM:FgCheckThread: noteStopComponent(), received pkgName: com.onda.app, focusedPkgName: com.sec.android.app.launcher, userId: 0
11-17 23:10:48.248  1336  1336 I SurfaceFlinger: [LayerHierarchy{RequestedLayerState{32c6b22 com.onda.app/com.onda.app.MainActivity#19744} no children}] reparent to OffscreenRoot
11-17 23:10:48.248  1336  1336 I SurfaceFlinger: [LayerHierarchy{RequestedLayerState{32c6b22 com.onda.app/com.onda.app.MainActivity#19744} no children}] RelativeParent to null
11-17 23:10:48.248  1336  1336 I SurfaceFlinger: id=19744 Removed 32c6b22 com.onda.app/com.onda.app.MainActivity#19744 (147)
11-17 23:10:48.256  1336  1336 I SurfaceFlinger: destroyed 32c6b22 com.onda.app/com.onda.app.MainActivity#19744
11-17 23:10:48.256  1336  1336 I SurfaceFlinger: [LayerHierarchy{RequestedLayerState{ActivityRecord{85e68c0 u0 com.onda.app/.MainActivity t1392}#19736} 1 children}] reparent to OffscreenRoot
11-17 23:10:48.256  1336  1336 I SurfaceFlinger: [LayerHierarchy{RequestedLayerState{ActivityRecord{85e68c0 u0 com.onda.app/.MainActivity t1392}#19736} 1 children}] RelativeParent to null
11-17 23:10:48.256  1336  1336 I Layer   : id=19744 Destroyed 32c6b22 com.onda.app/com.onda.app.MainActivity#19744
11-17 23:10:48.256  1336  1336 I SurfaceFlinger: id=19736 Removed ActivityRecord{85e68c0 u0 com.onda.app/.MainActivity t1392}#19736 (146)
11-17 23:10:48.264  1336  1336 I SurfaceFlinger: destroyed 83023f2 ActivityRecordInputSink com.onda.app/.MainActivity#19741
11-17 23:10:48.264  1336  1336 I SurfaceFlinger: destroyed ActivityRecord{85e68c0 u0 com.onda.app/.MainActivity t1392}#19736
11-17 23:10:48.265  1336  1336 I Layer   : id=19741 Destroyed 83023f2 ActivityRecordInputSink com.onda.app/.MainActivity#19741
11-17 23:10:48.265  1336  1336 I Layer   : id=19736 Destroyed ActivityRecord{85e68c0 u0 com.onda.app/.MainActivity t1392}#19736
11-17 23:10:49.558  1336  3076 I SurfaceFlinger: id=19750 Removed Surface(name=32c6b22 com.onda.app/com.onda.app.MainActivity)/@0xbdcdd15 - animation-leash of starting_reveal#19750 (145)
11-17 23:10:49.564  1336  1336 I SurfaceFlinger: destroyed Surface(name=32c6b22 com.onda.app/com.onda.app.MainActivity)/@0xbdcdd15 - animation-leash of starting_reveal#19750
11-17 23:10:49.565  1336  1336 I Layer   : id=19750 Destroyed Surface(name=32c6b22 com.onda.app/com.onda.app.MainActivity)/@0xbdcdd15 - animation-leash of starting_reveal#19750
11-17 23:20:00.806  1643  5912 I Pageboost: start alp : com.onda.app
11-17 23:20:00.807  1643  2879 I Pageboost: alp for : com.onda.app , 0
11-17 23:20:00.822  2913  3086 D ShellStartingWindow: preload Icon com.onda.app
11-17 23:20:00.823  1643  2058 I ActivityManager: Start proc 6972:com.onda.app/u0a402 for activelaunch {com.onda.app/com.onda.app.MainActivity}
11-17 23:20:00.823  1643  2058 D DynamicHiddenApp_BGProtectManager: [SecIpm] it's a ML_TYPE_EMPTYPROCESS protected process com.onda.app
11-17 23:20:00.837  6972  6972 I com.onda.app: Using CollectorTypeCC GC.
11-17 23:20:00.839  6972  6972 E com.onda.app: Not starting debugger since process cannot load the jdwp agent.
11-17 23:20:00.856  6972  6972 D nativeloader: Configuring clns-7 for other apk /data/app/~~-KyIj1LOPbhpV7yGBSSeSw==/com.onda.app-_1macvq7UzTp-DHjuk2wOw==/base.apk. target_sdk_version=34, uses_libraries=, library_path=/data/app/~~-KyIj1LOPbhpV7yGBSSeSw==/com.onda.app-_1macvq7UzTp-DHjuk2wOw==/lib/arm64, permitted_path=/data:/mnt/expand:/data/user/0/com.onda.app
11-17 23:20:01.249  3422  3422 I HoneySpace.QuickOptionPopup: Inflate QuickOption view: App(item=id:2009 label:Onda componnet:com.onda.app/.MainActivity#UserHandle{0} badgeCount:0  drag:false iconState:NONE, pageRank=6, rank=1, dragged=false, hasReservedPosition=false) , Shortcut Count: 0 ,Notification Count: 0, Title: null
11-17 23:20:02.976 32048 32048 I UninstallerActivity: Uninstalling extras=Bundle[{com.android.packageinstaller.extra.IS_CLONE_APP=false, com.android.packageinstaller.extra.APP_LABEL=Onda, com.android.packageinstaller.applicationInfo=ApplicationInfo{42e1622 com.onda.app}, android.intent.extra.UNINSTALL_ALL_USERS=false, com.android.packageinstaller.extra.UNINSTALL_ID=-2147483635}]
11-17 23:20:02.980  1643  2908 I PackageManager: pkg{com.onda.app}, user{0}, caller{10069} flags{0}
11-17 23:20:02.985  1643  2057 I ActivityManager: Force stopping com.onda.app appid=10402 user=0: deletePackageX
11-17 23:20:02.985  1643  2123 I AppsFilter: interaction: PackageSetting{6a71a83 com.onda.life/10336} -> PackageSetting{c841569 com.onda.app/10402} BLOCKED
11-17 23:20:02.985  1643  2057 I ActivityManager: Killing 6972:com.onda.app/u0a402 (adj 850): stop com.onda.app due to deletePackageX
11-17 23:20:02.993  1643  2057 D ActivityManager: proc ProcessRecord{42e3eb9 6972:com.onda.app/u0a402} already removed. so we skip next process.
11-17 23:20:03.006  1643  5926 V ActivityManager: Got obituary of 6972:com.onda.app
11-17 23:20:03.192  1643  2123 D PackageManager: isLocaleOptimizedPackage() -  Non optimized app: com.onda.app. Proceed with normal install
11-17 23:20:03.213  1643  2123 D AASA_PackageManager_RESTRICTED: Uninstall : userId = 0, info.uid = 10402, packageName = com.onda.app
11-17 23:20:03.242 32048 32048 I UninstallFinish: Uninstall finished extras=Bundle[{android.content.pm.extra.STATUS=0, com.android.packageinstaller.extra.IS_CLONE_APP=false, android.content.pm.extra.PACKAGE_NAME=com.onda.app, com.android.packageinstaller.extra.APP_LABEL=Onda, com.android.packageinstaller.applicationInfo=Supplier{VAL_PARCELABLE@516+1320}, android.intent.extra.UNINSTALL_ALL_USERS=false, android.content.pm.extra.LEGACY_STATUS=1, com.android.packageinstaller.extra.UNINSTALL_ID=-2147483635, android.content.pm.extra.STATUS_MESSAGE=DELETE_SUCCEEDED}]
11-17 23:20:03.243  1643  2123 I ActivityManager: Force stopping com.onda.app appid=10402 user=0: pkg removed
11-17 23:20:03.262  1643  2123 I ActivityManager: Force stopping com.onda.app appid=10402 user=0: pkg removed
11-17 23:20:03.283  1643  2538 D OverlayManager: onPackageRemoved: pkgName = [com.onda.app], userId = [0], packageHidden = [false]
11-17 23:20:03.283  1643  2538 I OverlayManager: updateOverlaysForTarget() called with: targetPackage = [com.onda.app], userId = [0], flags = [0]
11-17 23:20:03.286  1643  2740 D ShortcutService: removing package: com.onda.app userId0
11-17 23:20:03.287  1643  2696 D AS.AudioService: com.onda.app(10402) is removed
11-17 23:20:03.289  2878  2878 D CarrierSvcBindHelper: onPackageRemoved: com.onda.app
11-17 23:20:03.292  1643  2654 W WifiService: Couldn't get PackageInfo for package:com.onda.app
11-17 23:20:03.292  1643  2654 D WifiService: Remove settings for package:com.onda.app
11-17 23:20:03.295  3833  3911 I PackageInfoManager_FLP: action : ACTION_PACKAGE_REMOVED, packageName = com.onda.app
11-17 23:20:03.298  2878  2878 I VvmPkgInstalledRcvr: packageName: com.onda.app, systemDialer: com.samsung.android.dialer
11-17 23:20:03.299  1643  2654 D WifiConfigManager: Remove all networks for app ApplicationInfo{afca724 com.onda.app}
11-17 23:20:03.301  1643  2615 V StorageManagerService: Package com.onda.app does not have legacy storage
11-17 23:20:03.302  1643  2550 D UsageStatsService: onPackageRemoved com.onda.app
11-17 23:20:03.306  1643  2696 D SGM:GameManager: identifyGamePackage. com.onda.app, mCurrentUserId: 0, callerUserId: 0, callingMethodInfo: com.samsung.android.game.SemGameManager.isGamePackage(SemGameManager.java:105)
11-17 23:20:03.306  1643  2696 D SGM:SemGameManager: isGamePackage(), pkgName=com.onda.app, ret=false
11-17 23:20:03.323  1643  2654 I PasspointManager: No app ops listener found for com.onda.app
11-17 23:20:03.334  2878  2878 I VvmPkgInstalledRcvr:  NOT contains : com.onda.app
11-17 23:20:03.339  2878  2878 I VvmPkgInstalledRcvr:  NOT contains : com.onda.app
11-17 23:20:03.375  2913  2913 D Navbar.Store: handleEvent(0) OnPackageRemoved(packageName=com.onda.app) [Module] NavBarStoreImpl
11-17 23:20:03.389  1643  2578 D SEP_UNION_SemDeviceInfoManagerService: Package com.onda.app is removed on User 0
11-17 23:20:03.390  1643  2553 I RollbackManager: broadcast=ACTION_PACKAGE_FULLY_REMOVED pkg=com.onda.app
11-17 23:20:03.394  2913  2913 D KeyguardShortcutManager: onReceive : Intent.EXTRA_REPLACING false, com.onda.app
11-17 23:20:03.394  1643  2654 W WifiService: Couldn't get PackageInfo for package:com.onda.app
11-17 23:20:03.394  1643  2654 D WifiService: Remove settings for package:com.onda.app
11-17 23:20:03.394  1643  2654 D WifiConfigManager: Remove all networks for app ApplicationInfo{1dd7508 com.onda.app}
11-17 23:20:03.394  1643  2654 I PasspointManager: No app ops listener found for com.onda.app
11-17 23:20:03.402  2913  2913 D SecSTQuickControlRequestReceiver: onReceiveForPackage action = android.intent.action.PACKAGE_REMOVED, pkgName = com.onda.app
11-17 23:20:03.405  1643  1643 D SdpManagerImpl.receiver: On android.intent.action.PACKAGE_REMOVED : DATA = package:com.onda.app, UID = 10402, UserId = 0, Is replacing? false
11-17 23:20:03.405  1643  1643 D SdpManagerImpl.receiver: ACTION_PACKAGE_REMOVED packageName:: com.onda.app
11-17 23:20:03.405  1643  3145 D SdpManagerImpl: handlePackageRemoved - PackageName : com.onda.app, UserId : 0
11-17 23:20:03.406  1643  2681 D LocationManagerService: package com.onda.app reset
11-17 23:20:03.410  1643  1643 I Telecom : CarModeTracker: Package com.onda.app is not tracked.: SSH.oR@G4c
11-17 23:20:03.414  1643  2879 I Pageboost: remove app @ runtime : com.onda.app
11-17 23:20:03.429  1643  1643 D EnterpriseLicenseService: isPackageInstalled() - com.onda.app not found in user 0
11-17 23:20:03.458 22721 22721 I Finsky  : [2] AIM: AppInfoCacheUpdater -> invalidating apps: [com.onda.app]
11-17 23:20:03.474 22721 22804 I Finsky  : [208] AIM: AppInfoManager-Perf > OnDeviceAppInfo > cacheHitCount=0, cacheMissCount=1. Missed  in cache (limit 10) : [com.onda.app]
11-17 23:20:03.487  1643  7062 I Telecom : SamsungTelecomServiceImpl : clearAccounts - packageName : com.onda.app / callingPid : 1643 / processName : sts / callingUser : UserHandle{0}
11-17 23:20:03.523 22721  7075 I Finsky  : [350] Asset module storage cleared for package com.onda.app.
11-17 23:20:03.577 22721 22809 I Finsky  : [211] AIM: AppInfoManager-Perf > OnDeviceAppInfo > cacheHitCount=0, cacheMissCount=1. Missed  in cache (limit 10) : [com.onda.app]
11-17 23:20:03.623  1643  1643 I ConditionProviders: Disallowing condition provider com.onda.app (userSet: true)
11-17 23:20:03.626  2913  2913 I GoodLockLifecycle: onPackageRemoved: com.onda.app
11-17 23:20:03.627  2913  2913 D FaceWidgetMusicViewModel: onPackageRemoved() pkg = com.onda.app, r = false
11-17 23:20:03.647 22721 22721 W Finsky  : [2] STU: Failed to get storage stats for package 'com.onda.app' (1601: Error getting stats: android.content.pm.PackageManager.NameNotFoundException)
11-17 23:20:03.657  5106  5439 W DMASA[S]: [LOGWING][b]Get package version failed : com.onda.app
11-17 23:20:03.675 32185  7106 I ENTM:Systemprocess: handlePackageRemoved().pkgName: com.onda.app
11-17 23:20:03.675 32185  7106 I ENTM:Systemprocess: checkELMActivationForPackageRemoved().START - com.onda.app
11-17 23:20:03.693  6676  6944 I ProximityAuth: [RecentAppsMediator] Package removed: (user=UserHandle{0}) com.onda.app
11-17 23:20:03.701 32185  7106 I ENTM:Systemprocess: checkKLMActivationForPackageRemoved().START - com.onda.app
11-17 23:20:03.712 32185  7106 I ENTM:DataBaseUtils: isSameTrackerIdInDeviceDB().START: com.onda.app
11-17 23:20:03.782  5010  6945 W RWIPackageIntentOps: Registries cleared for package: com.onda.app
11-17 23:20:03.827  5070  5695 D MediaProvider: Deleted 0 Android/media items belonging to com.onda.app on /data/user/0/com.google.android.providers.media.module/databases/external.db
11-17 23:20:03.857  5010 32209 I Icing   : doRemovePackageData com.onda.app
11-17 23:20:03.873 32306 32306 D PersistedStoragePackageUninstalledReceiver: Received android.intent.action.PACKAGE_FULLY_REMOVED for com.onda.app for u0
11-17 23:20:03.887  5070  5695 I FuseDaemon: Successfully deleted rows in leveldb for owner_id:  and ownerPackageIdentifier: com.onda.app::0
11-17 23:20:03.898  5070  5695 D MediaGrants: Removed 0 media_grants for 0 user for [com.onda.app]. Reason: Package orphaned
11-17 23:20:03.907  5010  6948 W SQLiteLog: (28) double-quoted string literal: "com.onda.app"
11-17 23:20:03.959  7110  7110 I FILP/PackageIntentReceiver: pkgName : com.onda.app
11-17 23:20:03.998  7110  7151 I FILP/FilterInstaller: removeFromFS : com.onda.app, cursor size : 0
11-17 23:20:04.017  7110  7151 I FILP/FilterInstaller: Delete all filter DB result : com.onda.app, 0
11-17 23:20:04.029  7110  7151 I FILP/FilterInstaller: Delete filter DB result : com.onda.app, 0
11-17 23:20:04.029  7110  7151 I FILP/FilterInstaller: Delete my filter DB result : com.onda.app, 0
11-17 23:20:04.030  7110  7151 I FILP/FilterInstaller: uninstallFilters mPackageName: com.onda.app
11-17 23:20:04.194  7150  7150 I Finsky:background: [2] Package no longer installed: com.onda.app
11-17 23:20:04.199  7150  7150 I Finsky:background: [2] Package no longer installed: com.onda.app
11-17 23:20:04.572  7207  7207 I DWBh    : onPackageDeleted : com.onda.app
11-17 23:20:04.627  2913  7623 I TileConfigurationStore: updatePackageDataChange : com.onda.app, type = 2, tileType = 1
11-17 23:20:04.628  2913  7623 I TileConfigurationStore: updatePackageDataChange : Complication Tile com.onda.app, type = 2
11-17 23:20:04.628  2913  7623 I AppWidgetDataProvider:  updatePackageChangeData type  1 , pack type 2  ,  pkg com.onda.app
11-17 23:20:04.653  7207  7286 I DWBa    : couldn't find com.onda.app
11-17 23:20:04.977  7295  7317 I LockContentProvider: before profileData Id : 0, removePkg:com.onda.app, enabledWidgetIdList:{}
11-17 23:20:05.271  1643  2054 I SGM:GameManager: PkgUpdateReceiver, onPackageRemoved(). pkgName=com.onda.app, userId=0
11-17 23:20:05.271  1643  2054 W SGM:Util: isPkgInstalled(), com.onda.app does not exist.
11-17 23:20:05.271  1643  2054 D SGM:Util: isPkgInstalled(). pkgName=com.onda.app, userId=0, installed=false
11-17 23:20:05.271  1643  2054 D SGM:GosNotifyThread: sendPackageMessage(), changeType=1, pkgName=com.onda.app, userHandleId=0
11-17 23:20:05.272  1643  2054 D MetaDataCollector: onReceive: done pkgName=com.onda.app
11-17 23:20:05.356  1643  2054 I SettingsProvider: onPackageRemoved (userId 0) PackageName = com.onda.app
11-17 23:20:05.760  1643  2054 I CredentialManager: updateProvidersWhenPackageRemoved)pkg=com.onda.app (0)
11-17 23:20:05.763  1643  2054 D LauncherAppsService: Calling onPackageRemoved: com.onda.app, EXTRA_REPLACING: false
11-17 23:20:05.763  1643  2054 D LauncherAppsService: Calling onPackageRemoved: com.onda.app, listener: com.google.android.as(UserHandle{0}, 5083)
11-17 23:20:05.763  1643  2054 D LauncherAppsService: Calling onPackageRemoved: com.onda.app, listener: com.sec.android.app.launcher(UserHandle{0}, 3422)
11-17 23:20:05.764  1643  2054 D LauncherAppsService: Calling onPackageRemoved: com.onda.app, listener: com.android.systemui(UserHandle{0}, 2913)
11-17 23:20:05.764  5083  5559 D LauncherApps: onPackageRemoved 0,com.onda.app
11-17 23:20:05.764  1643  2054 D LauncherAppsService: Calling onPackageRemoved: com.onda.app, listener: android(UserHandle{0}, 1643)
11-17 23:20:05.764  1643  2054 D LauncherApps: onPackageRemoved 0,com.onda.app
11-17 23:20:05.764  2913  2935 D LauncherApps: onPackageRemoved 0,com.onda.app
11-17 23:20:05.764  3422  3422 I HoneySpace.PackageOperationTracker: onPackageRemoved - com.onda.app UserHandle{0}
11-17 23:20:05.766  3422  3422 I HoneySpace.PackageChangedCallbackImpl: onPackageRemoved: com.onda.app / UserHandle{0}
11-17 23:20:05.769  3422  3553 I HoneySpace.IconCache: remove icon cache & DB : com.onda.app UserHandle{0}
11-17 23:20:05.769  3422  3553 I HoneySpace.IconCache: removeSpecificIconDb: com.onda.app UserHandle{0}
11-17 23:20:05.790  3422  3422 I HoneySpace.HoneySpaceManagerContainer: refreshHoneyPlugin, packageName: com.onda.app
11-17 23:20:05.791  3422 15267 I HoneySpace.HoneySpacePackageSourceImpl: Package removed : com.onda.app
11-17 23:20:05.792  3422 15267 I SearchableManager: removeDynamicSearchable: com.onda.app
11-17 23:20:05.792  3422 15267 I SearchableManager: invalidate: com.onda.app
11-17 23:20:05.793  3422  3422 I HoneySpace.PackageEventHandler: Package removed : [com.onda.app/.MainActivity#UserHandle{0}]
11-17 23:20:05.797  3422  3422 I HoneySpace.DataCache: deleteItem : id=2009, title=Onda, type=APP, containerType=ITEM_GROUP, containerId=20, x=-1, y=-1, rank=1, spanX=-1, spanY=-1, scale=1.0component=com.onda.app/.MainActivity, profileId=0, intent=null, restored=0, hidden=UNHIDDEN, appWidgetId=-1, options=0, refPackageName=null (appList) package removed
11-17 23:20:05.798  3422  5747 I HoneySpace.DataCache: delete item : (appList) package removed - APP / 2009 / Onda / com.onda.app/.MainActivity / -1 / 0
11-17 23:20:06.194  3422  3556 I SearchEngineAppSuggestion: package removed: com.onda.app
11-17 23:20:15.714  1643  2528 I PackageInformation: com.onda.app ::20250714::20250713
11-17 23:20:15.727 22721 22721 I Finsky  : [2] VerifyApps: Install-time verification requested for package com.onda.app, PackageManager id = 18, Verifier id = fc3175d6-5d00-4508-9473-415869d8b369
11-17 23:20:15.749 22721  7690 I Finsky  : [363] VerifyApps: Anti-malware verification task started for package=com.onda.app
11-17 23:20:15.795 22721 22801 I Finsky  : [205] VerifyApps: Starting APK Analysis scan for com.onda.app.
11-17 23:20:15.796 22721 22801 I Finsky  : [205] Scanning package com.onda.app contents with client side protections. File: [fomhywwLtX9F7AH83YzUpaWBHJ5WahbU_ToW1mfZ_Lc]
11-17 23:20:15.912  7848  7880 I GOS:GameServiceReceiver:  PkgInstallStarted for com.onda.app UserID : 0
11-17 23:20:15.989  7848  7897 W GOS:PackageUtil: isPackageInstalledAsUser(). Exception: android.content.pm.PackageManager$NameNotFoundException: com.onda.app
11-17 23:20:15.989  7848  7897 I GOS:GameIntentService: onPackageChanged(). extras: Bundle[{changeType=2, userId=0, type=15, packageName=com.onda.app}]
11-17 23:20:15.989  7848  7897 I GOS:GameIntentService: onPackageChanged(). changeType(INSTALL_STARTED), pkgName(com.onda.app), UserHandle(0), userId(0), Installed(false)
11-17 23:20:15.991  7848  7897 W GOS:PackageUtil: isPackageInstalledAsUser(). Exception: android.content.pm.PackageManager$NameNotFoundException: com.onda.app
11-17 23:20:16.022 22721 22797 I Finsky  : [201] VerifyApps: APK Analysis scan finished for com.onda.app. Verdict: SAFE
11-17 23:20:16.513 22721  7101 I Finsky  : [359] VerifyApps: Verification package=com.onda.app, id=18, response=9, upload_requested=false, enable_ecm=true
11-17 23:20:24.690 22721 22801 I Finsky  : [205] VerifyApps: waiting for app installation for com.onda.app
11-17 23:20:24.711  1643  2528 I PackageManager:           pkg{com.onda.app}
11-17 23:20:24.714 22721 22721 I Finsky  : [2] VerifyApps: Install-time verification complete: id=18, package_name=com.onda.app
11-17 23:20:24.778  1643  2123 D ApplicationPolicy: getApplicationStateEnabled : pkg = com.onda.app userId : 0
11-17 23:20:24.780  1643  2123 D PermissionService: setAllowlistedRestrictedPermissionsUnchecked called for package - com.onda.app
11-17 23:20:24.780  1643  2123 D PermissionService: updateAdminPermissionsInternalcom.onda.app
11-17 23:20:24.922  1643  2123 I ArtService: Adjusting the compiler filter for 'com.onda.app' from 'speed-profile' to 'verify' because there is no valid profile
11-17 23:20:25.038  7012  7018 I artd    : GetBestInfo: /data/app/~~Z_Xp6shDFuOyXMuxg1zZ1A==/com.onda.app-bfSyqSIMhLYBSnibJ7B8Fg==/base.apk has no usable artifacts
