11-18 09:59:35.601  1643  3124 V WindowManager: Collecting in transition 1794: ActivityRecord{279b9b0 u0 com.onda.app/.MainActivity t1464}, caller=com.android.server.wm.TransitionController.collect:7 com.android.server.wm.ActivityRecord.setVisibility:189 com.android.server.wm.TaskFragment.resumeTopActivity:1735 com.android.server.wm.Task.resumeTopActivityInnerLocked:98 com.android.server.wm.Task.resumeTopActivityUncheckedLocked:23
11-18 09:59:35.601  1643  3124 V WindowManager: Setting visibility of Window{a231e87 u0 com.onda.app/com.onda.app.MainActivity}: true, caller=com.android.server.wm.WindowContainer.sendAppVisibilityToClients:19 com.android.server.wm.WindowToken.setClientVisible:49 com.android.server.wm.ActivityRecord.setVisibility:392 com.android.server.wm.TaskFragment.resumeTopActivity:1735 com.android.server.wm.Task.resumeTopActivityInnerLocked:98
11-18 09:59:35.602  1643  3124 D SGM:FgCheckThread:   sendRunningComponentFocus(), pkgName: com.onda.app, userId: 0
11-18 09:59:35.602  1643  2612 D SGM:FgCheckThread: onLooperPrepared(), msg: MSG_TASK_FOCUSED, pkgName: com.onda.app, userId: 0
11-18 09:59:35.602  1643  2612 D SGM:FgCheckThread:   handleTaskFocused(), pkgName: com.onda.app, userID:0 mResumedPkgMap does not containsKey.
11-18 09:59:35.603  1643  3124 D ActivityTaskManager: scheduleTopResumedActivityChanged, onTop=true, r=ActivityRecord{279b9b0 u0 com.onda.app/.MainActivity t1464}, caller=com.android.server.wm.ActivityTaskSupervisor.updateTopResumedActivityIfNeeded:62 com.android.server.wm.TaskFragment.setResumedActivity:29 com.android.server.wm.ActivityRecord.setState:104 com.android.server.wm.TaskFragment.resumeTopActivity:1817 com.android.server.wm.Task.resumeTopActivityInnerLocked:98 com.android.server.wm.Task.resumeTopActivityUncheckedLocked:23
11-18 09:59:35.604  1643  3124 D WindowManager: rotationForOrientation, orientationSource=ActivityRecord{279b9b0 u0 com.onda.app/.MainActivity t1464}
11-18 09:59:35.604  1643  3124 D WindowManagerServiceExt: updateTaskbarTargetIfNeeded: cn=ComponentInfo{com.onda.app/com.onda.app.MainActivity} occludesParent=true isInSplitScreenMode=false styleFloating=false
11-18 09:59:35.605  1643  3124 D BLASTSyncEngine: SyncGroup 1794:  Unfinished container: ActivityRecord{279b9b0 u0 com.onda.app/.MainActivity t1464} mSyncState=2
11-18 09:59:35.611  5228 15088 I SDHMS:l : handleResumeComponent : put = com.onda.app, userid = 0 instanceid =48045998
11-18 09:59:35.612  1643  2024 D SGM:FgCheckThread: noteResumeComponent(), received pkgName: com.onda.app, userId: 0
11-18 09:59:35.612  1643  2612 D SGM:FgCheckThread: onLooperPrepared(), msg: MSG_APP_RESUME, pkgName: com.onda.app, userid: 0
11-18 09:59:35.613  1643  2612 D SGM:FgCheckThread:   handleResume(). pkgName: com.onda.app, userId: 0, category: non-game
11-18 09:59:35.613  1643  2612 D SGM:FgCheckThread: notifyFocusInOut(). of pkg: com.onda.app, type: 4, isSecGameFamily: false, userId: 0
11-18 09:59:35.614  1643  2024 D SGM:GameManager: identifyGamePackage. com.onda.app, mCurrentUserId: 0, callerUserId: 0, callingMethodInfo: com.samsung.android.game.SemGameManager.isGamePackage(SemGameManager.java:105)
11-18 09:59:35.614  1643  2024 D SGM:SemGameManager: isGamePackage(), pkgName=com.onda.app, ret=false
11-18 09:59:35.623  1643  3124 D WindowManager: makeSurface duration=1 name=com.onda.app/com.onda.app.MainActivity$_32370
11-18 09:59:35.624  1643  3124 D BLASTSyncEngine: SyncGroup 1794:  Unfinished container: ActivityRecord{279b9b0 u0 com.onda.app/.MainActivity t1464} mSyncState=2
11-18 09:59:35.624  1643  3124 D WindowManager: Changing focus from null to Window{a231e87 u0 com.onda.app/com.onda.app.MainActivity} displayId=0 Callers=com.android.server.wm.WindowManagerService.relayoutWindowInner:142 com.android.server.wm.WindowManagerService.relayoutWindow:6 com.android.server.wm.Session.relayout:27 android.view.IWindowSession$Stub.onTransact:861
11-18 09:59:35.625  1643  3124 D InsetsSourceProvider: updateControlForTarget: control=InsetsSourceControl: {60080000 mType=statusBars initiallyVisible mSurfacePosition=Point(0, 0) mInsetsHint=Insets{left=0, top=99, right=0, bottom=0}}, target=Window{a231e87 u0 com.onda.app/com.onda.app.MainActivity}, from=com.android.server.wm.InsetsStateController.onControlTargetChanged:81 com.android.server.wm.InsetsPolicy.updateBarControlTarget:175 com.android.server.wm.DisplayPolicy.updateSystemBarAttributes:281 com.android.server.wm.WindowManagerService.updateFocusedWindowLocked:375 com.android.server.wm.WindowManagerService.relayoutWindowInner:142
11-18 09:59:35.626  1643  3124 D InsetsSourceProvider: updateControlForTarget: control=InsetsSourceControl: {26710001 mType=navigationBars initiallyVisible mSurfacePosition=Point(0, 2196) mInsetsHint=Insets{left=0, top=0, right=0, bottom=144}}, target=Window{a231e87 u0 com.onda.app/com.onda.app.MainActivity}, from=com.android.server.wm.InsetsStateController.onControlTargetChanged:81 com.android.server.wm.InsetsPolicy.updateBarControlTarget:188 com.android.server.wm.DisplayPolicy.updateSystemBarAttributes:281 com.android.server.wm.WindowManagerService.updateFocusedWindowLocked:375 com.android.server.wm.WindowManagerService.relayoutWindowInner:142
11-18 09:59:35.627  1643  3124 D WindowManager: updateSystemBarAttributes: displayId=0, focusedCanBeNavColorWin=false, win=Window{a231e87 u0 com.onda.app/com.onda.app.MainActivity}, navColorWin=Window{29ca612 u0 com.android.chrome/org.chromium.chrome.browser.ChromeTabbedActivity}, caller=com.android.server.wm.WindowManagerService.updateFocusedWindowLocked:375 com.android.server.wm.WindowManagerService.relayoutWindowInner:142 com.android.server.wm.WindowManagerService.relayoutWindow:6
11-18 09:59:35.627  1643  3124 V SystemKeyManager: updateFocusedWindow() is called, com.onda.app/com.onda.app.MainActivity
11-18 09:59:35.656  1643  5753 D WindowManager: finishDrawingWindow: Window{a231e87 u0 com.onda.app/com.onda.app.MainActivity} mDrawState=DRAW_PENDING seqId=0
11-18 09:59:35.659  1643  2025 V WindowManager: performShowLocked: mDrawState=HAS_DRAWN in Window{a231e87 u0 com.onda.app/com.onda.app.MainActivity}
11-18 09:59:35.659  1643  2025 V WindowManager: Start calculating TransitionInfo based on participants: {ActivityRecord{12eea9b u0 com.android.chrome/org.chromium.chrome.browser.ChromeTabbedActivity t1465}, ActivityRecord{279b9b0 u0 com.onda.app/.MainActivity t1464}, Task{287e029 #1464 type=standard A=10417:com.onda.app}, ActivityRecord{fad922c u0 com.onda.app/.MainActivity t-1}}
11-18 09:59:35.659  1643  2025 V WindowManager:   Final targets: [Task{287e029 #1464 type=standard A=10417:com.onda.app}, Task{b574e38 #1465 type=standard A=10242:com.android.chrome}]
11-18 09:59:35.663  1643  2025 V WindowManager:         {WCT{RemoteToken{8dea32b Task{287e029 #1464 type=standard A=10417:com.onda.app}}} m=TO_FRONT f=MOVE_TO_TOP leash=Surface(name=Task=1464)/@0x608a99c sb=Rect(0, 0 - 1080, 2340) eb=Rect(0, 0 - 1080, 2340) d=0 taskParent=-1 inset=Rect(0, 99 - 0, 144) dim=true},
11-18 09:59:35.664  1643  2025 I ActivityTaskManager: done cause=notifyTransitionStarting drawn timestamp=94922288945924 info=TransitionInfo{992d651 a=ActivityRecord{279b9b0 u0 com.onda.app/.MainActivity t1464} d=true}
11-18 09:59:35.679  1643  2025 D WindowManager: updateSystemBarAttributes: displayId=0, focusedCanBeNavColorWin=false, win=Window{a231e87 u0 com.onda.app/com.onda.app.MainActivity}, navColorWin=Window{a231e87 u0 com.onda.app/com.onda.app.MainActivity}, caller=com.android.server.wm.DisplayPolicy.finishPostLayoutPolicyLw:17 com.android.server.wm.RootWindowContainer.applySurfaceChangesTransaction$1:194 com.android.server.wm.RootWindowContainer.performSurfacePlacementNoTrace:61
11-18 09:59:35.680  1643  2020 V WindowManager: Sent Transition (#1794) createdAt=11-18 09:59:35.572 via request=TransitionRequestInfo { type = OPEN, triggerTask = TaskInfo{userId=0 taskId=1464 displayId=0 isRunning=true baseIntent=Intent { act=android.intent.action.MAIN cat=[android.intent.category.LAUNCHER] flg=0x10200000 cmp=com.onda.app/.MainActivity } baseActivity=ComponentInfo{com.onda.app/com.onda.app.MainActivity} topActivity=ComponentInfo{com.onda.app/com.onda.app.MainActivity} origActivity=null realActivity=ComponentInfo{com.onda.app/com.onda.app.MainActivity} numActivities=1 lastActiveTime=224233590 supportsMultiWindow=true resizeMode=1 isResizeable=true minWidth=-1 minHeight=-1 maxWidth=-1 maxHeight=-1 defaultMinSize=220 token=WCT{RemoteToken{8dea32b Task{287e029 #1464 type=standard A=10417:com.onda.app}}} topActivityType=1 pictureInPictureParams=null shouldDockBigOverlays=false launchIntoPipHostTaskId=-1 lastParentTaskIdBeforePip=-1 displayCutoutSafeInsets=Rect(0, 99 - 0, 0) topActivityInfo=ActivityInfo{d224707 com.onda.app.MainActivity} launchCookies=[android.os.BinderProxy@fa69034] positionInParent=Point(0, 0) parentTaskId=-1 isFocused=false isVisible=false isVisibleRequested=false isSleeping=false topActivityInSizeCompat=false locusId=null displayAreaFeatureId=1 isTopActivityTransparent=false isTopActivityStyleFloating=false appCompatTaskInfo=AppCompatTaskInfo { topActivityInSizeCompat=false eligibleForLetterboxEducation= false isLetterboxEducationEnabled= false isLetterboxDoubleTapEnabled= false eligibleForUserAspectRatioButton= false topActivityBoundsLetterboxed= false isFromLetterboxDoubleTap= false topActivityLetterboxVerticalPosition= -1 topActivityLetterboxHorizontalPosition= -1 topActivityLetterboxWidth=1080 topActivityLetterboxHeight=2340 topActivityLetterboxAppWidth=1080 topActivityLetterboxAppHeight=2097 isUserFullscreenOverrideEnabled=false isSystemFullscreenOverrideEnabled=false hasMinAspectRatioOverride=false cameraCompatTaskInfo=CameraCompatTaskInfo { freeformCameraCompatMode=inactive} topActivityBounds=null topActivityInDisplayCompat=false} originallySupportedMultiWindow=true hasWallpaper=false rootAffinity=10417:com.onda.app isTopTaskInStage=false topActivityUiMode=17 CoverLauncherWidgetTask=false isAllowedSeamlessRotation=false isTopTransparentActivity=false snappingGuideBounds=Rect(81, 562 - 999, 1732) isAliasManaged=false hasConfigChanged=false isAiKeyRemoveAppTask=false}, pipTask = null, remoteTransition = null, displayChange = null, flags = 0, debugId = 1794 }
11-18 09:59:35.680  1643  2020 V WindowManager:         {WCT{RemoteToken{8dea32b Task{287e029 #1464 type=standard A=10417:com.onda.app}}} m=TO_FRONT f=MOVE_TO_TOP leash=Surface(name=Task=1464)/@0x608a99c sb=Rect(0, 0 - 1080, 2340) eb=Rect(0, 0 - 1080, 2340) d=0 taskParent=-1 inset=Rect(0, 99 - 0, 144) dim=true},
11-18 09:59:35.713  1643  2536 D InsetsSourceProvider: updateControlForTarget: control=InsetsSourceControl: {3 mType=ime mSurfacePosition=Point(0, 99) mInsetsHint=Insets{left=0, top=0, right=0, bottom=1026}}, target=Window{a231e87 u0 com.onda.app/com.onda.app.MainActivity}, from=com.android.server.wm.ImeInsetsSourceProvider.updateControlForTarget:17 com.android.server.wm.InsetsStateController.onControlTargetChanged:81 com.android.server.wm.DisplayContent.updateImeControlTarget:21 com.android.server.wm.DisplayContent.updateImeInputAndControlTarget:81 com.android.server.wm.WindowManagerService$LocalService.updateInputMethodTargetWindow:21
11-18 09:59:35.749  1643  2684 D MdnieScenarioControlService:  packageName : com.onda.app    className : com.onda.app.MainActivity
11-18 09:59:35.959  1643  3851 D FreecessController: com.onda.app(10417) is important[12]
11-18 09:59:36.043  1643  5928 D SGM:GameManager: identifyGamePackage. com.onda.app, mCurrentUserId: 0, callerUserId: 0, callingMethodInfo: com.samsung.android.game.IGameManagerService$Stub.onTransact(IGameManagerService.java:228)
11-18 09:59:36.213  1643  2024 D SGM:GameManager: identifyForegroundApp. com.onda.app, mCurrentUserId: 0, callerUserId: 0
11-18 09:59:36.258  1643  2024 D SGM:FgCheckThread: getForegroundApp(), foregroundPkgName=com.onda.app
11-18 09:59:36.259  1643  2024 D SGM:FgCheckThread: noteStopComponent(), received pkgName: com.android.chrome, focusedPkgName: com.onda.app, userId: 0
11-18 09:59:36.394  1643  2684 D MdnieScenarioControlService:  packageName : com.onda.app    className : com.onda.app.MainActivity
11-18 09:59:40.961  1643  3851 D FreecessController: com.onda.app(10417) is important[12]
11-18 09:59:44.082  1643  2536 D WindowManager: Changing focus from Window{a231e87 u0 com.onda.app/com.onda.app.MainActivity} to Window{765cffb u0 SmartCapture} displayId=0 Callers=com.android.server.wm.WindowManagerService.addWindow:201 com.android.server.wm.Session.addToDisplayAsUser:24 android.view.IWindowSession$Stub.onTransact:749 com.android.server.wm.Session.onTransact:1
11-18 09:59:44.086  1643  2536 D WindowManager: updateSystemBarAttributes: displayId=0, focusedCanBeNavColorWin=false, win=Window{765cffb u0 SmartCapture}, navColorWin=Window{a231e87 u0 com.onda.app/com.onda.app.MainActivity}, caller=com.android.server.wm.WindowManagerService.updateFocusedWindowLocked:375 com.android.server.wm.WindowManagerService.addWindow:201 com.android.server.wm.Session.addToDisplayAsUser:24
11-18 09:59:45.965  1643  3851 D MARs:ActiveTrafficFilter: filter : com.onda.app(0)
11-18 09:59:45.965  1643  3851 D FreecessController: com.onda.app(10417) is important[8]
11-18 09:59:46.596  1643  5753 D ActivityTaskManager: scheduleTopResumedActivityChanged, onTop=false, r=ActivityRecord{279b9b0 u0 com.onda.app/.MainActivity t1464}, caller=com.android.server.wm.ActivityTaskSupervisor.scheduleTopResumedActivityStateLossIfNeeded:11 com.android.server.wm.ActivityTaskSupervisor.updateTopResumedActivityIfNeeded:19 com.android.server.wm.TaskDisplayArea.positionChildAt:270 com.android.server.wm.Task.moveToFront:443 com.android.server.wm.ActivityStarter.startActivityInner:2376 com.android.server.wm.ActivityStarter.startActivityUnchecked:639
11-18 09:59:46.610  1643  2024 D SGM:FgCheckThread: notePauseComponent(), received pkgName: com.onda.app, userId: 0
11-18 09:59:46.610  1643  2024 D SGM:FgCheckThread: notePauseComponent(), received pkgName: com.onda.app, userId: 0
11-18 09:59:46.610  1643  2024 D SGM:FgCheckThread: notifyFocusInOut(). of pkg: com.onda.app, type: 20, isSecGameFamily: false, userId: 0
11-18 09:59:46.611  1643  2024 D SGM:GameManager: identifyGamePackage. com.onda.app, mCurrentUserId: 0, callerUserId: 0, callingMethodInfo: com.samsung.android.game.SemGameManager.isGamePackage(SemGameManager.java:105)
11-18 09:59:46.611  1643  2024 D SGM:SemGameManager: isGamePackage(), pkgName=com.onda.app, ret=false
11-18 09:59:46.808  1643  5941 D WindowManager: rotationForOrientation, orientationSource=ActivityRecord{279b9b0 u0 com.onda.app/.MainActivity t1464}
11-18 09:59:46.811  1643  5941 D InsetsSourceProvider: updateControlForTarget: control=InsetsSourceControl: {60080000 mType=statusBars initiallyVisible mSurfacePosition=Point(0, 0) mInsetsHint=Insets{left=0, top=99, right=0, bottom=0}}, target=Window{a231e87 u0 com.onda.app/com.onda.app.MainActivity}, from=com.android.server.wm.InsetsStateController.onControlTargetChanged:81 com.android.server.wm.InsetsPolicy.updateBarControlTarget:175 com.android.server.wm.DisplayPolicy.updateSystemBarAttributes:281 com.android.server.wm.WindowManagerService.updateFocusedWindowLocked:375 com.android.server.wm.WindowState.removeIfPossible:697
11-18 09:59:46.813  1643  5941 D InsetsSourceProvider: updateControlForTarget: control=InsetsSourceControl: {26710001 mType=navigationBars initiallyVisible mSurfacePosition=Point(0, 2196) mInsetsHint=Insets{left=0, top=0, right=0, bottom=144}}, target=Window{a231e87 u0 com.onda.app/com.onda.app.MainActivity}, from=com.android.server.wm.InsetsStateController.onControlTargetChanged:81 com.android.server.wm.InsetsPolicy.updateBarControlTarget:188 com.android.server.wm.DisplayPolicy.updateSystemBarAttributes:281 com.android.server.wm.WindowManagerService.updateFocusedWindowLocked:375 com.android.server.wm.WindowState.removeIfPossible:697
11-18 09:59:46.813  1643  5941 D WindowManager: updateSystemBarAttributes: displayId=0, focusedCanBeNavColorWin=false, win=Window{a231e87 u0 com.onda.app/com.onda.app.MainActivity}, navColorWin=Window{a231e87 u0 com.onda.app/com.onda.app.MainActivity}, caller=com.android.server.wm.WindowManagerService.updateFocusedWindowLocked:375 com.android.server.wm.WindowState.removeIfPossible:697 com.android.server.wm.Session.remove:16
11-18 09:59:47.383  1643  5419 D WindowManager: updateSystemBarAttributes: displayId=0, focusedCanBeNavColorWin=false, win=Window{7e2d343 u0 com.android.intentresolver/com.android.intentresolver.ChooserActivityLauncher}, navColorWin=Window{a231e87 u0 com.onda.app/com.onda.app.MainActivity}, caller=com.android.server.wm.WindowManagerService.updateFocusedWindowLocked:375 com.android.server.wm.WindowManagerService.relayoutWindowInner:142 com.android.server.wm.WindowManagerService.relayoutWindow:6
11-18 09:59:49.285  1643  5938 V WindowManager: Collecting in transition 1796: ActivityRecord{279b9b0 u0 com.onda.app/.MainActivity t1464}, caller=com.android.server.wm.TransitionController.collect:7 com.android.server.wm.ActivityRecord.setVisibility:189 com.android.server.wm.ActivityRecord.makeInvisible:39 com.android.server.wm.EnsureActivitiesVisibleHelper.process:637 com.android.server.wm.TaskFragment.updateActivityVisibilities:12
11-18 09:59:49.285  1643  5938 D WindowManager: prepareSync <SYNC_STATE_WAITING_FOR_DRAW>, mPrepareSyncSeqId=0, win=Window{a231e87 u0 com.onda.app/com.onda.app.MainActivity}
11-18 09:59:49.326  1643  2025 V WindowManager: Start calculating TransitionInfo based on participants: {Task{20910e5 #1466 type=standard A=10351:com.android.intentresolver}, ActivityRecord{279b9b0 u0 com.onda.app/.MainActivity t1464}, Task{887090d #1467 type=standard A=10368:org.telegram.messenger}, ActivityRecord{f01ceae u0 com.android.intentresolver/.ChooserActivityLauncher t1466 f}}, ActivityRecord{f7227a4 u0 org.telegram.messenger/org.telegram.ui.LaunchActivity t1467}}
11-18 09:59:49.326  1643  2025 V WindowManager:   Final targets: [Task{887090d #1467 type=standard A=10368:org.telegram.messenger}, Task{20910e5 #1466 type=standard A=10351:com.android.intentresolver}, Task{287e029 #1464 type=standard A=10417:com.onda.app}]
11-18 09:59:49.328  1643  2025 V WindowManager:         {WCT{RemoteToken{8dea32b Task{287e029 #1464 type=standard A=10417:com.onda.app}}} m=TO_BACK f=NONE leash=Surface(name=Task=1464)/@0x608a99c sb=Rect(0, 0 - 1080, 2340) eb=Rect(0, 0 - 1080, 2340) d=0 taskParent=-1 inset=Rect(0, 99 - 0, 144)}
11-18 09:59:49.368  1643  2020 V WindowManager:         {WCT{RemoteToken{8dea32b Task{287e029 #1464 type=standard A=10417:com.onda.app}}} m=TO_BACK f=NONE leash=Surface(name=Task=1464)/@0x608a99c sb=Rect(0, 0 - 1080, 2340) eb=Rect(0, 0 - 1080, 2340) d=0 taskParent=-1 inset=Rect(0, 99 - 0, 144)}
11-18 09:59:49.860  1643  5941 V WindowManager: Setting visibility of Window{a231e87 u0 com.onda.app/com.onda.app.MainActivity}: false, caller=com.android.server.wm.WindowContainer.sendAppVisibilityToClients:19 com.android.server.wm.WindowToken.setClientVisible:49 com.android.server.wm.ActivityRecord.setClientVisible:8 com.android.server.wm.ActivityRecord.commitVisibility:273 com.android.server.wm.TransitionController.finishTransition:766
11-18 09:59:50.138  1643  3124 E WindowManager: win=Window{a231e87 u0 com.onda.app/com.onda.app.MainActivity} destroySurfaces: appStopped=true cleanupOnResume=false win.mWindowRemovalAllowed=false win.mRemoveOnExit=false win.mViewVisibility=8 caller=com.android.server.wm.ActivityRecord.destroySurfaces:25 com.android.server.wm.ActivityRecord.activityStopped:204 com.android.server.wm.ActivityClientController.activityStopped:95 android.app.IActivityClientController$Stub.onTransact:722 com.android.server.wm.ActivityClientController.onTransact:1 android.os.Binder.execTransactInternal:1541 android.os.Binder.execTransact:1480
11-18 09:59:50.139  1643  3124 I WindowManager: Destroying surface Surface(name=com.onda.app/com.onda.app.MainActivity$_32370)/@0x958d10 called by com.android.server.wm.WindowStateAnimator.destroySurface:11 com.android.server.wm.WindowStateAnimator.destroySurfaceLocked:54 com.android.server.wm.WindowState.destroySurfaceUnchecked:5 com.android.server.wm.WindowState.destroySurface:126 com.android.server.wm.ActivityRecord.destroySurfaces:25 com.android.server.wm.ActivityRecord.activityStopped:204 com.android.server.wm.ActivityClientController.activityStopped:95 android.app.IActivityClientController$Stub.onTransact:722
11-18 09:59:50.150  1643  2024 D SGM:FgCheckThread: pkgName: com.onda.app is not in foreground
11-18 09:59:50.150  1643  2024 D SGM:FgCheckThread: noteStopComponent(), received pkgName: com.onda.app, focusedPkgName: org.telegram.messenger, userId: 0
11-18 09:59:50.967  1643  3851 D FreecessController: com.onda.app(10417) is important[2]
11-18 10:00:03.578   806   806 D io_stats: !@ Read_top(KB): .android.chrome(14037) 4056 com.onda.app(32370) 2204 .gms.persistent(23850) 1228
11-18 10:00:27.601   806   806 D io_stats: !@ Read_top(KB): .shazam.android(25409) 1980 com.onda.app(32370) 440 .gms.persistent(23850) 224
11-18 10:00:51.233  1643  2092 D FreecessController: FZ : com.onda.app(10417) [32370] reason: LEV
11-18 10:00:51.236  1643  8481 D PerProcessNandswap$NandswapMsgHandler: startNandswapProcess Frozen-ppn com.onda.app
11-18 10:00:51.238  1643  8480 D PerProcessNandswap$NandswapHandler: nandswap start for activity com.onda.app(pid 32370) action:16 adj:700 type:3
11-18 10:00:51.299  1643  8480 D PerProcessNandswap$NandswapHandler: nandswap end for activity com.onda.app(pid 32370) ret:1 adj:700
11-18 10:06:42.289  1643  1643 D FreecessController: UFZ : com.onda.app(10417) [32370] reason: broadcast-android.intent.action.ACTION_POWER_DISCONNECTED
11-18 10:07:03.475  1643  2092 D FreecessController: FZ : com.onda.app(10417) [32370] reason: LEV
11-18 10:17:11.470  1643  2021 D WindowManager: prepareSync <SYNC_STATE_WAITING_FOR_DRAW>, mPrepareSyncSeqId=0, win=Window{a231e87 u0 com.onda.app/com.onda.app.MainActivity}
11-18 10:17:15.750  1643  3851 D FreecessController: com.onda.app(state: Initial -> Frozen, Reason: uidIdle)
11-18 10:17:23.293  1643  3123 D WindowManager: prepareSync <SYNC_STATE_WAITING_FOR_DRAW>, mPrepareSyncSeqId=0, win=Window{a231e87 u0 com.onda.app/com.onda.app.MainActivity}
11-18 10:18:28.408  1643  2092 D MARs:ActiveTrafficFilter: filter : com.onda.app(0)
11-18 10:18:33.419  1643  2092 D MARs:ActiveTrafficFilter: filter : com.onda.app(0)
11-18 10:21:56.121  1643  3851 D FreecessController: com.onda.app(state: Frozen -> Initial, Reason: uidIdle)
11-18 10:37:42.971  1643  2669 D ConnectivityService:    accepting network in place of [121 CELLULAR] for NetworkRequest [ REQUEST id=9095, [ Capabilities: INTERNET&NOT_RESTRICTED&TRUSTED&NOT_VCN_MANAGED&NOT_BANDWIDTH_CONSTRAINED Uid: 10417 RequestorUid: 10417 RequestorPkg: com.onda.app UnderlyingNetworks: Null] ]
11-18 10:37:52.502  1643  5921 D WindowManager: prepareSync <SYNC_STATE_WAITING_FOR_DRAW>, mPrepareSyncSeqId=0, win=Window{a231e87 u0 com.onda.app/com.onda.app.MainActivity}
11-18 10:37:53.903  1643  1776 D WindowManager: prepareSync <SYNC_STATE_WAITING_FOR_DRAW>, mPrepareSyncSeqId=0, win=Window{a231e87 u0 com.onda.app/com.onda.app.MainActivity}
11-18 10:44:15.324  1643  1711 D WindowManager: prepareSync <SYNC_STATE_WAITING_FOR_DRAW>, mPrepareSyncSeqId=0, win=Window{a231e87 u0 com.onda.app/com.onda.app.MainActivity}
11-18 10:44:15.960  1643  3123 D WindowManager: prepareSync <SYNC_STATE_WAITING_FOR_DRAW>, mPrepareSyncSeqId=0, win=Window{a231e87 u0 com.onda.app/com.onda.app.MainActivity}
11-18 10:44:29.398  1643  3851 D FreecessController: com.onda.app(state: Frozen -> Initial, Reason: uidIdle)
11-18 10:45:00.668  1643  3851 D FreecessController: com.onda.app(state: Frozen -> Initial, Reason: uidIdle)
11-18 10:45:08.012  3422  3422 I HoneySpace.GestureEventController: SetGestureTaskList, SendGestureTaskList(taskList=[[#1470=com.bybit.app], [#1472=ua.privatbank.ap24], [#1468=com.sec.android.app.camera], [#1467=org.telegram.messenger], [#1464=com.onda.app], [#1465=com.android.chrome]], initPosition=1, runningTaskId=1470, showAnimStartPosition=1, isLeashTargetCenter=false, forSimple=true)
11-18 10:45:08.034  3422  3422 I HoneySpace.TaskAdapter: attach [position: 4], taskData size: 6, item: ComponentInfo{com.onda.app/com.onda.app.MainActivity}, animReady: 4, firstBindingComplete: 5, view: 119b42e
11-18 10:45:08.034  3422  6674 I HoneySpace.TaskDataRepositoryImpl: Request icon and label, id=1464, iconAndLabel: IconAndLabel(icon=android.graphics.Bitmap@2761432, label=Onda), componentKey: com.onda.app/.MainActivity#UserHandle{0}
11-18 10:45:08.042  3422  6674 I HoneySpace.SuggestedItemsFacade: DPS items : Onda, com.onda.app/.MainActivity#UserHandle{0}
11-18 10:45:08.043  3422  6674 I HoneySpace.SuggestedItemsFacade: getFinalItems : Onda, com.onda.app/.MainActivity#UserHandle{0}
11-18 10:45:08.053  3422  3422 I HoneySpace.GestureEventController: SetGestureTaskList, SendGestureTaskList(taskList=[[#1470=com.bybit.app], [#1472=ua.privatbank.ap24], [#1468=com.sec.android.app.camera], [#1467=org.telegram.messenger], [#1464=com.onda.app], [#1465=com.android.chrome]], initPosition=1, runningTaskId=1470, showAnimStartPosition=1, isLeashTargetCenter=false, forSimple=false)
11-18 10:45:08.053  3422  3422 I HoneySpace.TaskListViewModel: groupTasks: [[#1470=com.bybit.app], [#1472=ua.privatbank.ap24], [#1468=com.sec.android.app.camera], [#1467=org.telegram.messenger], [#1464=com.onda.app], [#1465=com.android.chrome]]
11-18 10:45:08.103  3422  3422 I HoneySpace.TaskAdapter: attach [position: 4], taskData size: 6, item: ComponentInfo{com.onda.app/com.onda.app.MainActivity}, animReady: 4, firstBindingComplete: 4, view: db4150d
11-18 10:45:08.104  3422  3331 I HoneySpace.TaskDataRepositoryImpl: Request icon and label, id=1464, iconAndLabel: IconAndLabel(icon=android.graphics.Bitmap@2761432, label=Onda), componentKey: com.onda.app/.MainActivity#UserHandle{0}
11-18 10:45:09.168  1643  3851 D FreecessController: com.onda.app(state: Frozen -> Initial, Reason: uidIdle)
11-18 10:45:11.461  1643  3851 D FreecessController: com.onda.app(state: Frozen -> Initial, Reason: uidIdle)
11-18 10:45:11.463  1643  3851 D MARs:ActiveTrafficFilter: filter : com.onda.app(0)
11-18 10:45:11.463  1643  3851 D FreecessController: com.onda.app(10417) is important[8]
11-18 10:45:51.722  3422  3422 I HoneySpace.GestureEventController: SetGestureTaskList, SendGestureTaskList(taskList=[[#1472=ua.privatbank.ap24], [#1470=com.bybit.app], [#1468=com.sec.android.app.camera], [#1467=org.telegram.messenger], [#1464=com.onda.app], [#1465=com.android.chrome]], initPosition=1, runningTaskId=1472, showAnimStartPosition=1, isLeashTargetCenter=false, forSimple=true)
11-18 10:45:51.723  3422  3422 I HoneySpace.GestureEventController: SetGestureTaskList, SendGestureTaskList(taskList=[[#1472=ua.privatbank.ap24], [#1470=com.bybit.app], [#1468=com.sec.android.app.camera], [#1467=org.telegram.messenger], [#1464=com.onda.app], [#1465=com.android.chrome]], initPosition=1, runningTaskId=1472, showAnimStartPosition=1, isLeashTargetCenter=false, forSimple=false)
11-18 10:45:51.723  3422  3422 I HoneySpace.TaskListViewModel: groupTasks: [[#1472=ua.privatbank.ap24], [#1470=com.bybit.app], [#1468=com.sec.android.app.camera], [#1467=org.telegram.messenger], [#1464=com.onda.app], [#1465=com.android.chrome]]
11-18 10:45:51.725  3422  3422 I HoneySpace.TaskAdapter: attach [position: 4], taskData size: 6, item: ComponentInfo{com.onda.app/com.onda.app.MainActivity}, animReady: 4, firstBindingComplete: 5, view: a6a3061
11-18 10:45:51.727  3422 15780 I HoneySpace.TaskDataRepositoryImpl: Request icon and label, id=1464, iconAndLabel: IconAndLabel(icon=android.graphics.Bitmap@2761432, label=Onda), componentKey: com.onda.app/.MainActivity#UserHandle{0}
11-18 10:45:51.733  3422  3331 I HoneySpace.SuggestedItemsFacade: DPS items : Onda, com.onda.app/.MainActivity#UserHandle{0}
11-18 10:45:51.734  3422  3331 I HoneySpace.SuggestedItemsFacade: getFinalItems : Onda, com.onda.app/.MainActivity#UserHandle{0}
11-18 10:45:51.739  3422  3422 I HoneySpace.TaskAdapter: attach [position: 4], taskData size: 6, item: ComponentInfo{com.onda.app/com.onda.app.MainActivity}, animReady: 4, firstBindingComplete: 4, view: 1b059ba
11-18 10:45:51.739  3422  3331 I HoneySpace.TaskDataRepositoryImpl: Request icon and label, id=1464, iconAndLabel: IconAndLabel(icon=android.graphics.Bitmap@2761432, label=Onda), componentKey: com.onda.app/.MainActivity#UserHandle{0}
11-18 10:45:53.412  1643  2024 I ActivityManager: Killing 32370:com.onda.app/u0a417 (adj 850): remove task
11-18 10:45:53.415  1643  3831 D FreecessController: UFZ : com.onda.app(10417) [32370] reason: Signal
11-18 10:45:53.591  1643  5753 D AutofillSession: handling death of Token{2dd1fae ActivityRecord{279b9b0 u0 com.onda.app/.MainActivity t1464 f}}} when saving=false
11-18 10:45:53.592  1643  2880 I WindowManager: WIN DEATH: Window{a231e87 u0 com.onda.app/com.onda.app.MainActivity}
11-18 10:45:53.592  1643  2669 D ConnectivityService: releasing NetworkRequest [ REQUEST id=9095, [ Capabilities: INTERNET&NOT_RESTRICTED&TRUSTED&NOT_VCN_MANAGED&NOT_BANDWIDTH_CONSTRAINED Uid: 10417 RequestorUid: 10417 RequestorPkg: com.onda.app UnderlyingNetworks: Null] ] (release request)
11-18 10:45:53.592  1643  2880 W InputManager-JNI: Input channel object 'a231e87 com.onda.app/com.onda.app.MainActivity (client)' was disposed without first being removed with the input manager!
11-18 10:45:53.592  1643  2880 V WindowManager: Remove Window{a231e87 u0 com.onda.app/com.onda.app.MainActivity}: mSurfaceController=null mAnimatingExit=false mRemoveOnExit=false mHasSurface=false surfaceShowing=false animating=false app-animation=false mDisplayFrozen=false callers=com.android.server.wm.Session.binderDied:118 android.os.IBinder$DeathRecipient.binderDied:339 android.os.BinderProxy.sendDeathNotice:794 <bottom of call stack> <bottom of call stack> <bottom of call stack>
11-18 10:45:53.594  1336  3104 I SurfaceFlinger: id=24494 Removed 4b36f62 ActivityRecordInputSink com.onda.app/.MainActivity#24494 (155)
11-18 10:45:53.601  1643  2024 D SGM:FgCheckThread: pkgName: com.onda.app is not in foreground
11-18 10:45:53.601  1643  2024 D SGM:FgCheckThread: noteStopComponent(), received pkgName: com.onda.app, focusedPkgName: com.sec.android.app.launcher, userId: 0
11-18 10:45:53.602  1643  2550 W UsageStatsService: Unexpected activity event reported! (com.onda.app/com.onda.app.MainActivity event : 23 instanceId : 48045998)
11-18 10:45:53.604  1336  1336 I SurfaceFlinger: [LayerHierarchy{RequestedLayerState{a231e87 com.onda.app/com.onda.app.MainActivity#24498} no children}] reparent to OffscreenRoot
11-18 10:45:53.604  1336  1336 I SurfaceFlinger: [LayerHierarchy{RequestedLayerState{a231e87 com.onda.app/com.onda.app.MainActivity#24498} no children}] RelativeParent to null
11-18 10:45:53.604  1336  1336 I SurfaceFlinger: [LayerHierarchy{RequestedLayerState{ActivityRecord{279b9b0 u0 com.onda.app/.MainActivity t1464}#24488} 1 children}] reparent to OffscreenRoot
11-18 10:45:53.604  1336  1336 I SurfaceFlinger: [LayerHierarchy{RequestedLayerState{ActivityRecord{279b9b0 u0 com.onda.app/.MainActivity t1464}#24488} 1 children}] RelativeParent to null
11-18 10:45:53.604  1336  1336 I SurfaceFlinger: id=24488 Removed ActivityRecord{279b9b0 u0 com.onda.app/.MainActivity t1464}#24488 (156)
11-18 10:45:53.604  1336  1336 I SurfaceFlinger: id=24498 Removed a231e87 com.onda.app/com.onda.app.MainActivity#24498 (156)
11-18 10:45:53.612  1336  1336 I SurfaceFlinger: destroyed 4b36f62 ActivityRecordInputSink com.onda.app/.MainActivity#24494
11-18 10:45:53.612  1336  1336 I SurfaceFlinger: destroyed a231e87 com.onda.app/com.onda.app.MainActivity#24498
11-18 10:45:53.612  1336  1336 I SurfaceFlinger: destroyed ActivityRecord{279b9b0 u0 com.onda.app/.MainActivity t1464}#24488
11-18 10:45:53.612  1336  1336 I Layer   : id=24494 Destroyed 4b36f62 ActivityRecordInputSink com.onda.app/.MainActivity#24494
11-18 10:45:53.612  1336  1336 I Layer   : id=24488 Destroyed ActivityRecord{279b9b0 u0 com.onda.app/.MainActivity t1464}#24488
11-18 10:45:53.612  1336  1336 I Layer   : id=24498 Destroyed a231e87 com.onda.app/com.onda.app.MainActivity#24498
11-18 10:55:32.581  3422 19222 I HoneySpace.SuggestAppDecor: getInstaller: com.onda.app [null]
11-18 10:56:37.181  1643  2909 I PackageManager: pkg{com.onda.app}, user{0}, caller{2000} flags{2}
11-18 10:56:37.190  1643  2057 I ActivityManager: Force stopping com.onda.app appid=10417 user=-1: deletePackageX
11-18 10:56:37.193  1643  2123 I AppsFilter: interaction: PackageSetting{6a71a83 com.onda.life/10336} -> PackageSetting{3d7622f com.onda.app/10417} BLOCKED
11-18 10:56:37.561  1643  2123 D PackageManager: isLocaleOptimizedPackage() -  Non optimized app: com.onda.app. Proceed with normal install
11-18 10:56:37.592  1643  2123 D AASA_PackageManager_RESTRICTED: Uninstall : userId = 0, info.uid = 10417, packageName = com.onda.app
11-18 10:56:37.606  1643  2123 I ActivityManager: Force stopping com.onda.app appid=10417 user=0: pkg removed
11-18 10:56:37.632  1643  2696 D AS.AudioService: com.onda.app(10417) is removed
11-18 10:56:37.632  1643  2740 D ShortcutService: removing package: com.onda.app userId0
11-18 10:56:37.638  2878  2878 D CarrierSvcBindHelper: onPackageRemoved: com.onda.app
11-18 10:56:37.641  1643  2538 D OverlayManager: onPackageRemoved: pkgName = [com.onda.app], userId = [0], packageHidden = [false]
11-18 10:56:37.641  1643  2538 I OverlayManager: updateOverlaysForTarget() called with: targetPackage = [com.onda.app], userId = [0], flags = [0]
11-18 10:56:37.642  1643  2615 V StorageManagerService: Package com.onda.app does not have legacy storage
11-18 10:56:37.642  1643  2654 W WifiService: Couldn't get PackageInfo for package:com.onda.app
11-18 10:56:37.642  1643  2654 D WifiService: Remove settings for package:com.onda.app
11-18 10:56:37.649  1643  2654 D WifiConfigManager: Remove all networks for app ApplicationInfo{9c5d84 com.onda.app}
11-18 10:56:37.655  2878  2878 I VvmPkgInstalledRcvr: packageName: com.onda.app, systemDialer: com.samsung.android.dialer
11-18 10:56:37.656  1643  2550 D UsageStatsService: onPackageRemoved com.onda.app
11-18 10:56:37.657  1643  2654 I PasspointManager: No app ops listener found for com.onda.app
11-18 10:56:37.673  3833  3911 I PackageInfoManager_FLP: action : ACTION_PACKAGE_REMOVED, packageName = com.onda.app
11-18 10:56:37.686  1643  2553 I RollbackManager: broadcast=ACTION_PACKAGE_FULLY_REMOVED pkg=com.onda.app
11-18 10:56:37.686  1643  2578 D SEP_UNION_SemDeviceInfoManagerService: Package com.onda.app is removed on User 0
11-18 10:56:37.686  1643  2654 W WifiService: Couldn't get PackageInfo for package:com.onda.app
11-18 10:56:37.686  1643  2654 D WifiService: Remove settings for package:com.onda.app
11-18 10:56:37.686  1643  2654 D WifiConfigManager: Remove all networks for app ApplicationInfo{8bdef52 com.onda.app}
11-18 10:56:37.686  1643  2654 I PasspointManager: No app ops listener found for com.onda.app
11-18 10:56:37.704  1643  2696 D SGM:GameManager: identifyGamePackage. com.onda.app, mCurrentUserId: 0, callerUserId: 0, callingMethodInfo: com.samsung.android.game.SemGameManager.isGamePackage(SemGameManager.java:105)
11-18 10:56:37.704  1643  2696 D SGM:SemGameManager: isGamePackage(), pkgName=com.onda.app, ret=false
11-18 10:56:37.727  1643  1643 D SdpManagerImpl.receiver: On android.intent.action.PACKAGE_REMOVED : DATA = package:com.onda.app, UID = 10417, UserId = 0, Is replacing? false
11-18 10:56:37.727  1643  1643 D SdpManagerImpl.receiver: ACTION_PACKAGE_REMOVED packageName:: com.onda.app
11-18 10:56:37.727  1643  2681 D LocationManagerService: package com.onda.app reset
11-18 10:56:37.734  2878  2878 I VvmPkgInstalledRcvr:  NOT contains : com.onda.app
11-18 10:56:37.745  2913  2913 D Navbar.Store: handleEvent(0) OnPackageRemoved(packageName=com.onda.app) [Module] NavBarStoreImpl
11-18 10:56:37.750  1643  3145 D SdpManagerImpl: handlePackageRemoved - PackageName : com.onda.app, UserId : 0
11-18 10:56:37.754  1643  1643 I Telecom : CarModeTracker: Package com.onda.app is not tracked.: SSH.oR@It4
11-18 10:56:37.765  1643  2879 I Pageboost: remove app @ runtime : com.onda.app
11-18 10:56:37.783  2913  2913 D KeyguardShortcutManager: onReceive : Intent.EXTRA_REPLACING false, com.onda.app
11-18 10:56:37.784  2913  2913 D SecSTQuickControlRequestReceiver: onReceiveForPackage action = android.intent.action.PACKAGE_REMOVED, pkgName = com.onda.app
11-18 10:56:37.788  2913  2913 I GoodLockLifecycle: onPackageRemoved: com.onda.app
11-18 10:56:37.788  2913  2913 D FaceWidgetMusicViewModel: onPackageRemoved() pkg = com.onda.app, r = false
11-18 10:56:37.941 23850 21234 I ProximityAuth: [RecentAppsMediator] Package removed: (user=UserHandle{0}) com.onda.app
11-18 10:56:38.032 24352 24352 I Finsky  : [2] AIM: AppInfoCacheUpdater -> invalidating apps: [com.onda.app]
11-18 10:56:38.058  1643  1643 I ConditionProviders: Disallowing condition provider com.onda.app (userSet: true)
11-18 10:56:38.059  2878  2878 I VvmPkgInstalledRcvr:  NOT contains : com.onda.app
11-18 10:56:38.061  1643  1643 D EnterpriseLicenseService: isPackageInstalled() - com.onda.app not found in user 0
11-18 10:56:38.077  1643 21263 I Telecom : SamsungTelecomServiceImpl : clearAccounts - packageName : com.onda.app / callingPid : 1643 / processName : sts / callingUser : UserHandle{0}
11-18 10:56:38.095  5106  5439 W DMASA[S]: [LOGWING][b]Get package version failed : com.onda.app
11-18 10:56:38.236 24352 24386 I Finsky  : [228] AIM: AppInfoManager-Perf > OnDeviceAppInfo > cacheHitCount=0, cacheMissCount=1. Missed  in cache (limit 10) : [com.onda.app]
11-18 10:56:38.269 23653 21257 W RWIPackageIntentOps: Registries cleared for package: com.onda.app
11-18 10:56:38.272 21264 21297 I ENTM:Systemprocess: handlePackageRemoved().pkgName: com.onda.app
11-18 10:56:38.272 21264 21297 I ENTM:Systemprocess: checkELMActivationForPackageRemoved().START - com.onda.app
11-18 10:56:38.284 21267 21267 I FILP/PackageIntentReceiver: pkgName : com.onda.app
11-18 10:56:38.341 23653 21306 I Icing   : doRemovePackageData com.onda.app
11-18 10:56:38.368 21267 21308 I FILP/FilterInstaller: removeFromFS : com.onda.app, cursor size : 0
11-18 10:56:38.419 21267 21308 I FILP/FilterInstaller: Delete all filter DB result : com.onda.app, 0
11-18 10:56:38.425 21267 21308 I FILP/FilterInstaller: Delete filter DB result : com.onda.app, 0
11-18 10:56:38.434 21267 21308 I FILP/FilterInstaller: Delete my filter DB result : com.onda.app, 0
11-18 10:56:38.443 21267 21308 I FILP/FilterInstaller: uninstallFilters mPackageName: com.onda.app
11-18 10:56:38.482  1643  2054 I SGM:GameManager: PkgUpdateReceiver, onPackageRemoved(). pkgName=com.onda.app, userId=0
11-18 10:56:38.482  1643  2054 W SGM:Util: isPkgInstalled(), com.onda.app does not exist.
11-18 10:56:38.482  1643  2054 D SGM:Util: isPkgInstalled(). pkgName=com.onda.app, userId=0, installed=false
11-18 10:56:38.482  1643  2054 D SGM:GosNotifyThread: sendPackageMessage(), changeType=1, pkgName=com.onda.app, userHandleId=0
11-18 10:56:38.484  1643  2054 I SettingsProvider: onPackageRemoved (userId 0) PackageName = com.onda.app
11-18 10:56:38.505 24352 21338 I Finsky  : [399] Asset module storage cleared for package com.onda.app.
11-18 10:56:38.515 23653 21255 W SQLiteLog: (28) double-quoted string literal: "com.onda.app"
11-18 10:56:38.534 18291 18291 D PersistedStoragePackageUninstalledReceiver: Received android.intent.action.PACKAGE_FULLY_REMOVED for com.onda.app for u0
11-18 10:56:38.575 21264 21297 I ENTM:Systemprocess: checkKLMActivationForPackageRemoved().START - com.onda.app
11-18 10:56:38.620 21264 21297 I ENTM:DataBaseUtils: isSameTrackerIdInDeviceDB().START: com.onda.app
11-18 10:56:38.642 21307 21307 I Finsky:background: [2] Package no longer installed: com.onda.app
11-18 10:56:38.648 21307 21307 I Finsky:background: [2] Package no longer installed: com.onda.app
11-18 10:56:38.677  5070  5695 D MediaProvider: Deleted 0 Android/media items belonging to com.onda.app on /data/user/0/com.google.android.providers.media.module/databases/external.db
11-18 10:56:38.693  5070  5695 I FuseDaemon: Successfully deleted rows in leveldb for owner_id:  and ownerPackageIdentifier: com.onda.app::0
11-18 10:56:38.709  5070  5695 D MediaGrants: Removed 0 media_grants for 0 user for [com.onda.app]. Reason: Package orphaned
11-18 10:56:38.711  1643  2054 I CredentialManager: updateProvidersWhenPackageRemoved)pkg=com.onda.app (0)
11-18 10:56:38.722 24352 24352 W Finsky  : [2] STU: Failed to get storage stats for package 'com.onda.app' (1601: Error getting stats: android.content.pm.PackageManager.NameNotFoundException)
11-18 10:56:38.741 17738 17738 I SCS@AiSearch user 0: (PackageBroadcastReceiver) packageName: com.onda.app
11-18 10:56:38.742 17738 17738 I SCS@AiSearch user 0: (PackageBroadcastReceiver) Packages changed: com.onda.app
11-18 10:56:38.748  1643  2054 D MetaDataCollector: onReceive: done pkgName=com.onda.app
11-18 10:56:38.789  2913  7623 I TileConfigurationStore: updatePackageDataChange : com.onda.app, type = 2, tileType = 1
11-18 10:56:38.792  2913  7623 I TileConfigurationStore: updatePackageDataChange : Complication Tile com.onda.app, type = 2
11-18 10:56:38.792  2913  7623 I AppWidgetDataProvider:  updatePackageChangeData type  1 , pack type 2  ,  pkg com.onda.app
11-18 10:56:38.915  1643  2054 D LauncherAppsService: Calling onPackageRemoved: com.onda.app, EXTRA_REPLACING: false
11-18 10:56:38.915  1643  2054 D LauncherAppsService: Calling onPackageRemoved: com.onda.app, listener: com.google.android.as(UserHandle{0}, 5083)
11-18 10:56:38.915  1643  2054 D LauncherAppsService: Calling onPackageRemoved: com.onda.app, listener: com.sec.android.app.launcher(UserHandle{0}, 3422)
11-18 10:56:38.916  1643  2054 D LauncherAppsService: Calling onPackageRemoved: com.onda.app, listener: com.android.systemui(UserHandle{0}, 2913)
11-18 10:56:38.916  5083  5134 D LauncherApps: onPackageRemoved 0,com.onda.app
11-18 10:56:38.916  1643  2054 D LauncherAppsService: Calling onPackageRemoved: com.onda.app, listener: android(UserHandle{0}, 1643)
11-18 10:56:38.916  1643  2054 D LauncherApps: onPackageRemoved 0,com.onda.app
11-18 10:56:38.916  2913 20177 D LauncherApps: onPackageRemoved 0,com.onda.app
11-18 10:56:38.917  3422  3422 I HoneySpace.PackageOperationTracker: onPackageRemoved - com.onda.app UserHandle{0}
11-18 10:56:38.917  3422  3422 I HoneySpace.PackageChangedCallbackImpl: onPackageRemoved: com.onda.app / UserHandle{0}
11-18 10:56:38.919  3422 16322 I HoneySpace.IconCache: remove icon cache & DB : com.onda.app UserHandle{0}
11-18 10:56:38.920  3422 16322 I HoneySpace.IconCache: removeSpecificIconDb: com.onda.app UserHandle{0}
11-18 10:56:38.975  3422  3422 I HoneySpace.HoneySpaceManagerContainer: refreshHoneyPlugin, packageName: com.onda.app
11-18 10:56:38.975  3422 16322 I HoneySpace.HoneySpacePackageSourceImpl: Package removed : com.onda.app
11-18 10:56:38.975  3422 16322 I SearchableManager: removeDynamicSearchable: com.onda.app
11-18 10:56:38.975  3422 16322 I SearchableManager: invalidate: com.onda.app
11-18 10:56:38.976  3422  3422 I HoneySpace.PackageEventHandler: Package removed : [com.onda.app/.MainActivity#UserHandle{0}]
11-18 10:56:38.997  3422  3422 I HoneySpace.DataCache: deleteItem : id=2024, title=Onda, type=APP, containerType=ITEM_GROUP, containerId=20, x=-1, y=-1, rank=1, spanX=-1, spanY=-1, scale=1.0component=com.onda.app/.MainActivity, profileId=0, intent=null, restored=0, hidden=UNHIDDEN, appWidgetId=-1, options=0, refPackageName=null (appList) package removed
11-18 10:56:39.002  3422  5747 I HoneySpace.DataCache: delete item : (appList) package removed - APP / 2024 / Onda / com.onda.app/.MainActivity / -1 / 0
11-18 10:56:39.138 21415 21415 I DWBh    : onPackageDeleted : com.onda.app
11-18 10:56:39.193 21417 21453 I LockContentProvider: before profileData Id : 0, removePkg:com.onda.app, enabledWidgetIdList:{}
11-18 10:56:39.376  3422 21471 I SearchEngineAppSuggestion: package removed: com.onda.app
11-18 10:56:39.446 21415 21501 I DWBa    : couldn't find com.onda.app
11-18 10:56:39.547 24352 24352 I Finsky  : [2] Received an install/uninstall event for package com.onda.app
11-18 10:56:53.378 24352 24352 I Finsky  : [2] VerifyApps: Install-time verification requested for package com.onda.app, PackageManager id = 33, Verifier id = e8e19133-7fef-42aa-bd87-f909a8717e9b
11-18 10:56:53.438 24352 21396 I Finsky  : [409] VerifyApps: Anti-malware verification task started for package=com.onda.app
11-18 10:56:53.516 24352 24388 I Finsky  : [230] VerifyApps: Starting APK Analysis scan for com.onda.app.
11-18 10:56:53.516 24352 24388 I Finsky  : [230] Scanning package com.onda.app contents with client side protections. File: [DTN1SkTZahKE0rRyGCIq0GjzQ0UOp8Qjoxbp8eQ_T8w]
11-18 10:56:53.610 21630 21648 I GOS:GameServiceReceiver:  PkgInstallStarted for com.onda.app UserID : 0
11-18 10:56:53.692 21630 21653 W GOS:PackageUtil: isPackageInstalledAsUser(). Exception: android.content.pm.PackageManager$NameNotFoundException: com.onda.app
11-18 10:56:53.693 21630 21653 I GOS:GameIntentService: onPackageChanged(). extras: Bundle[{changeType=2, userId=0, type=15, packageName=com.onda.app}]
11-18 10:56:53.693 21630 21653 I GOS:GameIntentService: onPackageChanged(). changeType(INSTALL_STARTED), pkgName(com.onda.app), UserHandle(0), userId(0), Installed(false)
11-18 10:56:53.695 21630 21653 W GOS:PackageUtil: isPackageInstalledAsUser(). Exception: android.content.pm.PackageManager$NameNotFoundException: com.onda.app
11-18 10:56:54.018 24352 21395 I Finsky  : [408] VerifyApps: Verification package=com.onda.app, id=33, response=0, upload_requested=false, enable_ecm=false
11-18 10:56:54.023 24352 21395 I Finsky  : [408] VerifyApps: PAM result saving to datastore delayed for package: com.onda.app
11-18 10:56:54.118 24352 24388 I Finsky  : [230] VerifyApps: APK Analysis scan finished for com.onda.app. Verdict: SAFE
11-18 10:56:54.130 24352 24352 I Finsky  : [2] VerifyApps: Install-time verification complete: id=33, package_name=com.onda.app
11-18 10:56:54.132  1643  2528 I PackageManager:           pkg{com.onda.app}
11-18 10:56:54.195  1643  2123 D PermissionService: setAllowlistedRestrictedPermissionsUnchecked called for package - com.onda.app
11-18 10:56:54.195  1643  2123 D PermissionService: updateAdminPermissionsInternalcom.onda.app
11-18 10:56:54.278  1643  2123 I DisplayDeviceRepository: Display device added: DisplayDeviceInfo{"SpegVirtualDisplay": uniqueId="virtual:com.onda.app:10418", 1080 x 2340, modeId 17, renderFrameRate 60.0, defaultModeId 17, userPreferredModeId -1, supportedModes [{id=17, width=1080, height=2340, fps=60.0, vsync=60.0, synthetic=false, alternativeRefreshRates=[], supportedHdrTypes=[]}], colorMode 0, supportedColorModes [0], hdrCapabilities null, allmSupported false, gameContentTypeSupported false, density 480, 480.0 x 480.0 dpi, appVsyncOff 0, presDeadline 16666666, touch VIRTUAL, rotation 0, type VIRTUAL, deviceProductInfo null, state OFF, committedState UNKNOWN, owner com.onda.app (uid 10418), frameRateOverride , brightnessMinimum 0.0, brightnessMaximum 0.0, brightnessDefault 0.0, hdrSdrRatio NaN, FLAG_ROTATES_WITH_CONTENT, FLAG_PRIVATE, FLAG_NEVER_BLANK, FLAG_OWN_CONTENT_ONLY, FLAG_DESTROY_CONTENT_ON_REMOVAL, FLAG_SPEG_DISPLAY, installOrientation 0, displayShape DisplayShape{ spec=-1084927657 displayWidth=1080 displayHeight=2340 physicalPixelDisplaySizeRatio=1.0 rotation=0 offsetX=0 offsetY=0 scale=1.0}}
11-18 10:56:54.283  1643  2025 I DisplayDevice: [20] Layerstack set to 20 for virtual:com.onda.app:10418
11-18 10:56:54.284  1643  2025 D DisplayDevice: setProjectionLocked, orientation=0, layerStackRect=Rect(0, 0 - 1080, 2340), displayRect=Rect(0, 0 - 1080, 2340) for virtual:com.onda.app:10418
11-18 10:56:54.317  1643  2024 I InputManager-JNI: Viewport [1] to add: virtual:com.onda.app:10418, isActive: true
11-18 10:56:54.317  1643  2024 D InputManager-JNI: Viewport [1] type:3, displayId=20, uniqueId=virtual:com.onda.app:10418, orientation=0, logicalFrame=[0, 0][1080, 2340], physicalFrame=[0, 0][1080, 2340], deviceSize=[1080, 2340]
11-18 10:56:54.377  1643  2021 D WindowManager: onDisplayAdded, displayId=20 display=Display id 20: DisplayInfo{"SpegVirtualDisplay", displayId 20, displayGroupId 0, FLAG_PRIVATE, FLAG_SPEG_DISPLAY, real 1080 x 2340, largest app 2340 x 2340, smallest app 1080 x 1080, appVsyncOff 0, presDeadline 16666666, mode 17, renderFrameRate 60.0, defaultMode 17, REFRESH_RATE_MODE_ALWAYS, userPreferredModeId -1, supportedModes [{id=17, width=1080, height=2340, fps=60.0, vsync=60.0, synthetic=false, alternativeRefreshRates=[], supportedHdrTypes=[]}], appsSupportedModes [{id=17, width=1080, height=2340, fps=60.0, vsync=60.0, synthetic=false, alternativeRefreshRates=[], supportedHdrTypes=[]}], hdrCapabilities null, userDisabledHdrTypes [], minimalPostProcessingSupported false, rotation 0, state ON, committedState UNKNOWN, type VIRTUAL, uniqueId "virtual:com.onda.app:10418", app 1080 x 2340, density 480 (480.0 x 480.0) dpi, layerStack 20, colorMode 0, supportedColorModes [0], deviceProductInfo null, owner com.onda.app (uid 10418), removeMode 1, refreshRateOverride 60.0, brightnessMinimum 0.0, brightnessMaximum 0.0, brightnessDefault 0.0, installOrientation ROTATION_0, layoutLimitedRefreshRate null, hdrSdrRatio not_available, thermalRefreshRateThrottling {}, thermalBrightnessThrottlingDataId default}, DisplayMetrics{density=3.0, width=1080, height=2340, scaledDensity=3.0, xdpi=480.0, ydpi=480.0}, isValid=true
11-18 10:56:54.381  1643  2123 I Pageboost: onAppLaunch : com.onda.app
