11-18 09:43:22.526  1643  2025 D WindowManager: updateSystemBarAttributes: displayId=0, focusedCanBeNavColorWin=false, win=Window{7fd1613 u0 Splash Screen com.onda.app}, navColorWin=Window{7fd1613 u0 Splash Screen com.onda.app}, caller=com.android.server.wm.DisplayPolicy.finishPostLayoutPolicyLw:17 com.android.server.wm.RootWindowContainer.applySurfaceChangesTransaction$1:194 com.android.server.wm.RootWindowContainer.performSurfacePlacementNoTrace:61
11-18 09:43:22.538  1643  1711 D SGM:FgCheckThread: notifyAppCreated(), packageName: com.onda.app, userId: 0, sendRet: true
11-18 09:43:22.539  1643  2612 D SGM:FgCheckThread: onLooperPrepared(), msg: MSG_APP_CREATE, pkgName: com.onda.app, userId: 0
11-18 09:43:22.539  1643  1711 D SGM:FgCheckThread:   sendRunningComponentFocus(), pkgName: com.onda.app, userId: 0
11-18 09:43:22.539  1643  2612 D SGM:FgCheckThread: onLooperPrepared(), msg: MSG_TASK_FOCUSED, pkgName: com.onda.app, userId: 0
11-18 09:43:22.539  1643  2612 D SGM:FgCheckThread:   handleTaskFocused(), pkgName: com.onda.app, userID:0
11-18 09:43:22.539  1643  1711 D ActivityTaskManager: scheduleTopResumedActivityChanged, onTop=true, r=ActivityRecord{931c0d9 u0 com.onda.app/.MainActivity t1459}, caller=com.android.server.wm.ActivityTaskSupervisor.updateTopResumedActivityIfNeeded:62 com.android.server.wm.TaskFragment.setResumedActivity:29 com.android.server.wm.ActivityRecord.setState:104 com.android.server.wm.ActivityTaskSupervisor.realStartActivityLocked:949 com.android.server.wm.RootWindowContainer.attachApplication:90 com.android.server.wm.ActivityTaskManagerService$LocalService.attachApplication:40
11-18 09:43:22.540  1643  2612 D SGM:FgCheckThread:   handleResume(). pkgName: com.onda.app, userId: 0, category: non-game
11-18 09:43:22.540  1643  2612 D SGM:FgCheckThread: notifyFocusInOut(). of pkg: com.onda.app, type: 4, isSecGameFamily: false, userId: 0
11-18 09:43:22.541 26166 26166 D ActivityThread: com.onda.app will use render engine as VK
11-18 09:43:22.542  5228 15088 I SDHMS:l : handleResumeComponent : put = com.onda.app, userid = 0 instanceid =43563391
11-18 09:43:22.543  1643  2024 D SGM:FgCheckThread: noteResumeComponent(), received pkgName: com.onda.app, userId: 0
11-18 09:43:22.543  1643  2612 D SGM:FgCheckThread: onLooperPrepared(), msg: MSG_APP_RESUME, pkgName: com.onda.app, userid: 0
11-18 09:43:22.544  1643  2612 D SGM:FgCheckThread:   handleResume(). pkgName: com.onda.app, userId: 0, category: non-game
11-18 09:43:22.544  1643  2612 D SGM:FgCheckThread: notifyFocusInOut(). of pkg: com.onda.app, type: 4, isSecGameFamily: false, userId: 0
11-18 09:43:22.546  1643  2024 D SGM:GameManager: identifyGamePackage. com.onda.app, mCurrentUserId: 0, callerUserId: 0, callingMethodInfo: com.samsung.android.game.SemGameManager.isGamePackage(SemGameManager.java:105)
11-18 09:43:22.546  1643  2024 D SGM:SemGameManager: isGamePackage(), pkgName=com.onda.app, ret=false
11-18 09:43:22.633  1643  2058 I ActivityManager: Start proc 26200:com.google.android.webview:sandboxed_process0:org.chromium.content.app.SandboxedProcessService0:0/u0i249 for  {com.onda.app/org.chromium.content.app.SandboxedProcessService0:0}
11-18 09:43:22.633  1643  2058 I DynamicHiddenApp_BGProtectManager: check webview name : com.google.android.webview:sandboxed_process0:org.chromium.content.app.SandboxedProcessService0:0check hostingname webview : {com.onda.app/org.chromium.content.app.SandboxedProcessService0:0}
11-18 09:43:22.649  1643  2684 D MdnieScenarioControlService:  packageName : com.onda.app    className : com.onda.app.MainActivity
11-18 09:43:22.768  1643  5932 D CoreBackPreview: Window{d0d2d01 u0 com.onda.app/com.onda.app.MainActivity}: Setting back callback OnBackInvokedCallbackInfo{mCallback=android.window.IOnBackInvokedCallback$Stub$Proxy@99e983d, mPriority=0, mIsAnimationCallback=false}
11-18 09:43:22.769  1643  3123 D WindowManager: makeSurface duration=1 name=com.onda.app/com.onda.app.MainActivity$_26166
11-18 09:43:22.770  1643  3123 D WindowManager: Changing focus from null to Window{d0d2d01 u0 com.onda.app/com.onda.app.MainActivity} displayId=0 Callers=com.android.server.wm.WindowManagerService.relayoutWindowInner:142 com.android.server.wm.WindowManagerService.relayoutWindow:6 com.android.server.wm.Session.relayout:27 android.view.IWindowSession$Stub.onTransact:861
11-18 09:43:22.771   806   806 D io_stats: !@ Write_top(KB): id.app.routines(25981) 676 kworker/u16:6(23889) 524 com.onda.app(26166) 508
11-18 09:43:22.771  1643  3123 D InsetsSourceProvider: updateControlForTarget: control=InsetsSourceControl: {60080000 mType=statusBars initiallyVisible mSurfacePosition=Point(0, 0) mInsetsHint=Insets{left=0, top=99, right=0, bottom=0}}, target=Window{d0d2d01 u0 com.onda.app/com.onda.app.MainActivity}, from=com.android.server.wm.InsetsStateController.onControlTargetChanged:81 com.android.server.wm.InsetsPolicy.updateBarControlTarget:175 com.android.server.wm.DisplayPolicy.updateSystemBarAttributes:281 com.android.server.wm.WindowManagerService.updateFocusedWindowLocked:375 com.android.server.wm.WindowManagerService.relayoutWindowInner:142
11-18 09:43:22.772  1643  3123 D InsetsSourceProvider: updateControlForTarget: control=InsetsSourceControl: {26710001 mType=navigationBars initiallyVisible mSurfacePosition=Point(0, 2196) mInsetsHint=Insets{left=0, top=0, right=0, bottom=144}}, target=Window{d0d2d01 u0 com.onda.app/com.onda.app.MainActivity}, from=com.android.server.wm.InsetsStateController.onControlTargetChanged:81 com.android.server.wm.InsetsPolicy.updateBarControlTarget:188 com.android.server.wm.DisplayPolicy.updateSystemBarAttributes:281 com.android.server.wm.WindowManagerService.updateFocusedWindowLocked:375 com.android.server.wm.WindowManagerService.relayoutWindowInner:142
11-18 09:43:22.772  1643  3123 D WindowManager: updateSystemBarAttributes: displayId=0, focusedCanBeNavColorWin=false, win=Window{d0d2d01 u0 com.onda.app/com.onda.app.MainActivity}, navColorWin=Window{7fd1613 u0 Splash Screen com.onda.app}, caller=com.android.server.wm.WindowManagerService.updateFocusedWindowLocked:375 com.android.server.wm.WindowManagerService.relayoutWindowInner:142 com.android.server.wm.WindowManagerService.relayoutWindow:6
11-18 09:43:22.772  1643  3123 V SystemKeyManager: updateFocusedWindow() is called, com.onda.app/com.onda.app.MainActivity
11-18 09:43:22.847  1643  5932 D WindowManager: finishDrawingWindow: Window{d0d2d01 u0 com.onda.app/com.onda.app.MainActivity} mDrawState=DRAW_PENDING seqId=0
11-18 09:43:22.848  1643  2025 V WindowManager: Finish starting ActivityRecord{931c0d9 u0 com.onda.app/.MainActivity t1459}: first real window is shown, no animation
11-18 09:43:22.848  1643  2025 V WindowManager: Schedule remove starting ActivityRecord{931c0d9 u0 com.onda.app/.MainActivity t1459} startingWindow=Window{7fd1613 u0 Splash Screen com.onda.app} animate=true Callers=com.android.server.wm.ActivityRecord.removeStartingWindow:150 com.android.server.wm.WindowState.performShowLocked:147 com.android.server.wm.WindowStateAnimator.commitFinishDrawingLocked:59 com.android.server.wm.DisplayContent$$ExternalSyntheticLambda1.accept$com$android$server$wm$DisplayContent$$ExternalSyntheticLambda40:22 com.android.server.wm.DisplayContent$$ExternalSyntheticLambda1.accept:305
11-18 09:43:22.851  1643  2025 D TaskOrganizerController: applyStartingWindowAnimation, window=Window{d0d2d01 u0 com.onda.app/com.onda.app.MainActivity}, caller=com.android.server.wm.TaskOrganizerController.removeStartingWindow:131 com.android.server.wm.StartingSurfaceController$StartingSurface.remove:23 com.android.server.wm.ActivityRecord.removeStartingWindowAnimation:181
11-18 09:43:22.856  1643  2025 I WindowManager: Reparenting to leash, surface=Surface(name=d0d2d01 com.onda.app/com.onda.app.MainActivity)/@0x5e5fb8a, syncState=0, syncCommitDepth=0, leashParent=Surface(name=ActivityRecord{931c0d9 u0 com.onda.app/.MainActivity t1459})/@0xc4c55fb
11-18 09:43:22.857  1643  2025 D WindowManager: makeSurface duration=1 leash=Surface(name=Surface(name=d0d2d01 com.onda.app/com.onda.app.MainActivity)/@0x5e5fb8a - animation-leash of starting_reveal)/@0x9d54618
11-18 09:43:22.857  1643  2025 I ActivityTaskManager: done cause=notifyWindowsDrawn timestamp=93949482530358 info=TransitionInfo{9ba5871 a=ActivityRecord{931c0d9 u0 com.onda.app/.MainActivity t1459} d=true}
11-18 09:43:22.858  1643  2025 V WindowManager: performShowLocked: mDrawState=HAS_DRAWN in Window{d0d2d01 u0 com.onda.app/com.onda.app.MainActivity}
11-18 09:43:22.869  1643  2020 I Pageboost: Launch time gathered : pid 26166 com.onda.app 398
11-18 09:43:22.899  1643  5940 D InsetsSourceProvider: updateControlForTarget: control=InsetsSourceControl: {3 mType=ime mSurfacePosition=Point(0, 99) mInsetsHint=Insets{left=0, top=0, right=0, bottom=1026}}, target=Window{d0d2d01 u0 com.onda.app/com.onda.app.MainActivity}, from=com.android.server.wm.ImeInsetsSourceProvider.updateControlForTarget:17 com.android.server.wm.InsetsStateController.onControlTargetChanged:81 com.android.server.wm.DisplayContent.updateImeControlTarget:21 com.android.server.wm.DisplayContent.updateImeInputAndControlTarget:81 com.android.server.wm.WindowManagerService$LocalService.updateInputMethodTargetWindow:21
11-18 09:43:22.926  1643  2024 D SGM:FgCheckThread: getForegroundApp(), foregroundPkgName=com.onda.app
11-18 09:43:22.926  1643  2024 D SGM:FgCheckThread: noteStopComponent(), received pkgName: com.sec.android.app.launcher, focusedPkgName: com.onda.app, userId: 0
11-18 09:43:22.929  1643  5932 D WindowManager: Starting window removed Window{7fd1613 u0 Splash Screen com.onda.app}
11-18 09:43:22.929  1643  5932 I WindowManager: Cancelling animation restarting=false, leash=Surface(name=Surface(name=d0d2d01 com.onda.app/com.onda.app.MainActivity)/@0x5e5fb8a - animation-leash of starting_reveal)/@0x9d54618
11-18 09:43:22.929  1643  5932 I WindowManager: Reparenting to original parent: Surface(name=ActivityRecord{931c0d9 u0 com.onda.app/.MainActivity t1459})/@0xc4c55fb, destroy=false, syncState=0, syncCommitDepth=0, surface=Surface(name=d0d2d01 com.onda.app/com.onda.app.MainActivity)/@0x5e5fb8a
11-18 09:43:22.929  1643  5932 V WindowManager: Remove Window{7fd1613 u0 Splash Screen com.onda.app}: mSurfaceController=Surface(name=Splash Screen com.onda.app$_2913)/@0x372ed5 mAnimatingExit=false mRemoveOnExit=false mHasSurface=true surfaceShowing=true animating=false app-animation=false mDisplayFrozen=false callers=com.android.server.wm.Session.remove:16 android.view.IWindowSession$Stub.onTransact:794 com.android.server.wm.Session.onTransact:1 android.os.Binder.execTransactInternal:1541 android.os.Binder.execTransact:1480 <bottom of call stack>
11-18 09:43:22.929  1643  5932 I WindowManager: Destroying surface Surface(name=Splash Screen com.onda.app$_2913)/@0x372ed5 called by com.android.server.wm.WindowStateAnimator.destroySurface:11 com.android.server.wm.WindowStateAnimator.destroySurfaceLocked:54 com.android.server.wm.WindowState.removeImmediately:43 com.android.server.wm.WindowState.removeIfPossible:638 com.android.server.wm.Session.remove:16 android.view.IWindowSession$Stub.onTransact:794 com.android.server.wm.Session.onTransact:1 android.os.Binder.execTransactInternal:1541
11-18 09:43:22.930  1643  5932 D WindowManager: updateSystemBarAttributes: displayId=0, focusedCanBeNavColorWin=false, win=Window{d0d2d01 u0 com.onda.app/com.onda.app.MainActivity}, navColorWin=Window{d0d2d01 u0 com.onda.app/com.onda.app.MainActivity}, caller=com.android.server.wm.DisplayPolicy.finishPostLayoutPolicyLw:17 com.android.server.wm.RootWindowContainer.applySurfaceChangesTransaction$1:194 com.android.server.wm.RootWindowContainer.performSurfacePlacementNoTrace:61
11-18 09:43:23.060  1643  2684 D MdnieScenarioControlService:  packageName : com.onda.app    className : com.onda.app.MainActivity
11-18 09:43:23.400  1643  2024 D SGM:GameManager: identifyForegroundApp. com.onda.app, mCurrentUserId: 0, callerUserId: 0
11-18 09:43:24.641  1643  5938 D SGM:GameManager: identifyGamePackage. com.onda.app, mCurrentUserId: 0, callerUserId: 0, callingMethodInfo: com.samsung.android.game.IGameManagerService$Stub.onTransact(IGameManagerService.java:228)
11-18 09:43:25.876  1643  2024 D SGM:GameManager: identifyForegroundApp. com.onda.app, mCurrentUserId: 0, callerUserId: 0
11-18 09:43:26.596  1643  5938 D ActivityTaskManager: TaskLaunchParamsModifier:task=Task{3c76a9e #1459 type=standard A=10416:com.onda.app} activity=ActivityRecord{75ea62 u0 com.google.android.permissioncontroller/com.android.permissioncontroller.permission.ui.GrantPermissionsActivity t-1} display-area-from-source=DefaultTaskDisplayArea_d0@220808832 display-id=0 task-display-area-windowing-mode=1 suggested-display-area=DefaultTaskDisplayArea_d0@220808832 inherit-from-source=fullscreen non-freeform-task-display-area display-area=DefaultTaskDisplayArea_d0@220808832 activity-requested-portrait freeform-size-mismatch=Rect(81, 562 - 999, 1732)
11-18 09:43:26.596  1643  5938 V WindowManager: Collecting in transition 1771: ActivityRecord{931c0d9 u0 com.onda.app/.MainActivity t1459}, caller=com.android.server.wm.TransitionController.collect:7 com.android.server.wm.ActivityStarter.startActivityInner:1923 com.android.server.wm.ActivityStarter.startActivityUnchecked:639 com.android.server.wm.ActivityStarter.executeRequest:3365 com.android.server.wm.ActivityStarter.execute:1122
11-18 09:43:26.596  1643  5938 D WindowManager: prepareSync <SYNC_STATE_WAITING_FOR_DRAW>, mPrepareSyncSeqId=0, win=Window{d0d2d01 u0 com.onda.app/com.onda.app.MainActivity}
11-18 09:43:26.601  1643  5938 D ActivityTaskManager: scheduleTopResumedActivityChanged, onTop=false, r=ActivityRecord{931c0d9 u0 com.onda.app/.MainActivity t1459}, caller=com.android.server.wm.ActivityTaskSupervisor.scheduleTopResumedActivityStateLossIfNeeded:11 com.android.server.wm.ActivityTaskSupervisor.updateTopResumedActivityIfNeeded:19 com.android.server.wm.TaskFragment.setResumedActivity:29 com.android.server.wm.ActivityRecord.setState:95 com.android.server.wm.TaskFragment.startPausing$1:210 com.android.server.wm.TaskFragment.resumeTopActivity:698
11-18 09:43:26.603  2913  3030 V WindowManagerShell: Transition requested (#1771): android.os.BinderProxy@5f2eb0d TransitionRequestInfo { type = OPEN, triggerTask = TaskInfo{userId=0 taskId=1459 displayId=0 isRunning=true baseIntent=Intent { flg=0x10000000 cmp=com.onda.app/.MainActivity } baseActivity=ComponentInfo{com.onda.app/com.onda.app.MainActivity} topActivity=ComponentInfo{com.google.android.permissioncontroller/com.android.permissioncontroller.permission.ui.GrantPermissionsActivity} origActivity=null realActivity=ComponentInfo{com.onda.app/com.onda.app.MainActivity} numActivities=2 lastActiveTime=223270839 supportsMultiWindow=true resizeMode=1 isResizeable=true minWidth=-1 minHeight=-1 maxWidth=-1 maxHeight=-1 defaultMinSize=220 token=WCT{android.window.IWindowContainerToken$Stub$Proxy@51a3ac2} topActivityType=1 pictureInPictureParams=null shouldDockBigOverlays=false launchIntoPipHostTaskId=-1 lastParentTaskIdBeforePip=-1 displayCutoutSafeInsets=Rect(0, 99 - 0, 0) topActivityInfo=ActivityInfo{e1e50d3 com.android.permissioncontroller.permission.ui.GrantPermissionsActivity} launchCookies=[] positionInParent=Point(0, 0) parentTaskId=-1 isFocused=true isVisible=true isVisibleRequested=true isSleeping=false topActivityInSizeCompat=false locusId=null displayAreaFeatureId=1 isTopActivityTransparent=true isTopActivityStyleFloating=false appCompatTaskInfo=AppCompatTaskInfo { topActivityInSizeCompat=false eligibleForLetterboxEducation= false isLetterboxEducationEnabled= false isLetterboxDoubleTapEnabled= false eligibleForUserAspectRatioButton= false topActivityBoundsLetterboxed= false isFromLetterboxDoubleTap= false topActivityLetterboxVerticalPosition= -1 topActivityLetterboxHorizontalPosition= -1 topActivityLetterboxWidth=1080 topActivityLetterboxHeight=2340 topActivityLetterboxAppWidth=1080 topActivityLetterboxAppHeight=2340 isUserFullscreenOverrideEnabled=false isSystemFullscreenOverrideEnabled=false hasMinAspectRatioOverride=false cameraCompatTaskInfo=CameraCompatTaskInfo { freeformCameraCompatMode=inactive} topActivityBounds=null topActivityInDisplayCompat=false} originallySupportedMultiWindow=true hasWallpaper=false rootAffinity=10416:com.onda.app isTopTaskInStage=false topActivityUiMode=17 CoverLauncherWidgetTask=false isAllowedSeamlessRotation=false isTopTransparentActivity=false snappingGuideBounds=Rect(81, 562 - 999, 1732) isAliasManaged=false hasConfigChanged=false isAiKeyRemoveAppTask=false}, pipTask = null, remoteTransition = null, displayChange = null, flags = 0, debugId = 1771 }
11-18 09:43:26.611  1643  3132 D WindowManager: Changing focus from Window{d0d2d01 u0 com.onda.app/com.onda.app.MainActivity} to null displayId=0 Callers=com.android.server.wm.ActivityTaskManagerService.setLastResumedActivityUncheckLocked:264 com.android.server.wm.ActivityTaskSupervisor.updateTopResumedActivityIfNeeded:50 com.android.server.wm.TaskFragment.setResumedActivity:29 com.android.server.wm.ActivityRecord.setState:104
11-18 09:43:26.612  1643  2024 D SGM:FgCheckThread: notePauseComponent(), received pkgName: com.onda.app, userId: 0
11-18 09:43:26.612  1643  2024 D SGM:FgCheckThread: notePauseComponent(), received pkgName: com.onda.app, userId: 0
11-18 09:43:26.612  1643  2024 D SGM:FgCheckThread: notifyFocusInOut(). of pkg: com.onda.app, type: 20, isSecGameFamily: false, userId: 0
11-18 09:43:26.613  1643  2024 D SGM:GameManager: identifyGamePackage. com.onda.app, mCurrentUserId: 0, callerUserId: 0, callingMethodInfo: com.samsung.android.game.SemGameManager.isGamePackage(SemGameManager.java:105)
11-18 09:43:26.613  1643  2024 D SGM:SemGameManager: isGamePackage(), pkgName=com.onda.app, ret=false
11-18 09:43:26.721  1643  5938 D WindowManager: updateSystemBarAttributes: displayId=0, focusedCanBeNavColorWin=false, win=Window{98241c2 u0 com.google.android.permissioncontroller/com.android.permissioncontroller.permission.ui.GrantPermissionsActivity}, navColorWin=Window{d0d2d01 u0 com.onda.app/com.onda.app.MainActivity}, caller=com.android.server.wm.WindowManagerService.updateFocusedWindowLocked:375 com.android.server.wm.WindowManagerService.relayoutWindowInner:142 com.android.server.wm.WindowManagerService.relayoutWindow:6
11-18 09:43:26.728  1643  2025 V WindowManager: Start calculating TransitionInfo based on participants: {ActivityRecord{75ea62 u0 com.google.android.permissioncontroller/com.android.permissioncontroller.permission.ui.GrantPermissionsActivity t1459}, ActivityRecord{931c0d9 u0 com.onda.app/.MainActivity t1459}}
11-18 09:43:26.744  1643  2020 V WindowManager: Sent Transition (#1771) createdAt=11-18 09:43:26.595 via request=TransitionRequestInfo { type = OPEN, triggerTask = TaskInfo{userId=0 taskId=1459 displayId=0 isRunning=true baseIntent=Intent { flg=0x10000000 cmp=com.onda.app/.MainActivity } baseActivity=ComponentInfo{com.onda.app/com.onda.app.MainActivity} topActivity=ComponentInfo{com.google.android.permissioncontroller/com.android.permissioncontroller.permission.ui.GrantPermissionsActivity} origActivity=null realActivity=ComponentInfo{com.onda.app/com.onda.app.MainActivity} numActivities=2 lastActiveTime=223270839 supportsMultiWindow=true resizeMode=1 isResizeable=true minWidth=-1 minHeight=-1 maxWidth=-1 maxHeight=-1 defaultMinSize=220 token=WCT{RemoteToken{944a0d6 Task{3c76a9e #1459 type=standard A=10416:com.onda.app}}} topActivityType=1 pictureInPictureParams=null shouldDockBigOverlays=false launchIntoPipHostTaskId=-1 lastParentTaskIdBeforePip=-1 displayCutoutSafeInsets=Rect(0, 99 - 0, 0) topActivityInfo=ActivityInfo{fc3f06c com.android.permissioncontroller.permission.ui.GrantPermissionsActivity} launchCookies=[] positionInParent=Point(0, 0) parentTaskId=-1 isFocused=true isVisible=true isVisibleRequested=true isSleeping=false topActivityInSizeCompat=false locusId=null displayAreaFeatureId=1 isTopActivityTransparent=true isTopActivityStyleFloating=false appCompatTaskInfo=AppCompatTaskInfo { topActivityInSizeCompat=false eligibleForLetterboxEducation= false isLetterboxEducationEnabled= false isLetterboxDoubleTapEnabled= false eligibleForUserAspectRatioButton= false topActivityBoundsLetterboxed= false isFromLetterboxDoubleTap= false topActivityLetterboxVerticalPosition= -1 topActivityLetterboxHorizontalPosition= -1 topActivityLetterboxWidth=1080 topActivityLetterboxHeight=2340 topActivityLetterboxAppWidth=1080 topActivityLetterboxAppHeight=2340 isUserFullscreenOverrideEnabled=false isSystemFullscreenOverrideEnabled=false hasMinAspectRatioOverride=false cameraCompatTaskInfo=CameraCompatTaskInfo { freeformCameraCompatMode=inactive} topActivityBounds=null topActivityInDisplayCompat=false} originallySupportedMultiWindow=true hasWallpaper=false rootAffinity=10416:com.onda.app isTopTaskInStage=false topActivityUiMode=17 CoverLauncherWidgetTask=false isAllowedSeamlessRotation=false isTopTransparentActivity=false snappingGuideBounds=Rect(81, 562 - 999, 1732) isAliasManaged=false hasConfigChanged=false isAiKeyRemoveAppTask=false}, pipTask = null, remoteTransition = null, displayChange = null, flags = 0, debugId = 1771 }
11-18 09:43:26.776   806   806 D io_stats: !@ Write_top(KB): kworker/u16:3(19451) 2820 com.onda.app(26166) 716 roid.honeyboard(6802) 196
11-18 09:43:27.253  1643  2024 D SGM:GameManager: identifyForegroundApp. com.onda.app, mCurrentUserId: 0, callerUserId: 0
11-18 09:43:28.082  1643  1711 D WindowManager: Changing focus from Window{98241c2 u0 com.google.android.permissioncontroller/com.android.permissioncontroller.permission.ui.GrantPermissionsActivity} to Window{d0d2d01 u0 com.onda.app/com.onda.app.MainActivity} displayId=0 Callers=com.android.server.wm.ActivityTaskManagerService.setLastResumedActivityUncheckLocked:264 com.android.server.wm.ActivityTaskSupervisor.updateTopResumedActivityIfNeeded:50 com.android.server.wm.TaskFragment.setResumedActivity:29 com.android.server.wm.ActivityRecord.setState:104
11-18 09:43:28.084  1643  1711 D InsetsSourceProvider: updateControlForTarget: control=InsetsSourceControl: {60080000 mType=statusBars initiallyVisible mSurfacePosition=Point(0, 0) mInsetsHint=Insets{left=0, top=99, right=0, bottom=0}}, target=Window{d0d2d01 u0 com.onda.app/com.onda.app.MainActivity}, from=com.android.server.wm.InsetsStateController.onControlTargetChanged:81 com.android.server.wm.InsetsPolicy.updateBarControlTarget:175 com.android.server.wm.DisplayPolicy.updateSystemBarAttributes:281 com.android.server.wm.WindowManagerService.updateFocusedWindowLocked:375 com.android.server.wm.ActivityTaskManagerService.setLastResumedActivityUncheckLocked:264
11-18 09:43:28.085  1643  1711 D InsetsSourceProvider: updateControlForTarget: control=InsetsSourceControl: {26710001 mType=navigationBars initiallyVisible mSurfacePosition=Point(0, 2196) mInsetsHint=Insets{left=0, top=0, right=0, bottom=144}}, target=Window{d0d2d01 u0 com.onda.app/com.onda.app.MainActivity}, from=com.android.server.wm.InsetsStateController.onControlTargetChanged:81 com.android.server.wm.InsetsPolicy.updateBarControlTarget:188 com.android.server.wm.DisplayPolicy.updateSystemBarAttributes:281 com.android.server.wm.WindowManagerService.updateFocusedWindowLocked:375 com.android.server.wm.ActivityTaskManagerService.setLastResumedActivityUncheckLocked:264
11-18 09:43:28.086  1643  1711 D WindowManager: updateSystemBarAttributes: displayId=0, focusedCanBeNavColorWin=false, win=Window{d0d2d01 u0 com.onda.app/com.onda.app.MainActivity}, navColorWin=Window{98241c2 u0 com.google.android.permissioncontroller/com.android.permissioncontroller.permission.ui.GrantPermissionsActivity}, caller=com.android.server.wm.WindowManagerService.updateFocusedWindowLocked:375 com.android.server.wm.ActivityTaskManagerService.setLastResumedActivityUncheckLocked:264 com.android.server.wm.ActivityTaskSupervisor.updateTopResumedActivityIfNeeded:50
11-18 09:43:28.086  1643  1711 V SystemKeyManager: updateFocusedWindow() is called, com.onda.app/com.onda.app.MainActivity
11-18 09:43:28.086  1643  1711 D ActivityTaskManager: scheduleTopResumedActivityChanged, onTop=true, r=ActivityRecord{931c0d9 u0 com.onda.app/.MainActivity t1459}, caller=com.android.server.wm.ActivityTaskSupervisor.updateTopResumedActivityIfNeeded:62 com.android.server.wm.TaskFragment.setResumedActivity:29 com.android.server.wm.ActivityRecord.setState:104 com.android.server.wm.TaskFragment.resumeTopActivity:1817 com.android.server.wm.Task.resumeTopActivityInnerLocked:98 com.android.server.wm.Task.resumeTopActivityUncheckedLocked:23
11-18 09:43:28.092  5228  6705 I SDHMS:l : handleResumeComponent : put = com.onda.app, userid = 0 instanceid =43563391
11-18 09:43:28.095  1643  2024 D SGM:FgCheckThread: noteResumeComponent(), received pkgName: com.onda.app, userId: 0
11-18 09:43:28.097  1643  2612 D SGM:FgCheckThread: onLooperPrepared(), msg: MSG_APP_RESUME, pkgName: com.onda.app, userid: 0
11-18 09:43:28.097  1643  2612 D SGM:FgCheckThread:   handleResume(). pkgName: com.onda.app, userId: 0, category: non-game
11-18 09:43:28.097  1643  2612 D SGM:FgCheckThread: notifyFocusInOut(). of pkg: com.onda.app, type: 4, isSecGameFamily: false, userId: 0
11-18 09:43:28.102  1643  2024 D SGM:GameManager: identifyGamePackage. com.onda.app, mCurrentUserId: 0, callerUserId: 0, callingMethodInfo: com.samsung.android.game.SemGameManager.isGamePackage(SemGameManager.java:105)
11-18 09:43:28.102  1643  2024 D SGM:SemGameManager: isGamePackage(), pkgName=com.onda.app, ret=false
11-18 09:43:28.105  1643  3123 D WindowManager: updateSystemBarAttributes: displayId=0, focusedCanBeNavColorWin=false, win=Window{d0d2d01 u0 com.onda.app/com.onda.app.MainActivity}, navColorWin=Window{d0d2d01 u0 com.onda.app/com.onda.app.MainActivity}, caller=com.android.server.wm.DisplayPolicy.finishPostLayoutPolicyLw:17 com.android.server.wm.RootWindowContainer.applySurfaceChangesTransaction$1:194 com.android.server.wm.RootWindowContainer.performSurfacePlacementNoTrace:61
11-18 09:43:28.114  1643  3123 D InsetsSourceProvider: updateControlForTarget: control=InsetsSourceControl: {3 mType=ime mSurfacePosition=Point(0, 99) mInsetsHint=Insets{left=0, top=0, right=0, bottom=1026}}, target=Window{d0d2d01 u0 com.onda.app/com.onda.app.MainActivity}, from=com.android.server.wm.ImeInsetsSourceProvider.updateControlForTarget:17 com.android.server.wm.InsetsStateController.onControlTargetChanged:81 com.android.server.wm.DisplayContent.updateImeControlTarget:21 com.android.server.wm.DisplayContent.updateImeInputAndControlTarget:81 com.android.server.wm.WindowManagerService$LocalService.updateInputMethodTargetWindow:21
11-18 09:43:28.136  1643  2024 D SGM:FgCheckThread: getForegroundApp(), foregroundPkgName=com.onda.app
11-18 09:43:28.136  1643  2024 D SGM:FgCheckThread: noteStopComponent(), received pkgName: com.google.android.permissioncontroller, focusedPkgName: com.onda.app, userId: 0
11-18 09:43:28.148  1643  1643 I Telecom : SamsungCallAudioRouteStateMachine: isSpeakerPhoneChangedByTelecom - modeOwner : com.onda.app: CARSM.mSPCR@IR0
11-18 09:43:28.149  1643  3303 D SGM:GameManager: identifyGamePackage. com.onda.app, mCurrentUserId: 0, callerUserId: 0, callingMethodInfo: com.samsung.android.game.SemGameManager.isGamePackage(SemGameManager.java:105)
11-18 09:43:28.149  1643  3303 D SGM:SemGameManager: isGamePackage(), pkgName=com.onda.app, ret=false
11-18 09:43:28.154  1643  5941 D SGM:GameManager: identifyGamePackage. com.onda.app, mCurrentUserId: 0, callerUserId: 0, callingMethodInfo: com.samsung.android.game.IGameManagerService$Stub.onTransact(IGameManagerService.java:228)
11-18 09:43:28.248  1643  2684 D MdnieScenarioControlService:  packageName : com.onda.app    className : com.onda.app.MainActivity
11-18 09:43:28.375  1643  2057 D SensorPrivacyService: onOpNoted  com.onda.app  code=27  uid=10416
11-18 09:43:28.392  1643  5938 D SGM:GameManager: identifyGamePackage. com.onda.app, mCurrentUserId: 0, callerUserId: 0, callingMethodInfo: com.samsung.android.game.SemGameManager.isGamePackage(SemGameManager.java:105)
11-18 09:43:28.392  1643  5938 D SGM:SemGameManager: isGamePackage(), pkgName=com.onda.app, ret=false
11-18 09:43:28.615  1643  2024 D SGM:GameManager: identifyForegroundApp. com.onda.app, mCurrentUserId: 0, callerUserId: 0
11-18 09:43:28.912  1643  5938 D InsetsSourceProvider: updateFakeControlTarget: fakeControl=InsetsSourceControl: {60080000 mType=statusBars mSurfacePosition=Point(0, 0) mInsetsHint=Insets{left=0, top=0, right=0, bottom=0}}, fakeTarget=Window{d0d2d01 u0 com.onda.app/com.onda.app.MainActivity}
11-18 09:43:31.423  1643  3303 D InsetsSourceProvider: updateControlForTarget: control=InsetsSourceControl: {60080000 mType=statusBars initiallyVisible mSurfacePosition=Point(0, 0) mInsetsHint=Insets{left=0, top=99, right=0, bottom=0}}, target=Window{d0d2d01 u0 com.onda.app/com.onda.app.MainActivity}, from=com.android.server.wm.InsetsStateController.onControlTargetChanged:81 com.android.server.wm.InsetsPolicy.updateBarControlTarget:175 com.android.server.wm.DisplayPolicy.updateSystemBarAttributes:281 com.android.server.wm.DisplayPolicy.finishPostLayoutPolicyLw:17 com.android.server.wm.RootWindowContainer.applySurfaceChangesTransaction$1:194
11-18 09:43:32.361  1643  5941 D SGM:GameManager: identifyGamePackage. com.onda.app, mCurrentUserId: 0, callerUserId: 0, callingMethodInfo: com.samsung.android.game.SemGameManager.isGamePackage(SemGameManager.java:105)
11-18 09:43:32.361  1643  5941 D SGM:SemGameManager: isGamePackage(), pkgName=com.onda.app, ret=false
11-18 09:43:32.506  1643  1643 I Telecom : SamsungCallAudioRouteStateMachine: isSpeakerPhoneChangedByTelecom - modeOwner : com.onda.app: CARSM.mSPCR@ISM
11-18 09:43:32.626  1643  1643 I Telecom : SamsungCallAudioRouteStateMachine: isSpeakerPhoneChangedByTelecom - modeOwner : com.onda.app: CARSM.mSPCR@ISQ
11-18 09:43:34.785   806   806 D io_stats: !@ Write_top(KB): system_server(1643) 864 ch_zygote(26406) 8 com.onda.app(26166) 8
11-18 09:43:36.011  1643  5942 D SGM:GameManager: identifyGamePackage. com.onda.app, mCurrentUserId: 0, callerUserId: 0, callingMethodInfo: com.samsung.android.game.IGameManagerService$Stub.onTransact(IGameManagerService.java:228)
11-18 09:43:36.011  2913  3526 D SGM:SemGameManager: isGamePackage(), pkgName=com.onda.app, ret=false
11-18 09:43:38.790   806   806 D io_stats: !@ Write_top(KB): kworker/u16:3(19451) 7088 loop46(3924) 3840 com.onda.app(26166) 460
11-18 09:43:50.795   806   806 D io_stats: !@ Write_top(KB): com.onda.app(26166) 8
11-18 09:43:54.798   806   806 D io_stats: !@ Write_top(KB): loop46(3924) 4096 com.onda.app(26166) 160 m.android.phone(2878) 8
11-18 09:43:58.455  1643  5940 D SGM:GameManager: identifyGamePackage. com.onda.app, mCurrentUserId: 0, callerUserId: 0, callingMethodInfo: com.samsung.android.game.IGameManagerService$Stub.onTransact(IGameManagerService.java:228)
11-18 09:43:58.455  2913  3526 D SGM:SemGameManager: isGamePackage(), pkgName=com.onda.app, ret=false
11-18 09:43:58.804   806   806 D io_stats: !@ Write_top(KB): loop46(3924) 5632 tworkdiagnostic(26493) 344 com.onda.app(26166) 136
11-18 09:44:02.809   806   806 D io_stats: !@ Write_top(KB): kworker/u16:6(23889) 4756 system_server(1643) 8 com.onda.app(26166) 8
11-18 09:44:06.810   806   806 D io_stats: !@ Write_top(KB): .sec.unifiedwfc(26507) 176 com.onda.app(26166) 28 m.android.phone(2878) 8
11-18 09:44:10.598  1643  3134 D SGM:GameManager: identifyGamePackage. com.onda.app, mCurrentUserId: 0, callerUserId: 0, callingMethodInfo: com.samsung.android.game.IGameManagerService$Stub.onTransact(IGameManagerService.java:228)
11-18 09:44:10.598  2913  3526 D SGM:SemGameManager: isGamePackage(), pkgName=com.onda.app, ret=false
11-18 09:44:10.814   806   806 D io_stats: !@ Write_top(KB): com.onda.app(26166) 96 id.bixby.wakeup(25143) 56
11-18 09:44:14.818   806   806 D io_stats: !@ Write_top(KB): kworker/u16:2(21770) 3728 system_server(1643) 52 com.onda.app(26166) 8
11-18 09:44:26.824   806   806 D io_stats: !@ Write_top(KB): com.onda.app(26166) 12
11-18 09:44:42.833   806   806 D io_stats: !@ Write_top(KB): kworker/u16:1(15113) 620 com.onda.app(26166) 20 id.bixby.wakeup(25143) 12
11-18 09:44:43.052  1643  1643 I Telecom : SamsungCallAudioRouteStateMachine: isSpeakerPhoneChangedByTelecom - modeOwner : com.onda.app: CARSM.mSPCR@ISw
11-18 09:45:02.847   806   806 D io_stats: !@ Write_top(KB): com.onda.app(26166) 12
11-18 09:45:28.901  1643  5942 D ContentCapturePerUserService: Notified activity assist data for activity: Token{298b97f ActivityRecord{931c0d9 u0 com.onda.app/.MainActivity t1459}} without a session Id
11-18 09:45:38.874   806   806 D io_stats: !@ Read_top(KB): com.onda.app(26166) 4
11-18 09:45:42.170  1643  5753 D WindowManager: Changing focus from Window{d0d2d01 u0 com.onda.app/com.onda.app.MainActivity} to Window{a003e06 u0 SmartCapture} displayId=0 Callers=com.android.server.wm.WindowManagerService.addWindow:201 com.android.server.wm.Session.addToDisplayAsUser:24 android.view.IWindowSession$Stub.onTransact:749 com.android.server.wm.Session.onTransact:1
11-18 09:45:42.176  1643  5753 D WindowManager: updateSystemBarAttributes: displayId=0, focusedCanBeNavColorWin=false, win=Window{a003e06 u0 SmartCapture}, navColorWin=Window{d0d2d01 u0 com.onda.app/com.onda.app.MainActivity}, caller=com.android.server.wm.WindowManagerService.updateFocusedWindowLocked:375 com.android.server.wm.WindowManagerService.addWindow:201 com.android.server.wm.Session.addToDisplayAsUser:24
11-18 09:45:43.871  1643  1711 D ActivityTaskManager: scheduleTopResumedActivityChanged, onTop=false, r=ActivityRecord{931c0d9 u0 com.onda.app/.MainActivity t1459}, caller=com.android.server.wm.ActivityTaskSupervisor.scheduleTopResumedActivityStateLossIfNeeded:11 com.android.server.wm.ActivityTaskSupervisor.updateTopResumedActivityIfNeeded:19 com.android.server.wm.TaskDisplayArea.positionChildAt:270 com.android.server.wm.Task.moveToFront:443 com.android.server.wm.ActivityStarter.startActivityInner:2376 com.android.server.wm.ActivityStarter.startActivityUnchecked:639
11-18 09:45:43.897  1643  2024 D SGM:FgCheckThread: notePauseComponent(), received pkgName: com.onda.app, userId: 0
11-18 09:45:43.897  1643  2024 D SGM:FgCheckThread: notePauseComponent(), received pkgName: com.onda.app, userId: 0
11-18 09:45:43.897  1643  2024 D SGM:FgCheckThread: notifyFocusInOut(). of pkg: com.onda.app, type: 20, isSecGameFamily: false, userId: 0
11-18 09:45:43.901  1643  2024 D SGM:GameManager: identifyGamePackage. com.onda.app, mCurrentUserId: 0, callerUserId: 0, callingMethodInfo: com.samsung.android.game.SemGameManager.isGamePackage(SemGameManager.java:105)
11-18 09:45:43.901  1643  2024 D SGM:SemGameManager: isGamePackage(), pkgName=com.onda.app, ret=false
11-18 09:45:44.164  1643  4846 D WindowManager: rotationForOrientation, orientationSource=ActivityRecord{931c0d9 u0 com.onda.app/.MainActivity t1459}
11-18 09:45:44.167  1643  4846 D InsetsSourceProvider: updateControlForTarget: control=InsetsSourceControl: {60080000 mType=statusBars initiallyVisible mSurfacePosition=Point(0, 0) mInsetsHint=Insets{left=0, top=99, right=0, bottom=0}}, target=Window{d0d2d01 u0 com.onda.app/com.onda.app.MainActivity}, from=com.android.server.wm.InsetsStateController.onControlTargetChanged:81 com.android.server.wm.InsetsPolicy.updateBarControlTarget:175 com.android.server.wm.DisplayPolicy.updateSystemBarAttributes:281 com.android.server.wm.WindowManagerService.updateFocusedWindowLocked:375 com.android.server.wm.WindowState.removeIfPossible:697
11-18 09:45:44.168  1643  4846 D InsetsSourceProvider: updateControlForTarget: control=InsetsSourceControl: {26710001 mType=navigationBars initiallyVisible mSurfacePosition=Point(0, 2196) mInsetsHint=Insets{left=0, top=0, right=0, bottom=144}}, target=Window{d0d2d01 u0 com.onda.app/com.onda.app.MainActivity}, from=com.android.server.wm.InsetsStateController.onControlTargetChanged:81 com.android.server.wm.InsetsPolicy.updateBarControlTarget:188 com.android.server.wm.DisplayPolicy.updateSystemBarAttributes:281 com.android.server.wm.WindowManagerService.updateFocusedWindowLocked:375 com.android.server.wm.WindowState.removeIfPossible:697
11-18 09:45:44.168  1643  4846 D WindowManager: updateSystemBarAttributes: displayId=0, focusedCanBeNavColorWin=false, win=Window{d0d2d01 u0 com.onda.app/com.onda.app.MainActivity}, navColorWin=Window{d0d2d01 u0 com.onda.app/com.onda.app.MainActivity}, caller=com.android.server.wm.WindowManagerService.updateFocusedWindowLocked:375 com.android.server.wm.WindowState.removeIfPossible:697 com.android.server.wm.Session.remove:16
11-18 09:45:44.726  1643  3124 D WindowManager: updateSystemBarAttributes: displayId=0, focusedCanBeNavColorWin=false, win=Window{1ddea39 u0 com.android.intentresolver/com.android.intentresolver.ChooserActivityLauncher}, navColorWin=Window{d0d2d01 u0 com.onda.app/com.onda.app.MainActivity}, caller=com.android.server.wm.WindowManagerService.updateFocusedWindowLocked:375 com.android.server.wm.WindowManagerService.relayoutWindowInner:142 com.android.server.wm.WindowManagerService.relayoutWindow:6
11-18 09:45:46.390  1643  3419 V WindowManager: Collecting in transition 1774: ActivityRecord{931c0d9 u0 com.onda.app/.MainActivity t1459}, caller=com.android.server.wm.TransitionController.collect:7 com.android.server.wm.ActivityRecord.setVisibility:189 com.android.server.wm.ActivityRecord.makeInvisible:39 com.android.server.wm.EnsureActivitiesVisibleHelper.process:637 com.android.server.wm.TaskFragment.updateActivityVisibilities:12
11-18 09:45:46.390  1643  3419 D WindowManager: prepareSync <SYNC_STATE_WAITING_FOR_DRAW>, mPrepareSyncSeqId=0, win=Window{d0d2d01 u0 com.onda.app/com.onda.app.MainActivity}
11-18 09:45:46.417  1643  2025 V WindowManager: Start calculating TransitionInfo based on participants: {ActivityRecord{4b0e003 u0 org.telegram.messenger/org.telegram.ui.LaunchActivity t1461}, Task{8e27b80 #1461 type=standard A=10368:org.telegram.messenger}, ActivityRecord{931c0d9 u0 com.onda.app/.MainActivity t1459}, ActivityRecord{ce5ee0f u0 com.android.intentresolver/.ChooserActivityLauncher t1460 f}}, Task{dbb7c7a #1460 type=standard A=10351:com.android.intentresolver}}
11-18 09:45:46.417  1643  2025 V WindowManager:   Final targets: [Task{8e27b80 #1461 type=standard A=10368:org.telegram.messenger}, Task{dbb7c7a #1460 type=standard A=10351:com.android.intentresolver}, Task{3c76a9e #1459 type=standard A=10416:com.onda.app}]
11-18 09:45:46.423  1643  2025 V WindowManager:         {WCT{RemoteToken{944a0d6 Task{3c76a9e #1459 type=standard A=10416:com.onda.app}}} m=TO_BACK f=NONE leash=Surface(name=Task=1459)/@0xb427c98 sb=Rect(0, 0 - 1080, 2340) eb=Rect(0, 0 - 1080, 2340) d=0 taskParent=-1 inset=Rect(0, 99 - 0, 144)}
11-18 09:45:46.452  1643  2020 V WindowManager:         {WCT{RemoteToken{944a0d6 Task{3c76a9e #1459 type=standard A=10416:com.onda.app}}} m=TO_BACK f=NONE leash=Surface(name=Task=1459)/@0xb427c98 sb=Rect(0, 0 - 1080, 2340) eb=Rect(0, 0 - 1080, 2340) d=0 taskParent=-1 inset=Rect(0, 99 - 0, 144)}
11-18 09:45:46.950  1643  2880 V WindowManager: Setting visibility of Window{d0d2d01 u0 com.onda.app/com.onda.app.MainActivity}: false, caller=com.android.server.wm.WindowContainer.sendAppVisibilityToClients:19 com.android.server.wm.WindowToken.setClientVisible:49 com.android.server.wm.ActivityRecord.setClientVisible:8 com.android.server.wm.ActivityRecord.commitVisibility:273 com.android.server.wm.TransitionController.finishTransition:766
11-18 09:45:47.078  1643  2880 E WindowManager: win=Window{d0d2d01 u0 com.onda.app/com.onda.app.MainActivity} destroySurfaces: appStopped=true cleanupOnResume=false win.mWindowRemovalAllowed=false win.mRemoveOnExit=false win.mViewVisibility=8 caller=com.android.server.wm.ActivityRecord.destroySurfaces:25 com.android.server.wm.ActivityRecord.activityStopped:204 com.android.server.wm.ActivityClientController.activityStopped:95 android.app.IActivityClientController$Stub.onTransact:722 com.android.server.wm.ActivityClientController.onTransact:1 android.os.Binder.execTransactInternal:1541 android.os.Binder.execTransact:1480
11-18 09:45:47.078  1643  2880 I WindowManager: Destroying surface Surface(name=com.onda.app/com.onda.app.MainActivity$_26166)/@0x212039e called by com.android.server.wm.WindowStateAnimator.destroySurface:11 com.android.server.wm.WindowStateAnimator.destroySurfaceLocked:54 com.android.server.wm.WindowState.destroySurfaceUnchecked:5 com.android.server.wm.WindowState.destroySurface:126 com.android.server.wm.ActivityRecord.destroySurfaces:25 com.android.server.wm.ActivityRecord.activityStopped:204 com.android.server.wm.ActivityClientController.activityStopped:95 android.app.IActivityClientController$Stub.onTransact:722
11-18 09:45:47.085  1643  2024 D SGM:FgCheckThread: pkgName: com.onda.app is not in foreground
11-18 09:45:47.085  1643  2024 D SGM:FgCheckThread: noteStopComponent(), received pkgName: com.onda.app, focusedPkgName: org.telegram.messenger, userId: 0
11-18 09:45:53.096  1643  3851 D FreecessController: com.onda.app(10416) is important[2]
11-18 09:45:58.102  1643  3851 D MARs:ActiveTrafficFilter: filter : com.onda.app(0)
11-18 09:45:58.102  1643  3851 D FreecessController: com.onda.app(10416) is important[8]
11-18 09:45:58.900   806   806 D io_stats: !@ Read_top(KB): .android.chrome(14037) 352 d.process.acore(15021) 212 com.onda.app(26166) 168
11-18 09:45:58.900   806   806 D io_stats: !@ Write_top(KB): android.vending(24352) 236 egram.messenger(7347) 56 com.onda.app(26166) 12
11-18 09:46:03.109  1643  3851 D MARs:ActiveTrafficFilter: filter : com.onda.app(0)
11-18 09:46:03.113  1643  3851 D FreecessController: com.onda.app(10416) is important[8]
11-18 09:46:08.120  1643  3851 D FreecessController: com.onda.app(10416) is important[2]
11-18 09:46:13.127  1643  3851 D FreecessController: com.onda.app(10416) is important[2]
11-18 09:46:18.133  1643  3851 D FreecessController: com.onda.app(10416) is important[2]
11-18 09:46:23.140  1643  3851 D FreecessController: com.onda.app(10416) is important[2]
11-18 09:46:28.148  1643  3851 D FreecessController: com.onda.app(10416) is important[2]
11-18 09:46:33.157  1643  3851 D FreecessController: com.onda.app(10416) is important[2]
11-18 09:46:38.165  1643  3851 D FreecessController: com.onda.app(10416) is important[2]
11-18 09:46:42.941   806   806 D io_stats: !@ Read_top(KB): cebook.services(11995) 1084 com.onda.app(26166) 700 martsuggestions(5079) 596
11-18 09:46:43.169  1643  3851 D FreecessController: com.onda.app(10416) is important[2]
11-18 09:46:47.293  1643  8481 D PerProcessNandswap$NandswapMsgHandler: startNandswapProcess to-delay Cached-ppn com.onda.app
11-18 09:46:48.175  1643  3851 D FreecessController: com.onda.app(10416) is important[2]
11-18 09:46:48.398  1643  5928 V WindowManager: Collecting in transition 1776: Task{3c76a9e #1459 type=standard A=10416:com.onda.app}, caller=com.android.server.wm.TransitionController.collect:7 com.android.server.wm.ActivityTaskSupervisor.findTaskToMoveToFront:114 com.android.server.wm.ActivityTaskManagerService.moveTaskToFrontLocked:222 com.android.server.wm.ActivityTaskSupervisor.startActivityFromRecents:849 com.android.server.wm.ActivityTaskManagerService.startActivityFromRecents:31
11-18 09:46:48.399  1643  5928 D WindowManager: prepareSync <SYNC_STATE_WAITING_FOR_DRAW>, mPrepareSyncSeqId=0, win=Window{d0d2d01 u0 com.onda.app/com.onda.app.MainActivity}
11-18 09:46:48.399  1643  5928 I Pageboost: moveTaskToFront : 10416:com.onda.app
11-18 09:46:48.408  1643  5928 V WindowManager: Add starting ActivityRecord{931c0d9 u0 com.onda.app/.MainActivity t1459}: startingData=SnapshotStartingData{65f4947 waitForSyncTransactionCommit=false removeAfterTransaction= 0}
11-18 09:46:48.409  1643  5928 V WindowManager: Added starting ActivityRecord{931c0d9 u0 com.onda.app/.MainActivity t1459}: startingWindow=null startingView=com.android.server.wm.StartingSurfaceController$StartingSurface@2d00574
11-18 09:46:48.410  2913  3030 V WindowManagerShell: Transition requested (#1776): android.os.BinderProxy@11c8289 TransitionRequestInfo { type = TO_FRONT, triggerTask = TaskInfo{userId=0 taskId=1459 displayId=0 isRunning=true baseIntent=Intent { flg=0x10000000 cmp=com.onda.app/.MainActivity } baseActivity=ComponentInfo{com.onda.app/com.onda.app.MainActivity} topActivity=ComponentInfo{com.onda.app/com.onda.app.MainActivity} origActivity=null realActivity=ComponentInfo{com.onda.app/com.onda.app.MainActivity} numActivities=1 lastActiveTime=223408109 supportsMultiWindow=true resizeMode=1 isResizeable=true minWidth=-1 minHeight=-1 maxWidth=-1 maxHeight=-1 defaultMinSize=220 token=WCT{android.window.IWindowContainerToken$Stub$Proxy@7df828e} topActivityType=1 pictureInPictureParams=null shouldDockBigOverlays=false launchIntoPipHostTaskId=-1 lastParentTaskIdBeforePip=-1 displayCutoutSafeInsets=Rect(0, 99 - 0, 0) topActivityInfo=ActivityInfo{bc60aaf com.onda.app.MainActivity} launchCookies=[] positionInParent=Point(0, 0) parentTaskId=-1 isFocused=false isVisible=false isVisibleRequested=false isSleeping=false topActivityInSizeCompat=false locusId=null displayAreaFeatureId=1 isTopActivityTransparent=false isTopActivityStyleFloating=false appCompatTaskInfo=AppCompatTaskInfo { topActivityInSizeCompat=false eligibleForLetterboxEducation= false isLetterboxEducationEnabled= false isLetterboxDoubleTapEnabled= false eligibleForUserAspectRatioButton= false topActivityBoundsLetterboxed= false isFromLetterboxDoubleTap= false topActivityLetterboxVerticalPosition= -1 topActivityLetterboxHorizontalPosition= -1 topActivityLetterboxWidth=1080 topActivityLetterboxHeight=2340 topActivityLetterboxAppWidth=1080 topActivityLetterboxAppHeight=2097 isUserFullscreenOverrideEnabled=false isSystemFullscreenOverrideEnabled=false hasMinAspectRatioOverride=false cameraCompatTaskInfo=CameraCompatTaskInfo { freeformCameraCompatMode=inactive} topActivityBounds=null topActivityInDisplayCompat=false} originallySupportedMultiWindow=true hasWallpaper=false rootAffinity=10416:com.onda.app isTopTaskInStage=false topActivityUiMode=17 CoverLauncherWidgetTask=false isAllowedSeamlessRotation=false isTopTransparentActivity=false snappingGuideBounds=Rect(81, 562 - 999, 1732) isAliasManaged=false hasConfigChanged=false isAiKeyRemoveAppTask=false}, pipTask = null, remoteTransition = RemoteTransition { remoteTransition = android.window.IRemoteTransition$Stub$Proxy@cee0ebc, appThread = android.app.IApplicationThread$Stub$Proxy@b41be45, debugName = QuickstepLaunchflags =NONE }, displayChange = null, flags = 0, debugId = 1776 }
11-18 09:46:48.412  1643  5941 V WindowManager: addWindow: ActivityRecord{931c0d9 u0 com.onda.app/.MainActivity t1459} startingWindow=Window{9de1b12 u0 SnapshotStartingWindow for taskId=1459}
11-18 09:46:48.417  2913  3030 D WindowManagerShell: onActivityRestartAttempt: ComponentInfo{com.onda.app/com.onda.app.MainActivity}
11-18 09:46:48.417  1643  8481 I PerProcessNandswap$NandswapMsgHandler: madvise_prefetch for com.onda.app
11-18 09:46:48.418  1643  5928 V WindowManager: Collecting in transition 1776: ActivityRecord{931c0d9 u0 com.onda.app/.MainActivity t1459}, caller=com.android.server.wm.TransitionController.collect:7 com.android.server.wm.ActivityRecord.setVisibility:189 com.android.server.wm.TaskFragment.resumeTopActivity:1735 com.android.server.wm.Task.resumeTopActivityInnerLocked:98 com.android.server.wm.Task.resumeTopActivityUncheckedLocked:23
11-18 09:46:48.419  1643  5928 V WindowManager: Setting visibility of Window{d0d2d01 u0 com.onda.app/com.onda.app.MainActivity}: true, caller=com.android.server.wm.WindowContainer.sendAppVisibilityToClients:19 com.android.server.wm.WindowToken.setClientVisible:49 com.android.server.wm.ActivityRecord.setVisibility:392 com.android.server.wm.TaskFragment.resumeTopActivity:1735 com.android.server.wm.Task.resumeTopActivityInnerLocked:98
11-18 09:46:48.419  1643  5928 D SGM:FgCheckThread:   sendRunningComponentFocus(), pkgName: com.onda.app, userId: 0
11-18 09:46:48.419  1643  2612 D SGM:FgCheckThread: onLooperPrepared(), msg: MSG_TASK_FOCUSED, pkgName: com.onda.app, userId: 0
11-18 09:46:48.419  1643  2612 D SGM:FgCheckThread:   handleTaskFocused(), pkgName: com.onda.app, userID:0 mResumedPkgMap does not containsKey.
11-18 09:46:48.421  1643  5928 D ActivityTaskManager: scheduleTopResumedActivityChanged, onTop=true, r=ActivityRecord{931c0d9 u0 com.onda.app/.MainActivity t1459}, caller=com.android.server.wm.ActivityTaskSupervisor.updateTopResumedActivityIfNeeded:62 com.android.server.wm.TaskFragment.setResumedActivity:29 com.android.server.wm.ActivityRecord.setState:104 com.android.server.wm.TaskFragment.resumeTopActivity:1817 com.android.server.wm.Task.resumeTopActivityInnerLocked:98 com.android.server.wm.Task.resumeTopActivityUncheckedLocked:23
11-18 09:46:48.422  1643  5928 D WindowManager: rotationForOrientation, orientationSource=ActivityRecord{931c0d9 u0 com.onda.app/.MainActivity t1459}
11-18 09:46:48.423  1643  5928 D WindowManagerServiceExt: updateTaskbarTargetIfNeeded: cn=ComponentInfo{com.onda.app/com.onda.app.MainActivity} occludesParent=true isInSplitScreenMode=false styleFloating=false
11-18 09:46:48.424  1643  5928 D BLASTSyncEngine: SyncGroup 1776:  Unfinished container: ActivityRecord{931c0d9 u0 com.onda.app/.MainActivity t1459} mSyncState=2
11-18 09:46:48.426  5228  6705 I SDHMS:l : handleResumeComponent : put = com.onda.app, userid = 0 instanceid =43563391
11-18 09:46:48.426  1643  2024 D SGM:FgCheckThread: noteResumeComponent(), received pkgName: com.onda.app, userId: 0
11-18 09:46:48.427  1643  2612 D SGM:FgCheckThread: onLooperPrepared(), msg: MSG_APP_RESUME, pkgName: com.onda.app, userid: 0
11-18 09:46:48.427  1643  2612 D SGM:FgCheckThread:   handleResume(). pkgName: com.onda.app, userId: 0, category: non-game
