11-17 23:49:35.350  2913  2913 D NavigationBar: onSystemBarAttributesChanged() -  displayId:0, appearance:16, packageName: com.onda.app (APPEARANCE_LIGHT_NAVIGATION_BARS ), navbarColorManagedByIme:false
11-17 23:49:35.352 13746 13746 E com.onda.app: Unable to open libpenguin.so: dlopen failed: library "libpenguin.so" not found.
11-17 23:49:35.363  1336  1540 D SurfaceFlinger: [input] setFocusedWindow: 88ca7ac com.onda.app/com.onda.app.MainActivity
11-17 23:49:35.363  1643  2536 D InputDispatcher: Once focus requested (0): 88ca7ac com.onda.app/com.onda.app.MainActivity
11-17 23:49:35.363  1643  2536 D InputDispatcher: Focus request (0): 88ca7ac com.onda.app/com.onda.app.MainActivity but waiting because NOT_VISIBLE
11-17 23:49:35.489  1336  3076 I SurfaceFlinger: [com.onda.app/com.onda.app.MainActivity$_13746#20401] setTransactionState with the first frame. bufferData(ID: 59038620450819, frameNumber: 1)
11-17 23:49:35.489  1643  5926 D WindowManager: finishDrawingWindow: Window{88ca7ac u0 com.onda.app/com.onda.app.MainActivity} mDrawState=DRAW_PENDING seqId=0
11-17 23:49:35.490  1643  2025 V WindowManager: Finish starting ActivityRecord{d3524e u0 com.onda.app/.MainActivity t1404}: first real window is shown, no animation
11-17 23:49:35.490  1643  2025 V WindowManager: Schedule remove starting ActivityRecord{d3524e u0 com.onda.app/.MainActivity t1404} startingWindow=Window{b73e14f u0 Splash Screen com.onda.app} animate=true Callers=com.android.server.wm.ActivityRecord.removeStartingWindow:150 com.android.server.wm.WindowState.performShowLocked:147 com.android.server.wm.WindowStateAnimator.commitFinishDrawingLocked:59 com.android.server.wm.DisplayContent$$ExternalSyntheticLambda1.accept$com$android$server$wm$DisplayContent$$ExternalSyntheticLambda40:22 com.android.server.wm.DisplayContent$$ExternalSyntheticLambda1.accept:305
11-17 23:49:35.490  1643  2025 D TaskOrganizerController: applyStartingWindowAnimation, window=Window{88ca7ac u0 com.onda.app/com.onda.app.MainActivity}, caller=com.android.server.wm.TaskOrganizerController.removeStartingWindow:131 com.android.server.wm.StartingSurfaceController$StartingSurface.remove:23 com.android.server.wm.ActivityRecord.removeStartingWindowAnimation:181
11-17 23:49:35.490  1643  2025 I WindowManager: Reparenting to leash, surface=Surface(name=88ca7ac com.onda.app/com.onda.app.MainActivity)/@0xbdf53dc, syncState=0, syncCommitDepth=0, leashParent=Surface(name=ActivityRecord{d3524e u0 com.onda.app/.MainActivity t1404})/@0x1cbece5
11-17 23:49:35.490  1336  3076 I SurfaceFlinger: id=20404 createSurf, flag=24000, Surface(name=88ca7ac com.onda.app/com.onda.app.MainActivity)/@0xbdf53dc - animation-leash of starting_reveal#20404
11-17 23:49:35.491  1643  2025 D WindowManager: makeSurface duration=1 leash=Surface(name=Surface(name=88ca7ac com.onda.app/com.onda.app.MainActivity)/@0xbdf53dc - animation-leash of starting_reveal)/@0x41fd3ba
11-17 23:49:35.492  1643  2025 V WindowManager: performShowLocked: mDrawState=HAS_DRAWN in Window{88ca7ac u0 com.onda.app/com.onda.app.MainActivity}
11-17 23:49:35.495 13746 13746 I InsetsSourceConsumer: applyRequestedVisibilityToControl: visible=true, type=statusBars, host=com.onda.app/com.onda.app.MainActivity
11-17 23:49:35.496 13746 13746 I InsetsSourceConsumer: applyRequestedVisibilityToControl: visible=true, type=navigationBars, host=com.onda.app/com.onda.app.MainActivity
11-17 23:49:35.496  1336  1336 I SurfaceFlinger: [Surface(name=88ca7ac com.onda.app/com.onda.app.MainActivity)/@0xbdf53dc - animation-leash of starting_reveal#20404] attach to parent LayerHierarchy{RequestedLayerState{ActivityRecord{d3524e u0 com.onda.app/.MainActivity t1404}#20385 parentId=20384} 4 children}
11-17 23:49:35.504  1336  1336 I SurfaceFlinger: Layer [com.onda.app/com.onda.app.MainActivity$_13746#20401] hidden!! flag(0)
11-17 23:49:35.505  1336  1336 I SurfaceFlinger: [LayerHierarchy{RequestedLayerState{88ca7ac com.onda.app/com.onda.app.MainActivity#20400 parentId=20404} 1 children}] reparent to LayerHierarchy{RequestedLayerState{Surface(name=88ca7ac com.onda.app/com.onda.app.MainActivity)/@0xbdf53dc - animation-leash of starting_reveal#20404 parentId=20385} 1 children}
11-17 23:49:35.505  1643  2020 I PkgPredictorService-SecIpmManagerServiceImpl: reportToNAP uid:10405 com.onda.app/com.onda.app.MainActivity thisTime:878
11-17 23:49:35.508  1643  2020 I ActivityTaskManager: Displayed com.onda.app/.MainActivity for user 0: +878ms
11-17 23:49:35.508  1643  2020 I Pageboost: Launch time gathered : pid 13746 com.onda.app 878
11-17 23:49:35.512  1336  1336 D SurfaceFlinger:        DEVICE |   0xb4000079df90bfd0 | 0001 | RGBA_8888    |    0.0    0.0 1080.0 2340.0 |    0    0 1080 2340 | com.onda.app/com.onda.app.MainActivity$_13746#20401 (2)
11-17 23:49:35.512  1336  1336 D SurfaceFlinger:        DEVICE |   0xb4000079df93f7e0 | 0001 | RGBA_8888    |    0.0    0.0 1080.0 2340.0 |    0    0 1080 2340 | Splash Screen com.onda.app$_2913#20388 (1)
11-17 23:49:35.513  1643  3303 D InputDispatcher: Focus entered window (0): 88ca7ac com.onda.app/com.onda.app.MainActivity
11-17 23:49:35.522  3422 13726 I SearchableManager: invalidate: com.onda.app
11-17 23:49:35.524  1643  2606 I ImeTracker: com.onda.app:ea6797d6: onRequestHide at ORIGIN_SERVER reason HIDE_UNSPECIFIED_WINDOW fromUser false
11-17 23:49:35.524  1643  2606 I ImeTracker: com.onda.app:ea6797d6: onCancelled at PHASE_SERVER_SHOULD_HIDE
11-17 23:49:35.538  1643  2024 D SGM:FgCheckThread: getForegroundApp(), foregroundPkgName=com.onda.app
11-17 23:49:35.541  6802  6802 I HBD     : c [AiWriter] setContact : com.onda.app
11-17 23:49:35.541  6802  6802 I HBD     : a [AiWriter] setContact : com.onda.app
11-17 23:49:35.543  1643  2024 D SGM:FgCheckThread: noteStopComponent(), received pkgName: com.google.android.packageinstaller, focusedPkgName: com.onda.app, userId: 0
11-17 23:49:35.550  1643  5926 D InsetsSourceProvider: updateControlForTarget: control=InsetsSourceControl: {3 mType=ime mSurfacePosition=Point(0, 99) mInsetsHint=Insets{left=0, top=0, right=0, bottom=1026}}, target=Window{88ca7ac u0 com.onda.app/com.onda.app.MainActivity}, from=com.android.server.wm.ImeInsetsSourceProvider.updateControlForTarget:17 com.android.server.wm.InsetsStateController.onControlTargetChanged:81 com.android.server.wm.DisplayContent.updateImeControlTarget:21 com.android.server.wm.DisplayContent.updateImeInputAndControlTarget:81 com.android.server.wm.WindowManagerService$LocalService.updateInputMethodTargetWindow:21
11-17 23:49:35.551  1643  2024 D SGM:FgCheckThread: getForegroundApp(), foregroundPkgName=com.onda.app
11-17 23:49:35.552  1643  2024 D SGM:FgCheckThread: noteStopComponent(), received pkgName: org.telegram.messenger, focusedPkgName: com.onda.app, userId: 0
11-17 23:49:35.552  6802  7143 I HBD     : h [SKE_SPECIFIC] specific model[com.onda.app] loaded, 2219583 ns
11-17 23:49:35.553  1336  1336 I SurfaceFlinger: [LayerHierarchy{RequestedLayerState{ImeContainer#16 parentId=20385 relativeParentId=20385 z=3} 1 children}] reparent to LayerHierarchy{RequestedLayerState{ActivityRecord{d3524e u0 com.onda.app/.MainActivity t1404}#20385 parentId=20384} 4 children}
11-17 23:49:35.554 13746 13746 I InsetsSourceConsumer: applyRequestedVisibilityToControl: visible=false, type=ime, host=com.onda.app/com.onda.app.MainActivity
11-17 23:49:35.558  1643  2536 V WindowManager: Relayout Window{b73e14f u0 Splash Screen com.onda.app}: viewVisibility=8 req=1080x2340 ty=3 d0
11-17 23:49:35.563  1643  5926 D WindowManager: Starting window removed Window{b73e14f u0 Splash Screen com.onda.app}
11-17 23:49:35.563  1643  5926 I WindowManager: Cancelling animation restarting=false, leash=Surface(name=Surface(name=88ca7ac com.onda.app/com.onda.app.MainActivity)/@0xbdf53dc - animation-leash of starting_reveal)/@0x41fd3ba
11-17 23:49:35.563  1643  5926 I WindowManager: Reparenting to original parent: Surface(name=ActivityRecord{d3524e u0 com.onda.app/.MainActivity t1404})/@0x1cbece5, destroy=false, syncState=0, syncCommitDepth=0, surface=Surface(name=88ca7ac com.onda.app/com.onda.app.MainActivity)/@0xbdf53dc
11-17 23:49:35.564  1643  5926 W InputManager-JNI: Input channel object 'b73e14f Splash Screen com.onda.app (client)' was disposed without first being removed with the input manager!
11-17 23:49:35.564  1643  5926 V WindowManager: Remove Window{b73e14f u0 Splash Screen com.onda.app}: mSurfaceController=Surface(name=Splash Screen com.onda.app$_2913)/@0xc489758 mAnimatingExit=false mRemoveOnExit=false mHasSurface=true surfaceShowing=false animating=false app-animation=false mDisplayFrozen=false callers=com.android.server.wm.Session.remove:16 android.view.IWindowSession$Stub.onTransact:794 com.android.server.wm.Session.onTransact:1 android.os.Binder.execTransactInternal:1541 android.os.Binder.execTransact:1480 <bottom of call stack>
11-17 23:49:35.564  1643  5926 I WindowManager: Destroying surface Surface(name=Splash Screen com.onda.app$_2913)/@0xc489758 called by com.android.server.wm.WindowStateAnimator.destroySurface:11 com.android.server.wm.WindowStateAnimator.destroySurfaceLocked:54 com.android.server.wm.WindowState.removeImmediately:43 com.android.server.wm.WindowState.removeIfPossible:638 com.android.server.wm.Session.remove:16 android.view.IWindowSession$Stub.onTransact:794 com.android.server.wm.Session.onTransact:1 android.os.Binder.execTransactInternal:1541
11-17 23:49:35.564  1643  5926 D WindowManager: updateSystemBarAttributes: displayId=0, focusedCanBeNavColorWin=false, win=Window{88ca7ac u0 com.onda.app/com.onda.app.MainActivity}, navColorWin=Window{88ca7ac u0 com.onda.app/com.onda.app.MainActivity}, caller=com.android.server.wm.DisplayPolicy.finishPostLayoutPolicyLw:17 com.android.server.wm.RootWindowContainer.applySurfaceChangesTransaction$1:194 com.android.server.wm.RootWindowContainer.performSurfacePlacementNoTrace:61
11-17 23:49:35.567  1643  2024 D SGM:FgCheckThread: getForegroundApp(), foregroundPkgName=com.onda.app
11-17 23:49:35.571  1336  1336 I SurfaceFlinger: Layer [Splash Screen com.onda.app$_2913#20388] hidden!! flag(1)
11-17 23:49:35.572  1643  2024 D SGM:FgCheckThread: noteStopComponent(), received pkgName: com.google.android.packageinstaller, focusedPkgName: com.onda.app, userId: 0
11-17 23:49:35.578  2913  7623 E AppWidgetSupplier: Couldn't find any provider services packageName=com.onda.app
11-17 23:49:35.578  2913  7623 I TileConfigurationStore: updatePackageDataChange : Complication Tile com.onda.app, type = 1
11-17 23:49:35.578  2913  7623 I AppWidgetDataProvider:  updatePackageChangeData type  1 , pack type 1  ,  pkg com.onda.app
11-17 23:49:35.579  1336  1336 D SurfaceFlinger:        DEVICE |   0xb4000079df90bfd0 | 0001 | RGBA_8888    |    0.0    0.0 1080.0 2339.0 |    0    1 1080 2340 | com.onda.app/com.onda.app.MainActivity$_13746#20401 (2)
11-17 23:49:35.580  1336  1336 I SurfaceFlinger: [LayerHierarchy{RequestedLayerState{ImeContainer#16 parentId=20385 relativeParentId=20400 z=1} 1 children}] RelativeParent to LayerHierarchy{RequestedLayerState{88ca7ac com.onda.app/com.onda.app.MainActivity#20400 parentId=20385} 2 children}
11-17 23:49:35.580  1336  1336 I SurfaceFlinger: [LayerHierarchy{RequestedLayerState{88ca7ac com.onda.app/com.onda.app.MainActivity#20400 parentId=20385} 2 children}] reparent to LayerHierarchy{RequestedLayerState{ActivityRecord{d3524e u0 com.onda.app/.MainActivity t1404}#20385 parentId=20384} 5 children}
11-17 23:49:35.580  1336  1336 I SurfaceFlinger: [LayerHierarchy{RequestedLayerState{Splash Screen com.onda.app$_2913#20388} no children}] reparent to OffscreenRoot
11-17 23:49:35.580  1336  1336 I SurfaceFlinger: [LayerHierarchy{RequestedLayerState{Splash Screen com.onda.app$_2913#20388} no children}] RelativeParent to null
11-17 23:49:35.580  1336  1336 I SurfaceFlinger: [LayerHierarchy{RequestedLayerState{Surface(name=88ca7ac com.onda.app/com.onda.app.MainActivity)/@0xbdf53dc - animation-leash of starting_reveal#20404} no children}] reparent to OffscreenRoot
11-17 23:49:35.580  1336  1336 I SurfaceFlinger: [LayerHierarchy{RequestedLayerState{Surface(name=88ca7ac com.onda.app/com.onda.app.MainActivity)/@0xbdf53dc - animation-leash of starting_reveal#20404} no children}] RelativeParent to null
11-17 23:49:35.580  1336  1336 I SurfaceFlinger: [LayerHierarchy{RequestedLayerState{b73e14f Splash Screen com.onda.app#20386 z=2147483647} no children}] reparent to OffscreenRoot
11-17 23:49:35.580  1336  1336 I SurfaceFlinger: [LayerHierarchy{RequestedLayerState{b73e14f Splash Screen com.onda.app#20386 z=2147483647} no children}] RelativeParent to null
11-17 23:49:35.583  1336  1336 I SurfaceFlinger: id=20386 Removed b73e14f Splash Screen com.onda.app#20386 (148)
11-17 23:49:35.583  1336  1336 I SurfaceFlinger: id=20388 Removed Splash Screen com.onda.app$_2913#20388 (148)
11-17 23:49:35.583  2913  7623 I TileConfigurationStore: updatePackageDataChange : com.onda.app, type = 3, tileType = 1
11-17 23:49:35.583  2913  7623 I TileConfigurationStore: updatePackageDataChange : Complication Tile com.onda.app, type = 3
11-17 23:49:35.583  2913  7623 I AppWidgetDataProvider:  updatePackageChangeData type  1 , pack type 3  ,  pkg com.onda.app
11-17 23:49:35.588  1336  1336 I SurfaceFlinger: destroyed Splash Screen com.onda.app$_2913#20388
11-17 23:49:35.588  1336  1336 I SurfaceFlinger: destroyed b73e14f Splash Screen com.onda.app#20386
11-17 23:49:35.590  1336  1336 I Layer   : id=20386 Destroyed b73e14f Splash Screen com.onda.app#20386
11-17 23:49:35.590  1336  1336 I Layer   : id=20388 Destroyed Splash Screen com.onda.app$_2913#20388
11-17 23:49:35.635 13746 13746 D WebViewConsole: Uncaught Error: Missing Supabase environment variables (line 272 of https://appassets.androidplatform.net/assets/index-DP2tEIYx.js)
11-17 23:49:35.702  1643  2684 D MdnieScenarioControlService:  packageName : com.onda.app    className : com.onda.app.MainActivity
11-17 23:49:35.748  1643  2830 D NetdEventListenerService: DNS Requested by 119, 10405(com.onda.app), SUCCESS, 158ms
11-17 23:49:35.748  1643  2830 D NetdEventListenerService: DNS Requested by 119, 10405(com.onda.app), SUCCESS, 148ms
11-17 23:49:35.748  1643  2830 D NetdEventListenerService: DNS Requested by 119, 10405(com.onda.app), SUCCESS, 148ms
11-17 23:49:36.050  1643  2024 D SGM:GameManager: identifyForegroundApp. com.onda.app, mCurrentUserId: 0, callerUserId: 0
11-17 23:49:36.341  1643  2830 D NetdEventListenerService: DNS Requested by 119, 10405(com.onda.app), SUCCESS, 88ms
11-17 23:49:36.412  1643  2830 D NetdEventListenerService: DNS Requested by 119, 10405(com.onda.app), SUCCESS, 7ms
11-17 23:49:36.412  1643  2830 D NetdEventListenerService: DNS Requested by 119, 10405(com.onda.app), SUCCESS, 6ms
11-17 23:49:36.453  1643  2830 D NetdEventListenerService: DNS Requested by 119, 10405(com.onda.app), SUCCESS, 47ms
11-17 23:49:36.658  1643  2830 D NetdEventListenerService: DNS Requested by 119, 10405(com.onda.app), SUCCESS, 79ms
11-17 23:49:36.917  1643  2830 D NetdEventListenerService: DNS Requested by 119, 10405(com.onda.app), SUCCESS, 63ms
11-17 23:49:37.047  7708  7751 I AppClassifier: Category not present in BloomFilter, Checking in Manifest:- com.onda.app
11-17 23:49:37.050  7708  7751 I AppClassifier: Category not found in BF and Manifest for pkg :- com.onda.app
11-17 23:49:37.069  7708  7751 I SCS@AiSearch user 0: (IndexManager) [UPDATE] index=com.samsung.android.apps, size=1, documents=[com.onda.app@0@com.onda.app.MainActivity]
11-17 23:49:37.190  1643  2830 D NetdEventListenerService: DNS Requested by 119, 10405(com.onda.app), SUCCESS, 43ms
11-17 23:49:38.068 12677 12677 I artd    : GetBestInfo: odex next to the dex file (/data/app/~~pGCyPACF9G8ssXHMtqr6hw==/com.onda.app-EkA0_W9vA58YUWMRH-1b9g==/oat/arm64/base.odex) is kOatUpToDate with filter 'verify' executable 'false'
11-17 23:49:38.085 12677 12677 I artd    : GetBestInfo: odex next to the dex file (/data/app/~~pGCyPACF9G8ssXHMtqr6hw==/com.onda.app-EkA0_W9vA58YUWMRH-1b9g==/oat/arm64/base.odex) is kOatUpToDate with filter 'verify' executable 'false'
11-17 23:49:38.589  1643  5912 V WindowManager: Transition 1500: Set Task{b67c47c #1404 type=standard A=10405:com.onda.app} as transient-hidden-task, caller=com.android.server.wm.Task.forAllTasks:4 com.android.server.wm.WindowContainer.forAllTasks:2 com.android.server.wm.DisplayArea.forAllTasks:9
11-17 23:49:38.589  1643  5912 V WindowManager: Collecting in transition 1500: Task{b67c47c #1404 type=standard A=10405:com.onda.app}, caller=com.android.server.wm.Transition$$ExternalSyntheticLambda16.test:93 com.android.server.wm.Task.forAllTasks:4 com.android.server.wm.WindowContainer.forAllTasks:2 com.android.server.wm.DisplayArea.forAllTasks:9 com.android.server.wm.TransitionController.setTransientLaunch:99
11-17 23:49:38.590  1643  5912 D ActivityTaskManager: scheduleTopResumedActivityChanged, onTop=false, r=ActivityRecord{d3524e u0 com.onda.app/.MainActivity t1404}, caller=com.android.server.wm.ActivityTaskSupervisor.scheduleTopResumedActivityStateLossIfNeeded:11 com.android.server.wm.ActivityTaskSupervisor.updateTopResumedActivityIfNeeded:19 com.android.server.wm.TaskDisplayArea.positionChildAt:270 com.android.server.wm.Task.moveToFront:443 com.android.server.wm.ActivityStartController.startExistingRecents:201 com.android.server.wm.WindowOrganizerController.applyHierarchyOp:31
11-17 23:49:38.634  3422  3422 I HoneySpace.GestureEventController: SetGestureTaskList, SendGestureTaskList(taskList=[[#1404=com.onda.app], [#1402=com.google.android.packageinstaller]], initPosition=1, runningTaskId=1404, showAnimStartPosition=1, isLeashTargetCenter=false, forSimple=true)
11-17 23:49:38.634  3422  3422 I HoneySpace.GestureEventController: SetGestureTaskList, SendGestureTaskList(taskList=[[#1404=com.onda.app], [#1402=com.google.android.packageinstaller]], initPosition=1, runningTaskId=1404, showAnimStartPosition=1, isLeashTargetCenter=false, forSimple=false)
11-17 23:49:38.635  3422  3422 I HoneySpace.TaskListViewModel: groupTasks: [[#1404=com.onda.app], [#1402=com.google.android.packageinstaller]]
11-17 23:49:38.640  3422  3422 I HoneySpace.TaskAdapter: attach [position: 0], taskData size: 2, item: ComponentInfo{com.onda.app/com.onda.app.MainActivity}, animReady: 4, firstBindingComplete: 5, view: a3b89f9
11-17 23:49:38.642  3422 10980 I HoneySpace.TaskDataRepositoryImpl: Request icon and label, id=1404, iconAndLabel: IconAndLabel(icon=android.graphics.Bitmap@ee9759e, label=Onda), componentKey: com.onda.app/.MainActivity#UserHandle{0}
11-17 23:49:38.647  3422 12393 I HoneySpace.SuggestedItemsFacade: DPS items : Onda, com.onda.app/.MainActivity#UserHandle{0}
11-17 23:49:38.647  3422 12393 I HoneySpace.FilteredItemProvider: collect filtered items o, [PK(p='com.onda.app', u=UserHandle{0}), PK(p='org.telegram.messenger', u=UserHandle{0})]
11-17 23:49:38.647  3422 12393 I HoneySpace.SuggestedItemsFacade: filteredItem : PK(p='com.onda.app', u=UserHandle{0})
11-17 23:49:38.647  3422 12393 I HoneySpace.SuggestedItemsFacade: item removed by filter - PK(p='com.onda.app', u=UserHandle{0})
11-17 23:49:38.652  3422  3422 I HoneySpace.TaskAdapter: attach [position: 0], taskData size: 2, item: ComponentInfo{com.onda.app/com.onda.app.MainActivity}, animReady: 4, firstBindingComplete: 4, view: a7ce021
11-17 23:49:38.652  3422 10980 I HoneySpace.TaskDataRepositoryImpl: Request icon and label, id=1404, iconAndLabel: IconAndLabel(icon=android.graphics.Bitmap@ee9759e, label=Onda), componentKey: com.onda.app/.MainActivity#UserHandle{0}
11-17 23:49:38.674  1336  1481 D RenderEngine: [SEC_SF_EFFECTS] drawLayersInternal,1299, Rendering layer com.onda.app/com.onda.app.MainActivity$_13746#20401 at index 1
11-17 23:49:38.682  1643  2025 V WindowManager: Start calculating TransitionInfo based on participants: {Task{300af38 #1171 type=recents I=com.sec.android.app.launcher/com.android.quickstep.RecentsActivity}, TransientLaunchOverlayToken{50bb239 token=android.os.BinderProxy@fe04a00}, WallpaperWindowToken{926e278 token=android.os.Binder@36b27db}_<system>, Task{b67c47c #1404 type=standard A=10405:com.onda.app}, ActivityRecord{c0d2f9b u0 com.sec.android.app.launcher/com.android.quickstep.RecentsActivity t1171}}
11-17 23:49:38.682  1643  2025 V WindowManager:   Final targets: [TransientLaunchOverlayToken{50bb239 token=android.os.BinderProxy@fe04a00}, Task{300af38 #1171 type=recents I=com.sec.android.app.launcher/com.android.quickstep.RecentsActivity}, Task{b67c47c #1404 type=standard A=10405:com.onda.app}, WallpaperWindowToken{926e278 token=android.os.Binder@36b27db}_<system>]
11-17 23:49:38.687  1643  2025 D WindowManager: setActiveRecents, recents=ActivityRecord{c0d2f9b u0 com.sec.android.app.launcher/com.android.quickstep.RecentsActivity t1171}, task=Task{b67c47c #1404 type=standard A=10405:com.onda.app}, caller=com.android.server.wm.InputMonitor.setActiveRecents:32 com.android.server.wm.Transition.handleLegacyRecentsStartBehavior:107 com.android.server.wm.Transition.onTransactionReady:2212
11-17 23:49:38.688  1643  2025 V WindowManager:         {WCT{RemoteToken{295de41 Task{b67c47c #1404 type=standard A=10405:com.onda.app}}} m=TO_BACK f=NONE leash=Surface(name=Task=1404)/@0x702d34b sb=Rect(0, 0 - 1080, 2340) eb=Rect(0, 0 - 1080, 2340) d=0 taskParent=-1 inset=Rect(0, 99 - 0, 144) dim=true},
11-17 23:49:38.710  1643  2020 V WindowManager:         {WCT{RemoteToken{295de41 Task{b67c47c #1404 type=standard A=10405:com.onda.app}}} m=TO_BACK f=NONE leash=Surface(name=Task=1404)/@0x702d34b sb=Rect(0, 0 - 1080, 2340) eb=Rect(0, 0 - 1080, 2340) d=0 taskParent=-1 inset=Rect(0, 99 - 0, 144) dim=true},
11-17 23:49:38.710  1643  3303 D WindowManager: Changing focus from Window{88ca7ac u0 com.onda.app/com.onda.app.MainActivity} to Window{a24f455 u0 com.sec.android.app.launcher/com.android.quickstep.RecentsActivity} displayId=0 Callers=com.android.server.wm.ActivityTaskManagerService.setLastResumedActivityUncheckLocked:264 com.android.server.wm.ActivityTaskManagerService.setFocusedTask:20 com.android.server.wm.ActivityTaskManagerService.focusTopTask:52 android.app.IActivityTaskManager$Stub.onTransact:1865
11-17 23:49:38.714  1643  3303 D WindowManager: updateSystemBarAttributes: displayId=0, focusedCanBeNavColorWin=false, win=Window{a24f455 u0 com.sec.android.app.launcher/com.android.quickstep.RecentsActivity}, navColorWin=Window{88ca7ac u0 com.onda.app/com.onda.app.MainActivity}, caller=com.android.server.wm.WindowManagerService.updateFocusedWindowLocked:375 com.android.server.wm.ActivityTaskManagerService.setLastResumedActivityUncheckLocked:264 com.android.server.wm.ActivityTaskManagerService.setFocusedTask:20
11-17 23:49:38.726  1643  3303 D InputDispatcher: Focus left window (0): 88ca7ac com.onda.app/com.onda.app.MainActivity
11-17 23:49:38.733  1336  1336 D SurfaceFlinger:        CLIENT |   0xb4000079df922350 | 0001 | RGBA_8888    |    0.0    4.0 1079.0 2334.0 |    0    0 1079 2340 | com.onda.app/com.onda.app.MainActivity$_13746#20401 (4)
11-17 23:49:39.161  1336  1481 D RenderEngine: [SEC_SF_EFFECTS] drawLayersInternal,1299, Rendering layer com.onda.app/com.onda.app.MainActivity$_13746#20401 at index 1
11-17 23:49:39.182  1643  3303 V WindowManager: Setting visibility of Window{88ca7ac u0 com.onda.app/com.onda.app.MainActivity}: false, caller=com.android.server.wm.WindowContainer.sendAppVisibilityToClients:19 com.android.server.wm.WindowToken.setClientVisible:49 com.android.server.wm.ActivityRecord.setClientVisible:8 com.android.server.wm.ActivityRecord.commitVisibility:273 com.android.server.wm.TransitionController.finishTransition:766
11-17 23:49:39.183  1336  1336 D SurfaceFlinger:        CLIENT |   0xb4000079df922350 | 0001 | RGBA_8888    |    1.0  100.0  232.0 2194.0 |  927  309 1080 1697 | com.onda.app/com.onda.app.MainActivity$_13746#20401 (4)
11-17 23:49:39.190  1643  3132 V WindowManager: Relayout Window{88ca7ac u0 com.onda.app/com.onda.app.MainActivity}: viewVisibility=8 req=1080x2340 ty=1 d0
11-17 23:49:39.192  1336  1336 I SurfaceFlinger: Layer [com.onda.app/com.onda.app.MainActivity$_13746#20401] hidden!! flag(1)
11-17 23:49:39.192  1336  1336 I SurfaceFlinger: Layer [ActivityRecord{d3524e u0 com.onda.app/.MainActivity t1404}#20385] hidden!! flag(1)
11-17 23:49:39.213 13746 13746 D VRI[MainActivity]@45e7f2: WindowStopped on com.onda.app/com.onda.app.MainActivity set to true
11-17 23:49:39.220  1643  3132 V WindowManager: Relayout Window{88ca7ac u0 com.onda.app/com.onda.app.MainActivity}: viewVisibility=8 req=1080x2340 ty=1 d0
11-17 23:49:39.226  1643  3132 E WindowManager: win=Window{88ca7ac u0 com.onda.app/com.onda.app.MainActivity} destroySurfaces: appStopped=true cleanupOnResume=false win.mWindowRemovalAllowed=false win.mRemoveOnExit=false win.mViewVisibility=8 caller=com.android.server.wm.ActivityRecord.destroySurfaces:25 com.android.server.wm.ActivityRecord.activityStopped:204 com.android.server.wm.ActivityClientController.activityStopped:95 android.app.IActivityClientController$Stub.onTransact:722 com.android.server.wm.ActivityClientController.onTransact:1 android.os.Binder.execTransactInternal:1541 android.os.Binder.execTransact:1480
11-17 23:49:39.226  1643  3132 I WindowManager: Destroying surface Surface(name=com.onda.app/com.onda.app.MainActivity$_13746)/@0xfcb5331 called by com.android.server.wm.WindowStateAnimator.destroySurface:11 com.android.server.wm.WindowStateAnimator.destroySurfaceLocked:54 com.android.server.wm.WindowState.destroySurfaceUnchecked:5 com.android.server.wm.WindowState.destroySurface:126 com.android.server.wm.ActivityRecord.destroySurfaces:25 com.android.server.wm.ActivityRecord.activityStopped:204 com.android.server.wm.ActivityClientController.activityStopped:95 android.app.IActivityClientController$Stub.onTransact:722
11-17 23:49:39.227  1643  2021 D PkgPredictorService-SecIpmManagerServiceImpl: bg information pid:13746 uid:10405 pkgName:com.onda.app
11-17 23:49:39.229  1643  2024 D SGM:FgCheckThread: pkgName: com.onda.app is not in foreground
11-17 23:49:39.229  1643  2024 D SGM:FgCheckThread: noteStopComponent(), received pkgName: com.onda.app, focusedPkgName: com.sec.android.app.launcher, userId: 0
11-17 23:49:39.233  1336  1336 I SurfaceFlinger: [LayerHierarchy{RequestedLayerState{com.onda.app/com.onda.app.MainActivity$_13746#20401} no children}] reparent to OffscreenRoot
11-17 23:49:39.233  1336  1336 I SurfaceFlinger: [LayerHierarchy{RequestedLayerState{com.onda.app/com.onda.app.MainActivity$_13746#20401} no children}] RelativeParent to null
11-17 23:49:39.234  1336  1336 I SurfaceFlinger: id=20401 Removed com.onda.app/com.onda.app.MainActivity$_13746#20401 (147)
11-17 23:49:39.242  1336  1336 I SurfaceFlinger: destroyed com.onda.app/com.onda.app.MainActivity$_13746#20401
11-17 23:49:39.242  1336  1336 I Layer   : id=20401 Destroyed com.onda.app/com.onda.app.MainActivity$_13746#20401
11-17 23:49:39.694  1643  2024 I ActivityManager: Killing 13746:com.onda.app/u0a405 (adj 850): remove task
11-17 23:49:39.695  1643  3123 D CoreBackPreview: Window{88ca7ac u0 com.onda.app/com.onda.app.MainActivity}: Setting back callback null
11-17 23:49:39.750  1643  3132 W ActivityManager: Scheduling restart of crashed service com.onda.app/org.chromium.content.app.SandboxedProcessService0:0 in 1000ms for connection
11-17 23:49:39.758  1643  5938 I WindowManager: WIN DEATH: Window{88ca7ac u0 com.onda.app/com.onda.app.MainActivity}
11-17 23:49:39.758  1643  5938 W InputManager-JNI: Input channel object '88ca7ac com.onda.app/com.onda.app.MainActivity (client)' was disposed without first being removed with the input manager!
11-17 23:49:39.759  1643  5938 V WindowManager: Remove Window{88ca7ac u0 com.onda.app/com.onda.app.MainActivity}: mSurfaceController=null mAnimatingExit=false mRemoveOnExit=false mHasSurface=false surfaceShowing=false animating=false app-animation=false mDisplayFrozen=false callers=com.android.server.wm.Session.binderDied:118 android.os.IBinder$DeathRecipient.binderDied:339 android.os.BinderProxy.sendDeathNotice:794 <bottom of call stack> <bottom of call stack> <bottom of call stack>
11-17 23:49:39.762  1336  3781 I SurfaceFlinger: id=20396 Removed f21c350 ActivityRecordInputSink com.onda.app/.MainActivity#20396 (146)
11-17 23:49:39.765  1643  2550 W UsageStatsService: Unexpected activity event reported! (com.onda.app/com.onda.app.MainActivity event : 23 instanceId : 217358597)
11-17 23:49:39.765  1643  2024 D SGM:FgCheckThread: pkgName: com.onda.app is not in foreground
11-17 23:49:39.766  1643  2024 D SGM:FgCheckThread: noteStopComponent(), received pkgName: com.onda.app, focusedPkgName: com.sec.android.app.launcher, userId: 0
11-17 23:49:39.774  1336  1336 I SurfaceFlinger: [LayerHierarchy{RequestedLayerState{88ca7ac com.onda.app/com.onda.app.MainActivity#20400} no children}] reparent to OffscreenRoot
11-17 23:49:39.774  1336  1336 I SurfaceFlinger: [LayerHierarchy{RequestedLayerState{88ca7ac com.onda.app/com.onda.app.MainActivity#20400} no children}] RelativeParent to null
11-17 23:49:39.774  1336  1336 I SurfaceFlinger: [LayerHierarchy{RequestedLayerState{ActivityRecord{d3524e u0 com.onda.app/.MainActivity t1404}#20385} 1 children}] reparent to OffscreenRoot
11-17 23:49:39.774  1336  1336 I SurfaceFlinger: [LayerHierarchy{RequestedLayerState{ActivityRecord{d3524e u0 com.onda.app/.MainActivity t1404}#20385} 1 children}] RelativeParent to null
11-17 23:49:39.774  1336  1336 I SurfaceFlinger: id=20385 Removed ActivityRecord{d3524e u0 com.onda.app/.MainActivity t1404}#20385 (147)
11-17 23:49:39.774  1336  1336 I SurfaceFlinger: id=20400 Removed 88ca7ac com.onda.app/com.onda.app.MainActivity#20400 (147)
11-17 23:49:39.779  1643  2879 I Pageboost: db update :com.onda.app ret 1
11-17 23:49:39.781  1643  2669 E ConnectivityService: RemoteException caught trying to send a callback msg for NetworkRequest [ TRACK_DEFAULT id=7758, [ Capabilities: INTERNET&NOT_RESTRICTED&TRUSTED&NOT_VCN_MANAGED&NOT_BANDWIDTH_CONSTRAINED Uid: 10405 RequestorUid: 10405 RequestorPkg: com.onda.app UnderlyingNetworks: Null] ]
11-17 23:49:39.781  1643  2669 E ConnectivityService: RemoteException caught trying to send a callback msg for NetworkRequest [ LISTEN id=7760, [ Capabilities: INTERNET&NOT_RESTRICTED&TRUSTED&FOREGROUND&NOT_VCN_MANAGED&NOT_BANDWIDTH_CONSTRAINED Forbidden: LOCAL_NETWORK Uid: 10405 RequestorUid: 10405 RequestorPkg: com.onda.app UnderlyingNetworks: Null] ]
11-17 23:49:39.781  1643  2669 D ConnectivityService: releasing NetworkRequest [ REQUEST id=7759, [ Capabilities: INTERNET&NOT_RESTRICTED&TRUSTED&NOT_VCN_MANAGED&NOT_BANDWIDTH_CONSTRAINED Uid: 10405 RequestorUid: 10405 RequestorPkg: com.onda.app UnderlyingNetworks: Null] ] (release request)
11-17 23:49:39.782  1336  1336 I SurfaceFlinger: destroyed 88ca7ac com.onda.app/com.onda.app.MainActivity#20400
11-17 23:49:39.782  1336  1336 I SurfaceFlinger: destroyed ActivityRecord{d3524e u0 com.onda.app/.MainActivity t1404}#20385
11-17 23:49:39.782  1336  1336 I SurfaceFlinger: destroyed f21c350 ActivityRecordInputSink com.onda.app/.MainActivity#20396
11-17 23:49:39.783  1336  1336 I Layer   : id=20396 Destroyed f21c350 ActivityRecordInputSink com.onda.app/.MainActivity#20396
11-17 23:49:39.783  1336  1336 I Layer   : id=20385 Destroyed ActivityRecord{d3524e u0 com.onda.app/.MainActivity t1404}#20385
11-17 23:49:39.783  1336  1336 I Layer   : id=20400 Destroyed 88ca7ac com.onda.app/com.onda.app.MainActivity#20400
11-17 23:49:46.039  1336  3781 I SurfaceFlinger: id=20404 Removed Surface(name=88ca7ac com.onda.app/com.onda.app.MainActivity)/@0xbdf53dc - animation-leash of starting_reveal#20404 (149)
11-17 23:49:46.043  1336  1336 I SurfaceFlinger: destroyed Surface(name=88ca7ac com.onda.app/com.onda.app.MainActivity)/@0xbdf53dc - animation-leash of starting_reveal#20404
11-17 23:49:46.044  1336  1336 I Layer   : id=20404 Destroyed Surface(name=88ca7ac com.onda.app/com.onda.app.MainActivity)/@0xbdf53dc - animation-leash of starting_reveal#20404
11-17 23:50:28.952  1643  5942 I PackageManager: pkg{com.onda.app}, user{0}, caller{2000} flags{2}
11-17 23:50:28.959  1643  2123 I AppsFilter: interaction: PackageSetting{6a71a83 com.onda.life/10336} -> PackageSetting{7f1e96 com.onda.app/10405} BLOCKED
11-17 23:50:28.959  1643  2057 I ActivityManager: Force stopping com.onda.app appid=10405 user=-1: deletePackageX
11-17 23:50:29.088  1643  2123 D PackageManager: isLocaleOptimizedPackage() -  Non optimized app: com.onda.app. Proceed with normal install
11-17 23:50:29.098  1643  2123 D AASA_PackageManager_RESTRICTED: Uninstall : userId = 0, info.uid = 10405, packageName = com.onda.app
11-17 23:50:29.124  1643  2123 I ActivityManager: Force stopping com.onda.app appid=10405 user=0: pkg removed
11-17 23:50:29.143  1643  2123 I ActivityManager: Force stopping com.onda.app appid=10405 user=0: pkg removed
11-17 23:50:29.165  2878  2878 D CarrierSvcBindHelper: onPackageRemoved: com.onda.app
11-17 23:50:29.168  1643  2740 D ShortcutService: removing package: com.onda.app userId0
11-17 23:50:29.169  1643  2538 D OverlayManager: onPackageRemoved: pkgName = [com.onda.app], userId = [0], packageHidden = [false]
11-17 23:50:29.169  1643  2538 I OverlayManager: updateOverlaysForTarget() called with: targetPackage = [com.onda.app], userId = [0], flags = [0]
11-17 23:50:29.178  3833  3911 I PackageInfoManager_FLP: action : ACTION_PACKAGE_REMOVED, packageName = com.onda.app
11-17 23:50:29.178  1643  2615 V StorageManagerService: Package com.onda.app does not have legacy storage
11-17 23:50:29.178  1643  2550 D UsageStatsService: onPackageRemoved com.onda.app
11-17 23:50:29.178  1643  2654 W WifiService: Couldn't get PackageInfo for package:com.onda.app
11-17 23:50:29.178  1643  2654 D WifiService: Remove settings for package:com.onda.app
11-17 23:50:29.179  1643  2696 D AS.AudioService: com.onda.app(10405) is removed
11-17 23:50:29.180  1643  2578 D SEP_UNION_SemDeviceInfoManagerService: Package com.onda.app is removed on User 0
11-17 23:50:29.181  1643  2654 D WifiConfigManager: Remove all networks for app ApplicationInfo{d927aa7 com.onda.app}
11-17 23:50:29.181  2878  2878 I VvmPkgInstalledRcvr: packageName: com.onda.app, systemDialer: com.samsung.android.dialer
11-17 23:50:29.181  2913  2913 D Navbar.Store: handleEvent(0) OnPackageRemoved(packageName=com.onda.app) [Module] NavBarStoreImpl
11-17 23:50:29.186  1643  2654 I PasspointManager: No app ops listener found for com.onda.app
11-17 23:50:29.187  2913  2913 D KeyguardShortcutManager: onReceive : Intent.EXTRA_REPLACING false, com.onda.app
11-17 23:50:29.188  2913  2913 D SecSTQuickControlRequestReceiver: onReceiveForPackage action = android.intent.action.PACKAGE_REMOVED, pkgName = com.onda.app
11-17 23:50:29.188  2913  2913 I GoodLockLifecycle: onPackageRemoved: com.onda.app
11-17 23:50:29.188  2913  2913 D FaceWidgetMusicViewModel: onPackageRemoved() pkg = com.onda.app, r = false
11-17 23:50:29.188  1643  2696 D SGM:GameManager: identifyGamePackage. com.onda.app, mCurrentUserId: 0, callerUserId: 0, callingMethodInfo: com.samsung.android.game.SemGameManager.isGamePackage(SemGameManager.java:105)
11-17 23:50:29.188  1643  2696 D SGM:SemGameManager: isGamePackage(), pkgName=com.onda.app, ret=false
11-17 23:50:29.195  1643  2553 I RollbackManager: broadcast=ACTION_PACKAGE_FULLY_REMOVED pkg=com.onda.app
11-17 23:50:29.196  1643  2654 W WifiService: Couldn't get PackageInfo for package:com.onda.app
11-17 23:50:29.196  1643  2654 D WifiService: Remove settings for package:com.onda.app
11-17 23:50:29.196  1643  2654 D WifiConfigManager: Remove all networks for app ApplicationInfo{8cd8369 com.onda.app}
11-17 23:50:29.196  1643  2654 I PasspointManager: No app ops listener found for com.onda.app
11-17 23:50:29.236  2878  2878 I VvmPkgInstalledRcvr:  NOT contains : com.onda.app
11-17 23:50:29.242  2878  2878 I VvmPkgInstalledRcvr:  NOT contains : com.onda.app
11-17 23:50:29.267  5106  5439 W DMASA[S]: [LOGWING][b]Get package version failed : com.onda.app
11-17 23:50:29.272  6676 14452 I ProximityAuth: [RecentAppsMediator] Package removed: (user=UserHandle{0}) com.onda.app
11-17 23:50:29.287  1643  2681 D LocationManagerService: package com.onda.app reset
11-17 23:50:29.295  1643  1643 D SdpManagerImpl.receiver: On android.intent.action.PACKAGE_REMOVED : DATA = package:com.onda.app, UID = 10405, UserId = 0, Is replacing? false
11-17 23:50:29.295  1643  1643 D SdpManagerImpl.receiver: ACTION_PACKAGE_REMOVED packageName:: com.onda.app
11-17 23:50:29.302  1643  3145 D SdpManagerImpl: handlePackageRemoved - PackageName : com.onda.app, UserId : 0
11-17 23:50:29.332 22721 22721 I Finsky  : [2] AIM: AppInfoCacheUpdater -> invalidating apps: [com.onda.app]
11-17 23:50:29.347  1643  1643 I Telecom : CarModeTracker: Package com.onda.app is not tracked.: SSH.oR@G+U
11-17 23:50:29.351 22721 22809 I Finsky  : [211] AIM: AppInfoManager-Perf > OnDeviceAppInfo > cacheHitCount=0, cacheMissCount=1. Missed  in cache (limit 10) : [com.onda.app]
11-17 23:50:29.362  5010 14495 W RWIPackageIntentOps: Registries cleared for package: com.onda.app
11-17 23:50:29.374  1643  2879 I Pageboost: remove app @ runtime : com.onda.app
11-17 23:50:29.387  1643  1643 D EnterpriseLicenseService: isPackageInstalled() - com.onda.app not found in user 0
11-17 23:50:29.400 12909 12909 D PersistedStoragePackageUninstalledReceiver: Received android.intent.action.PACKAGE_FULLY_REMOVED for com.onda.app for u0
11-17 23:50:29.411 22721 14516 I Finsky  : [447] Asset module storage cleared for package com.onda.app.
11-17 23:50:29.412  5010 14510 I Icing   : doRemovePackageData com.onda.app
11-17 23:50:29.415  1643 14518 I Telecom : SamsungTelecomServiceImpl : clearAccounts - packageName : com.onda.app / callingPid : 1643 / processName : sts / callingUser : UserHandle{0}
11-17 23:50:29.577 22721 22721 W Finsky  : [2] STU: Failed to get storage stats for package 'com.onda.app' (1601: Error getting stats: android.content.pm.PackageManager.NameNotFoundException)
11-17 23:50:29.624  1643  1643 I ConditionProviders: Disallowing condition provider com.onda.app (userSet: true)
11-17 23:50:29.643 12784 12831 I ENTM:Systemprocess: handlePackageRemoved().pkgName: com.onda.app
11-17 23:50:29.643 12784 12831 I ENTM:Systemprocess: checkELMActivationForPackageRemoved().START - com.onda.app
11-17 23:50:29.645 12784 12831 I ENTM:Systemprocess: checkKLMActivationForPackageRemoved().START - com.onda.app
11-17 23:50:29.648 12784 12831 I ENTM:DataBaseUtils: isSameTrackerIdInDeviceDB().START: com.onda.app
11-17 23:50:29.714  5010 14496 W SQLiteLog: (28) double-quoted string literal: "com.onda.app"
11-17 23:50:29.717 10828 10828 I AccountReloadObserver: [C] received action: android.intent.action.PACKAGE_REMOVED, dat: package:com.onda.app
11-17 23:50:29.744  1643  1706 W system_server: ApkAssets: Deleting an ApkAssets object '<empty> and /data/app/~~pGCyPACF9G8ssXHMtqr6hw==/com.onda.app-EkA0_W9vA58YUWMRH-1b9g==/base.apk' with 1 weak references
11-17 23:50:29.761 12949 12949 I DWBh    : onPackageDeleted : com.onda.app
11-17 23:50:29.853 14553 14553 I FILP/PackageIntentReceiver: pkgName : com.onda.app
11-17 23:50:29.878 14553 14582 I FILP/FilterInstaller: removeFromFS : com.onda.app, cursor size : 0
11-17 23:50:29.888 14553 14582 I FILP/FilterInstaller: Delete all filter DB result : com.onda.app, 0
11-17 23:50:29.891 14553 14582 I FILP/FilterInstaller: Delete filter DB result : com.onda.app, 0
11-17 23:50:29.891 14553 14582 I FILP/FilterInstaller: Delete my filter DB result : com.onda.app, 0
11-17 23:50:29.893 14553 14582 I FILP/FilterInstaller: uninstallFilters mPackageName: com.onda.app
11-17 23:50:29.962  5070  5695 D MediaProvider: Deleted 0 Android/media items belonging to com.onda.app on /data/user/0/com.google.android.providers.media.module/databases/external.db
11-17 23:50:29.980  5070  5695 I FuseDaemon: Successfully deleted rows in leveldb for owner_id:  and ownerPackageIdentifier: com.onda.app::0
11-17 23:50:29.986  5070  5695 D MediaGrants: Removed 0 media_grants for 0 user for [com.onda.app]. Reason: Package orphaned
11-17 23:50:30.084 14580 14580 I Finsky:background: [2] Package no longer installed: com.onda.app
11-17 23:50:30.093 14580 14580 I Finsky:background: [2] Package no longer installed: com.onda.app
11-17 23:50:30.188  2913  7623 I TileConfigurationStore: updatePackageDataChange : com.onda.app, type = 2, tileType = 1
11-17 23:50:30.188  2913  7623 I TileConfigurationStore: updatePackageDataChange : Complication Tile com.onda.app, type = 2
11-17 23:50:30.188  2913  7623 I AppWidgetDataProvider:  updatePackageChangeData type  1 , pack type 2  ,  pkg com.onda.app
11-17 23:50:30.512 14656 14666 I LockContentProvider: before profileData Id : 0, removePkg:com.onda.app, enabledWidgetIdList:{}
11-17 23:50:30.803  1643  2054 I SGM:GameManager: PkgUpdateReceiver, onPackageRemoved(). pkgName=com.onda.app, userId=0
11-17 23:50:30.804  1643  2054 W SGM:Util: isPkgInstalled(), com.onda.app does not exist.
11-17 23:50:30.804  1643  2054 D SGM:Util: isPkgInstalled(). pkgName=com.onda.app, userId=0, installed=false
11-17 23:50:30.804  1643  2054 D SGM:GosNotifyThread: sendPackageMessage(), changeType=1, pkgName=com.onda.app, userHandleId=0
11-17 23:50:30.807  1643  2054 D MetaDataCollector: onReceive: done pkgName=com.onda.app
11-17 23:50:31.034  1643  2054 I SettingsProvider: onPackageRemoved (userId 0) PackageName = com.onda.app
11-17 23:50:31.237  1643  2054 I CredentialManager: updateProvidersWhenPackageRemoved)pkg=com.onda.app (0)
11-17 23:50:31.244  1643  2054 D LauncherAppsService: Calling onPackageRemoved: com.onda.app, EXTRA_REPLACING: false
11-17 23:50:31.244  1643  2054 D LauncherAppsService: Calling onPackageRemoved: com.onda.app, listener: com.google.android.as(UserHandle{0}, 5083)
11-17 23:50:31.245  1643  2054 D LauncherAppsService: Calling onPackageRemoved: com.onda.app, listener: com.sec.android.app.launcher(UserHandle{0}, 3422)
11-17 23:50:31.245  5083  5559 D LauncherApps: onPackageRemoved 0,com.onda.app
11-17 23:50:31.245  1643  2054 D LauncherAppsService: Calling onPackageRemoved: com.onda.app, listener: com.android.systemui(UserHandle{0}, 2913)
11-17 23:50:31.245  3422  3422 I HoneySpace.PackageOperationTracker: onPackageRemoved - com.onda.app UserHandle{0}
11-17 23:50:31.245  2913  3105 D LauncherApps: onPackageRemoved 0,com.onda.app
11-17 23:50:31.245  1643  2054 D LauncherAppsService: Calling onPackageRemoved: com.onda.app, listener: android(UserHandle{0}, 1643)
11-17 23:50:31.245  3422  3422 I HoneySpace.PackageChangedCallbackImpl: onPackageRemoved: com.onda.app / UserHandle{0}
11-17 23:50:31.245  1643  2054 D LauncherApps: onPackageRemoved 0,com.onda.app
11-17 23:50:31.246  3422 10982 I HoneySpace.IconCache: remove icon cache & DB : com.onda.app UserHandle{0}
11-17 23:50:31.246  3422 10982 I HoneySpace.IconCache: removeSpecificIconDb: com.onda.app UserHandle{0}
11-17 23:50:31.255  3422  3422 I HoneySpace.HoneySpaceManagerContainer: refreshHoneyPlugin, packageName: com.onda.app
11-17 23:50:31.256  3422 10279 I HoneySpace.HoneySpacePackageSourceImpl: Package removed : com.onda.app
11-17 23:50:31.256  3422 11881 I SearchableManager: removeDynamicSearchable: com.onda.app
11-17 23:50:31.256  3422 11881 I SearchableManager: invalidate: com.onda.app
11-17 23:50:31.257  3422  3422 I HoneySpace.PackageEventHandler: Package removed : [com.onda.app/.MainActivity#UserHandle{0}]
11-17 23:50:31.258  3422  3422 I HoneySpace.DataCache: deleteItem : id=2012, title=Onda, type=APP, containerType=ITEM_GROUP, containerId=20, x=-1, y=-1, rank=1, spanX=-1, spanY=-1, scale=1.0component=com.onda.app/.MainActivity, profileId=0, intent=null, restored=0, hidden=UNHIDDEN, appWidgetId=-1, options=0, refPackageName=null (appList) package removed
11-17 23:50:31.260  3422  5747 I HoneySpace.DataCache: delete item : (appList) package removed - APP / 2012 / Onda / com.onda.app/.MainActivity / -1 / 0
11-17 23:50:31.658  3422 12395 I SearchEngineAppSuggestion: package removed: com.onda.app
11-17 23:51:43.098 22721 22721 I Finsky  : [2] VerifyApps: Install-time verification requested for package com.onda.app, PackageManager id = 21, Verifier id = 4c8f65a7-32ca-4665-abad-1bce7d918eb3
11-17 23:51:43.144 22721 14836 I Finsky  : [461] VerifyApps: Anti-malware verification task started for package=com.onda.app
11-17 23:51:43.219 22721 22809 I Finsky  : [211] VerifyApps: Starting APK Analysis scan for com.onda.app.
11-17 23:51:43.220 22721 22809 I Finsky  : [211] Scanning package com.onda.app contents with client side protections. File: [6Do17TOaEN80_Ks7r9FVtZo6Z7DZKdUe2eJsZ8eq37M]
11-17 23:51:43.286 14834 14854 I GOS:GameServiceReceiver:  PkgInstallStarted for com.onda.app UserID : 0
11-17 23:51:43.364 14834 14863 W GOS:PackageUtil: isPackageInstalledAsUser(). Exception: android.content.pm.PackageManager$NameNotFoundException: com.onda.app
11-17 23:51:43.364 14834 14863 I GOS:GameIntentService: onPackageChanged(). extras: Bundle[{changeType=2, userId=0, type=15, packageName=com.onda.app}]
11-17 23:51:43.364 14834 14863 I GOS:GameIntentService: onPackageChanged(). changeType(INSTALL_STARTED), pkgName(com.onda.app), UserHandle(0), userId(0), Installed(false)
11-17 23:51:43.367 14834 14863 W GOS:PackageUtil: isPackageInstalledAsUser(). Exception: android.content.pm.PackageManager$NameNotFoundException: com.onda.app
11-17 23:51:43.374 22721 14877 I Finsky  : [465] VerifyApps: Verification package=com.onda.app, id=21, response=0, upload_requested=false, enable_ecm=false
11-17 23:51:43.379 22721 14877 I Finsky  : [465] VerifyApps: PAM result saving to datastore delayed for package: com.onda.app
11-17 23:51:43.674 22721 22804 I Finsky  : [208] VerifyApps: APK Analysis scan finished for com.onda.app. Verdict: SAFE
11-17 23:51:43.685 22721 22721 I Finsky  : [2] VerifyApps: Install-time verification complete: id=21, package_name=com.onda.app
11-17 23:51:43.686  1643  2528 I PackageManager:           pkg{com.onda.app}
11-17 23:51:43.732  1643  2123 D PermissionService: setAllowlistedRestrictedPermissionsUnchecked called for package - com.onda.app
11-17 23:51:43.732  1643  2123 D PermissionService: updateAdminPermissionsInternalcom.onda.app
11-17 23:51:43.791  1643  2123 I DisplayDeviceRepository: Display device added: DisplayDeviceInfo{"SpegVirtualDisplay": uniqueId="virtual:com.onda.app:10406", 1080 x 2340, modeId 11, renderFrameRate 60.0, defaultModeId 11, userPreferredModeId -1, supportedModes [{id=11, width=1080, height=2340, fps=60.0, vsync=60.0, synthetic=false, alternativeRefreshRates=[], supportedHdrTypes=[]}], colorMode 0, supportedColorModes [0], hdrCapabilities null, allmSupported false, gameContentTypeSupported false, density 480, 480.0 x 480.0 dpi, appVsyncOff 0, presDeadline 16666666, touch VIRTUAL, rotation 0, type VIRTUAL, deviceProductInfo null, state OFF, committedState UNKNOWN, owner com.onda.app (uid 10406), frameRateOverride , brightnessMinimum 0.0, brightnessMaximum 0.0, brightnessDefault 0.0, hdrSdrRatio NaN, FLAG_ROTATES_WITH_CONTENT, FLAG_PRIVATE, FLAG_NEVER_BLANK, FLAG_OWN_CONTENT_ONLY, FLAG_DESTROY_CONTENT_ON_REMOVAL, FLAG_SPEG_DISPLAY, installOrientation 0, displayShape DisplayShape{ spec=-1084927657 displayWidth=1080 displayHeight=2340 physicalPixelDisplaySizeRatio=1.0 rotation=0 offsetX=0 offsetY=0 scale=1.0}}
11-17 23:51:43.802  1643  2025 I DisplayDevice: [14] Layerstack set to 14 for virtual:com.onda.app:10406
11-17 23:51:43.802  1643  2025 D DisplayDevice: setProjectionLocked, orientation=0, layerStackRect=Rect(0, 0 - 1080, 2340), displayRect=Rect(0, 0 - 1080, 2340) for virtual:com.onda.app:10406
11-17 23:51:43.803  1643  2024 I InputManager-JNI: Viewport [1] to add: virtual:com.onda.app:10406, isActive: true
11-17 23:51:43.803  1643  2024 D InputManager-JNI: Viewport [1] type:3, displayId=14, uniqueId=virtual:com.onda.app:10406, orientation=0, logicalFrame=[0, 0][1080, 2340], physicalFrame=[0, 0][1080, 2340], deviceSize=[1080, 2340]
11-17 23:51:43.845  1643  2021 D WindowManager: onDisplayAdded, displayId=14 display=Display id 14: DisplayInfo{"SpegVirtualDisplay", displayId 14, displayGroupId 0, FLAG_PRIVATE, FLAG_SPEG_DISPLAY, real 1080 x 2340, largest app 2340 x 2340, smallest app 1080 x 1080, appVsyncOff 0, presDeadline 16666666, mode 11, renderFrameRate 60.0, defaultMode 11, REFRESH_RATE_MODE_ALWAYS, userPreferredModeId -1, supportedModes [{id=11, width=1080, height=2340, fps=60.0, vsync=60.0, synthetic=false, alternativeRefreshRates=[], supportedHdrTypes=[]}], appsSupportedModes [{id=11, width=1080, height=2340, fps=60.0, vsync=60.0, synthetic=false, alternativeRefreshRates=[], supportedHdrTypes=[]}], hdrCapabilities null, userDisabledHdrTypes [], minimalPostProcessingSupported false, rotation 0, state ON, committedState UNKNOWN, type VIRTUAL, uniqueId "virtual:com.onda.app:10406", app 1080 x 2340, density 480 (480.0 x 480.0) dpi, layerStack 14, colorMode 0, supportedColorModes [0], deviceProductInfo null, owner com.onda.app (uid 10406), removeMode 1, refreshRateOverride 60.0, brightnessMinimum 0.0, brightnessMaximum 0.0, brightnessDefault 0.0, installOrientation ROTATION_0, layoutLimitedRefreshRate null, hdrSdrRatio not_available, thermalRefreshRateThrottling {}, thermalBrightnessThrottlingDataId default}, DisplayMetrics{density=3.0, width=1080, height=2340, scaledDensity=3.0, xdpi=480.0, ydpi=480.0}, isValid=true
11-17 23:51:43.849  1643  2123 I Pageboost: onAppLaunch : com.onda.app
11-17 23:51:43.853  1643  2123 V WindowManager: Collecting in transition 1504: ActivityRecord{108e212 u0 com.ond