11-18 09:46:48.427  1643  2612 D SGM:FgCheckThread: notifyFocusInOut(). of pkg: com.onda.app, type: 4, isSecGameFamily: false, userId: 0
11-18 09:46:48.430  1643  2025 V WindowManager: Start calculating TransitionInfo based on participants: {Task{3c76a9e #1459 type=standard A=10416:com.onda.app}, WallpaperWindowToken{926e278 token=android.os.Binder@36b27db}_<system>, ActivityRecord{931c0d9 u0 com.onda.app/.MainActivity t1459}, WallpaperWindowToken{a84b3fd token=android.os.Binder@8f50cc1}_<lock>, ActivityRecord{c0d2f9b u0 com.sec.android.app.launcher/com.android.quickstep.RecentsActivity t1171}}
11-18 09:46:48.430  1643  2025 V WindowManager:   Final targets: [Task{3c76a9e #1459 type=standard A=10416:com.onda.app}, Task{300af38 #1171 type=recents I=com.sec.android.app.launcher/com.android.quickstep.RecentsActivity}, WallpaperWindowToken{926e278 token=android.os.Binder@36b27db}_<system>]
11-18 09:46:48.433  1643  2025 V WindowManager:         {WCT{RemoteToken{944a0d6 Task{3c76a9e #1459 type=standard A=10416:com.onda.app}}} m=TO_FRONT f=MOVE_TO_TOP leash=Surface(name=Task=1459)/@0xb427c98 sb=Rect(0, 0 - 1080, 2340) eb=Rect(0, 0 - 1080, 2340) d=0 taskParent=-1 inset=Rect(0, 99 - 0, 144) dim=true},
11-18 09:46:48.434  1643  2020 V WindowManager: Sent Transition (#1776) createdAt=11-18 09:46:48.397 via request=TransitionRequestInfo { type = TO_FRONT, triggerTask = TaskInfo{userId=0 taskId=1459 displayId=0 isRunning=true baseIntent=Intent { flg=0x10000000 cmp=com.onda.app/.MainActivity } baseActivity=ComponentInfo{com.onda.app/com.onda.app.MainActivity} topActivity=ComponentInfo{com.onda.app/com.onda.app.MainActivity} origActivity=null realActivity=ComponentInfo{com.onda.app/com.onda.app.MainActivity} numActivities=1 lastActiveTime=223408109 supportsMultiWindow=true resizeMode=1 isResizeable=true minWidth=-1 minHeight=-1 maxWidth=-1 maxHeight=-1 defaultMinSize=220 token=WCT{RemoteToken{944a0d6 Task{3c76a9e #1459 type=standard A=10416:com.onda.app}}} topActivityType=1 pictureInPictureParams=null shouldDockBigOverlays=false launchIntoPipHostTaskId=-1 lastParentTaskIdBeforePip=-1 displayCutoutSafeInsets=Rect(0, 99 - 0, 0) topActivityInfo=ActivityInfo{8d719f3 com.onda.app.MainActivity} launchCookies=[] positionInParent=Point(0, 0) parentTaskId=-1 isFocused=false isVisible=false isVisibleRequested=false isSleeping=false topActivityInSizeCompat=false locusId=null displayAreaFeatureId=1 isTopActivityTransparent=false isTopActivityStyleFloating=false appCompatTaskInfo=AppCompatTaskInfo { topActivityInSizeCompat=false eligibleForLetterboxEducation= false isLetterboxEducationEnabled= false isLetterboxDoubleTapEnabled= false eligibleForUserAspectRatioButton= false topActivityBoundsLetterboxed= false isFromLetterboxDoubleTap= false topActivityLetterboxVerticalPosition= -1 topActivityLetterboxHorizontalPosition= -1 topActivityLetterboxWidth=1080 topActivityLetterboxHeight=2340 topActivityLetterboxAppWidth=1080 topActivityLetterboxAppHeight=2097 isUserFullscreenOverrideEnabled=false isSystemFullscreenOverrideEnabled=false hasMinAspectRatioOverride=false cameraCompatTaskInfo=CameraCompatTaskInfo { freeformCameraCompatMode=inactive} topActivityBounds=null topActivityInDisplayCompat=false} originallySupportedMultiWindow=true hasWallpaper=false rootAffinity=10416:com.onda.app isTopTaskInStage=false topActivityUiMode=17 CoverLauncherWidgetTask=false isAllowedSeamlessRotation=false isTopTransparentActivity=false snappingGuideBounds=Rect(81, 562 - 999, 1732) isAliasManaged=false hasConfigChanged=false isAiKeyRemoveAppTask=false}, pipTask = null, remoteTransition = RemoteTransition { remoteTransition = android.window.IRemoteTransition$Stub$Proxy@bfed65e, appThread = android.app.IApplicationThread$Stub$Proxy@b861a3f, debugName = QuickstepLaunchflags =NONE }, displayChange = null, flags = 0, debugId = 1776 }
11-18 09:46:48.434  1643  2020 V WindowManager:         {WCT{RemoteToken{944a0d6 Task{3c76a9e #1459 type=standard A=10416:com.onda.app}}} m=TO_FRONT f=MOVE_TO_TOP leash=Surface(name=Task=1459)/@0xb427c98 sb=Rect(0, 0 - 1080, 2340) eb=Rect(0, 0 - 1080, 2340) d=0 taskParent=-1 inset=Rect(0, 99 - 0, 144) dim=true},
11-18 09:46:48.435  1643  2025 D InsetsSourceProvider: updateControlForTarget: control=InsetsSourceControl: {60080000 mType=statusBars initiallyVisible mSurfacePosition=Point(0, 0) mInsetsHint=Insets{left=0, top=99, right=0, bottom=0}}, target=Window{d0d2d01 u0 com.onda.app/com.onda.app.MainActivity}, from=com.android.server.wm.InsetsStateController.onControlTargetChanged:81 com.android.server.wm.InsetsPolicy.updateBarControlTarget:175 com.android.server.wm.DisplayPolicy.updateSystemBarAttributes:281 com.android.server.wm.DisplayPolicy.finishPostLayoutPolicyLw:17 com.android.server.wm.RootWindowContainer.applySurfaceChangesTransaction$1:194
11-18 09:46:48.436  1643  2025 D InsetsSourceProvider: updateControlForTarget: control=InsetsSourceControl: {26710001 mType=navigationBars initiallyVisible mSurfacePosition=Point(0, 2196) mInsetsHint=Insets{left=0, top=0, right=0, bottom=144}}, target=Window{d0d2d01 u0 com.onda.app/com.onda.app.MainActivity}, from=com.android.server.wm.InsetsStateController.onControlTargetChanged:81 com.android.server.wm.InsetsPolicy.updateBarControlTarget:188 com.android.server.wm.DisplayPolicy.updateSystemBarAttributes:281 com.android.server.wm.DisplayPolicy.finishPostLayoutPolicyLw:17 com.android.server.wm.RootWindowContainer.applySurfaceChangesTransaction$1:194
11-18 09:46:48.436  1643  2025 D WindowManager: updateSystemBarAttributes: displayId=0, focusedCanBeNavColorWin=false, win=Window{d0d2d01 u0 com.onda.app/com.onda.app.MainActivity}, navColorWin=Window{a24f455 u0 com.sec.android.app.launcher/com.android.quickstep.RecentsActivity}, caller=com.android.server.wm.DisplayPolicy.finishPostLayoutPolicyLw:17 com.android.server.wm.RootWindowContainer.applySurfaceChangesTransaction$1:194 com.android.server.wm.RootWindowContainer.performSurfacePlacementNoTrace:61
11-18 09:46:48.439  1643  5938 D WindowManager: makeSurface duration=1 name=com.onda.app/com.onda.app.MainActivity$_26166
11-18 09:46:48.440  1643  5938 D WindowManager: updateSystemBarAttributes: displayId=0, focusedCanBeNavColorWin=false, win=Window{d0d2d01 u0 com.onda.app/com.onda.app.MainActivity}, navColorWin=Window{d0d2d01 u0 com.onda.app/com.onda.app.MainActivity}, caller=com.android.server.wm.DisplayPolicy.finishPostLayoutPolicyLw:17 com.android.server.wm.RootWindowContainer.applySurfaceChangesTransaction$1:194 com.android.server.wm.RootWindowContainer.performSurfacePlacementNoTrace:61
11-18 09:46:48.441  1643  5938 D WindowManager: Changing focus from null to Window{d0d2d01 u0 com.onda.app/com.onda.app.MainActivity} displayId=0 Callers=com.android.server.wm.WindowManagerService.relayoutWindowInner:142 com.android.server.wm.WindowManagerService.relayoutWindow:6 com.android.server.wm.Session.relayout:27 android.view.IWindowSession$Stub.onTransact:861
11-18 09:46:48.441  1643  5938 V SystemKeyManager: updateFocusedWindow() is called, com.onda.app/com.onda.app.MainActivity
11-18 09:46:48.444  1643  2024 D SGM:GameManager: identifyGamePackage. com.onda.app, mCurrentUserId: 0, callerUserId: 0, callingMethodInfo: com.samsung.android.game.SemGameManager.isGamePackage(SemGameManager.java:105)
11-18 09:46:48.444  1643  2024 D SGM:SemGameManager: isGamePackage(), pkgName=com.onda.app, ret=false
11-18 09:46:48.488  1643  5941 D WindowManager: finishDrawingWindow: Window{d0d2d01 u0 com.onda.app/com.onda.app.MainActivity} mDrawState=DRAW_PENDING seqId=0
11-18 09:46:48.492  1643  2025 V WindowManager: Finish starting ActivityRecord{931c0d9 u0 com.onda.app/.MainActivity t1459}: first real window is shown, no animation
11-18 09:46:48.492  1643  2025 V WindowManager: Schedule remove starting ActivityRecord{931c0d9 u0 com.onda.app/.MainActivity t1459} startingWindow=Window{9de1b12 u0 SnapshotStartingWindow for taskId=1459} animate=false Callers=com.android.server.wm.ActivityRecord.removeStartingWindow:150 com.android.server.wm.WindowState.performShowLocked:147 com.android.server.wm.WindowStateAnimator.commitFinishDrawingLocked:59 com.android.server.wm.DisplayContent$$ExternalSyntheticLambda1.accept$com$android$server$wm$DisplayContent$$ExternalSyntheticLambda40:22 com.android.server.wm.DisplayContent$$ExternalSyntheticLambda1.accept:305
11-18 09:46:48.493  1643  2025 I ActivityTaskManager: done cause=notifyWindowsDrawn timestamp=94155117605800 info=TransitionInfo{a9f8ff8 a=ActivityRecord{931c0d9 u0 com.onda.app/.MainActivity t1459} d=true}
11-18 09:46:48.493  1643  2025 V WindowManager: performShowLocked: mDrawState=HAS_DRAWN in Window{d0d2d01 u0 com.onda.app/com.onda.app.MainActivity}
11-18 09:46:48.517  1643  3065 D InsetsSourceProvider: updateControlForTarget: control=InsetsSourceControl: {3 mType=ime mSurfacePosition=Point(0, 99) mInsetsHint=Insets{left=0, top=0, right=0, bottom=1026}}, target=Window{d0d2d01 u0 com.onda.app/com.onda.app.MainActivity}, from=com.android.server.wm.ImeInsetsSourceProvider.updateControlForTarget:17 com.android.server.wm.InsetsStateController.onControlTargetChanged:81 com.android.server.wm.DisplayContent.updateImeControlTarget:21 com.android.server.wm.DisplayContent.updateImeInputAndControlTarget:81 com.android.server.wm.WindowManagerService$LocalService.updateInputMethodTargetWindow:21
11-18 09:46:48.581  1643  2684 D MdnieScenarioControlService:  packageName : com.onda.app    className : com.onda.app.MainActivity
11-18 09:46:48.599  1643  5941 I WindowManager: Reparenting to leash, surface=Surface(name=9de1b12 SnapshotStartingWindow for taskId=1459)/@0xa2f5ca, syncState=0, syncCommitDepth=0, leashParent=Surface(name=ActivityRecord{931c0d9 u0 com.onda.app/.MainActivity t1459})/@0xc4c55fb
11-18 09:46:48.754  1643  2025 I WindowManager: Reparenting to original parent: Surface(name=ActivityRecord{931c0d9 u0 com.onda.app/.MainActivity t1459})/@0xc4c55fb, destroy=true, syncState=0, syncCommitDepth=0, surface=Surface(name=9de1b12 SnapshotStartingWindow for taskId=1459)/@0xa2f5ca
11-18 09:46:48.780  1643  2024 D SGM:FgCheckThread: getForegroundApp(), foregroundPkgName=com.onda.app
11-18 09:46:48.780  1643  2024 D SGM:FgCheckThread: noteStopComponent(), received pkgName: com.sec.android.app.launcher, focusedPkgName: com.onda.app, userId: 0
11-18 09:46:48.896  1643  5938 D SGM:GameManager: identifyGamePackage. com.onda.app, mCurrentUserId: 0, callerUserId: 0, callingMethodInfo: com.samsung.android.game.IGameManagerService$Stub.onTransact(IGameManagerService.java:228)
11-18 09:46:48.912  1643  2684 D MdnieScenarioControlService:  packageName : com.onda.app    className : com.onda.app.MainActivity
11-18 09:46:49.017  1643  2024 D SGM:GameManager: identifyForegroundApp. com.onda.app, mCurrentUserId: 0, callerUserId: 0
11-18 09:46:50.197 26166 26166 D Activity: onKeyDown(KEYCODE_BACK), activity=com.onda.app.MainActivity@33f24c8
11-18 09:46:50.952   806   806 D io_stats: !@ Read_top(KB): ocessService0:0(26200) 14764 id.app.launcher(3422) 13248 com.onda.app(26166) 12576
11-18 09:46:53.176  1643  3851 D FreecessController: com.onda.app(10416) is important[12]
11-18 09:46:53.308  1643  8480 I PerProcessNandswap$NandswapHandler: canDoNandswapProcess fail: com.onda.app pid:26166 state:0 adj:0
11-18 09:46:54.956   806   806 D io_stats: !@ Read_top(KB): android.vending(24352) 2756 ocessService0:0(26200) 1804 com.onda.app(26166) 1136
11-18 09:46:58.178  1643  3851 D FreecessController: com.onda.app(10416) is important[12]
11-18 09:47:02.968   806   806 D io_stats: !@ Read_top(KB): .android.chrome(14037) 21168 ocessService0:0(26200) 1136 com.onda.app(26166) 896
11-18 09:47:02.968   806   806 D io_stats: !@ Write_top(KB): kworker/u16:3(19451) 524 com.onda.app(26166) 8
11-18 09:47:03.181  1643  3851 D FreecessController: com.onda.app(10416) is important[12]
11-18 09:47:08.182  1643  3851 D FreecessController: com.onda.app(10416) is important[12]
11-18 09:47:13.185  1643  3851 D FreecessController: com.onda.app(10416) is important[12]
11-18 09:47:14.977   806   806 D io_stats: !@ Read_top(KB): ocessService0:0(26200) 132 system_server(1643) 128 com.onda.app(26166) 16
11-18 09:47:18.188  1643  3851 D FreecessController: com.onda.app(10416) is important[12]
11-18 09:47:18.980   806   806 D io_stats: !@ Read_top(KB): m.android.phone(2878) 912 com.onda.app(26166) 4
11-18 09:47:18.980   806   806 D io_stats: !@ Write_top(KB): kworker/u16:0(22006) 516 com.onda.app(26166) 12
11-18 09:47:23.190  1643  3851 D FreecessController: com.onda.app(10416) is important[12]
11-18 09:47:28.193  1643  3851 D FreecessController: com.onda.app(10416) is important[12]
11-18 09:47:33.195  1643  3851 D FreecessController: com.onda.app(10416) is important[12]
11-18 09:47:38.198  1643  3851 D FreecessController: com.onda.app(10416) is important[12]
11-18 09:47:43.201  1643  3851 D FreecessController: com.onda.app(10416) is important[12]
11-18 09:47:48.204  1643  3851 D FreecessController: com.onda.app(10416) is important[12]
11-18 09:47:53.206  1643  3851 D FreecessController: com.onda.app(10416) is important[12]
11-18 09:47:58.209  1643  3851 D FreecessController: com.onda.app(10416) is important[12]
11-18 09:48:03.212  1643  3851 D FreecessController: com.onda.app(10416) is important[12]
11-18 09:48:08.214  1643  3851 D FreecessController: com.onda.app(10416) is important[12]
11-18 09:48:13.216  1643  3851 D FreecessController: com.onda.app(10416) is important[12]
11-18 09:48:18.219  1643  3851 D FreecessController: com.onda.app(10416) is important[12]
11-18 09:48:23.221  1643  3851 D FreecessController: com.onda.app(10416) is important[12]
11-18 09:48:27.039   806   806 D io_stats: !@ Read_top(KB): com.onda.app(26166) 380 c.android.sdhms(5228) 236 system_server(1643) 100
11-18 09:48:28.223  1643  3851 D FreecessController: com.onda.app(10416) is important[12]
11-18 09:48:33.224  1643  3851 D FreecessController: com.onda.app(10416) is important[12]
11-18 09:48:38.227  1643  3851 D FreecessController: com.onda.app(10416) is important[12]
11-18 09:48:43.229  1643  3851 D FreecessController: com.onda.app(10416) is important[12]
11-18 09:48:48.231  1643  3851 D FreecessController: com.onda.app(10416) is important[12]
11-18 09:48:53.233  1643  3851 D FreecessController: com.onda.app(10416) is important[12]
11-18 09:48:58.235  1643  3851 D FreecessController: com.onda.app(10416) is important[12]
11-18 09:48:58.912  1643  3132 D SGM:GameManager: identifyGamePackage. com.onda.app, mCurrentUserId: 0, callerUserId: 0, callingMethodInfo: com.samsung.android.game.SemGameManager.isGamePackage(SemGameManager.java:105)
11-18 09:48:58.912  1643  3132 D SGM:SemGameManager: isGamePackage(), pkgName=com.onda.app, ret=false
11-18 09:48:58.916  1643  1643 I Telecom : SamsungCallAudioRouteStateMachine: isSpeakerPhoneChangedByTelecom - modeOwner : com.onda.app: CARSM.mSPCR@ITU
11-18 09:48:59.132  1643  2057 D SensorPrivacyService: onOpNoted  com.onda.app  code=27  uid=10416
11-18 09:48:59.152  1643  5753 D SGM:GameManager: identifyGamePackage. com.onda.app, mCurrentUserId: 0, callerUserId: 0, callingMethodInfo: com.samsung.android.game.SemGameManager.isGamePackage(SemGameManager.java:105)
11-18 09:48:59.152  1643  5753 D SGM:SemGameManager: isGamePackage(), pkgName=com.onda.app, ret=false
11-18 09:48:59.678  1643  5753 D InsetsSourceProvider: updateFakeControlTarget: fakeControl=InsetsSourceControl: {60080000 mType=statusBars mSurfacePosition=Point(0, 0) mInsetsHint=Insets{left=0, top=0, right=0, bottom=0}}, fakeTarget=Window{d0d2d01 u0 com.onda.app/com.onda.app.MainActivity}
11-18 09:49:00.127  1643  5753 D SGM:GameManager: identifyGamePackage. com.onda.app, mCurrentUserId: 0, callerUserId: 0, callingMethodInfo: com.samsung.android.game.SemGameManager.isGamePackage(SemGameManager.java:105)
11-18 09:49:00.127  1643  5753 D SGM:SemGameManager: isGamePackage(), pkgName=com.onda.app, ret=false
11-18 09:49:00.283  1643  1643 I Telecom : SamsungCallAudioRouteStateMachine: isSpeakerPhoneChangedByTelecom - modeOwner : com.onda.app: CARSM.mSPCR@ITs
11-18 09:49:00.442  1643  1643 I Telecom : SamsungCallAudioRouteStateMachine: isSpeakerPhoneChangedByTelecom - modeOwner : com.onda.app: CARSM.mSPCR@ITw
11-18 09:49:02.199  1643  5912 D InsetsSourceProvider: updateControlForTarget: control=InsetsSourceControl: {60080000 mType=statusBars initiallyVisible mSurfacePosition=Point(0, 0) mInsetsHint=Insets{left=0, top=99, right=0, bottom=0}}, target=Window{d0d2d01 u0 com.onda.app/com.onda.app.MainActivity}, from=com.android.server.wm.InsetsStateController.onControlTargetChanged:81 com.android.server.wm.InsetsPolicy.updateBarControlTarget:175 com.android.server.wm.DisplayPolicy.updateSystemBarAttributes:281 com.android.server.wm.DisplayPolicy.finishPostLayoutPolicyLw:17 com.android.server.wm.RootWindowContainer.applySurfaceChangesTransaction$1:194
11-18 09:49:03.238  1643  3851 D FreecessController: com.onda.app(10416) is important[12]
11-18 09:49:03.482  1643  3065 D SGM:GameManager: identifyGamePackage. com.onda.app, mCurrentUserId: 0, callerUserId: 0, callingMethodInfo: com.samsung.android.game.IGameManagerService$Stub.onTransact(IGameManagerService.java:228)
11-18 09:49:03.482  2913  3526 D SGM:SemGameManager: isGamePackage(), pkgName=com.onda.app, ret=false
11-18 09:49:07.066   806   806 D io_stats: !@ Read_top(KB): ocessService0:0(26200) 1732 com.onda.app(26166) 1688 s.messaging:rcs(5136) 1180
11-18 09:49:07.066   806   806 D io_stats: !@ Write_top(KB): kworker/u16:1(15113) 128 com.onda.app(26166) 100 system_server(1643) 40
11-18 09:49:08.240  1643  3851 D FreecessController: com.onda.app(10416) is important[12]
11-18 09:49:11.068   806   806 D io_stats: !@ Read_top(KB): ocessService0:0(26200) 468 com.onda.app(26166) 84 rkstack.process(2987) 68
11-18 09:49:13.242  1643  3851 D FreecessController: com.onda.app(10416) is important[12]
11-18 09:49:17.200  1643  5753 D SGM:GameManager: identifyGamePackage. com.onda.app, mCurrentUserId: 0, callerUserId: 0, callingMethodInfo: com.samsung.android.game.IGameManagerService$Stub.onTransact(IGameManagerService.java:228)
11-18 09:49:17.200  2913  3526 D SGM:SemGameManager: isGamePackage(), pkgName=com.onda.app, ret=false
11-18 09:49:18.244  1643  3851 D FreecessController: com.onda.app(10416) is important[12]
11-18 09:49:19.073   806   806 D io_stats: !@ Write_top(KB): com.onda.app(26166) 224
11-18 09:49:23.245  1643  3851 D FreecessController: com.onda.app(10416) is important[12]
11-18 09:49:28.247  1643  3851 D FreecessController: com.onda.app(10416) is important[12]
11-18 09:49:31.082   806   806 D io_stats: !@ Read_top(KB): .gms.persistent(23850) 2004 com.onda.app(26166) 108 c.android.sdhms(5228) 64
11-18 09:49:31.082   806   806 D io_stats: !@ Write_top(KB): kworker/u16:0(22006) 608 earchbox:search(27768) 20 com.onda.app(26166) 12
11-18 09:49:33.248  1643  3851 D FreecessController: com.onda.app(10416) is important[12]
11-18 09:49:33.371  1643  3065 D SGM:GameManager: identifyForegroundApp. com.onda.app, mCurrentUserId: 0, callerUserId: 0
11-18 09:49:35.088   806   806 D io_stats: !@ Read_top(KB): ch_zygote(27990) 89116 com.onda.app(26166) 10620 ch_zygote(27991) 4024
11-18 09:49:37.794  1643  1643 I Telecom : SamsungCallAudioRouteStateMachine: isSpeakerPhoneChangedByTelecom - modeOwner : com.onda.app: CARSM.mSPCR@IUA
11-18 09:49:38.251  1643  3851 D FreecessController: com.onda.app(10416) is important[12]
11-18 09:49:43.252  1643  3851 D FreecessController: com.onda.app(10416) is important[12]
11-18 09:49:48.254  1643  3851 D FreecessController: com.onda.app(10416) is important[12]
11-18 09:49:53.256  1643  3851 D FreecessController: com.onda.app(10416) is important[12]
11-18 09:49:58.259  1643  3851 D FreecessController: com.onda.app(10416) is important[12]
11-18 09:50:03.261  1643  3851 D FreecessController: com.onda.app(10416) is important[12]
11-18 09:50:08.268  1643  3851 D FreecessController: com.onda.app(10416) is important[12]
11-18 09:50:13.270  1643  3851 D FreecessController: com.onda.app(10416) is important[12]
11-18 09:50:18.271  1643  3851 D FreecessController: com.onda.app(10416) is important[12]
11-18 09:50:23.273  1643  3851 D FreecessController: com.onda.app(10416) is important[12]
11-18 09:50:28.275  1643  3851 D FreecessController: com.onda.app(10416) is important[12]
11-18 09:50:33.278  1643  3851 D FreecessController: com.onda.app(10416) is important[12]
11-18 09:50:35.129   806   806 D io_stats: !@ Read_top(KB): gle.android.gms(23653) 196 com.onda.app(26166) 128
11-18 09:50:38.281  1643  3851 D FreecessController: com.onda.app(10416) is important[12]
11-18 09:50:43.283  1643  3851 D FreecessController: com.onda.app(10416) is important[12]
11-18 09:50:48.286  1643  3851 D FreecessController: com.onda.app(10416) is important[12]
11-18 09:50:53.288  1643  3851 D FreecessController: com.onda.app(10416) is important[12]
11-18 09:50:58.290  1643  3851 D FreecessController: com.onda.app(10416) is important[12]
11-18 09:51:03.292  1643  3851 D FreecessController: com.onda.app(10416) is important[12]
11-18 09:51:08.294  1643  3851 D FreecessController: com.onda.app(10416) is important[12]
11-18 09:51:13.295  1643  3851 D FreecessController: com.onda.app(10416) is important[12]
11-18 09:51:18.297  1643  3851 D FreecessController: com.onda.app(10416) is important[12]
11-18 09:51:23.300  1643  3851 D FreecessController: com.onda.app(10416) is important[12]
11-18 09:51:28.303  1643  3851 D FreecessController: com.onda.app(10416) is important[12]
11-18 09:51:33.305  1643  3851 D FreecessController: com.onda.app(10416) is important[12]
11-18 09:51:35.170  1643  2103 D ActivityTaskManager: scheduleTopResumedActivityChanged, onTop=false, r=ActivityRecord{931c0d9 u0 com.onda.app/.MainActivity t1459}, caller=com.android.server.wm.ActivityTaskSupervisor.scheduleTopResumedActivityStateLossIfNeeded:11 com.android.server.wm.ActivityTaskSupervisor.updateTopResumedActivityIfNeeded:19 com.android.server.wm.TaskFragment.setResumedActivity:29 com.android.server.wm.ActivityRecord.setState:95 com.android.server.wm.TaskFragment.startPausing$1:210 com.android.server.wm.Task$$ExternalSyntheticLambda3.accept:271
11-18 09:51:35.174  1643  2024 W ProcessStats: Tracking association SourceState{4a95e8c com.onda.app/10416 Top #214998} whose proc state 1 is better than process ProcessState{6a574b1 com.google.android.webview:sandboxed_process0:org.chromium.content.app.SandboxedProcessService0:0/10416 pkg=com.onda.app} proc state 2 (13 skipped)
11-18 09:51:35.188  1643  5753 D WindowManager: Changing focus from Window{d0d2d01 u0 com.onda.app/com.onda.app.MainActivity} to null displayId=0 Callers=com.android.server.wm.ActivityRecord.commitVisibility:204 com.android.server.wm.ActivityRecord.setVisibility:586 com.android.server.wm.ActivityRecord.makeInvisible:39 com.android.server.wm.EnsureActivitiesVisibleHelper.process:637
11-18 09:51:35.189  1643  5753 V WindowManager: Setting visibility of Window{d0d2d01 u0 com.onda.app/com.onda.app.MainActivity}: false, caller=com.android.server.wm.WindowContainer.sendAppVisibilityToClients:19 com.android.server.wm.WindowToken.setClientVisible:49 com.android.server.wm.ActivityRecord.setClientVisible:8 com.android.server.wm.ActivityRecord.commitVisibility:273 com.android.server.wm.ActivityRecord.setVisibility:586
11-18 09:51:35.192  1643  2024 D SGM:FgCheckThread: notePauseComponent(), received pkgName: com.onda.app, userId: 0
11-18 09:51:35.192  1643  2024 D SGM:FgCheckThread: notePauseComponent(), received pkgName: com.onda.app, userId: 0
11-18 09:51:35.192  1643  2024 D SGM:FgCheckThread: notifyFocusInOut(). of pkg: com.onda.app, type: 20, isSecGameFamily: false, userId: 0
11-18 09:51:35.192  1643  2024 D SGM:GameManager: identifyGamePackage. com.onda.app, mCurrentUserId: 0, callerUserId: 0, callingMethodInfo: com.samsung.android.game.SemGameManager.isGamePackage(SemGameManager.java:105)
11-18 09:51:35.192  1643  2024 D SGM:SemGameManager: isGamePackage(), pkgName=com.onda.app, ret=false
11-18 09:51:35.282  1643  2024 D SGM:FgCheckThread: getForegroundApp(), foregroundPkgName=com.onda.app
11-18 09:51:35.282  1643  3065 E WindowManager: win=Window{d0d2d01 u0 com.onda.app/com.onda.app.MainActivity} destroySurfaces: appStopped=true cleanupOnResume=false win.mWindowRemovalAllowed=false win.mRemoveOnExit=false win.mViewVisibility=8 caller=com.android.server.wm.ActivityRecord.destroySurfaces:25 com.android.server.wm.ActivityRecord.activityStopped:204 com.android.server.wm.ActivityClientController.activityStopped:95 android.app.IActivityClientController$Stub.onTransact:722 com.android.server.wm.ActivityClientController.onTransact:1 android.os.Binder.execTransactInternal:1541 android.os.Binder.execTransact:1480
11-18 09:51:35.282  1643  2024 D SGM:FgCheckThread: pkgName: com.onda.app is not in foreground
11-18 09:51:35.282  1643  3065 I WindowManager: Destroying surface Surface(name=com.onda.app/com.onda.app.MainActivity$_26166)/@0x9f02245 called by com.android.server.wm.WindowStateAnimator.destroySurface:11 com.android.server.wm.WindowStateAnimator.destroySurfaceLocked:54 com.android.server.wm.WindowState.destroySurfaceUnchecked:5 com.android.server.wm.WindowState.destroySurface:126 com.android.server.wm.ActivityRecord.destroySurfaces:25 com.android.server.wm.ActivityRecord.activityStopped:204 com.android.server.wm.ActivityClientController.activityStopped:95 android.app.IActivityClientController$Stub.onTransact:722
11-18 09:51:49.761  1643  2551 W ProcessStats: Tracking association SourceState{4a95e8c com.onda.app/10416 Top #215050} whose proc state 1 is better than process ProcessState{6a574b1 com.google.android.webview:sandboxed_process0:org.chromium.content.app.SandboxedProcessService0:0/10416 pkg=com.onda.app} proc state 2 (4 skipped)
11-18 09:52:05.591  1643  3123 W ProcessStats: Tracking association SourceState{4a95e8c com.onda.app/10416 Top #215057} whose proc state 1 is better than process ProcessState{6a574b1 com.google.android.webview:sandboxed_process0:org.chromium.content.app.SandboxedProcessService0:0/10416 pkg=com.onda.app} proc state 2 (2 skipped)
11-18 09:52:56.408  1643  5937 W ProcessStats: Tracking association SourceState{4a95e8c com.onda.app/10416 Top #215061} whose proc state 1 is better than process ProcessState{6a574b1 com.google.android.webview:sandboxed_process0:org.chromium.content.app.SandboxedProcessService0:0/10416 pkg=com.onda.app} proc state 2 (2 skipped)
11-18 09:53:58.366  1643  1643 W ProcessStats: Tracking association SourceState{4a95e8c com.onda.app/10416 Top #215065} whose proc state 1 is better than process ProcessState{6a574b1 com.google.android.webview:sandboxed_process0:org.chromium.content.app.SandboxedProcessService0:0/10416 pkg=com.onda.app} proc state 2 (0 skipped)
11-18 09:53:58.375  1643  5937 V WindowManager: Collecting in transition 1778: ActivityRecord{931c0d9 u0 com.onda.app/.MainActivity t1459}, caller=com.android.server.wm.TransitionController.collect:7 com.android.server.wm.ActivityRecord.setVisibility:189 com.android.server.wm.TaskFragment.resumeTopActivity:1735 com.android.server.wm.Task.resumeTopActivityInnerLocked:98 com.android.server.wm.Task.resumeTopActivityUncheckedLocked:23
11-18 09:53:58.375  1643  5937 D WindowManager: prepareSync <SYNC_STATE_WAITING_FOR_DRAW>, mPrepareSyncSeqId=0, win=Window{d0d2d01 u0 com.onda.app/com.onda.app.MainActivity}
11-18 09:53:58.375  1643  5937 V WindowManager: Setting visibility of Window{d0d2d01 u0 com.onda.app/com.onda.app.MainActivity}: true, caller=com.android.server.wm.WindowContainer.sendAppVisibilityToClients:19 com.android.server.wm.WindowToken.setClientVisible:49 com.android.server.wm.ActivityRecord.setVisibility:392 com.android.server.wm.TaskFragment.resumeTopActivity:1735 com.android.server.wm.Task.resumeTopActivityInnerLocked:98
11-18 09:53:58.375  1643  5937 D ActivityTaskManager: scheduleTopResumedActivityChanged, onTop=true, r=ActivityRecord{931c0d9 u0 com.onda.app/.MainActivity t1459}, caller=com.android.server.wm.ActivityTaskSupervisor.updateTopResumedActivityIfNeeded:62 com.android.server.wm.TaskFragment.setResumedActivity:29 com.android.server.wm.ActivityRecord.setState:104 com.android.server.wm.TaskFragment.resumeTopActivity:1817 com.android.server.wm.Task.resumeTopActivityInnerLocked:98 com.android.server.wm.Task.resumeTopActivityUncheckedLocked:23
11-18 09:53:58.377  5228  9751 I SDHMS:l : handleResumeComponent : put = com.onda.app, userid = 0 instanceid =43563391
11-18 09:53:58.399  1643  5937 D WindowManager: rotationForOrientation, orientationSource=ActivityRecord{931c0d9 u0 com.onda.app/.MainActivity t1459}
11-18 09:53:58.400  1643  5937 D WindowManagerServiceExt: updateTaskbarTargetIfNeeded: cn=ComponentInfo{com.onda.app/com.onda.app.MainActivity} occludesParent=true isInSplitScreenMode=false styleFloating=false
11-18 09:53:58.400  1643  5937 V WindowManager: Add starting ActivityRecord{931c0d9 u0 com.onda.app/.MainActivity t1459}: startingData=SnapshotStartingData{766a995 waitForSyncTransactionCommit=false removeAfterTransaction= 0}
11-18 09:53:58.400  1643  5937 V WindowManager: Added starting ActivityRecord{931c0d9 u0 com.onda.app/.MainActivity t1459}: startingWindow=null startingView=com.android.server.wm.StartingSurfaceController$StartingSurface@c9fcaaa
11-18 09:53:58.403  1643  2024 D SGM:FgCheckThread: noteResumeComponent(), received pkgName: com.onda.app, userId: 0
11-18 09:53:58.403  1643  2612 D SGM:FgCheckThread: onLooperPrepared(), msg: MSG_APP_RESUME, pkgName: com.onda.app, userid: 0
11-18 09:53:58.403  1643  2025 D BLASTSyncEngine: SyncGroup 1778:  Unfinished container: ActivityRecord{931c0d9 u0 com.onda.app/.MainActivity t1459} mSyncState=2
11-18 09:53:58.405  1643  5912 D BLASTSyncEngine: SyncGroup 1778:  Unfinished container: ActivityRecord{931c0d9 u0 com.onda.app/.MainActivity t1459} mSyncState=2
11-18 09:53:58.406  1643  2535 V WindowManager: addWindow: ActivityRecord{931c0d9 u0 com.onda.app/.MainActivity t1459} startingWindow=Window{f8301e4 u0 SnapshotStartingWindow for taskId=1459}
11-18 09:53:58.408  1643  5912 D BLASTSyncEngine: SyncGroup 1778:  Unfinished container: ActivityRecord{931c0d9 u0 com.onda.app/.MainActivity t1459} mSyncState=2
11-18 09:53:58.418  1643  2880 D BLASTSyncEngine: SyncGroup 1778:  Unfinished container: ActivityRecord{931c0d9 u0 com.onda.app/.MainActivity t1459} mSyncState=2
11-18 09:53:58.424  1643  2535 D WindowManager: makeSurface duration=1 name=com.onda.app/com.onda.app.MainActivity$_26166
11-18 09:53:58.429  1643  2535 V WindowManager: Start calculating TransitionInfo based on participants: {ActivityRecord{931c0d9 u0 com.onda.app/.MainActivity t1459}}
11-18 09:53:58.429  1643  2535 V WindowManager:   Final targets: [Task{3c76a9e #1459 type=standard A=10416:com.onda.app}, DefaultTaskDisplayArea_d0@220808832]
11-18 09:53:58.431  1643  2535 V WindowManager:         {WCT{RemoteToken{944a0d6 Task{3c76a9e #1459 type=standard A=10416:com.onda.app}}} m=TO_FRONT f=NONE p=WCT{RemoteToken{c81c7a4 DefaultTaskDisplayArea_d0@220808832}} leash=Surface(name=Task=1459)/@0xb427c98 sb=Rect(0, 0 - 1080, 2340) eb=Rect(0, 0 - 1080, 2340) d=0 taskParent=-1 inset=Rect(0, 99 - 0, 144)},
11-18 09:53:58.432  1643  2535 D InsetsSourceProvider: updateFakeControlTarget: fakeControl=InsetsSourceControl: {60080000 mType=statusBars mSurfacePosition=Point(0, 0) mInsetsHint=Insets{left=0, top=0, right=0, bottom=0}}, fakeTarget=Window{d0d2d01 u0 com.onda.app/com.onda.app.MainActivity}
11-18 09:53:58.432  1643  2535 D InsetsSourceProvider: updateFakeControlTarget: fakeControl=InsetsSourceControl: {26710001 mType=navigationBars mSurfacePosition=Point(0, 0) mInsetsHint=Insets{left=0, top=0, right=0, bottom=0}}, fakeTarget=Window{d0d2d01 u0 com.onda.app/com.onda.app.MainActivity}
11-18 09:53:58.432  1643  2020 V WindowManager:         {WCT{RemoteToken{944a0d6 Task{3c76a9e #1459 type=standard A=10416:com.onda.app}}} m=TO_FRONT f=NONE p=WCT{RemoteToken{c81c7a4 DefaultTaskDisplayArea_d0@220808832}} leash=Surface(name=Task=1459)/@0xb427c98 sb=Rect(0, 0 - 1080, 2340) eb=Rect(0, 0 - 1080, 2340) d=0 taskParent=-1 inset=Rect(0, 99 - 0, 144)},
11-18 09:53:58.460  1643  2612 D SGM:FgCheckThread: handleLcdOn(). getPkgName: com.onda.app, getUserId: 0
11-18 09:53:58.470  1643  3124 D WindowManager: finishDrawingWindow: Window{d0d2d01 u0 com.onda.app/com.onda.app.MainActivity} mDrawState=DRAW_PENDING seqId=0
11-18 09:53:58.480  1643  2025 V WindowManager: Finish starting ActivityRecord{931c0d9 u0 com.onda.app/.MainActivity t1459}: first real window is shown, no animation
11-18 09:53:58.481  1643  2025 V WindowManager: Schedule remove starting ActivityRecord{931c0d9 u0 com.onda.app/.MainActivity t1459} startingWindow=Window{f8301e4 u0 SnapshotStartingWindow for taskId=1459} animate=false Callers=com.android.server.wm.ActivityRecord.removeStartingWindow:150 com.android.server.wm.WindowState.performShowLocked:147 com.android.server.wm.WindowStateAnimator.commitFinishDrawingLocked:59 com.android.server.wm.DisplayContent$$ExternalSyntheticLambda1.accept$com$android$server$wm$DisplayContent$$ExternalSyntheticLambda40:22 com.android.server.wm.DisplayContent$$ExternalSyntheticLambda1.accept:305
11-18 09:53:58.481  1643  2025 V WindowManager: performShowLocked: mDrawState=HAS_DRAWN in Window{d0d2d01 u0 com.onda.app/com.onda.app.MainActivity}
11-18 09:53:58.494  1643  3124 D WindowManager: finishDrawingWindow: Window{d0d2d01 u0 com.onda.app/com.onda.app.MainActivity} mDrawState=HAS_DRAWN seqId=0
11-18 09:53:58.580  1643  2025 D WindowManager: updateSystemBarAttributes: displayId=0, focusedCanBeNavColorWin=false, win=Window{aa90ad4 u0 NotificationShade}, navColorWin=Window{d0d2d01 u0 com.onda.app/com.onda.app.MainActivity}, caller=com.android.server.wm.DisplayPolicy.finishPostLayoutPolicyLw:17 com.android.server.wm.RootWindowContainer.applySurfaceChangesTransaction$1:194 com.android.server.wm.RootWindowContainer.performSurfacePlacementNoTrace:61
11-18 09:53:58.583  1643  3124 I WindowManager: Reparenting to leash, surface=Surface(name=f8301e4 SnapshotStartingWindow for taskId=1459)/@0xe303628, syncState=0, syncCommitDepth=0, leashParent=Surface(name=ActivityRecord{931c0d9 u0 com.onda.app/.MainActivity t1459})/@0xc4c55fb
11-18 09:53:58.698  1643  2612 D SGM:FgCheckThread:   handleUserPresent(). resume signal is needed for com.onda.app
11-18 09:53:58.701  1643  1643 D MdnieScenarioControlService:  packageName : com.onda.app    className : com.onda.app.MainActivity
11-18 09:53:58.703  1643  2684 D MdnieScenarioControlService:  packageName : com.onda.app    className : com.onda.app.MainActivity
11-18 09:53:58.742  1643  2025 I WindowManager: Reparenting to original parent: Surface(name=ActivityRecord{931c0d9 u0 com.onda.app/.MainActivity t1459})/@0xc4c55fb, destroy=true, syncState=0, syncCommitDepth=0, surface=Surface(name=f8301e4 SnapshotStartingWindow for taskId=1459)/@0xe303628
11-18 09:53:58.821  1643  2535 D WindowManager: Changing focus from Window{aa90ad4 u0 NotificationShade} to Window{d0d2d01 u0 com.onda.app/com.onda.app.MainActivity} displayId=0 Callers=com.android.server.wm.WindowManagerService.relayoutWindowInner:142 com.android.server.wm.WindowManagerService.relayoutWindow:6 com.android.server.wm.Session.relayout:27 com.android.server.wm.Session.relayoutAsync:26
11-18 09:53:58.824  1643  2535 D InsetsSourceProvider: updateControlForTarget: control=InsetsSourceControl: {60080000 mType=statusBars initiallyVisible mSurfacePosition=Point(0, 0) mInsetsHint=Insets{left=0, top=99, right=0, bottom=0}}, target=Window{d0d2d01 u0 com.onda.app/com.onda.app.MainActivity}, from=com.android.server.wm.InsetsStateController.onControlTargetChanged:81 com.android.server.wm.InsetsPolicy.updateBarControlTarget:175 com.android.server.wm.DisplayPolicy.updateSystemBarAttributes:281 com.android.server.wm.WindowManagerService.updateFocusedWindowLocked:375 com.android.server.wm.WindowManagerService.relayoutWindowInner:142
11-18 09:53:58.827  1643  2535 D InsetsSourceProvider: updateControlForTarget: control=InsetsSourceControl: {26710001 mType=navigationBars initiallyVisible mSurfacePosition=Point(0, 2196) mInsetsHint=Insets{left=0, top=0, right=0, bottom=144}}, target=Window{d0d2d01 u0 com.onda.app/com.onda.app.MainActivity}, from=com.android.server.wm.InsetsStateController.onControlTargetChanged:81 com.android.server.wm.InsetsPolicy.updateBarControlTarget:188 com.android.server.wm.DisplayPolicy.updateSystemBarAttributes:281 com.android.server.wm.WindowManagerService.updateFocusedWindowLocked:375 com.android.server.wm.WindowManagerService.relayoutWindowInner:142
11-18 09:53:58.827  1643  2535 D WindowManager: updateSystemBarAttributes: displayId=0, focusedCanBeNavColorWin=false, win=Window{d0d2d01 u0 com.onda.app/com.onda.app.MainActivity}, navColorWin=Window{d0d2d01 u0 com.onda.app/com.onda.app.MainActivity}, caller=com.android.server.wm.WindowManagerService.updateFocusedWindowLocked:375 com.android.server.wm.WindowManagerService.relayoutWindowInner:142 com.android.server.wm.WindowManagerService.relayoutWindow:6
11-18 09:53:58.828  1643  2535 V SystemKeyManager: updateFocusedWindow() is called, com.onda.app/com.onda.app.MainActivity
11-18 09:53:59.355  1643  2024 D SGM:GameManager: identifyForegroundApp. com.onda.app, mCurrentUserId: 0, callerUserId: 0
11-18 09:53:59.759  1643  2021 D ActivityTaskManager: scheduleTopResumedActivityChanged, onTop=false, r=ActivityRecord{931c0d9 u0 com.onda.app/.MainActivity t1459}, caller=com.android.server.wm.ActivityTaskSupervisor.scheduleTopResumedActivityStateLossIfNeeded:11 com.android.server.wm.ActivityTaskSupervisor.updateTopResumedActivityIfNeeded:19 com.android.server.wm.TaskDisplayArea.positionChildAt:270 com.android.server.wm.WindowContainer.positionChildAt:86 com.android.server.wm.Task.positionChildAt:19 com.android.server.wm.Task.moveToFront:443
11-18 09:53:59.760  1643  2021 V WindowManager: Collecting in transition 1779: ActivityRecord{931c0d9 u0 com.onda.app/.MainActivity t1459}, caller=com.android.server.wm.TransitionController.collect:7 com.android.server.wm.ActivityRecord.setVisibility:189 com.android.server.wm.ActivityRecord.makeInvisible:39 com.android.server.wm.EnsureActivitiesVisibleHelper.process:637 com.android.server.wm.TaskFragment.updateActivityVisibilities:12
11-18 09:53:59.760  1643  2021 D WindowManager: prepareSync <SYNC_STATE_WAITING_FOR_DRAW>, mPrepareSyncSeqId=0, win=Window{d0d2d01 u0 com.onda.app/com.onda.app.MainActivity}
11-18 09:53:59.762  1643  2021 D WindowManager: Changing focus from Window{d0d2d01 u0 com.onda.app/com.onda.app.MainActivity} to null displayId=0 Callers=com.android.server.wm.ActivityTaskManagerService.setLastResumedActivityUncheckLocked:264 com.android.server.wm.ActivityTaskSupervisor.updateTopResumedActivityIfNeeded:50 com.android.server.wm.TaskFragment.setResumedActivity:29 com.android.server.wm.ActivityRecord.setState:104
11-18 09:53:59.774  1643  2024 D SGM:FgCheckThread: notePauseComponent(), received pkgName: com.onda.app, userId: 0
11-18 09:53:59.774  1643  2024 D SGM:FgCheckThread: notePauseComponent(), received pkgName: com.onda.app, userId: 0
11-18 09:53:59.774  1643  2024 D SGM:FgCheckThread: notifyFocusInOut(). of pkg: com.onda.app, type: 20, isSecGameFamily: false, userId: 0
11-18 09:53:59.781  1643  2024 D SGM:GameManager: identifyGamePackage. com.onda.app, mCurrentUserId: 0, callerUserId: 0, callingMethodInfo: com.samsung.android.game.SemGameManager.isGamePackage(SemGameManager.java:105)
11-18 09:53:59.781  1643  2024 D SGM:SemGameManager: isGamePackage(), pkgName=com.onda.app, ret=false
11-18 09:53:59.802  1643  5921 D WindowManager: updateSystemBarAttributes: displayId=0, focusedCanBeNavColorWin=false, win=Window{e46940f u0 com.sec.android.app.launcher/com.sec.android.app.launcher.activities.LauncherActivity}, navColorWin=Window{d0d2d01 u0 com.onda.app/com.onda.app.MainActivity}, caller=com.android.server.wm.WindowManagerService.updateFocusedWindowLocked:375 com.android.server.wm.WindowManagerService.relayoutWindowInner:142 com.android.server.wm.WindowManagerService.relayoutWindow:6
11-18 09:53:59.854  1643  2025 V WindowManager: Start calculating TransitionInfo based on participants: {ActivityRecord{1f9821d u0 com.sec.android.app.launcher/.activities.LauncherActivity t-1}, Task{308bf4f #1 type=home}, WallpaperWindowToken{926e278 token=android.os.Binder@36b27db}_<system>, ActivityRecord{931c0d9 u0 com.onda.app/.MainActivity t1459}, Task{93e2c94 #1169 type=home I=com.sec.android.app.launcher/.activities.LauncherActivity}, ActivityRecord{c02d6da u0 com.sec.android.app.launcher/.activities.LauncherActivity t1169}}
11-18 09:53:59.854  1643  2025 V WindowManager:   Final targets: [Task{308bf4f #1 type=home}, Task{3c76a9e #1459 type=standard A=10416:com.onda.app}, WallpaperWindowToken{926e278 token=android.os.Binder@36b27db}_<system>]
11-18 09:53:59.857  1643  2025 V WindowManager:         {WCT{RemoteToken{944a0d6 Task{3c76a9e #1459 type=standard A=10416:com.onda.app}}} m=TO_BACK f=NONE leash=Surface(name=Task=1459)/@0xb427c98 sb=Rect(0, 0 - 1080, 2340) eb=Rect(0, 0 - 1080, 2340) d=0 taskParent=-1 inset=Rect(0, 99 - 0, 144)},
11-18 09:53:59.877  1643  2020 V WindowManager:         {WCT{RemoteToken{944a0d6 Task{3c76a9e #1459 type=standard A=10416:com.onda.app}}} m=TO_BACK f=NONE leash=Surface(name=Task=1459)/@0xb427c98 sb=Rect(0, 0 - 1080, 2340) eb=Rect(0, 0 - 1080, 2340) d=0 taskParent=-1 inset=Rect(0, 99 - 0, 144)},
11-18 09:54:00.236  1643  4846 V WindowManager: Setting visibility of Window{d0d2d01 u0 com.onda.app/com.onda.app.MainActivity}: false, caller=com.android.server.wm.WindowContainer.sendAppVisibilityToClients:19 com.android.server.wm.WindowToken.setClientVisible:49 com.android.server.wm.ActivityRecord.setClientVisible:8 com.android.server.wm.ActivityRecord.commitVisibility:273 com.android.server.wm.TransitionController.finishTransition:766
11-18 09:54:00.293  1643  4846 E WindowManager: win=Window{d0d2d01 u0 com.onda.app/com.onda.app.MainActivity} destroySurfaces: appStopped=true cleanupOnResume=false win.mWindowRemovalAllowed=false win.mRemoveOnExit=false win.mViewVisibility=8 caller=com.android.server.wm.ActivityRecord.destroySurfaces:25 com.android.server.wm.ActivityRecord.activityStopped:204 com.android.server.wm.ActivityClientController.activityStopped:95 android.app.IActivityClientController$Stub.onTransact:722 com.android.server.wm.ActivityClientController.onTransact:1 android.os.Binder.execTransactInternal:1541 android.os.Binder.execTransact:1480
11-18 09:54:00.293  1643  4846 I WindowManager: Destroying surface Surface(name=com.onda.app/com.onda.app.MainActivity$_26166)/@0xf1fae4d called by com.android.server.wm.WindowStateAnimator.destroySurface:11 com.android.server.wm.WindowStateAnimator.destroySurfaceLocked:54 com.android.server.wm.WindowState.destroySurfaceUnchecked:5 com.android.server.wm.WindowState.destroySurface:126 com.android.server.wm.ActivityRecord.destroySurfaces:25 com.android.server.wm.ActivityRecord.activityStopped:204 com.android.server.wm.ActivityClientController.activityStopped:95 android.app.IActivityClientController$Stub.onTransact:722
11-18 09:54:00.293  1643  2024 D SGM:FgCheckThread: pkgName: com.onda.app is not in foreground
11-18 09:54:00.293  1643  2024 D SGM:FgCheckThread: noteStopComponent(), received pkgName: com.onda.app, focusedPkgName: com.sec.android.app.launcher, userId: 0
11-18 09:54:06.301  1643  3851 D FreecessController: com.onda.app(10416) is important[2]
11-18 09:54:11.308  1643  3851 D MARs:ActiveTrafficFilter: filter : com.onda.app(0)
11-18 09:54:11.308  1643  3851 D FreecessController: com.onda.app(10416) is important[8]
11-18 09:54:16.312  1643  3851 D MARs:ActiveTrafficFilter: filter : com.onda.app(0)
11-18 09:54:16.312  1643  3851 D FreecessController: com.onda.app(10416) is important[8]
11-18 09:54:21.316  1643  3851 D MARs:ActiveTrafficFilter: filter : com.onda.app(0)
11-18 09:54:21.316  1643  3851 D FreecessController: com.onda.app(10416) is important[8]
11-18 09:54:26.320  1643  3851 D MARs:ActiveTrafficFilter: filter : com.onda.app(0)
11-18 09:54:26.320  1643  3851 D FreecessController: com.onda.app(10416) is important[8]
11-18 09:54:31.326  1643  3851 D FreecessController: com.onda.app(10416) is important[2]
11-18 09:54:36.334  1643  3851 D FreecessController: com.onda.app(10416) is important[2]
11-18 09:54:41.341  1643  3851 D FreecessController: com.onda.app(10416) is important[2]
11-18 09:54:46.347  1643  3851 D FreecessController: com.onda.app(10416) is important[2]
11-18 09:54:47.691  1643  8481 D PerProcessNandswap$NandswapMsgHandler: startNandswapProcess to-delay Cached-ppn com.onda.app
11-18 09:54:48.309  1643  2024 I ActivityManager: Killing 26166:com.onda.app/u0a416 (adj 850): remove task
11-18 09:54:48.406  1643  1711 W ActivityManager: Scheduling restart of crashed service com.onda.app/org.chromium.content.app.SandboxedProcessService0:0 in 10975ms for connection
11-18 09:54:48.491  1643  3303 I WindowManager: WIN DEATH: Window{d0d2d01 u0 com.onda.app/com.onda.app.MainActivity}
11-18 09:54:48.492  1643  3303 V WindowManager: Remove Window{d0d2d01 u0 com.onda.app/com.onda.app.MainActivity}: mSurfaceController=null mAnimatingExit=false mRemoveOnExit=false mHasSurface=false surfaceShowing=false animating=false app-animation=false mDisplayFrozen=false callers=com.android.server.wm.Session.binderDied:118 android.os.IBinder$DeathRecipient.binderDied:339 android.os.BinderProxy.sendDeathNotice:794 <bottom of call stack> <bottom of call stack> <bottom of call stack>
11-18 09:54:48.494  1643  5940 D AutofillSession: handling death of Token{298b97f ActivityRecord{931c0d9 u0 com.onda.app/.MainActivity t1459 f}}} when saving=false
11-18 09:54:48.500  1643  2024 D SGM:FgCheckThread: pkgName: com.onda.app is not in foreground
11-18 09:54:48.500  1643  2024 D SGM:FgCheckThread: noteStopComponent(), received pkgName: com.onda.app, focusedPkgName: com.sec.android.app.launcher, userId: 0
11-18 09:54:48.500  1643  2550 W UsageStatsService: Unexpected activity event reported! (com.onda.app/com.onda.app.MainActivity event : 23 instanceId : 43563391)
11-18 09:54:54.726  1643  8480 I PerProcessNandswap$NandswapHandler: canDoNandswapProcess fail: com.onda.app pid:26166 state:1 adj:-10000
11-18 09:57:57.493  1643  2909 I PackageManager: pkg{com.onda.app}, user{0}, caller{2000} flags{2}
11-18 09:57:57.498  1643  2057 I ActivityManager: Force stopping com.onda.app appid=10416 user=-1: deletePackageX
11-18 09:57:57.499  1643  2123 I AppsFilter: interaction: PackageSetting{6a71a83 com.onda.life/10336} -> PackageSetting{f4b54b2 com.onda.app/10416} BLOCKED
11-18 09:57:57.827  1643  2123 D PackageManager: isLocaleOptimizedPackage() -  Non optimized app: com.onda.app. Proceed with normal install
11-18 09:57:57.840  1643  2123 D AASA_PackageManager_RESTRICTED: Uninstall : userId = 0, info.uid = 10416, packageName = com.onda.app
11-18 09:57:57.858  1643  2123 I ActivityManager: Force stopping com.onda.app appid=10416 user=0: pkg removed
11-18 09:57:57.874  1643  2740 D ShortcutService: removing package: com.onda.app userId0
11-18 09:57:57.881  1643  2538 D OverlayManager: onPackageRemoved: pkgName = [com.onda.app], userId = [0], packageHidden = [false]
11-18 09:57:57.881  1643  2538 I OverlayManager: updateOverlaysForTarget() called with: targetPackage = [com.onda.app], userId = [0], flags = [0]
11-18 09:57:57.882  1643  2615 V StorageManagerService: Package com.onda.app does not have legacy storage
11-18 09:57:57.885  1643  2696 D SGM:GameManager: identifyGamePackage. com.onda.app, mCurrentUserId: 0, callerUserId: 0, callingMethodInfo: com.samsung.android.game.SemGameManager.isGamePackage(SemGameManager.java:105)
11-18 09:57:57.885  1643  2696 D SGM:SemGameManager: isGamePackage(), pkgName=com.onda.app, ret=false
11-18 09:57:57.889  1643  2550 D UsageStatsService: onPackageRemoved com.onda.app
11-18 09:57:57.916  1643  1643 I Telecom : CarModeTracker: Package com.onda.app is not tracked.: SSH.oR@IWc
11-18 09:57:57.926  1643  2879 I Pageboost: remove app @ runtime : com.onda.app
11-18 09:57:58.140  1643  1643 I ConditionProviders: Disallowing condition provider com.onda.app (userSet: true)
11-18 09:57:58.149  1643  2553 I RollbackManager: broadcast=ACTION_PACKAGE_FULLY_REMOVED pkg=com.onda.app
11-18 09:57:58.200  1643 31401 I Telecom : SamsungTelecomServiceImpl : clearAccounts - packageName : com.onda.app / callingPid : 1643 / processName : sts / callingUser : UserHandle{0}
11-18 09:58:00.674  1643  2054 I SGM:GameManager: PkgUpdateReceiver, onPackageRemoved(). pkgName=com.onda.app, userId=0
11-18 09:58:00.674  1643  2054 W SGM:Util: isPkgInstalled(), com.onda.app does not exist.
11-18 09:58:00.674  1643  2054 D SGM:Util: isPkgInstalled(). pkgName=com.onda.app, userId=0, installed=false
11-18 09:58:00.674  1643  2054 D SGM:GosNotifyThread: sendPackageMessage(), changeType=1, pkgName=com.onda.app, userHandleId=0
11-18 09:58:00.675  1643  2054 D MetaDataCollector: onReceive: done pkgName=com.onda.app
11-18 09:58:00.948  1643  2054 I CredentialManager: updateProvidersWhenPackageRemoved)pkg=com.onda.app (0)
11-18 09:58:00.959  1643  2054 D LauncherAppsService: Calling onPackageRemoved: com.onda.app, EXTRA_REPLACING: false
11-18 09:58:00.959  1643  2054 D LauncherAppsService: Calling onPackageRemoved: com.onda.app, listener: com.google.android.as(UserHandle{0}, 5083)
11-18 09:58:00.959  1643  2054 D LauncherAppsService: Calling onPackageRemoved: com.onda.app, listener: com.sec.android.app.launcher(UserHandle{0}, 3422)
11-18 09:58:00.959  1643  2054 D LauncherAppsService: Calling onPackageRemoved: com.onda.app, listener: com.android.systemui(UserHandle{0}, 2913)
11-18 09:58:00.959  1643  2054 D LauncherAppsService: Calling onPackageRemoved: com.onda.app, listener: android(UserHandle{0}, 1643)
11-18 09:59:20.328  1643  2528 I PackageManager:           pkg{com.onda.app}
