11-17 22:22:56.008  1643  5926 D InsetsSourceProvider: updateControlForTarget: control=InsetsSourceControl: {26710001 mType=navigationBars initiallyVisible mSurfacePosition=Point(0, 2196) mInsetsHint=Insets{left=0, top=0, right=0, bottom=144}}, target=Window{c40836e u0 com.onda.app/com.onda.app.MainActivity}, from=com.android.server.wm.InsetsStateController.onControlTargetChanged:81 com.android.server.wm.InsetsPolicy.updateBarControlTarget:188 com.android.server.wm.DisplayPolicy.updateSystemBarAttributes:281 com.android.server.wm.WindowManagerService.updateFocusedWindowLocked:375 com.android.server.wm.WindowManagerService.relayoutWindowInner:142
11-17 22:22:56.008  1643  5926 D WindowManager: updateSystemBarAttributes: displayId=0, focusedCanBeNavColorWin=false, win=Window{c40836e u0 com.onda.app/com.onda.app.MainActivity}, navColorWin=Window{1343afa u0 Splash Screen com.onda.app}, caller=com.android.server.wm.WindowManagerService.updateFocusedWindowLocked:375 com.android.server.wm.WindowManagerService.relayoutWindowInner:142 com.android.server.wm.WindowManagerService.relayoutWindow:6
11-17 22:22:56.009  1643  5926 V SystemKeyManager: updateFocusedWindow() is called, com.onda.app/com.onda.app.MainActivity
11-17 22:22:56.009  2913  2913 D NavigationBar: onSystemBarAttributesChanged() -  displayId:0, appearance:16, packageName: com.onda.app (APPEARANCE_LIGHT_NAVIGATION_BARS ), navbarColorManagedByIme:false
11-17 22:22:56.012 27760 27760 E com.onda.app: Unable to open libpenguin.so: dlopen failed: library "libpenguin.so" not found.
11-17 22:22:56.040  1336  1540 D SurfaceFlinger: [input] setFocusedWindow: c40836e com.onda.app/com.onda.app.MainActivity
11-17 22:22:56.040  1643  5937 D InputDispatcher: Once focus requested (0): c40836e com.onda.app/com.onda.app.MainActivity
11-17 22:22:56.040  1643  5937 D InputDispatcher: Focus request (0): c40836e com.onda.app/com.onda.app.MainActivity but waiting because NO_WINDOW
11-17 22:22:56.070  1336  1336 D SurfaceFlinger:        DEVICE |   0xb4000079df9257a0 | 0001 | RGBA_8888    |    0.0    0.0 1080.0 2340.0 |    0    0 1080 2340 | Splash Screen com.onda.app$_2913#19144 (1)
11-17 22:22:56.076  1336  1445 I SurfaceFlinger: [com.onda.app/com.onda.app.MainActivity$_27760#19153] setTransactionState with the first frame. bufferData(ID: 119228292136960, frameNumber: 1)
11-17 22:22:56.076  1643  3124 D WindowManager: finishDrawingWindow: Window{c40836e u0 com.onda.app/com.onda.app.MainActivity} mDrawState=DRAW_PENDING seqId=0
11-17 22:22:56.078  1643  2025 V WindowManager: Finish starting ActivityRecord{f877633 u0 com.onda.app/.MainActivity t1382}: first real window is shown, no animation
11-17 22:22:56.078  1643  2025 V WindowManager: Schedule remove starting ActivityRecord{f877633 u0 com.onda.app/.MainActivity t1382} startingWindow=Window{1343afa u0 Splash Screen com.onda.app} animate=true Callers=com.android.server.wm.ActivityRecord.removeStartingWindow:150 com.android.server.wm.WindowState.performShowLocked:147 com.android.server.wm.WindowStateAnimator.commitFinishDrawingLocked:59 com.android.server.wm.DisplayContent$$ExternalSyntheticLambda1.accept$com$android$server$wm$DisplayContent$$ExternalSyntheticLambda40:22 com.android.server.wm.DisplayContent$$ExternalSyntheticLambda1.accept:305
11-17 22:22:56.080  1643  2025 D TaskOrganizerController: applyStartingWindowAnimation, window=Window{c40836e u0 com.onda.app/com.onda.app.MainActivity}, caller=com.android.server.wm.TaskOrganizerController.removeStartingWindow:131 com.android.server.wm.StartingSurfaceController$StartingSurface.remove:23 com.android.server.wm.ActivityRecord.removeStartingWindowAnimation:181
11-17 22:22:56.080  1643  2025 I WindowManager: Reparenting to leash, surface=Surface(name=c40836e com.onda.app/com.onda.app.MainActivity)/@0xb9b26fc, syncState=0, syncCommitDepth=0, leashParent=Surface(name=ActivityRecord{f877633 u0 com.onda.app/.MainActivity t1382})/@0x9d89185
11-17 22:22:56.081  1336  1445 I SurfaceFlinger: id=19156 createSurf, flag=24000, Surface(name=c40836e com.onda.app/com.onda.app.MainActivity)/@0xb9b26fc - animation-leash of starting_reveal#19156
11-17 22:22:56.082  1643  2025 D WindowManager: makeSurface duration=2 leash=Surface(name=Surface(name=c40836e com.onda.app/com.onda.app.MainActivity)/@0xb9b26fc - animation-leash of starting_reveal)/@0xf6aabda
11-17 22:22:56.082  1643  2025 V WindowManager: performShowLocked: mDrawState=HAS_DRAWN in Window{c40836e u0 com.onda.app/com.onda.app.MainActivity}
11-17 22:22:56.084 27760 27760 I InsetsSourceConsumer: applyRequestedVisibilityToControl: visible=true, type=statusBars, host=com.onda.app/com.onda.app.MainActivity
11-17 22:22:56.084 27760 27760 I InsetsSourceConsumer: applyRequestedVisibilityToControl: visible=true, type=navigationBars, host=com.onda.app/com.onda.app.MainActivity
11-17 22:22:56.087  1336  1336 D SurfaceFlinger:        DEVICE |   0xb4000079df9257a0 | 0001 | RGBA_8888    |    0.0    0.0 1080.0 2340.0 |    0    0 1080 2340 | Splash Screen com.onda.app$_2913#19144 (1)
11-17 22:22:56.088  1336  1336 I SurfaceFlinger: Layer [com.onda.app/com.onda.app.MainActivity$_27760#19153] hidden!! flag(0)
11-17 22:22:56.089  1336  1336 I SurfaceFlinger: [Surface(name=c40836e com.onda.app/com.onda.app.MainActivity)/@0xb9b26fc - animation-leash of starting_reveal#19156] attach to parent LayerHierarchy{RequestedLayerState{ActivityRecord{f877633 u0 com.onda.app/.MainActivity t1382}#19142 parentId=19141} 4 children}
11-17 22:22:56.089  1336  1336 I SurfaceFlinger: [LayerHierarchy{RequestedLayerState{c40836e com.onda.app/com.onda.app.MainActivity#19152 parentId=19156} 1 children}] reparent to LayerHierarchy{RequestedLayerState{Surface(name=c40836e com.onda.app/com.onda.app.MainActivity)/@0xb9b26fc - animation-leash of starting_reveal#19156 parentId=19142} 1 children}
11-17 22:22:56.096  1336  1336 D SurfaceFlinger:        DEVICE |   0xb4000079df92bd70 | 0001 | RGBA_8888    |    0.0    0.0 1080.0 2340.0 |    0    0 1080 2340 | com.onda.app/com.onda.app.MainActivity$_27760#19153 (2)
11-17 22:22:56.096  1336  1336 D SurfaceFlinger:        DEVICE |   0xb4000079df9257a0 | 0001 | RGBA_8888    |    0.0    0.0 1080.0 2340.0 |    0    0 1080 2340 | Splash Screen com.onda.app$_2913#19144 (1)
11-17 22:22:56.097  1643  3124 D InputDispatcher: Focus entered window (0): c40836e com.onda.app/com.onda.app.MainActivity
11-17 22:22:56.099  1643  2024 D SGM:FgCheckThread: getForegroundApp(), foregroundPkgName=com.onda.app
11-17 22:22:56.099  1643  2024 D SGM:FgCheckThread: noteStopComponent(), received pkgName: com.sec.android.app.launcher, focusedPkgName: com.onda.app, userId: 0
11-17 22:22:56.100  1643  2606 I ImeTracker: com.onda.app:4b740fce: onRequestHide at ORIGIN_SERVER reason HIDE_UNSPECIFIED_WINDOW fromUser false
11-17 22:22:56.100  1643  2606 I ImeTracker: com.onda.app:4b740fce: onCancelled at PHASE_SERVER_SHOULD_HIDE
11-17 22:22:56.103  1643  2020 I PkgPredictorService-SecIpmManagerServiceImpl: reportToNAP uid:10401 com.onda.app/com.onda.app.MainActivity thisTime:429
11-17 22:22:56.109  6802  6802 I HBD     : c [AiWriter] setContact : com.onda.app
11-17 22:22:56.110  6802  6802 I HBD     : a [AiWriter] setContact : com.onda.app
11-17 22:22:56.113  1643  3124 D InsetsSourceProvider: updateControlForTarget: control=InsetsSourceControl: {3 mType=ime mSurfacePosition=Point(0, 99) mInsetsHint=Insets{left=0, top=0, right=0, bottom=1026}}, target=Window{c40836e u0 com.onda.app/com.onda.app.MainActivity}, from=com.android.server.wm.ImeInsetsSourceProvider.updateControlForTarget:17 com.android.server.wm.InsetsStateController.onControlTargetChanged:81 com.android.server.wm.DisplayContent.updateImeControlTarget:21 com.android.server.wm.DisplayContent.updateImeInputAndControlTarget:81 com.android.server.wm.WindowManagerService$LocalService.updateInputMethodTargetWindow:21
11-17 22:22:56.113  1643  2020 I ActivityTaskManager: Displayed com.onda.app/.MainActivity for user 0: +429ms
11-17 22:22:56.114  1643  2020 I Pageboost: Launch time gathered : pid 27760 com.onda.app 429
11-17 22:22:56.116 27760 27760 I InsetsSourceConsumer: applyRequestedVisibilityToControl: visible=false, type=ime, host=com.onda.app/com.onda.app.MainActivity
11-17 22:22:56.121  1336  1336 I SurfaceFlinger: [LayerHierarchy{RequestedLayerState{ImeContainer#16 parentId=19142 relativeParentId=19142 z=3} 1 children}] reparent to LayerHierarchy{RequestedLayerState{ActivityRecord{f877633 u0 com.onda.app/.MainActivity t1382}#19142 parentId=19141} 4 children}
11-17 22:22:56.134  6802  7143 I HBD     : h [SKE_SPECIFIC] specific model[com.onda.app] loaded, 15443854 ns
11-17 22:22:56.146  1643  5678 V WindowManager: Relayout Window{1343afa u0 Splash Screen com.onda.app}: viewVisibility=8 req=1080x2340 ty=3 d0
11-17 22:22:56.148  1643  3124 D CoreBackPreview: Window{1343afa u0 Splash Screen com.onda.app}: Setting back callback null
11-17 22:22:56.148  1643  3124 D WindowManager: Starting window removed Window{1343afa u0 Splash Screen com.onda.app}
11-17 22:22:56.148  1643  3124 I WindowManager: Cancelling animation restarting=false, leash=Surface(name=Surface(name=c40836e com.onda.app/com.onda.app.MainActivity)/@0xb9b26fc - animation-leash of starting_reveal)/@0xf6aabda
11-17 22:22:56.148  1643  3124 I WindowManager: Reparenting to original parent: Surface(name=ActivityRecord{f877633 u0 com.onda.app/.MainActivity t1382})/@0x9d89185, destroy=false, syncState=0, syncCommitDepth=0, surface=Surface(name=c40836e com.onda.app/com.onda.app.MainActivity)/@0xb9b26fc
11-17 22:22:56.148  1643  3124 W InputManager-JNI: Input channel object '1343afa Splash Screen com.onda.app (client)' was disposed without first being removed with the input manager!
11-17 22:22:56.148  1643  3124 V WindowManager: Remove Window{1343afa u0 Splash Screen com.onda.app}: mSurfaceController=Surface(name=Splash Screen com.onda.app$_2913)/@0xd851f3a mAnimatingExit=false mRemoveOnExit=false mHasSurface=true surfaceShowing=true animating=false app-animation=false mDisplayFrozen=false callers=com.android.server.wm.Session.remove:16 android.view.IWindowSession$Stub.onTransact:794 com.android.server.wm.Session.onTransact:1 android.os.Binder.execTransactInternal:1541 android.os.Binder.execTransact:1480 <bottom of call stack>
11-17 22:22:56.149  1643  3124 I WindowManager: Destroying surface Surface(name=Splash Screen com.onda.app$_2913)/@0xd851f3a called by com.android.server.wm.WindowStateAnimator.destroySurface:11 com.android.server.wm.WindowStateAnimator.destroySurfaceLocked:54 com.android.server.wm.WindowState.removeImmediately:43 com.android.server.wm.WindowState.removeIfPossible:638 com.android.server.wm.Session.remove:16 android.view.IWindowSession$Stub.onTransact:794 com.android.server.wm.Session.onTransact:1 android.os.Binder.execTransactInternal:1541
11-17 22:22:56.149  1643  3124 D WindowManager: updateSystemBarAttributes: displayId=0, focusedCanBeNavColorWin=false, win=Window{c40836e u0 com.onda.app/com.onda.app.MainActivity}, navColorWin=Window{c40836e u0 com.onda.app/com.onda.app.MainActivity}, caller=com.android.server.wm.DisplayPolicy.finishPostLayoutPolicyLw:17 com.android.server.wm.RootWindowContainer.applySurfaceChangesTransaction$1:194 com.android.server.wm.RootWindowContainer.performSurfacePlacementNoTrace:61
11-17 22:22:56.162  1336  1336 I SurfaceFlinger: [LayerHierarchy{RequestedLayerState{ImeContainer#16 parentId=19142 relativeParentId=19152 z=1} 1 children}] RelativeParent to LayerHierarchy{RequestedLayerState{c40836e com.onda.app/com.onda.app.MainActivity#19152 parentId=19142} 2 children}
11-17 22:22:56.162  1336  1336 I SurfaceFlinger: [LayerHierarchy{RequestedLayerState{Surface(name=c40836e com.onda.app/com.onda.app.MainActivity)/@0xb9b26fc - animation-leash of starting_reveal#19156} 1 children}] reparent to OffscreenRoot
11-17 22:22:56.162  1336  1336 I SurfaceFlinger: [LayerHierarchy{RequestedLayerState{Surface(name=c40836e com.onda.app/com.onda.app.MainActivity)/@0xb9b26fc - animation-leash of starting_reveal#19156} 1 children}] RelativeParent to null
11-17 22:22:56.162  1336  1336 I SurfaceFlinger: [LayerHierarchy{RequestedLayerState{c40836e com.onda.app/com.onda.app.MainActivity#19152 parentId=19142} 2 children}] reparent to LayerHierarchy{RequestedLayerState{ActivityRecord{f877633 u0 com.onda.app/.MainActivity t1382}#19142 parentId=19141} 4 children}
11-17 22:22:56.162  1336  1336 I SurfaceFlinger: [LayerHierarchy{RequestedLayerState{1343afa Splash Screen com.onda.app#19143 z=2147483647} 1 children}] reparent to OffscreenRoot
11-17 22:22:56.162  1336  1336 I SurfaceFlinger: [LayerHierarchy{RequestedLayerState{1343afa Splash Screen com.onda.app#19143 z=2147483647} 1 children}] RelativeParent to null
11-17 22:22:56.163  1336  1336 I SurfaceFlinger: [LayerHierarchy{RequestedLayerState{Splash Screen com.onda.app$_2913#19144} no children}] reparent to OffscreenRoot
11-17 22:22:56.163  1336  1336 I SurfaceFlinger: [LayerHierarchy{RequestedLayerState{Splash Screen com.onda.app$_2913#19144} no children}] RelativeParent to null
11-17 22:22:56.163  1336  1336 I SurfaceFlinger: id=19143 Removed 1343afa Splash Screen com.onda.app#19143 (145)
11-17 22:22:56.171  1336  1336 D SurfaceFlinger:        DEVICE |   0xb4000079df92bd70 | 0001 | RGBA_8888    |    0.0    0.0 1080.0 2340.0 |    0    0 1080 2340 | com.onda.app/com.onda.app.MainActivity$_27760#19153 (2)
11-17 22:22:56.172  1336  1336 I SurfaceFlinger: destroyed 1343afa Splash Screen com.onda.app#19143
11-17 22:22:56.175  1336  1336 I Layer   : id=19143 Destroyed 1343afa Splash Screen com.onda.app#19143
11-17 22:22:56.182  1336  1445 I SurfaceFlinger: id=19144 Removed Splash Screen com.onda.app$_2913#19144 (144)
11-17 22:22:56.188  1336  1336 I SurfaceFlinger: destroyed Splash Screen com.onda.app$_2913#19144
11-17 22:22:56.190  1336  1336 I Layer   : id=19144 Destroyed Splash Screen com.onda.app$_2913#19144
11-17 22:22:56.230  1643  2830 D NetdEventListenerService: DNS Requested by 119, 10401(com.onda.app), SUCCESS, 1ms
11-17 22:22:56.234  1643  2684 D MdnieScenarioControlService:  packageName : com.onda.app    className : com.onda.app.MainActivity
11-17 22:22:56.311  1643  2830 D NetdEventListenerService: DNS Requested by 119, 10401(com.onda.app), SUCCESS, 1ms
11-17 22:22:56.312  1643  2830 D NetdEventListenerService: DNS Requested by 119, 10401(com.onda.app), SUCCESS, 1ms
11-17 22:22:56.313  1643  2830 D NetdEventListenerService: DNS Requested by 119, 10401(com.onda.app), SUCCESS, 1ms
11-17 22:22:56.379  1643  5419 D SGM:GameManager: identifyGamePackage. com.onda.app, mCurrentUserId: 0, callerUserId: 0, callingMethodInfo: com.samsung.android.game.IGameManagerService$Stub.onTransact(IGameManagerService.java:228)
11-17 22:22:56.384  1643  2830 D NetdEventListenerService: DNS Requested by 119, 10401(com.onda.app), SUCCESS, 0ms
11-17 22:22:56.406  1643  2830 D NetdEventListenerService: DNS Requested by 119, 10401(com.onda.app), SUCCESS, 73ms
11-17 22:22:56.614  1643  2024 D SGM:GameManager: identifyForegroundApp. com.onda.app, mCurrentUserId: 0, callerUserId: 0
11-17 22:22:56.998  1643  2830 D NetdEventListenerService: DNS Requested by 119, 10401(com.onda.app), SUCCESS, 1ms
11-17 22:22:57.075  1643  2830 D NetdEventListenerService: DNS Requested by 119, 10401(com.onda.app), 7(NODATA), isBlocked=false, 80ms
11-17 22:22:57.079  1643  2830 D NetdEventListenerService: DNS Requested by 119, 10401(com.onda.app), 7(NODATA), isBlocked=false, 1ms
11-17 22:22:57.482  1643  2830 D NetdEventListenerService: DNS Requested by 119, 10401(com.onda.app), SUCCESS, 1ms
11-17 22:23:01.678 27760 27917 D ProfileInstaller: Installing profile for com.onda.app
11-17 22:23:10.637   806   806 D io_stats: !@ Write_top(KB): kworker/u16:7(13952) 460 com.onda.app(27760) 8
11-17 22:23:11.449 27760 27769 W com.onda.app: ApkAssets: Deleting an ApkAssets object '<empty> and /data/app/~~iUse_0I3Yn4A3KnkJJKF0g==/com.google.android.webview-GcmEPGirPlbWK3bEd6uEGw==/base.apk' with 2 weak references
11-17 22:23:14.166 27760 27933 E FilePhenotypeFlags: Config package com.google.android.gms.clearcut_client#com.onda.app cannot use FILE backing without declarative registration. See go/phenotype-android-integration#phenotype for more information. This will lead to stale flags.
11-17 22:23:14.639   806   806 D io_stats: !@ Write_top(KB): kworker/u16:7(13952) 5192 id.bixby.wakeup(19734) 16 com.onda.app(27760) 8
11-17 22:23:22.646   806   806 D io_stats: !@ Write_top(KB): com.onda.app(27760) 512 kworker/u16:7(13952) 4
11-17 22:23:26.652   806   806 D io_stats: !@ Write_top(KB): com.onda.app(27760) 68 .gms.persistent(6676) 44
11-17 22:23:49.098  1336  1445 I SurfaceFlinger: id=19156 Removed Surface(name=c40836e com.onda.app/com.onda.app.MainActivity)/@0xb9b26fc - animation-leash of starting_reveal#19156 (143)
11-17 22:23:49.101  1336  1336 I SurfaceFlinger: destroyed Surface(name=c40836e com.onda.app/com.onda.app.MainActivity)/@0xb9b26fc - animation-leash of starting_reveal#19156
11-17 22:23:49.103  1336  1336 I Layer   : id=19156 Destroyed Surface(name=c40836e com.onda.app/com.onda.app.MainActivity)/@0xb9b26fc - animation-leash of starting_reveal#19156
11-17 22:26:27.767  1336  1481 D RenderEngine: [SEC_SF_EFFECTS] drawLayersInternal,1299, Rendering layer com.onda.app/com.onda.app.MainActivity$_27760#19153 at index 1
11-17 22:26:28.161  1336  1481 D RenderEngine: [SEC_SF_EFFECTS] drawLayersInternal,1299, Rendering layer com.onda.app/com.onda.app.MainActivity$_27760#19153 at index 1
11-17 22:26:28.177  1643  2103 D ActivityTaskManager: scheduleTopResumedActivityChanged, onTop=false, r=ActivityRecord{f877633 u0 com.onda.app/.MainActivity t1382}, caller=com.android.server.wm.ActivityTaskSupervisor.scheduleTopResumedActivityStateLossIfNeeded:11 com.android.server.wm.ActivityTaskSupervisor.updateTopResumedActivityIfNeeded:19 com.android.server.wm.TaskFragment.setResumedActivity:29 com.android.server.wm.ActivityRecord.setState:95 com.android.server.wm.TaskFragment.startPausing$1:210 com.android.server.wm.Task$$ExternalSyntheticLambda3.accept:271
11-17 22:26:28.191  1643  3124 D WindowManager: Changing focus from Window{c40836e u0 com.onda.app/com.onda.app.MainActivity} to null displayId=0 Callers=com.android.server.wm.ActivityRecord.commitVisibility:204 com.android.server.wm.ActivityRecord.setVisibility:586 com.android.server.wm.ActivityRecord.makeInvisible:39 com.android.server.wm.EnsureActivitiesVisibleHelper.process:637
11-17 22:26:28.191  1643  3124 V WindowManager: Setting visibility of Window{c40836e u0 com.onda.app/com.onda.app.MainActivity}: false, caller=com.android.server.wm.WindowContainer.sendAppVisibilityToClients:19 com.android.server.wm.WindowToken.setClientVisible:49 com.android.server.wm.ActivityRecord.setClientVisible:8 com.android.server.wm.ActivityRecord.commitVisibility:273 com.android.server.wm.ActivityRecord.setVisibility:586
11-17 22:26:28.192  1643  2024 D SGM:FgCheckThread: notePauseComponent(), received pkgName: com.onda.app, userId: 0
11-17 22:26:28.192  1643  2024 D SGM:FgCheckThread: notePauseComponent(), received pkgName: com.onda.app, userId: 0
11-17 22:26:28.192  1643  2024 D SGM:FgCheckThread: notifyFocusInOut(). of pkg: com.onda.app, type: 20, isSecGameFamily: false, userId: 0
11-17 22:26:28.193  1643  2024 D SGM:GameManager: identifyGamePackage. com.onda.app, mCurrentUserId: 0, callerUserId: 0, callingMethodInfo: com.samsung.android.game.SemGameManager.isGamePackage(SemGameManager.java:105)
11-17 22:26:28.193  1643  2024 D SGM:SemGameManager: isGamePackage(), pkgName=com.onda.app, ret=false
11-17 22:26:28.201  1336  1336 I SurfaceFlinger: Layer [com.onda.app/com.onda.app.MainActivity$_27760#19153] hidden!! flag(1)
11-17 22:26:28.201  1336  1336 I SurfaceFlinger: Layer [ActivityRecord{f877633 u0 com.onda.app/.MainActivity t1382}#19142] hidden!! flag(1)
11-17 22:26:28.204  1643  2909 D InputDispatcher: Focus left window (0): c40836e com.onda.app/com.onda.app.MainActivity
11-17 22:26:28.249  1643  5430 V WindowManager: Relayout Window{c40836e u0 com.onda.app/com.onda.app.MainActivity}: viewVisibility=8 req=1080x2340 ty=1 d0
11-17 22:26:28.272 27760 27760 D VRI[MainActivity]@933ccc0: WindowStopped on com.onda.app/com.onda.app.MainActivity set to true
11-17 22:26:28.298  1643  5942 V WindowManager: Relayout Window{c40836e u0 com.onda.app/com.onda.app.MainActivity}: viewVisibility=8 req=1080x2340 ty=1 d0
11-17 22:26:28.302  1643  5430 E WindowManager: win=Window{c40836e u0 com.onda.app/com.onda.app.MainActivity} destroySurfaces: appStopped=true cleanupOnResume=false win.mWindowRemovalAllowed=false win.mRemoveOnExit=false win.mViewVisibility=8 caller=com.android.server.wm.ActivityRecord.destroySurfaces:25 com.android.server.wm.ActivityRecord.activityStopped:204 com.android.server.wm.ActivityClientController.activityStopped:95 android.app.IActivityClientController$Stub.onTransact:722 com.android.server.wm.ActivityClientController.onTransact:1 android.os.Binder.execTransactInternal:1541 android.os.Binder.execTransact:1480
11-17 22:26:28.302  1643  2024 D SGM:FgCheckThread: getForegroundApp(), foregroundPkgName=com.onda.app
11-17 22:26:28.302  1643  5430 I WindowManager: Destroying surface Surface(name=com.onda.app/com.onda.app.MainActivity$_27760)/@0x24775e6 called by com.android.server.wm.WindowStateAnimator.destroySurface:11 com.android.server.wm.WindowStateAnimator.destroySurfaceLocked:54 com.android.server.wm.WindowState.destroySurfaceUnchecked:5 com.android.server.wm.WindowState.destroySurface:126 com.android.server.wm.ActivityRecord.destroySurfaces:25 com.android.server.wm.ActivityRecord.activityStopped:204 com.android.server.wm.ActivityClientController.activityStopped:95 android.app.IActivityClientController$Stub.onTransact:722
11-17 22:26:28.303  1643  2024 D SGM:FgCheckThread: pkgName: com.onda.app is not in foreground
11-17 22:26:28.397  1336  1336 I SurfaceFlinger: [LayerHierarchy{RequestedLayerState{com.onda.app/com.onda.app.MainActivity$_27760#19153} no children}] reparent to OffscreenRoot
11-17 22:26:28.397  1336  1336 I SurfaceFlinger: [LayerHierarchy{RequestedLayerState{com.onda.app/com.onda.app.MainActivity$_27760#19153} no children}] RelativeParent to null
11-17 22:26:28.399  1336  1336 I SurfaceFlinger: id=19153 Removed com.onda.app/com.onda.app.MainActivity$_27760#19153 (150)
11-17 22:26:28.403  1336  1336 I SurfaceFlinger: destroyed com.onda.app/com.onda.app.MainActivity$_27760#19153
11-17 22:26:28.403  1336  1336 I Layer   : id=19153 Destroyed com.onda.app/com.onda.app.MainActivity$_27760#19153
11-17 22:26:28.492  1643  1643 I ImeTracker: com.onda.app:bc4737c8: onRequestHide at ORIGIN_SERVER reason HIDE_SCREEN_OFF_SECURE_LOCK_SCREEN_STATE fromUser false
11-17 22:26:28.492  1643  1643 I ImeTracker: com.onda.app:bc4737c8: onCancelled at PHASE_SERVER_SHOULD_HIDE
11-17 22:26:38.833   806   806 D io_stats: !@ Read_top(KB): .apps.messaging(12238) 128 hbox:interactor(5088) 68 com.onda.app(27760) 32
11-17 22:26:42.794  1643  2551 W ProcessStats: Tracking association SourceState{30e2790 com.onda.app/10401 Top #174571} whose proc state 1 is better than process ProcessState{fde4e88 com.google.android.webview:sandboxed_process0:org.chromium.content.app.SandboxedProcessService0:0/10401 pkg=com.onda.app} proc state 2 (10 skipped)
11-17 22:26:58.517  1643  5419 W ProcessStats: Tracking association SourceState{30e2790 com.onda.app/10401 Top #174580} whose proc state 1 is better than process ProcessState{fde4e88 com.google.android.webview:sandboxed_process0:org.chromium.content.app.SandboxedProcessService0:0/10401 pkg=com.onda.app} proc state 2 (3 skipped)
11-17 22:27:04.320  3422 25764 I HoneySpace.SuggestAppDecor: getInstaller: com.onda.app [com.google.android.packageinstaller]
11-17 22:27:10.926  1643  2551 W ProcessStats: Tracking association SourceState{30e2790 com.onda.app/10401 Top #174716} whose proc state 1 is better than process ProcessState{fde4e88 com.google.android.webview:sandboxed_process0:org.chromium.content.app.SandboxedProcessService0:0/10401 pkg=com.onda.app} proc state 2 (11 skipped)
11-17 22:27:31.063  1643  2092 D FreecessController: FZ : com.onda.app(10401) [27760] reason: LEV
11-17 22:27:33.395  1643  2551 W ProcessStats: Tracking association SourceState{30e2790 com.onda.app/10401 Top #174744} whose proc state 1 is better than process ProcessState{fde4e88 com.google.android.webview:sandboxed_process0:org.chromium.content.app.SandboxedProcessService0:0/10401 pkg=com.onda.app} proc state 2 (1 skipped)
11-17 22:28:04.354  1643  4090 W ProcessStats: Tracking association SourceState{30e2790 com.onda.app/10401 Top #174745} whose proc state 1 is better than process ProcessState{fde4e88 com.google.android.webview:sandboxed_process0:org.chromium.content.app.SandboxedProcessService0:0/10401 pkg=com.onda.app} proc state 2 (1 skipped)
11-17 22:28:33.456  1643  5941 W ProcessStats: Tracking association SourceState{30e2790 com.onda.app/10401 Top #174752} whose proc state 1 is better than process ProcessState{fde4e88 com.google.android.webview:sandboxed_process0:org.chromium.content.app.SandboxedProcessService0:0/10401 pkg=com.onda.app} proc state 2 (1 skipped)
11-17 22:30:24.299  1643  2880 W ProcessStats: Tracking association SourceState{30e2790 com.onda.app/10401 Top #174765} whose proc state 1 is better than process ProcessState{fde4e88 com.google.android.webview:sandboxed_process0:org.chromium.content.app.SandboxedProcessService0:0/10401 pkg=com.onda.app} proc state 2 (5 skipped)
11-17 22:30:46.016  1643  2880 D SGM:GameManager: identifyForegroundApp. com.onda.app, mCurrentUserId: 0, callerUserId: 0
11-17 22:30:48.004  1643  2535 D SGM:GameManager: identifyForegroundApp. com.onda.app, mCurrentUserId: 0, callerUserId: 0
11-17 22:30:54.006  1643  5921 D SGM:GameManager: identifyForegroundApp. com.onda.app, mCurrentUserId: 0, callerUserId: 0
11-17 22:32:55.382  1643  1643 W ProcessStats: Tracking association SourceState{30e2790 com.onda.app/10401 Top #174807} whose proc state 1 is better than process ProcessState{fde4e88 com.google.android.webview:sandboxed_process0:org.chromium.content.app.SandboxedProcessService0:0/10401 pkg=com.onda.app} proc state 2 (1 skipped)
11-17 22:32:55.398  1643  2612 D SGM:FgCheckThread: handleLcdOn(). getPkgName: com.onda.app, getUserId: 0
11-17 22:32:55.415  1643  1643 D FreecessController: UFZ : com.onda.app(10401) [27760] reason: TopApp-ScreenOn
11-17 22:32:55.623  1643  2684 D MdnieScenarioControlService:  packageName : com.onda.app    className : com.onda.app.MainActivity
11-17 22:32:57.453  1643  3123 V WindowManager: Collecting in transition 1404: ActivityRecord{f877633 u0 com.onda.app/.MainActivity t1382}, caller=com.android.server.wm.TransitionController.collect:7 com.android.server.wm.ActivityRecord.setVisibility:189 com.android.server.wm.TaskFragment.resumeTopActivity:1735 com.android.server.wm.Task.resumeTopActivityInnerLocked:98 com.android.server.wm.Task.resumeTopActivityUncheckedLocked:23
11-17 22:32:57.453  1643  3123 D WindowManager: prepareSync <SYNC_STATE_WAITING_FOR_DRAW>, mPrepareSyncSeqId=0, win=Window{c40836e u0 com.onda.app/com.onda.app.MainActivity}
11-17 22:32:57.454  1643  3123 V WindowManager: Setting visibility of Window{c40836e u0 com.onda.app/com.onda.app.MainActivity}: true, caller=com.android.server.wm.WindowContainer.sendAppVisibilityToClients:19 com.android.server.wm.WindowToken.setClientVisible:49 com.android.server.wm.ActivityRecord.setVisibility:392 com.android.server.wm.TaskFragment.resumeTopActivity:1735 com.android.server.wm.Task.resumeTopActivityInnerLocked:98
11-17 22:32:57.454  1643  3123 D ActivityTaskManager: scheduleTopResumedActivityChanged, onTop=true, r=ActivityRecord{f877633 u0 com.onda.app/.MainActivity t1382}, caller=com.android.server.wm.ActivityTaskSupervisor.updateTopResumedActivityIfNeeded:62 com.android.server.wm.TaskFragment.setResumedActivity:29 com.android.server.wm.ActivityRecord.setState:104 com.android.server.wm.TaskFragment.resumeTopActivity:1817 com.android.server.wm.Task.resumeTopActivityInnerLocked:98 com.android.server.wm.Task.resumeTopActivityUncheckedLocked:23
11-17 22:32:57.455  1643  3123 D WindowManager: rotationForOrientation, orientationSource=ActivityRecord{f877633 u0 com.onda.app/.MainActivity t1382}
11-17 22:32:57.456  5228  5416 I SDHMS:l : handleResumeComponent : put = com.onda.app, userid = 0 instanceid =30162793
11-17 22:32:57.457  1643  3123 D WindowManagerServiceExt: updateTaskbarTargetIfNeeded: cn=ComponentInfo{com.onda.app/com.onda.app.MainActivity} occludesParent=true isInSplitScreenMode=false styleFloating=false
11-17 22:32:57.458  1643  3123 V WindowManager: Add starting ActivityRecord{f877633 u0 com.onda.app/.MainActivity t1382}: startingData=SnapshotStartingData{d437921 waitForSyncTransactionCommit=false removeAfterTransaction= 0}
11-17 22:32:57.459  1643  3123 V WindowManager: Added starting ActivityRecord{f877633 u0 com.onda.app/.MainActivity t1382}: startingWindow=null startingView=com.android.server.wm.StartingSurfaceController$StartingSurface@528d146
11-17 22:32:57.460 27760 27760 D VRI[MainActivity]@933ccc0: WindowStopped on com.onda.app/com.onda.app.MainActivity set to false
11-17 22:32:57.460  1643  2024 D SGM:FgCheckThread: noteResumeComponent(), received pkgName: com.onda.app, userId: 0
11-17 22:32:57.461  1643  2612 D SGM:FgCheckThread: onLooperPrepared(), msg: MSG_APP_RESUME, pkgName: com.onda.app, userid: 0
11-17 22:32:57.461  1643  2025 D BLASTSyncEngine: SyncGroup 1404:  Unfinished container: ActivityRecord{f877633 u0 com.onda.app/.MainActivity t1382} mSyncState=2
11-17 22:32:57.465  3422  3422 I HoneySpace.EdgePanel.EdgeContainerViewModel: cocktailHostRepository.edgePanelOperation NoteResumeComponent(componentName=ComponentInfo{com.onda.app/com.onda.app.MainActivity})
11-17 22:32:57.467  3422 28573 I HoneySpace.EdgePanel.ActivityUtils: HomePackage : com.sec.android.app.launcher, resumePackageName : com.onda.app
11-17 22:32:57.467  1643  5912 V WindowManager: addWindow: ActivityRecord{f877633 u0 com.onda.app/.MainActivity t1382} startingWindow=Window{9ca0834 u0 SnapshotStartingWindow for taskId=1382}
11-17 22:32:57.468  1643  5941 D BLASTSyncEngine: SyncGroup 1404:  Unfinished container: ActivityRecord{f877633 u0 com.onda.app/.MainActivity t1382} mSyncState=2
11-17 22:32:57.472  1643  5419 D BLASTSyncEngine: SyncGroup 1404:  Unfinished container: ActivityRecord{f877633 u0 com.onda.app/.MainActivity t1382} mSyncState=2
11-17 22:32:57.473  1336  1336 I SurfaceFlinger: [9ca0834 SnapshotStartingWindow for taskId=1382#19180] attach to parent LayerHierarchy{RequestedLayerState{ActivityRecord{f877633 u0 com.onda.app/.MainActivity t1382}#19142 parentId=19141} 4 children}
11-17 22:32:57.477  1643  2025 V WindowManager: Start calculating TransitionInfo based on participants: {ActivityRecord{f877633 u0 com.onda.app/.MainActivity t1382}}
11-17 22:32:57.477  1643  2025 V WindowManager:   Final targets: [Task{1230df0 #1382 type=standard A=10401:com.onda.app}, DefaultTaskDisplayArea_d0@220808832]
11-17 22:32:57.478  1643  2025 I SurfaceControlRegistry: show, t=StartTransaction_SyncId<1404> sc=ActivityRecord{f877633 u0 com.onda.app/.MainActivity t1382}, caller=android.view.SurfaceControl$Transaction.show:3232 com.android.server.wm.Transition.onTransactionReady:2273 com.android.server.wm.BLASTSyncEngine$SyncGroup.finishNow:195 com.android.server.wm.BLASTSyncEngine.onSurfacePlacement:269 com.android.server.wm.RootWindowContainer.performSurfacePlacementNoTrace:471 com.android.server.wm.RootWindowContainer.performSurfacePlacement:9
11-17 22:32:57.478  1643  2025 V WindowManager:         {WCT{RemoteToken{4b6d4d9 Task{1230df0 #1382 type=standard A=10401:com.onda.app}}} m=TO_FRONT f=NONE p=WCT{RemoteToken{c81c7a4 DefaultTaskDisplayArea_d0@220808832}} leash=Surface(name=Task=1382)/@0xc9a5223 sb=Rect(0, 0 - 1080, 2340) eb=Rect(0, 0 - 1080, 2340) d=0 taskParent=-1 inset=Rect(0, 99 - 0, 144)},
11-17 22:32:57.479  1643  2025 D InsetsSourceProvider: updateFakeControlTarget: fakeControl=InsetsSourceControl: {60080000 mType=statusBars mSurfacePosition=Point(0, 0) mInsetsHint=Insets{left=0, top=0, right=0, bottom=0}}, fakeTarget=Window{c40836e u0 com.onda.app/com.onda.app.MainActivity}
11-17 22:32:57.479  1643  2025 D InsetsSourceProvider: updateFakeControlTarget: fakeControl=InsetsSourceControl: {26710001 mType=navigationBars mSurfacePosition=Point(0, 0) mInsetsHint=Insets{left=0, top=0, right=0, bottom=0}}, fakeTarget=Window{c40836e u0 com.onda.app/com.onda.app.MainActivity}
11-17 22:32:57.479  1643  2020 V WindowManager:         {WCT{RemoteToken{4b6d4d9 Task{1230df0 #1382 type=standard A=10401:com.onda.app}}} m=TO_FRONT f=NONE p=WCT{RemoteToken{c81c7a4 DefaultTaskDisplayArea_d0@220808832}} leash=Surface(name=Task=1382)/@0xc9a5223 sb=Rect(0, 0 - 1080, 2340) eb=Rect(0, 0 - 1080, 2340) d=0 taskParent=-1 inset=Rect(0, 99 - 0, 144)},
11-17 22:32:57.488  1643  3123 V WindowManager: Relayout Window{c40836e u0 com.onda.app/com.onda.app.MainActivity}: viewVisibility=0 req=1080x2340 ty=1 d0
11-17 22:32:57.488  1336  1445 I SurfaceFlinger: id=19184 createSurf, flag=44004, com.onda.app/com.onda.app.MainActivity$_27760#19184
11-17 22:32:57.489  1643  3123 D WindowManager: makeSurface duration=0 name=com.onda.app/com.onda.app.MainActivity$_27760
11-17 22:32:57.490  1336  1336 I SurfaceFlinger: Layer [ActivityRecord{f877633 u0 com.onda.app/.MainActivity t1382}#19142] hidden!! flag(0)
11-17 22:32:57.490  1336  1336 I SurfaceFlinger: [com.onda.app/com.onda.app.MainActivity$_27760#19184] attach to parent LayerHierarchy{RequestedLayerState{c40836e com.onda.app/com.onda.app.MainActivity#19152 parentId=19142} 1 children}
11-17 22:32:57.491 27760 27760 I InsetsController: onStateChanged: host=com.onda.app/com.onda.app.MainActivity, from=android.view.ViewRootImpl.relayoutWindow:11304, state=InsetsState: {mDisplayFrame=Rect(0, 0 - 1080, 2340), mDisplayCutout=DisplayCutout{insets=Rect(0, 99 - 0, 0) waterfall=Insets{left=0, top=0, right=0, bottom=0} boundingRect={Bounds=[Rect(0, 0 - 0, 0), Rect(505, 0 - 575, 99), Rect(0, 0 - 0, 0), Rect(0, 0 - 0, 0)]} cutoutPathParserInfo={CutoutPathParserInfo{displayWidth=1080 displayHeight=2340 physicalDisplayWidth=1080 physicalDisplayHeight=2340 density={3.0} cutoutSpec={M 0,0 M 0,29 a 35,35 0 1,0 0,70 a 35,35 0 1,0 0,-70 Z} rotation={0} scale={1.0} physicalPixelDisplaySizeRatio={1.0}}} sideOverrides={}}, mRoundedCorners=RoundedCorners{[RoundedCorner{position=TopLeft, radius=108, center=Point(108, 108)}, RoundedCorner{position=TopRight, radius=108, center=Point(972, 108)}, RoundedCorner{position=BottomRight, radius=108, center=Point(972, 2232)}, RoundedCorner{position=BottomLeft, radius=108, center=Point(108, 2232)}]}  mRoundedCornerFrame=Rect(0, 0 - 1080, 2340), mPrivacyIndicatorBounds=PrivacyIndicatorBounds {static bounds=Rect(948, 0 - 1080, 99) rotation=0}, mDisplayShape=DisplayShape{ spec=-311912193 displayWidth=1080 displayHeight=2340 physicalPixelDisplaySizeRatio=1.0 rotation=0 offsetX=0 offsetY=0 scale=1.0}, mSources= { InsetsSource: {3 mType=ime mFrame=[0,0][0,0] mVisible=false mFlags= mSideHint=NONE mBoundingRects=null}, InsetsSource: {27 mType=displayCutout mFrame=[0,0][1080,99] mVisible=true mFlags= mSideHint=TOP mBoundingRects=null}, InsetsSource: {26710001 mType=navigationBars mFrame=[0,2196][1080,2340] mVisible=false mFlags= mSideHint=BOTTOM mBoundingRects=null}, InsetsSource: {26710004 mType=systemGestures mFrame=[0,0][0,0] mVisible=true mFlags= mSideHint=NONE mBoundingRects=null}, InsetsSource: {26710005 mType=mandatorySystemGestures mFrame=[0,2196][1080,2340] mVisible=true mFlags= mSideHint=BOTTOM mBoundingRects=null}, InsetsSource: {26710006 mType=tappableElement mFrame=[0,2196][1080,2340] mVisible=true mFlags= mSideHint=BOTTOM mBoundingRects=null}, InsetsSource: {26710024 mType=systemGestures mFrame=[0,0][0,0] mVisible=true mFlags= mSideHint=NONE mBoundingRects=null}, InsetsSource: {60080000 mType=statusBars mFrame=[0,0][1080,99] mVisible=true mFlags= mSideHint=TOP mBoundingRects=null}, InsetsSource: {60080005 mType=mandatorySystemGestures mFrame=[0,0][1080,135] mVisible=true mFlags= mSideHint=TOP mBoundingRects=null}, InsetsSource: {60080006 mType=tappableElement mFrame=[0,0][1080,99] mVisible=true mFlags= mSideHint=TOP mBoundingRects=null} }
11-17 22:32:57.494  1643  2025 D WindowManager: updateSystemBarAttributes: displayId=0, focusedCanBeNavColorWin=false, win=Window{aa90ad4 u0 NotificationShade}, navColorWin=Window{c40836e u0 com.onda.app/com.onda.app.MainActivity}, caller=com.android.server.wm.DisplayPolicy.finishPostLayoutPolicyLw:17 com.android.server.wm.RootWindowContainer.applySurfaceChangesTransaction$1:194 com.android.server.wm.RootWindowContainer.performSurfacePlacementNoTrace:61
11-17 22:32:57.521  1643  2612 D SGM:FgCheckThread:   handleUserPresent(). resume signal is needed for com.onda.app
11-17 22:32:57.525  1643  1643 D MdnieScenarioControlService:  packageName : com.onda.app    className : com.onda.app.MainActivity
11-17 22:32:57.550  1336  3104 I SurfaceFlinger: [com.onda.app/com.onda.app.MainActivity$_27760#19184] setTransactionState with the first frame. bufferData(ID: 119228292136965, frameNumber: 1)
11-17 22:32:57.551  1643  5941 D WindowManager: finishDrawingWindow: Window{c40836e u0 com.onda.app/com.onda.app.MainActivity} mDrawState=DRAW_PENDING seqId=0
11-17 22:32:57.552  1643  2025 V WindowManager: Finish starting ActivityRecord{f877633 u0 com.onda.app/.MainActivity t1382}: first real window is shown, no animation
11-17 22:32:57.552  1643  2025 V WindowManager: Schedule remove starting ActivityRecord{f877633 u0 com.onda.app/.MainActivity t1382} startingWindow=Window{9ca0834 u0 SnapshotStartingWindow for taskId=1382} animate=false Callers=com.android.server.wm.ActivityRecord.removeStartingWindow:150 com.android.server.wm.WindowState.performShowLocked:147 com.android.server.wm.WindowStateAnimator.commitFinishDrawingLocked:59 com.android.server.wm.DisplayContent$$ExternalSyntheticLambda1.accept$com$android$server$wm$DisplayContent$$ExternalSyntheticLambda40:22 com.android.server.wm.DisplayContent$$ExternalSyntheticLambda1.accept:305
11-17 22:32:57.553  1643  2025 V WindowManager: performShowLocked: mDrawState=HAS_DRAWN in Window{c40836e u0 com.onda.app/com.onda.app.MainActivity}
11-17 22:32:57.559 27760 27760 I InsetsController: onStateChanged: host=com.onda.app/com.onda.app.MainActivity, from=android.view.ViewRootImpl.handleInsetsControlChanged:2888, state=InsetsState: {mDisplayFrame=Rect(0, 0 - 1080, 2340), mDisplayCutout=DisplayCutout{insets=Rect(0, 99 - 0, 0) waterfall=Insets{left=0, top=0, right=0, bottom=0} boundingRect={Bounds=[Rect(0, 0 - 0, 0), Rect(505, 0 - 575, 99), Rect(0, 0 - 0, 0), Rect(0, 0 - 0, 0)]} cutoutPathParserInfo={CutoutPathParserInfo{displayWidth=1080 displayHeight=2340 physicalDisplayWidth=1080 physicalDisplayHeight=2340 density={3.0} cutoutSpec={M 0,0 M 0,29 a 35,35 0 1,0 0,70 a 35,35 0 1,0 0,-70 Z} rotation={0} scale={1.0} physicalPixelDisplaySizeRatio={1.0}}} sideOverrides={}}, mRoundedCorners=RoundedCorners{[RoundedCorner{position=TopLeft, radius=108, center=Point(108, 108)}, RoundedCorner{position=TopRight, radius=108, center=Point(972, 108)}, RoundedCorner{position=BottomRight, radius=108, center=Point(972, 2232)}, RoundedCorner{position=BottomLeft, radius=108, center=Point(108, 2232)}]}  mRoundedCornerFrame=Rect(0, 0 - 1080, 2340), mPrivacyIndicatorBounds=PrivacyIndicatorBounds {static bounds=Rect(948, 0 - 1080, 99) rotation=0}, mDisplayShape=DisplayShape{ spec=-311912193 displayWidth=1080 displayHeight=2340 physicalPixelDisplaySizeRatio=1.0 rotation=0 offsetX=0 offsetY=0 scale=1.0}, mSources= { InsetsSource: {3 mType=ime mFrame=[0,0][0,0] mVisible=false mFlags= mSideHint=NONE mBoundingRects=null}, InsetsSource: {27 mType=displayCutout mFrame=[0,0][1080,99] mVisible=true mFlags= mSideHint=TOP mBoundingRects=null}, InsetsSource: {26710001 mType=navigationBars mFrame=[0,2196][1080,2340] mVisible=false mFlags= mSideHint=BOTTOM mBoundingRects=null}, InsetsSource: {26710004 mType=systemGestures mFrame=[0,0][0,0] mVisible=true mFlags= mSideHint=NONE mBoundingRects=null}, InsetsSource: {26710005 mType=mandatorySystemGestures mFrame=[0,2196][1080,2340] mVisible=true mFlags= mSideHint=BOTTOM mBoundingRects=null}, InsetsSource: {26710006 mType=tappableElement mFrame=[0,2196][1080,2340] mVisible=true mFlags= mSideHint=BOTTOM mBoundingRects=null}, InsetsSource: {26710024 mType=systemGestures mFrame=[0,0][0,0] mVisible=true mFlags= mSideHint=NONE mBoundingRects=null}, InsetsSource: {60080000 mType=statusBars mFrame=[0,0][1080,99] mVisible=true mFlags= mSideHint=TOP mBoundingRects=null}, InsetsSource: {60080005 mType=mandatorySystemGestures mFrame=[0,0][1080,135] mVisible=true mFlags= mSideHint=TOP mBoundingRects=null}, InsetsSource: {60080006 mType=tappableElement mFrame=[0,0][1080,99] mVisible=true mFlags= mSideHint=TOP mBoundingRects=null} }
11-17 22:32:57.559 27760 27760 I InsetsController: onStateChanged: host=com.onda.app/com.onda.app.MainActivity, from=android.view.ViewRootImpl.handleResized:2789, state=InsetsState: {mDisplayFrame=Rect(0, 0 - 1080, 2340), mDisplayCutout=DisplayCutout{insets=Rect(0, 99 - 0, 0) waterfall=Insets{left=0, top=0, right=0, bottom=0} boundingRect={Bounds=[Rect(0, 0 - 0, 0), Rect(505, 0 - 575, 99), Rect(0, 0 - 0, 0), Rect(0, 0 - 0, 0)]} cutoutPathParserInfo={CutoutPathParserInfo{displayWidth=1080 displayHeight=2340 physicalDisplayWidth=1080 physicalDisplayHeight=2340 density={3.0} cutoutSpec={M 0,0 M 0,29 a 35,35 0 1,0 0,70 a 35,35 0 1,0 0,-70 Z} rotation={0} scale={1.0} physicalPixelDisplaySizeRatio={1.0}}} sideOverrides={}}, mRoundedCorners=RoundedCorners{[RoundedCorner{position=TopLeft, radius=108, center=Point(108, 108)}, RoundedCorner{position=TopRight, radius=108, center=Point(972, 108)}, RoundedCorner{position=BottomRight, radius=108, center=Point(972, 2232)}, RoundedCorner{position=BottomLeft, radius=108, center=Point(108, 2232)}]}  mRoundedCornerFrame=Rect(0, 0 - 1080, 2340), mPrivacyIndicatorBounds=PrivacyIndicatorBounds {static bounds=Rect(948, 0 - 1080, 99) rotation=0}, mDisplayShape=DisplayShape{ spec=-311912193 displayWidth=1080 displayHeight=2340 physicalPixelDisplaySizeRatio=1.0 rotation=0 offsetX=0 offsetY=0 scale=1.0}, mSources= { InsetsSource: {3 mType=ime mFrame=[0,0][0,0] mVisible=false mFlags= mSideHint=NONE mBoundingRects=null}, InsetsSource: {27 mType=displayCutout mFrame=[0,0][1080,99] mVisible=true mFlags= mSideHint=TOP mBoundingRects=null}, InsetsSource: {26710001 mType=navigationBars mFrame=[0,2196][1080,2340] mVisible=false mFlags= mSideHint=BOTTOM mBoundingRects=null}, InsetsSource: {26710004 mType=systemGestures mFrame=[0,0][0,0] mVisible=true mFlags= mSideHint=NONE mBoundingRects=null}, InsetsSource: {26710005 mType=mandatorySystemGestures mFrame=[0,2196][1080,2340] mVisible=true mFlags= mSideHint=BOTTOM mBoundingRects=null}, InsetsSource: {26710006 mType=tappableElement mFrame=[0,2196][1080,2340] mVisible=true mFlags= mSideHint=BOTTOM mBoundingRects=null}, InsetsSource: {26710024 mType=systemGestures mFrame=[0,0][0,0] mVisible=true mFlags= mSideHint=NONE mBoundingRects=null}, InsetsSource: {60080000 mType=statusBars mFrame=[0,0][1080,99] mVisible=true mFlags= mSideHint=TOP mBoundingRects=null}, InsetsSource: {60080005 mType=mandatorySystemGestures mFrame=[0,0][1080,135] mVisible=true mFlags= mSideHint=TOP mBoundingRects=null}, InsetsSource: {60080006 mType=tappableElement mFrame=[0,0][1080,99] mVisible=true mFlags= mSideHint=TOP mBoundingRects=null} }
11-17 22:32:57.566  1643  5941 D WindowManager: finishDrawingWindow: Window{c40836e u0 com.onda.app/com.onda.app.MainActivity} mDrawState=HAS_DRAWN seqId=0
11-17 22:32:57.574  1336  1336 I SurfaceFlinger: Layer [com.onda.app/com.onda.app.MainActivity$_27760#19184] hidden!! flag(0)
11-17 22:32:57.582  1336  1336 D SurfaceFlinger:        DEVICE |   0xb4000079df945ae0 | 0001 | RGBA_8888    |    0.0    0.0 1080.0 2340.0 |    0    0 1080 2340 | com.onda.app/com.onda.app.MainActivity$_27760#19184 (1)
11-17 22:32:57.637  1643  3123 D WindowManager: Changing focus from Window{aa90ad4 u0 NotificationShade} to Window{c40836e u0 com.onda.app/com.onda.app.MainActivity} displayId=0 Callers=com.android.server.wm.WindowManagerService.relayoutWindowInner:142 com.android.server.wm.WindowManagerService.relayoutWindow:6 com.android.server.wm.Session.relayout:27 com.android.server.wm.Session.relayoutAsync:26
11-17 22:32:57.638  1643  3123 D InsetsSourceProvider: updateControlForTarget: control=InsetsSourceControl: {60080000 mType=statusBars initiallyVisible mSurfacePosition=Point(0, 0) mInsetsHint=Insets{left=0, top=99, right=0, bottom=0}}, target=Window{c40836e u0 com.onda.app/com.onda.app.MainActivity}, from=com.android.server.wm.InsetsStateController.onControlTargetChanged:81 com.android.server.wm.InsetsPolicy.updateBarControlTarget:175 com.android.server.wm.DisplayPolicy.updateSystemBarAttributes:281 com.android.server.wm.WindowManagerService.updateFocusedWindowLocked:375 com.android.server.wm.WindowManagerService.relayoutWindowInner:142
11-17 22:32:57.640  1643  3123 D InsetsSourceProvider: updateControlForTarget: control=InsetsSourceControl: {26710001 mType=navigationBars initiallyVisible mSurfacePosition=Point(0, 2196) mInsetsHint=Insets{left=0, top=0, right=0, bottom=144}}, target=Window{c40836e u0 com.onda.app/com.onda.app.MainActivity}, from=com.android.server.wm.InsetsStateController.onControlTargetChanged:81 com.android.server.wm.InsetsPolicy.updateBarControlTarget:188 com.android.server.wm.DisplayPolicy.updateSystemBarAttributes:281 com.android.server.wm.WindowManagerService.updateFocusedWindowLocked:375 com.android.server.wm.WindowManagerService.relayoutWindowInner:142
11-17 22:32:57.640  1643  3123 D WindowManager: updateSystemBarAttributes: displayId=0, focusedCanBeNavColorWin=false, win=Window{c40836e u0 com.onda.app/com.onda.app.MainActivity}, navColorWin=Window{c40836e u0 com.onda.app/com.onda.app.MainActivity}, caller=com.android.server.wm.WindowManagerService.updateFocusedWindowLocked:375 com.android.server.wm.WindowManagerService.relayoutWindowInner:142 com.android.server.wm.WindowManagerService.relayoutWindow:6
11-17 22:32:57.640  1643  3123 V SystemKeyManager: updateFocusedWindow() is called, com.onda.app/com.onda.app.MainActivity
11-17 22:32:57.650  1336  1336 D SurfaceFlinger:        DEVICE |   0xb4000079df937e60 | 0001 | RGBA_8888    |    0.0    0.0 1080.0 2340.0 |    0    0 1080 2340 | com.onda.app/com.onda.app.MainActivity$_27760#19184 (2)
11-17 22:32:57.650  1336  1540 D SurfaceFlinger: [input] setFocusedWindow: c40836e com.onda.app/com.onda.app.MainActivity
11-17 22:32:57.650  1643  5419 D InputDispatcher: Once focus requested (0): c40836e com.onda.app/com.onda.app.MainActivity
11-17 22:32:57.651  1643  5419 D InputDispatcher: Focus entered window (0): c40836e com.onda.app/com.onda.app.MainActivity
11-17 22:32:57.654 27760 27760 I InsetsSourceConsumer: applyRequestedVisibilityToControl: visible=true, type=statusBars, host=com.onda.app/com.onda.app.MainActivity
11-17 22:32:57.655 27760 27760 I InsetsSourceConsumer: applyRequestedVisibilityToControl: visible=true, type=navigationBars, host=com.onda.app/com.onda.app.MainActivity
11-17 22:32:57.663  1643  2536 I WindowManager: Reparenting to leash, surface=Surface(name=9ca0834 SnapshotStartingWindow for taskId=1382)/@0x15e33a9, syncState=0, syncCommitDepth=0, leashParent=Surface(name=ActivityRecord{f877633 u0 com.onda.app/.MainActivity t1382})/@0x9d89185
11-17 22:32:57.665  1336  1336 I SurfaceFlinger: [Surface(name=9ca0834 SnapshotStartingWindow for taskId=1382)/@0x15e33a9 - animation-leash of window_animation#19187] attach to parent LayerHierarchy{RequestedLayerState{ActivityRecord{f877633 u0 com.onda.app/.MainActivity t1382}#19142 parentId=19141} 5 children}
11-17 22:32:57.667  1643  2606 I ImeTracker: com.onda.app:6b384e1e: onRequestHide at ORIGIN_SERVER reason HIDE_SAME_WINDOW_FOCUSED_WITHOUT_EDITOR fromUser false
11-17 22:32:57.667  1643  2606 I ImeTracker: com.onda.app:6b384e1e: onCancelled at PHASE_SERVER_SHOULD_HIDE
11-17 22:32:57.700  6802  6802 I HBD     : c [AiWriter] setContact : com.onda.app
11-17 22:32:57.708  1336  1336 D SurfaceFlinger:        DEVICE |   0xb4000079df906660 | 0001 | RGBA_8888    |    0.0    0.0 1080.0 2340.0 |    0    0 1080 2340 | com.onda.app/com.onda.app.MainActivity$_27760#19184 (4)
11-17 22:32:57.815  1643  2025 I WindowManager: Reparenting to original parent: Surface(name=ActivityRecord{f877633 u0 com.onda.app/.MainActivity t1382})/@0x9d89185, destroy=true, syncState=0, syncCommitDepth=0, surface=Surface(name=9ca0834 SnapshotStartingWindow for taskId=1382)/@0x15e33a9
11-17 22:32:57.825  1336  1336 D SurfaceFlinger:        DEVICE |   0xb4000079df906660 | 0001 | RGBA_8888    |    0.0    0.0 1080.0 2340.0 |    0    0 1080 2340 | com.onda.app/com.onda.app.MainActivity$_27760#19184 (4)
11-17 22:32:57.831  1336  1336 I SurfaceFlinger: [LayerHierarchy{RequestedLayerState{ImeContainer#16 parentId=19142 relativeParentId=19152 z=1} 1 children}] RelativeParent to LayerHierarchy{RequestedLayerState{c40836e com.onda.app/com.onda.app.MainActivity#19152 parentId=19142} 2 children}
11-17 22:32:58.173  1643  2024 D SGM:GameManager: identifyForegroundApp. com.onda.app, mCurrentUserId: 0, callerUserId: 0
11-17 22:32:58.659  1643  2021 D ActivityTaskManager: scheduleTopResumedActivityChanged, onTop=false, r=ActivityRecord{f877633 u0 com.onda.app/.MainActivity t1382}, caller=com.android.server.wm.ActivityTaskSupervisor.scheduleTopResumedActivityStateLossIfNeeded:11 com.android.server.wm.ActivityTaskSupervisor.updateTopResumedActivityIfNeeded:19 com.android.server.wm.TaskDisplayArea.positionChildAt:270 com.android.server.wm.WindowContainer.positionChildAt:86 com.android.server.wm.Task.positionChildAt:19 com.android.server.wm.Task.moveToFront:443
