11-17 23:27:13.457  1643  3134 D WindowManager: updateSystemBarAttributes: displayId=0, focusedCanBeNavColorWin=false, win=Window{24aa21c u0 com.onda.app/com.onda.app.MainActivity}, navColorWin=Window{24aa21c u0 com.onda.app/com.onda.app.MainActivity}, caller=com.android.server.wm.DisplayPolicy.finishPostLayoutPolicyLw:17 com.android.server.wm.RootWindowContainer.applySurfaceChangesTransaction$1:194 com.android.server.wm.RootWindowContainer.performSurfacePlacementNoTrace:61
11-17 23:27:13.461  1336  1336 D SurfaceFlinger:        DEVICE |   0xb4000079df909750 | 0001 | RGBA_8888    |    0.0    0.0 1080.0 2340.0 |    0    0 1080 2340 | com.onda.app/com.onda.app.MainActivity$_10075#20101 (2)
11-17 23:27:13.470  1336  1336 I SurfaceFlinger: [LayerHierarchy{RequestedLayerState{ImeContainer#16 parentId=20092 relativeParentId=20100 z=1} 1 children}] RelativeParent to LayerHierarchy{RequestedLayerState{24aa21c com.onda.app/com.onda.app.MainActivity#20100 parentId=20092} 2 children}
11-17 23:27:13.470  1336  1336 I SurfaceFlinger: [LayerHierarchy{RequestedLayerState{f65fe59 Splash Screen com.onda.app#20093 z=2147483647} 1 children}] reparent to OffscreenRoot
11-17 23:27:13.470  1336  1336 I SurfaceFlinger: [LayerHierarchy{RequestedLayerState{f65fe59 Splash Screen com.onda.app#20093 z=2147483647} 1 children}] RelativeParent to null
11-17 23:27:13.470  1336  1336 I SurfaceFlinger: [LayerHierarchy{RequestedLayerState{Splash Screen com.onda.app$_2913#20094} no children}] reparent to OffscreenRoot
11-17 23:27:13.470  1336  1336 I SurfaceFlinger: [LayerHierarchy{RequestedLayerState{Splash Screen com.onda.app$_2913#20094} no children}] RelativeParent to null
11-17 23:27:13.470  1336  1336 I SurfaceFlinger: id=20093 Removed f65fe59 Splash Screen com.onda.app#20093 (153)
11-17 23:27:13.470  1336  1336 I SurfaceFlinger: id=20094 Removed Splash Screen com.onda.app$_2913#20094 (153)
11-17 23:27:13.474  1643  2024 D SGM:FgCheckThread: getForegroundApp(), foregroundPkgName=com.onda.app
11-17 23:27:13.475  1643  2024 D SGM:FgCheckThread: noteStopComponent(), received pkgName: com.sec.android.app.launcher, focusedPkgName: com.onda.app, userId: 0
11-17 23:27:13.478  1336  1336 I SurfaceFlinger: destroyed f65fe59 Splash Screen com.onda.app#20093
11-17 23:27:13.478  1336  1336 I SurfaceFlinger: destroyed Splash Screen com.onda.app$_2913#20094
11-17 23:27:13.479  1336  1336 I Layer   : id=20094 Destroyed Splash Screen com.onda.app$_2913#20094
11-17 23:27:13.479  1336  1336 I Layer   : id=20093 Destroyed f65fe59 Splash Screen com.onda.app#20093
11-17 23:27:13.533  1643  2830 D NetdEventListenerService: DNS Requested by 119, 10404(com.onda.app), SUCCESS, 1ms
11-17 23:27:13.607  1643  2684 D MdnieScenarioControlService:  packageName : com.onda.app    className : com.onda.app.MainActivity
11-17 23:27:13.634  1643  2830 D NetdEventListenerService: DNS Requested by 119, 10404(com.onda.app), SUCCESS, 101ms
11-17 23:27:13.634  1643  2830 D NetdEventListenerService: DNS Requested by 119, 10404(com.onda.app), SUCCESS, 85ms
11-17 23:27:13.635  1643  2830 D NetdEventListenerService: DNS Requested by 119, 10404(com.onda.app), SUCCESS, 102ms
11-17 23:27:13.661  1643  2830 D NetdEventListenerService: DNS Requested by 119, 10404(com.onda.app), SUCCESS, 49ms
11-17 23:27:13.836  1643  2024 D SGM:GameManager: identifyForegroundApp. com.onda.app, mCurrentUserId: 0, callerUserId: 0
11-17 23:27:13.880  1643  2830 D NetdEventListenerService: DNS Requested by 119, 10404(com.onda.app), SUCCESS, 1ms
11-17 23:27:14.427  1643  2830 D NetdEventListenerService: DNS Requested by 119, 10404(com.onda.app), SUCCESS, 1ms
11-17 23:27:15.072  1643  2830 D NetdEventListenerService: DNS Requested by 119, 10404(com.onda.app), SUCCESS, 87ms
11-17 23:27:16.475  1643  1711 D SGM:GameManager: identifyGamePackage. com.onda.app, mCurrentUserId: 0, callerUserId: 0, callingMethodInfo: com.samsung.android.game.IGameManagerService$Stub.onTransact(IGameManagerService.java:228)
11-17 23:27:18.156  1643  2879 I Pageboost: db update :com.onda.app ret 1
11-17 23:27:18.192  1643  2879 I Pageboost: memUsage collected : 71772 40288 640 for com.onda.app 10075
11-17 23:27:18.238 10075 10221 D ProfileInstaller: Installing profile for com.onda.app
11-17 23:27:26.944   806   806 D io_stats: !@ Write_top(KB): ogle.android.as(5083) 336 kworker/u16:5(13776) 116 com.onda.app(10075) 8
11-17 23:27:30.949   806   806 D io_stats: !@ Write_top(KB): kworker/u16:16(13960) 5064 com.onda.app(10075) 8 system_server(1643) 4
11-17 23:27:31.360 10075 10083 W com.onda.app: ApkAssets: Deleting an ApkAssets object '<empty> and /data/app/~~iUse_0I3Yn4A3KnkJJKF0g==/com.google.android.webview-GcmEPGirPlbWK3bEd6uEGw==/base.apk' with 2 weak references
11-17 23:27:31.404 10075 10234 E FilePhenotypeFlags: Config package com.google.android.gms.clearcut_client#com.onda.app cannot use FILE backing without declarative registration. See go/phenotype-android-integration#phenotype for more information. This will lead to stale flags.
11-17 23:27:34.953   806   806 D io_stats: !@ Read_top(KB): .gms.persistent(6676) 792 loop31(941) 20 com.onda.app(10075) 16
11-17 23:27:38.957   806   806 D io_stats: !@ Write_top(KB): kworker/u16:16(13960) 208 com.onda.app(10075) 128
11-17 23:27:41.878  1643  2684 D MdnieScenarioControlService:  packageName : com.onda.app    className : com.onda.app.MainActivity
11-17 23:27:43.111  1643  2684 D MdnieScenarioControlService:  packageName : com.onda.app    className : com.onda.app.MainActivity
11-17 23:27:46.963   806   806 D io_stats: !@ Read_top(KB): .gms.persistent(6676) 3064 com.onda.app(10075) 124 id.app.launcher(3422) 80
11-17 23:27:46.963   806   806 D io_stats: !@ Write_top(KB): kworker/u16:1(28664) 680 system_server(1643) 84 com.onda.app(10075) 12
11-17 23:28:38.523  1643  1776 V WindowManager: Transition 1476: Set Task{ca8c846 #1399 type=standard A=10404:com.onda.app} as transient-hidden-task, caller=com.android.server.wm.Task.forAllTasks:4 com.android.server.wm.WindowContainer.forAllTasks:2 com.android.server.wm.DisplayArea.forAllTasks:9
11-17 23:28:38.523  1643  1776 V WindowManager: Collecting in transition 1476: Task{ca8c846 #1399 type=standard A=10404:com.onda.app}, caller=com.android.server.wm.Transition$$ExternalSyntheticLambda16.test:93 com.android.server.wm.Task.forAllTasks:4 com.android.server.wm.WindowContainer.forAllTasks:2 com.android.server.wm.DisplayArea.forAllTasks:9 com.android.server.wm.TransitionController.setTransientLaunch:99
11-17 23:28:38.523  1643  1776 D ActivityTaskManager: scheduleTopResumedActivityChanged, onTop=false, r=ActivityRecord{97cec21 u0 com.onda.app/.MainActivity t1399}, caller=com.android.server.wm.ActivityTaskSupervisor.scheduleTopResumedActivityStateLossIfNeeded:11 com.android.server.wm.ActivityTaskSupervisor.updateTopResumedActivityIfNeeded:19 com.android.server.wm.TaskDisplayArea.positionChildAt:270 com.android.server.wm.Task.moveToFront:443 com.android.server.wm.ActivityStartController.startExistingRecents:201 com.android.server.wm.WindowOrganizerController.applyHierarchyOp:31
11-17 23:28:38.541  3422  3422 I HoneySpace.GestureEventController: SetGestureTaskList, SendGestureTaskList(taskList=[[#1399=com.onda.app]], initPosition=0, runningTaskId=1399, showAnimStartPosition=0, isLeashTargetCenter=true, forSimple=true)
11-17 23:28:38.541  3422  3422 I HoneySpace.GestureEventController: SetGestureTaskList, SendGestureTaskList(taskList=[[#1399=com.onda.app]], initPosition=0, runningTaskId=1399, showAnimStartPosition=0, isLeashTargetCenter=true, forSimple=false)
11-17 23:28:38.541  3422  3422 I HoneySpace.TaskListViewModel: groupTasks: [[#1399=com.onda.app]]
11-17 23:28:38.542  3422  3422 I HoneySpace.TaskAdapter: attach [position: 0], taskData size: 1, item: ComponentInfo{com.onda.app/com.onda.app.MainActivity}, animReady: 4, firstBindingComplete: 4, view: a3b89f9
11-17 23:28:38.543  3422  3556 I HoneySpace.TaskDataRepositoryImpl: Request icon and label, id=1399, iconAndLabel: IconAndLabel(icon=android.graphics.Bitmap@db2e7e9, label=Onda), componentKey: com.onda.app/.MainActivity#UserHandle{0}
11-17 23:28:38.545  3422 10026 I HoneySpace.SuggestedItemsFacade: DPS items : Onda, com.onda.app/.MainActivity#UserHandle{0}
11-17 23:28:38.545  3422 10026 I HoneySpace.FilteredItemProvider: collect filtered items o, [PK(p='com.onda.app', u=UserHandle{0})]
11-17 23:28:38.545  3422 10026 I HoneySpace.SuggestedItemsFacade: filteredItem : PK(p='com.onda.app', u=UserHandle{0})
11-17 23:28:38.545  3422 10026 I HoneySpace.SuggestedItemsFacade: item removed by filter - PK(p='com.onda.app', u=UserHandle{0})
11-17 23:28:38.549  3422  3422 I HoneySpace.TaskAdapter: attach [position: 0], taskData size: 1, item: ComponentInfo{com.onda.app/com.onda.app.MainActivity}, animReady: 4, firstBindingComplete: 4, view: a7ce021
11-17 23:28:38.549  3422 28572 I HoneySpace.TaskDataRepositoryImpl: Request icon and label, id=1399, iconAndLabel: IconAndLabel(icon=android.graphics.Bitmap@db2e7e9, label=Onda), componentKey: com.onda.app/.MainActivity#UserHandle{0}
11-17 23:28:38.562  1336  1481 D RenderEngine: [SEC_SF_EFFECTS] drawLayersInternal,1299, Rendering layer com.onda.app/com.onda.app.MainActivity$_10075#20101 at index 1
11-17 23:28:38.566  1643  2025 V WindowManager: Start calculating TransitionInfo based on participants: {Task{300af38 #1171 type=recents I=com.sec.android.app.launcher/com.android.quickstep.RecentsActivity}, TransientLaunchOverlayToken{50bb239 token=android.os.BinderProxy@fe04a00}, WallpaperWindowToken{926e278 token=android.os.Binder@36b27db}_<system>, ActivityRecord{c0d2f9b u0 com.sec.android.app.launcher/com.android.quickstep.RecentsActivity t1171}, Task{ca8c846 #1399 type=standard A=10404:com.onda.app}}
11-17 23:28:38.566  1643  2025 V WindowManager:   Final targets: [TransientLaunchOverlayToken{50bb239 token=android.os.BinderProxy@fe04a00}, Task{300af38 #1171 type=recents I=com.sec.android.app.launcher/com.android.quickstep.RecentsActivity}, Task{ca8c846 #1399 type=standard A=10404:com.onda.app}, WallpaperWindowToken{926e278 token=android.os.Binder@36b27db}_<system>]
11-17 23:28:38.568  1643  2025 D WindowManager: setActiveRecents, recents=ActivityRecord{c0d2f9b u0 com.sec.android.app.launcher/com.android.quickstep.RecentsActivity t1171}, task=Task{ca8c846 #1399 type=standard A=10404:com.onda.app}, caller=com.android.server.wm.InputMonitor.setActiveRecents:32 com.android.server.wm.Transition.handleLegacyRecentsStartBehavior:107 com.android.server.wm.Transition.onTransactionReady:2212
11-17 23:28:38.568  1643  2025 V WindowManager:         {WCT{RemoteToken{371e1a6 Task{ca8c846 #1399 type=standard A=10404:com.onda.app}}} m=TO_BACK f=NONE leash=Surface(name=Task=1399)/@0xa177ce8 sb=Rect(0, 0 - 1080, 2340) eb=Rect(0, 0 - 1080, 2340) d=0 taskParent=-1 inset=Rect(0, 99 - 0, 144) dim=true},
11-17 23:28:38.573  1643  2020 V WindowManager:         {WCT{RemoteToken{371e1a6 Task{ca8c846 #1399 type=standard A=10404:com.onda.app}}} m=TO_BACK f=NONE leash=Surface(name=Task=1399)/@0xa177ce8 sb=Rect(0, 0 - 1080, 2340) eb=Rect(0, 0 - 1080, 2340) d=0 taskParent=-1 inset=Rect(0, 99 - 0, 144) dim=true},
11-17 23:28:38.583  1643  1776 D WindowManager: Changing focus from Window{24aa21c u0 com.onda.app/com.onda.app.MainActivity} to Window{a24f455 u0 com.sec.android.app.launcher/com.android.quickstep.RecentsActivity} displayId=0 Callers=com.android.server.wm.ActivityTaskManagerService.setLastResumedActivityUncheckLocked:264 com.android.server.wm.ActivityTaskManagerService.setFocusedTask:20 com.android.server.wm.ActivityTaskManagerService.focusTopTask:52 android.app.IActivityTaskManager$Stub.onTransact:1865
11-17 23:28:38.585  1643  1776 D WindowManager: updateSystemBarAttributes: displayId=0, focusedCanBeNavColorWin=false, win=Window{a24f455 u0 com.sec.android.app.launcher/com.android.quickstep.RecentsActivity}, navColorWin=Window{24aa21c u0 com.onda.app/com.onda.app.MainActivity}, caller=com.android.server.wm.WindowManagerService.updateFocusedWindowLocked:375 com.android.server.wm.ActivityTaskManagerService.setLastResumedActivityUncheckLocked:264 com.android.server.wm.ActivityTaskManagerService.setFocusedTask:20
11-17 23:28:38.599  1643  1776 D InputDispatcher: Focus left window (0): 24aa21c com.onda.app/com.onda.app.MainActivity
11-17 23:28:38.610  1336  1336 D SurfaceFlinger:        CLIENT |   0xb4000079df93f7e0 | 0001 | RGBA_8888    |    0.0   15.0 1079.0 2318.0 |    0    0 1079 2339 | com.onda.app/com.onda.app.MainActivity$_10075#20101 (4)
11-17 23:28:38.909  1336  1481 D RenderEngine: [SEC_SF_EFFECTS] drawLayersInternal,1299, Rendering layer com.onda.app/com.onda.app.MainActivity$_10075#20101 at index 1
11-17 23:28:38.930  1643  5678 V WindowManager: Setting visibility of Window{24aa21c u0 com.onda.app/com.onda.app.MainActivity}: false, caller=com.android.server.wm.WindowContainer.sendAppVisibilityToClients:19 com.android.server.wm.WindowToken.setClientVisible:49 com.android.server.wm.ActivityRecord.setClientVisible:8 com.android.server.wm.ActivityRecord.commitVisibility:273 com.android.server.wm.TransitionController.finishTransition:766
11-17 23:28:38.931  1336  1336 D SurfaceFlinger:        CLIENT |   0xb4000079df93f7e0 | 0001 | RGBA_8888    |    1.0  100.0 1079.0 2194.0 |  198  338  881 1666 | com.onda.app/com.onda.app.MainActivity$_10075#20101 (4)
11-17 23:28:38.948  1336  1336 I SurfaceFlinger: Layer [ActivityRecord{97cec21 u0 com.onda.app/.MainActivity t1399}#20092] hidden!! flag(1)
11-17 23:28:38.948  1336  1336 I SurfaceFlinger: Layer [com.onda.app/com.onda.app.MainActivity$_10075#20101] hidden!! flag(1)
11-17 23:28:38.964  1643  3134 V WindowManager: Relayout Window{24aa21c u0 com.onda.app/com.onda.app.MainActivity}: viewVisibility=8 req=1080x2340 ty=1 d0
11-17 23:28:38.972 10075 10075 D VRI[MainActivity]@45e7f2: WindowStopped on com.onda.app/com.onda.app.MainActivity set to true
11-17 23:28:38.983  1643  3134 V WindowManager: Relayout Window{24aa21c u0 com.onda.app/com.onda.app.MainActivity}: viewVisibility=8 req=1080x2340 ty=1 d0
11-17 23:28:38.987  1643  5678 E WindowManager: win=Window{24aa21c u0 com.onda.app/com.onda.app.MainActivity} destroySurfaces: appStopped=true cleanupOnResume=false win.mWindowRemovalAllowed=false win.mRemoveOnExit=false win.mViewVisibility=8 caller=com.android.server.wm.ActivityRecord.destroySurfaces:25 com.android.server.wm.ActivityRecord.activityStopped:204 com.android.server.wm.ActivityClientController.activityStopped:95 android.app.IActivityClientController$Stub.onTransact:722 com.android.server.wm.ActivityClientController.onTransact:1 android.os.Binder.execTransactInternal:1541 android.os.Binder.execTransact:1480
11-17 23:28:38.987  1643  2024 D SGM:FgCheckThread: pkgName: com.onda.app is not in foreground
11-17 23:28:38.987  1643  2024 D SGM:FgCheckThread: noteStopComponent(), received pkgName: com.onda.app, focusedPkgName: com.sec.android.app.launcher, userId: 0
11-17 23:28:38.987  1643  5678 I WindowManager: Destroying surface Surface(name=com.onda.app/com.onda.app.MainActivity$_10075)/@0x51e24ac called by com.android.server.wm.WindowStateAnimator.destroySurface:11 com.android.server.wm.WindowStateAnimator.destroySurfaceLocked:54 com.android.server.wm.WindowState.destroySurfaceUnchecked:5 com.android.server.wm.WindowState.destroySurface:126 com.android.server.wm.ActivityRecord.destroySurfaces:25 com.android.server.wm.ActivityRecord.activityStopped:204 com.android.server.wm.ActivityClientController.activityStopped:95 android.app.IActivityClientController$Stub.onTransact:722
11-17 23:28:38.989  1643  2021 D PkgPredictorService-SecIpmManagerServiceImpl: bg information pid:10075 uid:10404 pkgName:com.onda.app
11-17 23:28:38.989  1336  1336 I SurfaceFlinger: [LayerHierarchy{RequestedLayerState{com.onda.app/com.onda.app.MainActivity$_10075#20101} no children}] reparent to OffscreenRoot
11-17 23:28:38.990  1336  1336 I SurfaceFlinger: [LayerHierarchy{RequestedLayerState{com.onda.app/com.onda.app.MainActivity$_10075#20101} no children}] RelativeParent to null
11-17 23:28:38.991  1336  3104 I SurfaceFlinger: id=20101 Removed com.onda.app/com.onda.app.MainActivity$_10075#20101 (147)
11-17 23:28:38.998  1336  1336 I SurfaceFlinger: destroyed com.onda.app/com.onda.app.MainActivity$_10075#20101
11-17 23:28:38.998  1336  1336 I Layer   : id=20101 Destroyed com.onda.app/com.onda.app.MainActivity$_10075#20101
11-17 23:28:39.050  1336  1445 I SurfaceFlinger: id=20106 Removed Surface(name=24aa21c com.onda.app/com.onda.app.MainActivity)/@0x60dc4e - animation-leash of starting_reveal#20106 (146)
11-17 23:28:39.054  1336  1445 I SurfaceFlinger: id=20055 Removed Surface(name=7357651 com.onda.app/com.onda.app.MainActivity)/@0x95cdecb - animation-leash of starting_reveal#20055 (146)
11-17 23:28:39.056  1336  1336 I SurfaceFlinger: destroyed Surface(name=7357651 com.onda.app/com.onda.app.MainActivity)/@0x95cdecb - animation-leash of starting_reveal#20055
11-17 23:28:39.056  1336  1336 I SurfaceFlinger: destroyed Surface(name=24aa21c com.onda.app/com.onda.app.MainActivity)/@0x60dc4e - animation-leash of starting_reveal#20106
11-17 23:28:39.056  1336  1336 I Layer   : id=20055 Destroyed Surface(name=7357651 com.onda.app/com.onda.app.MainActivity)/@0x95cdecb - animation-leash of starting_reveal#20055
11-17 23:28:39.056  1336  1336 I Layer   : id=20106 Destroyed Surface(name=24aa21c com.onda.app/com.onda.app.MainActivity)/@0x60dc4e - animation-leash of starting_reveal#20106
11-17 23:28:39.510  1643  2024 I ActivityManager: Killing 10075:com.onda.app/u0a404 (adj 850): remove task
11-17 23:28:39.568  1643  3132 W ActivityManager: Scheduling restart of crashed service com.onda.app/org.chromium.content.app.SandboxedProcessService0:0 in 1000ms for connection
11-17 23:28:39.583  1643  2669 D ConnectivityService: releasing NetworkRequest [ REQUEST id=7670, [ Capabilities: INTERNET&NOT_RESTRICTED&TRUSTED&NOT_VCN_MANAGED&NOT_BANDWIDTH_CONSTRAINED Uid: 10404 RequestorUid: 10404 RequestorPkg: com.onda.app UnderlyingNetworks: Null] ] (release request)
11-17 23:28:39.583  1643  2880 I WindowManager: WIN DEATH: Window{24aa21c u0 com.onda.app/com.onda.app.MainActivity}
11-17 23:28:39.583  1643  2880 W InputManager-JNI: Input channel object '24aa21c com.onda.app/com.onda.app.MainActivity (client)' was disposed without first being removed with the input manager!
11-17 23:28:39.584  1643  2880 V WindowManager: Remove Window{24aa21c u0 com.onda.app/com.onda.app.MainActivity}: mSurfaceController=null mAnimatingExit=false mRemoveOnExit=false mHasSurface=false surfaceShowing=false animating=false app-animation=false mDisplayFrozen=false callers=com.android.server.wm.Session.binderDied:118 android.os.IBinder$DeathRecipient.binderDied:339 android.os.BinderProxy.sendDeathNotice:794 <bottom of call stack> <bottom of call stack> <bottom of call stack>
11-17 23:28:39.587  1336  3781 I SurfaceFlinger: id=20096 Removed 670f62b ActivityRecordInputSink com.onda.app/.MainActivity#20096 (134)
11-17 23:28:39.596  1336  1336 I SurfaceFlinger: [LayerHierarchy{RequestedLayerState{ActivityRecord{97cec21 u0 com.onda.app/.MainActivity t1399}#20092} 2 children}] reparent to OffscreenRoot
11-17 23:28:39.596  1336  1336 I SurfaceFlinger: [LayerHierarchy{RequestedLayerState{ActivityRecord{97cec21 u0 com.onda.app/.MainActivity t1399}#20092} 2 children}] RelativeParent to null
11-17 23:28:39.596  1336  1336 I SurfaceFlinger: [LayerHierarchy{RequestedLayerState{24aa21c com.onda.app/com.onda.app.MainActivity#20100} no children}] reparent to OffscreenRoot
11-17 23:28:39.596  1336  1336 I SurfaceFlinger: [LayerHierarchy{RequestedLayerState{24aa21c com.onda.app/com.onda.app.MainActivity#20100} no children}] RelativeParent to null
11-17 23:28:39.596  1643  2550 W UsageStatsService: Unexpected activity event reported! (com.onda.app/com.onda.app.MainActivity event : 23 instanceId : 218548743)
11-17 23:28:39.597  1643  2024 D SGM:FgCheckThread: pkgName: com.onda.app is not in foreground
11-17 23:28:39.597  1643  2024 D SGM:FgCheckThread: noteStopComponent(), received pkgName: com.onda.app, focusedPkgName: com.sec.android.app.launcher, userId: 0
11-17 23:28:39.597  1336  1336 I SurfaceFlinger: id=20092 Removed ActivityRecord{97cec21 u0 com.onda.app/.MainActivity t1399}#20092 (136)
11-17 23:28:39.597  1336  1336 I SurfaceFlinger: id=20100 Removed 24aa21c com.onda.app/com.onda.app.MainActivity#20100 (136)
11-17 23:28:39.605  1336  1336 I SurfaceFlinger: destroyed ActivityRecord{97cec21 u0 com.onda.app/.MainActivity t1399}#20092
11-17 23:28:39.605  1336  1336 I SurfaceFlinger: destroyed 670f62b ActivityRecordInputSink com.onda.app/.MainActivity#20096
11-17 23:28:39.605  1336  1336 I SurfaceFlinger: destroyed 24aa21c com.onda.app/com.onda.app.MainActivity#20100
11-17 23:28:39.605  1336  1336 I Layer   : id=20096 Destroyed 670f62b ActivityRecordInputSink com.onda.app/.MainActivity#20096
11-17 23:28:39.605  1336  1336 I Layer   : id=20100 Destroyed 24aa21c com.onda.app/com.onda.app.MainActivity#20100
11-17 23:28:39.605  1336  1336 I Layer   : id=20092 Destroyed ActivityRecord{97cec21 u0 com.onda.app/.MainActivity t1399}#20092
11-17 23:32:23.785  6676  6685 W .gms.persistent: ApkAssets: Deleting an ApkAssets object '<empty> and /data/app/~~rnN8d367Le0QNQjS8gmXyQ==/com.onda.app-gi8bkjvrSnBjDrEbgyvmEg==/base.apk' with 1 weak references
11-17 23:33:48.408  5010  5016 W gle.android.gms: ApkAssets: Deleting an ApkAssets object '<empty> and /data/app/~~rnN8d367Le0QNQjS8gmXyQ==/com.onda.app-gi8bkjvrSnBjDrEbgyvmEg==/base.apk' with 1 weak references
11-17 23:49:04.590  3422 10980 I HoneySpace.SuggestedItemsFacade: DPS items : Onda, com.onda.app/.MainActivity#UserHandle{0}
11-17 23:49:04.591  3422 10980 I HoneySpace.SuggestedItemsFacade: getFinalItems : Onda, com.onda.app/.MainActivity#UserHandle{0}
11-17 23:49:07.140  1643  5753 I Pageboost: start alp : com.onda.app
11-17 23:49:07.141  1643  2879 I Pageboost: alp for : com.onda.app , 0
11-17 23:49:07.158  1643  2058 I ActivityManager: Start proc 12537:com.onda.app/u0a404 for activelaunch {com.onda.app/com.onda.app.MainActivity}
11-17 23:49:07.158  1643  2058 D DynamicHiddenApp_BGProtectManager: [SecIpm] it's a ML_TYPE_EMPTYPROCESS protected process com.onda.app
11-17 23:49:07.163  2913  3086 D ShellStartingWindow: preload Icon com.onda.app
11-17 23:49:07.173 12537 12537 I com.onda.app: Using CollectorTypeCC GC.
11-17 23:49:07.175 12537 12537 E com.onda.app: Not starting debugger since process cannot load the jdwp agent.
11-17 23:49:07.190 12537 12537 D nativeloader: Configuring clns-7 for other apk /data/app/~~rnN8d367Le0QNQjS8gmXyQ==/com.onda.app-gi8bkjvrSnBjDrEbgyvmEg==/base.apk. target_sdk_version=34, uses_libraries=, library_path=/data/app/~~rnN8d367Le0QNQjS8gmXyQ==/com.onda.app-gi8bkjvrSnBjDrEbgyvmEg==/lib/arm64, permitted_path=/data:/mnt/expand:/data/user/0/com.onda.app
11-17 23:49:07.576  3422  3422 I HoneySpace.QuickOptionPopup: Inflate QuickOption view: App(item=id:2011 label:Onda componnet:com.onda.app/.MainActivity#UserHandle{0} badgeCount:0  drag:false iconState:NONE, pageRank=6, rank=1, dragged=false, hasReservedPosition=false) , Shortcut Count: 0 ,Notification Count: 0, Title: null
11-17 23:49:09.637 12561 12561 I UninstallerActivity: Uninstalling extras=Bundle[{com.android.packageinstaller.extra.IS_CLONE_APP=false, com.android.packageinstaller.extra.APP_LABEL=Onda, com.android.packageinstaller.applicationInfo=ApplicationInfo{aec39a9 com.onda.app}, android.intent.extra.UNINSTALL_ALL_USERS=false, com.android.packageinstaller.extra.UNINSTALL_ID=-2147483634}]
11-17 23:49:09.640  1643  5753 I PackageManager: pkg{com.onda.app}, user{0}, caller{10069} flags{0}
11-17 23:49:09.647  1643  2057 I ActivityManager: Force stopping com.onda.app appid=10404 user=0: deletePackageX
11-17 23:49:09.650  1643  2123 I AppsFilter: interaction: PackageSetting{6a71a83 com.onda.life/10336} -> PackageSetting{57bd263 com.onda.app/10404} BLOCKED
11-17 23:49:09.698  1643  2057 I ActivityManager: Killing 12537:com.onda.app/u0a404 (adj 850): stop com.onda.app due to deletePackageX
11-17 23:49:09.700  1643  2057 D ActivityManager: proc ProcessRecord{248230d 12537:com.onda.app/u0a404} already removed. so we skip next process.
11-17 23:49:09.717  1643  5753 V ActivityManager: Got obituary of 12537:com.onda.app
11-17 23:49:09.946  1643  2123 D PackageManager: isLocaleOptimizedPackage() -  Non optimized app: com.onda.app. Proceed with normal install
11-17 23:49:09.966  1643  2123 D AASA_PackageManager_RESTRICTED: Uninstall : userId = 0, info.uid = 10404, packageName = com.onda.app
11-17 23:49:09.986  1643  2123 I ActivityManager: Force stopping com.onda.app appid=10404 user=0: pkg removed
11-17 23:49:09.989 12561 12561 I UninstallFinish: Uninstall finished extras=Bundle[{android.content.pm.extra.STATUS=0, com.android.packageinstaller.extra.IS_CLONE_APP=false, android.content.pm.extra.PACKAGE_NAME=com.onda.app, com.android.packageinstaller.extra.APP_LABEL=Onda, com.android.packageinstaller.applicationInfo=Supplier{VAL_PARCELABLE@516+1320}, android.intent.extra.UNINSTALL_ALL_USERS=false, android.content.pm.extra.LEGACY_STATUS=1, com.android.packageinstaller.extra.UNINSTALL_ID=-2147483634, android.content.pm.extra.STATUS_MESSAGE=DELETE_SUCCEEDED}]
11-17 23:49:10.001  1643  2740 D ShortcutService: removing package: com.onda.app userId0
11-17 23:49:10.004  2878  2878 D CarrierSvcBindHelper: onPackageRemoved: com.onda.app
11-17 23:49:10.006  1643  2696 D AS.AudioService: com.onda.app(10404) is removed
11-17 23:49:10.011  1643  2538 D OverlayManager: onPackageRemoved: pkgName = [com.onda.app], userId = [0], packageHidden = [false]
11-17 23:49:10.011  1643  2538 I OverlayManager: updateOverlaysForTarget() called with: targetPackage = [com.onda.app], userId = [0], flags = [0]
11-17 23:49:10.013  1643  2550 D UsageStatsService: onPackageRemoved com.onda.app
11-17 23:49:10.018  1643  2615 V StorageManagerService: Package com.onda.app does not have legacy storage
11-17 23:49:10.019  3833  3911 I PackageInfoManager_FLP: action : ACTION_PACKAGE_REMOVED, packageName = com.onda.app
11-17 23:49:10.022  1643  2654 W WifiService: Couldn't get PackageInfo for package:com.onda.app
11-17 23:49:10.023  1643  2654 D WifiService: Remove settings for package:com.onda.app
11-17 23:49:10.027  1643  2696 D SGM:GameManager: identifyGamePackage. com.onda.app, mCurrentUserId: 0, callerUserId: 0, callingMethodInfo: com.samsung.android.game.SemGameManager.isGamePackage(SemGameManager.java:105)
11-17 23:49:10.027  1643  2696 D SGM:SemGameManager: isGamePackage(), pkgName=com.onda.app, ret=false
11-17 23:49:10.029  2878  2878 I VvmPkgInstalledRcvr: packageName: com.onda.app, systemDialer: com.samsung.android.dialer
11-17 23:49:10.032  1643  2654 D WifiConfigManager: Remove all networks for app ApplicationInfo{d99d93 com.onda.app}
11-17 23:49:10.034  1643  2578 D SEP_UNION_SemDeviceInfoManagerService: Package com.onda.app is removed on User 0
11-17 23:49:10.035  1643  2553 I RollbackManager: broadcast=ACTION_PACKAGE_FULLY_REMOVED pkg=com.onda.app
11-17 23:49:10.054 12561 12568 W ackageinstaller: ApkAssets: Deleting an ApkAssets object '<empty> and /data/app/~~rnN8d367Le0QNQjS8gmXyQ==/com.onda.app-gi8bkjvrSnBjDrEbgyvmEg==/base.apk' with 1 weak references
11-17 23:49:10.065  2878  2878 I VvmPkgInstalledRcvr:  NOT contains : com.onda.app
11-17 23:49:10.070  1643  2654 I PasspointManager: No app ops listener found for com.onda.app
11-17 23:49:10.070  1643  2654 W WifiService: Couldn't get PackageInfo for package:com.onda.app
11-17 23:49:10.070  1643  2654 D WifiService: Remove settings for package:com.onda.app
11-17 23:49:10.070  1643  2654 D WifiConfigManager: Remove all networks for app ApplicationInfo{4d7933a com.onda.app}
11-17 23:49:10.070  1643  2654 I PasspointManager: No app ops listener found for com.onda.app
11-17 23:49:10.071  2878  2878 I VvmPkgInstalledRcvr:  NOT contains : com.onda.app
11-17 23:49:10.092  5106  5439 W DMASA[S]: [LOGWING][b]Get package version failed : com.onda.app
11-17 23:49:10.106  1643  1643 D SdpManagerImpl.receiver: On android.intent.action.PACKAGE_REMOVED : DATA = package:com.onda.app, UID = 10404, UserId = 0, Is replacing? false
11-17 23:49:10.107  1643  2681 D LocationManagerService: package com.onda.app reset
11-17 23:49:10.107  1643  1643 D SdpManagerImpl.receiver: ACTION_PACKAGE_REMOVED packageName:: com.onda.app
11-17 23:49:10.107  1643  3145 D SdpManagerImpl: handlePackageRemoved - PackageName : com.onda.app, UserId : 0
11-17 23:49:10.108  1643  1643 I Telecom : CarModeTracker: Package com.onda.app is not tracked.: SSH.oR@G8w
11-17 23:49:10.122  1643  2879 I Pageboost: remove app @ runtime : com.onda.app
11-17 23:49:10.140  1643  1643 D EnterpriseLicenseService: isPackageInstalled() - com.onda.app not found in user 0
11-17 23:49:10.158  6676 12712 I ProximityAuth: [RecentAppsMediator] Package removed: (user=UserHandle{0}) com.onda.app
11-17 23:49:10.192  1643 12722 I Telecom : SamsungTelecomServiceImpl : clearAccounts - packageName : com.onda.app / callingPid : 1643 / processName : sts / callingUser : UserHandle{0}
11-17 23:49:10.220 22721 22721 I Finsky  : [2] AIM: AppInfoCacheUpdater -> invalidating apps: [com.onda.app]
11-17 23:49:10.233  6676 12719 E PhSharedDirectoryWriter: Failed to delete the CE shared dir for Android package: com.onda.app. [CONTEXT service_id=51 ]
11-17 23:49:10.236  6676 12719 E PhSharedDirectoryWriter: Failed to delete the DE shared dir for Android package: com.onda.app. [CONTEXT service_id=51 ]
11-17 23:49:10.350 22721 22809 I Finsky  : [211] AIM: AppInfoManager-Perf > OnDeviceAppInfo > cacheHitCount=0, cacheMissCount=1. Missed  in cache (limit 10) : [com.onda.app]
11-17 23:49:10.399 22721 12764 I Finsky  : [420] Asset module storage cleared for package com.onda.app.
11-17 23:49:10.429  1643  1643 I ConditionProviders: Disallowing condition provider com.onda.app (userSet: true)
11-17 23:49:10.459  5010 12749 W RWIPackageIntentOps: Registries cleared for package: com.onda.app
11-17 23:49:10.511  5010  9664 I Icing   : doRemovePackageData com.onda.app
11-17 23:49:10.513  2913  2913 D Navbar.Store: handleEvent(0) OnPackageRemoved(packageName=com.onda.app) [Module] NavBarStoreImpl
11-17 23:49:10.520  2913  2913 D KeyguardShortcutManager: onReceive : Intent.EXTRA_REPLACING false, com.onda.app
11-17 23:49:10.522  2913  2913 D SecSTQuickControlRequestReceiver: onReceiveForPackage action = android.intent.action.PACKAGE_REMOVED, pkgName = com.onda.app
11-17 23:49:10.524  2913  2913 I GoodLockLifecycle: onPackageRemoved: com.onda.app
11-17 23:49:10.524  2913  2913 D FaceWidgetMusicViewModel: onPackageRemoved() pkg = com.onda.app, r = false
11-17 23:49:10.590  5010 12707 W SQLiteLog: (28) double-quoted string literal: "com.onda.app"
11-17 23:49:10.614 22721 22721 W Finsky  : [2] STU: Failed to get storage stats for package 'com.onda.app' (1601: Error getting stats: android.content.pm.PackageManager.NameNotFoundException)
11-17 23:49:10.644  5070  5695 D MediaProvider: Deleted 0 Android/media items belonging to com.onda.app on /data/user/0/com.google.android.providers.media.module/databases/external.db
11-17 23:49:10.649 12703 12703 I FILP/PackageIntentReceiver: pkgName : com.onda.app
11-17 23:49:10.662 12703 12814 I FILP/FilterInstaller: removeFromFS : com.onda.app, cursor size : 0
11-17 23:49:10.672 12703 12814 I FILP/FilterInstaller: Delete all filter DB result : com.onda.app, 0
11-17 23:49:10.672 12703 12814 I FILP/FilterInstaller: Delete filter DB result : com.onda.app, 0
11-17 23:49:10.672 12703 12814 I FILP/FilterInstaller: Delete my filter DB result : com.onda.app, 0
11-17 23:49:10.674 12703 12814 I FILP/FilterInstaller: uninstallFilters mPackageName: com.onda.app
11-17 23:49:10.713  5070  5695 I FuseDaemon: Successfully deleted rows in leveldb for owner_id:  and ownerPackageIdentifier: com.onda.app::0
11-17 23:49:10.719 10828 10828 I AccountReloadObserver: [C] received action: android.intent.action.PACKAGE_REMOVED, dat: package:com.onda.app
11-17 23:49:10.728  5070  5695 D MediaGrants: Removed 0 media_grants for 0 user for [com.onda.app]. Reason: Package orphaned
11-17 23:49:10.731  7708  7708 I SCS@AiSearch user 0: (PackageBroadcastReceiver) packageName: com.onda.app
11-17 23:49:10.731  7708  7708 I SCS@AiSearch user 0: (PackageBroadcastReceiver) Packages changed: com.onda.app
11-17 23:49:10.750 12784 12831 I ENTM:Systemprocess: handlePackageRemoved().pkgName: com.onda.app
11-17 23:49:10.750 12784 12831 I ENTM:Systemprocess: checkELMActivationForPackageRemoved().START - com.onda.app
11-17 23:49:10.756 12784 12831 I ENTM:Systemprocess: checkKLMActivationForPackageRemoved().START - com.onda.app
11-17 23:49:10.757 12784 12831 I ENTM:DataBaseUtils: isSameTrackerIdInDeviceDB().START: com.onda.app
11-17 23:49:11.101 12843 12843 I Finsky:background: [2] Package no longer installed: com.onda.app
11-17 23:49:11.111 12843 12843 I Finsky:background: [2] Package no longer installed: com.onda.app
11-17 23:49:11.471 12909 12909 D PersistedStoragePackageUninstalledReceiver: Received android.intent.action.PACKAGE_FULLY_REMOVED for com.onda.app for u0
11-17 23:49:11.524  2913  7623 I TileConfigurationStore: updatePackageDataChange : com.onda.app, type = 2, tileType = 1
11-17 23:49:11.525  2913  7623 I TileConfigurationStore: updatePackageDataChange : Complication Tile com.onda.app, type = 2
11-17 23:49:11.525  2913  7623 I AppWidgetDataProvider:  updatePackageChangeData type  1 , pack type 2  ,  pkg com.onda.app
11-17 23:49:11.627  1643  2054 I SGM:GameManager: PkgUpdateReceiver, onPackageRemoved(). pkgName=com.onda.app, userId=0
11-17 23:49:11.627  1643  2054 W SGM:Util: isPkgInstalled(), com.onda.app does not exist.
11-17 23:49:11.627  1643  2054 D SGM:Util: isPkgInstalled(). pkgName=com.onda.app, userId=0, installed=false
11-17 23:49:11.627  1643  2054 D SGM:GosNotifyThread: sendPackageMessage(), changeType=1, pkgName=com.onda.app, userHandleId=0
11-17 23:49:11.628  1643  2054 D MetaDataCollector: onReceive: done pkgName=com.onda.app
11-17 23:49:11.699 12949 12949 I DWBh    : onPackageDeleted : com.onda.app
11-17 23:49:11.822 12949 13031 I DWBa    : couldn't find com.onda.app
11-17 23:49:11.890 12998 13015 I LockContentProvider: before profileData Id : 0, removePkg:com.onda.app, enabledWidgetIdList:{}
11-17 23:49:11.915  1643  2054 I SettingsProvider: onPackageRemoved (userId 0) PackageName = com.onda.app
11-17 23:49:12.158  1643  2054 I CredentialManager: updateProvidersWhenPackageRemoved)pkg=com.onda.app (0)
11-17 23:49:12.161  1643  2054 D LauncherAppsService: Calling onPackageRemoved: com.onda.app, EXTRA_REPLACING: false
11-17 23:49:12.161  1643  2054 D LauncherAppsService: Calling onPackageRemoved: com.onda.app, listener: com.google.android.as(UserHandle{0}, 5083)
11-17 23:49:12.161  1643  2054 D LauncherAppsService: Calling onPackageRemoved: com.onda.app, listener: com.sec.android.app.launcher(UserHandle{0}, 3422)
11-17 23:49:12.162  1643  2054 D LauncherAppsService: Calling onPackageRemoved: com.onda.app, listener: com.android.systemui(UserHandle{0}, 2913)
11-17 23:49:12.162  3422  3422 I HoneySpace.PackageOperationTracker: onPackageRemoved - com.onda.app UserHandle{0}
11-17 23:49:12.162  2913 19251 D LauncherApps: onPackageRemoved 0,com.onda.app
11-17 23:49:12.162  5083  5559 D LauncherApps: onPackageRemoved 0,com.onda.app
11-17 23:49:12.162  1643  2054 D LauncherAppsService: Calling onPackageRemoved: com.onda.app, listener: android(UserHandle{0}, 1643)
11-17 23:49:12.162  1643  2054 D LauncherApps: onPackageRemoved 0,com.onda.app
11-17 23:49:12.164  3422  3422 I HoneySpace.PackageChangedCallbackImpl: onPackageRemoved: com.onda.app / UserHandle{0}
11-17 23:49:12.164  3422  9728 I HoneySpace.IconCache: remove icon cache & DB : com.onda.app UserHandle{0}
11-17 23:49:12.164  3422  9728 I HoneySpace.IconCache: removeSpecificIconDb: com.onda.app UserHandle{0}
11-17 23:49:12.172  3422  3422 I HoneySpace.HoneySpaceManagerContainer: refreshHoneyPlugin, packageName: com.onda.app
11-17 23:49:12.172  3422 11881 I HoneySpace.HoneySpacePackageSourceImpl: Package removed : com.onda.app
11-17 23:49:12.173  3422 11881 I SearchableManager: removeDynamicSearchable: com.onda.app
11-17 23:49:12.173  3422 11881 I SearchableManager: invalidate: com.onda.app
11-17 23:49:12.174  3422  3422 I HoneySpace.PackageEventHandler: Package removed : [com.onda.app/.MainActivity#UserHandle{0}]
11-17 23:49:12.176  3422  3422 I HoneySpace.DataCache: deleteItem : id=2011, title=Onda, type=APP, containerType=ITEM_GROUP, containerId=20, x=-1, y=-1, rank=1, spanX=-1, spanY=-1, scale=1.0component=com.onda.app/.MainActivity, profileId=0, intent=null, restored=0, hidden=UNHIDDEN, appWidgetId=-1, options=0, refPackageName=null (appList) package removed
11-17 23:49:12.176  3422  5747 I HoneySpace.DataCache: delete item : (appList) package removed - APP / 2011 / Onda / com.onda.app/.MainActivity / -1 / 0
11-17 23:49:12.573  3422 11879 I SearchEngineAppSuggestion: package removed: com.onda.app
11-17 23:49:22.251  1643  2528 I PackageInformation: com.onda.app ::20250714::20250713
11-17 23:49:22.271 22721 22721 I Finsky  : [2] VerifyApps: Install-time verification requested for package com.onda.app, PackageManager id = 20, Verifier id = 7e77f05c-8961-4837-ab60-26cb922f8620
11-17 23:49:22.285 12122 12204 I GOS:GameServiceReceiver:  PkgInstallStarted for com.onda.app UserID : 0
11-17 23:49:22.307 22721 12808 I Finsky  : [429] VerifyApps: Anti-malware verification task started for package=com.onda.app
11-17 23:49:22.340 12122 13480 W GOS:PackageUtil: isPackageInstalledAsUser(). Exception: android.content.pm.PackageManager$NameNotFoundException: com.onda.app
11-17 23:49:22.340 12122 13480 I GOS:GameIntentService: onPackageChanged(). extras: Bundle[{changeType=2, userId=0, type=15, packageName=com.onda.app}]
11-17 23:49:22.340 12122 13480 I GOS:GameIntentService: onPackageChanged(). changeType(INSTALL_STARTED), pkgName(com.onda.app), UserHandle(0), userId(0), Installed(false)
11-17 23:49:22.381 12122 13480 W GOS:PackageUtil: isPackageInstalledAsUser(). Exception: android.content.pm.PackageManager$NameNotFoundException: com.onda.app
11-17 23:49:22.382 22721 22804 I Finsky  : [208] VerifyApps: Starting APK Analysis scan for com.onda.app.
11-17 23:49:22.383 22721 22804 I Finsky  : [208] Scanning package com.onda.app contents with client side protections. File: [r-mjamf8KgaLAAKZUCuof3t7EeGd8F9MbtDt79Ix1YA]
11-17 23:49:22.597 22721 22804 I Finsky  : [208] VerifyApps: APK Analysis scan finished for com.onda.app. Verdict: SAFE
11-17 23:49:23.019 22721 13497 I Finsky  : [435] VerifyApps: Verification package=com.onda.app, id=20, response=9, upload_requested=false, enable_ecm=true
11-17 23:49:31.883 22721 22797 I Finsky  : [201] VerifyApps: waiting for app installation for com.onda.app
11-17 23:49:31.915 22721 22721 I Finsky  : [2] VerifyApps: Install-time verification complete: id=20, package_name=com.onda.app
11-17 23:49:31.918  1643  2528 I PackageManager:           pkg{com.onda.app}
11-17 23:49:31.977  1643  2123 D ApplicationPolicy: getApplicationStateEnabled : pkg = com.onda.app userId : 0
11-17 23:49:31.978  1643  2123 D PermissionService: setAllowlistedRestrictedPermissionsUnchecked called for package - com.onda.app
11-17 23:49:31.978  1643  2123 D PermissionService: updateAdminPermissionsInternalcom.onda.app
11-17 23:49:32.098  1643  2123 I ArtService: Adjusting the compiler filter for 'com.onda.app' from 'speed-profile' to 'verify' because there is no valid profile
11-17 23:49:32.098 12677 12677 I artd    : GetBestInfo: /data/app/~~pGCyPACF9G8ssXHMtqr6hw==/com.onda.app-EkA0_W9vA58YUWMRH-1b9g==/base.apk has no usable artifacts
11-17 23:49:32.147 12677 12677 I artd    : Running dex2oat: /apex/com.android.art/bin/art_exec --drop-capabilities --set-task-profile=Dex2OatBootComplete --set-priority=background --keep-fds=8:9:7:10 -- /apex/com.android.art/bin/dex2oat64 --zip-fd=8 --zip-location=/data/app/~~pGCyPACF9G8ssXHMtqr6hw==/com.onda.app-EkA0_W9vA58YUWMRH-1b9g==/base.apk --oat-fd=9 --oat-location=/data/app/~~pGCyPACF9G8ssXHMtqr6hw==/com.onda.app-EkA0_W9vA58YUWMRH-1b9g==/oat/arm64/base.odex --output-vdex-fd=7 --swap-fd=10 --class-loader-context=PCL[] --classpath-dir=/data/app/~~pGCyPACF9G8ssXHMtqr6hw==/com.onda.app-EkA0_W9vA58YUWMRH-1b9g== --instruction-set=arm64 --instruction-set-features=default --instruction-set-variant=kryo300 --compiler-filter=verify --compilation-reason=install --max-image-block-size=524288 --resolve-startup-const-strings=true --generate-mini-debug-info --runtime-arg -Xtarget-sdk-version:34 --runtime-arg -Xhidden-api-policy:enabled --runtime-arg -Xms64m --runtime-arg -Xmx512m --comments=app-name:com.onda.app,app-version-name:1.0,app-version-code:1,art-version:360910040
11-17 23:49:32.147 12677 12677 I artd    : Opened FDs: 8:/data/app/~~pGCyPACF9G8ssXHMtqr6hw==/com.onda.app-EkA0_W9vA58YUWMRH-1b9g==/base.apk 9:/data/app/~~pGCyPACF9G8ssXHMtqr6hw==/com.onda.app-EkA0_W9vA58YUWMRH-1b9g==/oat/arm64/base.odex.ZnebwD.tmp 7:/data/app/~~pGCyPACF9G8ssXHMtqr6hw==/com.onda.app-EkA0_W9vA58YUWMRH-1b9g==/oat/arm64/base.vdex.wCKTD1.tmp 10:/data/app/~~pGCyPACF9G8ssXHMtqr6hw==/com.onda.app-EkA0_W9vA58YUWMRH-1b9g==/oat/arm64/base.odex.swap.wnE8Vk.tmp
11-17 23:49:32.289 13586 13586 I dex2oat64: /apex/com.android.art/bin/dex2oat64 --output-vdex-fd=7 --class-loader-context=PCL[] --classpath-dir=/data/app/~~pGCyPACF9G8ssXHMtqr6hw==/com.onda.app-EkA0_W9vA58YUWMRH-1b9g== --compiler-filter=verify --compilation-reason=install --max-image-block-size=524288 --resolve-startup-const-strings=true --generate-mini-debug-info --comments=app-name:com.onda.app,app-version-name:1.0,app-version-code:1,art-version:360910040
11-17 23:49:32.522  1643  2123 I ArtService: Dexopt result: [packageName = com.onda.app] DexContainerFileDexoptResult{dexContainerFile=/data/app/~~pGCyPACF9G8ssXHMtqr6hw==/com.onda.app-EkA0_W9vA58YUWMRH-1b9g==/base.apk, primaryAbi=true, abi=arm64-v8a, actualCompilerFilter=verify, status=PERFORMED, dex2oatWallTimeMillis=369, dex2oatCpuTimeMillis=380, sizeBytes=1987712, sizeBeforeBytes=0, extendedStatusFlags=[]}
11-17 23:49:32.523  1643  2123 I BackupManagerService: [UserID:0] restoreAtInstall pkg=com.onda.app token=15 restoreSet=3656d656966b1297
11-17 23:49:33.435  5010  6348 I Backup  : [RestoreRequestProcessor] Skipping app with no doc url or kv pairs: com.onda.app
11-17 23:49:33.441  1643  2123 D PackageManager: isLocaleOptimizedPackage() -  Non optimized app: com.onda.app. Proceed with normal install
11-17 23:49:33.452  1643  2123 I AppsFilter: interaction: PackageSetting{fe01596 com.onda.life/10336} -> PackageSetting{61a9350 com.onda.app/10405} BLOCKED
11-17 23:49:33.474  1643  2740 D ShortcutService: adding package: com.onda.app userId0
11-17 23:49:33.476  2878  2878 D CarrierSvcBindHelper: onPackageAdded: com.onda.app
11-17 23:49:33.477  3833  3911 I PackageInfoManager_FLP: action : ACTION_PACKAGE_ADDED, packageName = com.onda.app
11-17 23:49:33.479  2913  3135 D PluginActionManager: queryPkg com.onda.app com.android.systemui.action.PLUGIN_SENSOR_MANAGER
11-17 23:49:33.481  1643  2717 I AppWidgetServiceImpl: Received broadcast: android.intent.action.PACKAGE_ADDED, Updates all providers with com.onda.app, userId: 0
11-17 23:49:33.482  2913  3135 D PluginActionManager: queryPkg com.onda.app com.android.systemui.action.PLUGIN_OVERLAY
11-17 23:49:33.493  2913  3135 D PluginActionManager: queryPkg com.onda.app com.android.systemui.action.PLUGIN_VOLUME
11-17 23:49:33.501  1643  2798 I SdkSandboxManager: No SDKs used. Skipping SDK data reconcilation for CallingInfo{mUid=10405, mPackageName='com.onda.app, mAppProcessToken='null'}
11-17 23:49:33.501  1643  2538 D OverlayManager: reconcileSettingsForPackage pkgName=com.onda.app userId=0
11-17 23:49:33.501  1643  2538 I OverlayManager: updateOverlaysForTarget() called with: targetPackage = [com.onda.app], userId = [0], flags = [0]
11-17 23:49:33.501  2913  3135 D PluginActionManager: queryPkg com.onda.app com.samsung.systemui.action.PLUGIN_FACE_WIDGET
11-17 23:49:33.501  1643  2696 D SGM:GameManager: identifyGamePackage. com.onda.app, mCurrentUserId: 0, callerUserId: 0, callingMethodInfo: com.samsung.android.game.SemGameManager.isGamePackage(SemGameManager.java:105)
11-17 23:49:33.501  2913  3135 D PluginActionManager: queryPkg com.onda.app com.android.systemui.action.PLUGIN_NOTIFICATION_MENU_ROW
11-17 23:49:33.501  1643  2696 D SGM:SemGameManager: isGamePackage(), pkgName=com.onda.app, ret=false
11-17 23:49:33.504  2878  3125 D ImsResolver: maybeAddedImsService, packageName: com.onda.app
11-17 23:49:33.512  2913  3135 D PluginActionManager: queryPkg com.onda.app com.android.systemui.action.PLUGIN_NOTIFICATION_MENU_ROW
11-17 23:49:33.515  2913  3135 D PluginActionManager: queryPkg com.onda.app com.android.systemui.action.PLUGIN_QS
11-17 23:49:33.516 22721 22721 I Finsky  : [2] AIM: AppInfoCacheUpdater -> invalidating apps: [com.onda.app]
11-17 23:49:33.516 12703 12703 I FILP/PackageIntentReceiver: pkgName : com.onda.app
11-17 23:49:33.517 22721 22797 I Finsky  : [201] AIM: AppInfoManager-Perf > OnDeviceAppInfo > cacheHitCount=0, cacheMissCount=1. Missed  in cache (limit 10) : [com.onda.app]
11-17 23:49:33.520  2913  3135 D PluginActionManager: queryPkg com.onda.app com.android.systemui.action.PLUGIN_TOAST
11-17 23:49:33.520  2913  3135 D PluginActionManager: queryPkg com.onda.app com.android.systemui.action.PLUGIN_GLOBAL_ACTIONS
11-17 23:49:33.521  2913  3135 D PluginActionManager: queryPkg com.onda.app com.android.systemui.action.PLUGIN_QS_FACTORY
11-17 23:49:33.521  2913  3135 D PluginActionManager: queryPkg com.onda.app com.android.systemui.action.PLUGIN_CLOCK_PROVIDER
11-17 23:49:33.521  2913  3135 D PluginActionManager: queryPkg com.onda.app com.android.systemui.action.PLUGIN_NOTIFICATION_ASSISTANT
11-17 23:49:33.522  2913  3135 D PluginActionManager: queryPkg com.onda.app com.android.systemui.action.PEOPLE_HUB_PERSON_EXTRACTOR
11-17 23:49:33.525 22721 22801 I Finsky  : [205] AIM: AppInfoManager-Perf > OnDeviceAppInfo > cacheHitCount=0, cacheMissCount=1. Missed  in cache (limit 10) : [com.onda.app]
11-17 23:49:33.526  2878  2878 I VvmPkgInstalledRcvr: packageName: com.onda.app, systemDialer: com.samsung.android.dialer
11-17 23:49:33.529  2913  2913 I GoodLockLifecycle: onPackageAdded: com.onda.app
11-17 23:49:33.531  2913  3103 D BluetoothEventManager: AppPackageChangedHandler: package name = com.onda.app
11-17 23:49:33.533 22721 22721 I Finsky  : [2] VerifyApps: app installation complete for com.onda.app
11-17 23:49:33.537  1643  2538 D OverlayManager: -> Updating overlay: target=com.onda.app overlays=[OverlayPaths { resourceDirs = [/product/overlay/NavigationBarMode3Button/NavigationBarMode3ButtonOverlay.apk], overlayPaths = [/product/overlay/NavigationBarMode3Button/NavigationBarMode3ButtonOverlay.apk] }] userId=0
11-17 23:49:33.544 12909 12909 I SafetyLabelChangedBroadcastReceiver: received broadcast packageName: com.onda.app, current user: UserHandle{0}, packageChangeEvent: NEW_INSTALL, intent user: UserHandle{0}
11-17 23:49:33.558  1643  2785 D SGM:GameManager: identifyGamePackage. com.onda.app, mCurrentUserId: 0, callerUserId: 0, callingMethodInfo: com.samsung.android.game.SemGameManager.isGamePackage(SemGameManager.java:105)
11-17 23:49:33.559  1643  2785 D SGM:SemGameManager: isGamePackage(), pkgName=com.onda.app, ret=false
11-17 23:49:33.591 22721 22804 I Finsky  : [208] VerifyApps: running post install verification task for package: com.onda.app, install ID: 7e77f05c-8961-4837-ab60-26cb922f8620
11-17 23:49:33.594  1643  1643 I Telecom : SamsungOpenCommunicationPlatformPolicyPackageBroadcastReceiver : action : android.intent.action.PACKAGE_ADDED / packageName : com.onda.app
11-17 23:49:33.595 22721 22804 I Finsky  : [208] VerifyApps: Putting package com.onda.app in ECM mode succeeded
11-17 23:49:33.616  1643  2879 D SGM:GameManager: identifyGamePackage. com.onda.app, mCurrentUserId: 0, callerUserId: 0, callingMethodInfo: com.samsung.android.game.SemGameManager.isGamePackage(SemGameManager.java:105)
11-17 23:49:33.616  1643  2879 D SGM:SemGameManager: isGamePackage(), pkgName=com.onda.app, ret=false
11-17 23:49:33.616  1643  2879 I Pageboost: appinfo : com.onda.app 0 0 0 0
11-17 23:49:33.618  1643  2879 D SGM:GameManager: identifyGamePackage. com.onda.app, mCurrentUserId: 0, callerUserId: 0, callingMethodInfo: com.samsung.android.game.SemGameManager.isGamePackage(SemGameManager.java:105)
11-17 23:49:33.618  1643  2879 D SGM:SemGameManager: isGamePackage(), pkgName=com.onda.app, ret=false
11-17 23:49:33.618  1643  2879 I Pageboost: Reset this app info : com.onda.app
11-17 23:49:33.632  1643  3541 I Telecom : SamsungOpenCommunicationPlatformPolicyPackageHandler : handleMessage : { when=-38ms what=0 obj=com.onda.app target=com.samsung.server.telecom.advancedcall.ocp.policy.broadcast.SamsungOpenCommunicationPlatformPolicyPackageHandler }.what
11-17 23:49:33.644  6676 13616 I ProximityAuth: [RecentAppsMediator] Package added: (user=UserHandle{0}) com.onda.app
11-17 23:49:33.657  1643  2093 D MARsPolicyManager: new Package : com.onda.app, SCPMTarget : false
11-17 23:49:33.661  2878  2878 I VvmPkgInstalledRcvr:  NOT contains : com.onda.app
11-17 23:49:33.670  2878  2878 I VvmPkgInstalledRcvr:  NOT contains : com.onda.app
11-17 23:49:33.671  1643  1643 I AppsFilter: interaction: PackageSetting{4570dce com.onda.life/10336} -> PackageSetting{a99d4ef com.onda.app/10405} BLOCKED
11-17 23:49:33.679  2878  2878 D CarrierSvcBindHelper: onPackageModified: com.onda.app
11-17 23:49:33.680  2878  3125 D ImsResolver: maybeAddedImsService, packageName: com.onda.app
11-17 23:49:33.685  2913  3135 D PluginActionManager: queryPkg com.onda.app com.android.systemui.action.PLUGIN_SENSOR_MANAGER
11-17 23:49:33.686  2913  3135 D PluginActionManager: queryPkg com.onda.app com.android.systemui.action.PLUGIN_OVERLAY
11-17 23:49:33.686  2913  3135 D PluginActionManager: queryPkg com.onda.app com.android.systemui.action.PLUGIN_VOLUME
