11-18 10:56:54.399  1643  2123 V WindowManager: Collecting in transition 1845: ActivityRecord{4ffa016 u0 com.onda.app/.MainActivity, caller=com.android.server.wm.TransitionController.collect:7 com.android.server.wm.ActivityStarter.startActivityUnchecked:626 com.android.server.wm.ActivityStarter.executeRequest:3365 com.android.server.wm.ActivityStarter.execute:1122 com.android.server.wm.ActivityTaskManagerService.startActivityAsUser:88
11-18 10:56:54.399  1643  2123 D ActivityTaskManager: TaskLaunchParamsModifier:task=null activity=ActivityRecord{4ffa016 u0 com.onda.app/.MainActivity t-1} display-from-option=20 display-id=20 task-display-area-windowing-mode=1 suggested-display-area=DefaultTaskDisplayArea_d20@62043816
11-18 10:56:54.400  1643  2123 D ActivityTaskManager: TaskLaunchParamsModifier:task=null activity=ActivityRecord{4ffa016 u0 com.onda.app/.MainActivity t-1} display-from-option=20 display-id=20 task-display-area-windowing-mode=1 suggested-display-area=DefaultTaskDisplayArea_d20@62043816 non-freeform-task-display-area display-area=DefaultTaskDisplayArea_d20@62043816 activity-requested-portrait freeform-size-mismatch=Rect(81, 585 - 999, 1755)
11-18 10:56:54.400  1643  2123 D SPEG    : Skipping boost of com.onda.app
11-18 10:56:54.404  1643  2123 D ActivityTaskManager: TaskLaunchParamsModifier:task=Task{aa20d97 #1475 type=standard A=10418:com.onda.app} activity=ActivityRecord{4ffa016 u0 com.onda.app/.MainActivity t-1} display-from-option=20 display-id=20 task-display-area-windowing-mode=1 suggested-display-area=DefaultTaskDisplayArea_d20@62043816 inherit-from-task=fullscreen non-freeform-task-display-area display-area=DefaultTaskDisplayArea_d20@62043816 activity-requested-portrait freeform-size-mismatch=Rect(81, 585 - 999, 1755)
11-18 10:56:54.404  1643  2123 V WindowManager: Collecting in transition 1845: Task{aa20d97 #1475 type=standard A=10418:com.onda.app}, caller=com.android.server.wm.Transition.collectExistenceChange:42 com.android.server.wm.ActivityStarter.setNewTask:43 com.android.server.wm.ActivityStarter.startActivityInner:2218 com.android.server.wm.ActivityStarter.startActivityUnchecked:639 com.android.server.wm.ActivityStarter.executeRequest:3365
11-18 10:56:54.405  1336  3781 I SurfaceFlinger: id=25291 createSurf, flag=84004, ActivityRecord{4ffa016 u0 com.onda.app/.MainActivity t1475}#25291
11-18 10:56:54.407  1643  2123 V WindowManager: Add starting ActivityRecord{4ffa016 u0 com.onda.app/.MainActivity t1475}: startingData=SplashScreenStartingData{40e7f6d waitForSyncTransactionCommit=false removeAfterTransaction= 0}
11-18 10:56:54.408  1643  2123 V WindowManager: Added starting ActivityRecord{4ffa016 u0 com.onda.app/.MainActivity t1475}: startingWindow=null startingView=com.android.server.wm.StartingSurfaceController$StartingSurface@4da7a2
11-18 10:56:54.408  1643  2123 D SPEG    : Skipping boost of com.onda.app
11-18 10:56:54.408  1643  2123 D SPEG    : Skip changing launched state for com.onda.app
11-18 10:56:54.411  1643  2123 I AppsFilter: interaction: PackageSetting{a40ec52 com.onda.life/10336} -> PackageSetting{3114bf0 com.onda.app/10418} BLOCKED
11-18 10:56:54.414  1643  2123 V WindowManager: Collecting in transition 1845: ActivityRecord{4ffa016 u0 com.onda.app/.MainActivity t1475}, caller=com.android.server.wm.TransitionController.collect:7 com.android.server.wm.ActivityRecord.setVisibility:189 com.android.server.wm.EnsureActivitiesVisibleHelper.process:450 com.android.server.wm.TaskFragment.updateActivityVisibilities:12 com.android.server.wm.Task$$ExternalSyntheticLambda3.accept:399
11-18 10:56:54.416  1643  2123 V WindowManager: Collecting in transition 1845: ActivityRecord{4ffa016 u0 com.onda.app/.MainActivity t1475}, caller=com.android.server.wm.Transition.collectExistenceChange:42 com.android.server.wm.ActivityStarter.handleStartResult:523 com.android.server.wm.ActivityStarter.startActivityUnchecked:653 com.android.server.wm.ActivityStarter.executeRequest:3365 com.android.server.wm.ActivityStarter.execute:1122
11-18 10:56:54.418  1643  2123 I ActivityTaskManager: START u0 {act=android.intent.action.MAIN cat=[android.intent.category.LAUNCHER] flg=0x50040000 pkg=com.onda.app cmp=com.onda.app/.MainActivity} with LAUNCH_SINGLE_TASK from uid 1000 (BAL_ALLOW_ALLOWLISTED_UID) result code=0
11-18 10:56:54.418  1643  2123 D SPEG    : Skipping boost of com.onda.app
11-18 10:56:54.419  2913  3030 V WindowManagerShell: Transition requested (#1845): android.os.BinderProxy@e7bc21 TransitionRequestInfo { type = OPEN, triggerTask = TaskInfo{userId=0 taskId=1475 displayId=20 isRunning=true baseIntent=Intent { act=android.intent.action.MAIN cat=[android.intent.category.LAUNCHER] flg=0x50040000 pkg=com.onda.app cmp=com.onda.app/.MainActivity } baseActivity=ComponentInfo{com.onda.app/com.onda.app.MainActivity} topActivity=ComponentInfo{com.onda.app/com.onda.app.MainActivity} origActivity=null realActivity=ComponentInfo{com.onda.app/com.onda.app.MainActivity} numActivities=1 lastActiveTime=227678650 supportsMultiWindow=true resizeMode=1 isResizeable=true minWidth=-1 minHeight=-1 maxWidth=-1 maxHeight=-1 defaultMinSize=220 token=WCT{android.window.IWindowContainerToken$Stub$Proxy@835846} topActivityType=1 pictureInPictureParams=null shouldDockBigOverlays=false launchIntoPipHostTaskId=-1 lastParentTaskIdBeforePip=-1 displayCutoutSafeInsets=null topActivityInfo=ActivityInfo{8f61a07 com.onda.app.MainActivity} launchCookies=[] positionInParent=Point(0, 0) parentTaskId=-1 isFocused=false isVisible=false isVisibleRequested=true isSleeping=false topActivityInSizeCompat=false locusId=null displayAreaFeatureId=1 isTopActivityTransparent=false isTopActivityStyleFloating=false appCompatTaskInfo=AppCompatTaskInfo { topActivityInSizeCompat=false eligibleForLetterboxEducation= false isLetterboxEducationEnabled= false isLetterboxDoubleTapEnabled= false eligibleForUserAspectRatioButton= false topActivityBoundsLetterboxed= false isFromLetterboxDoubleTap= false topActivityLetterboxVerticalPosition= -1 topActivityLetterboxHorizontalPosition= -1 topActivityLetterboxWidth=1080 topActivityLetterboxHeight=2340 topActivityLetterboxAppWidth=1080 topActivityLetterboxAppHeight=2340 isUserFullscreenOverrideEnabled=false isSystemFullscreenOverrideEnabled=false hasMinAspectRatioOverride=false cameraCompatTaskInfo=CameraCompatTaskInfo { freeformCameraCompatMode=inactive} topActivityBounds=null topActivityInDisplayCompat=false} originallySupportedMultiWindow=true hasWallpaper=false rootAffinity=10418:com.onda.app isTopTaskInStage=false topActivityUiMode=17 CoverLauncherWidgetTask=false isAllowedSeamlessRotation=false isTopTransparentActivity=false snappingGuideBounds=Rect(81, 585 - 999, 1755) isAliasManaged=false hasConfigChanged=false isAiKeyRemoveAppTask=false}, pipTask = null, remoteTransition = null, displayChange = null, flags = 0, debugId = 1845 }
11-18 10:56:54.426  1643  2025 D BLASTSyncEngine: SyncGroup 1845:  Unfinished container: Task{aa20d97 #1475 type=standard A=10418:com.onda.app} mSyncState=2
11-18 10:56:54.430  1336  1336 I SurfaceFlinger: [ActivityRecord{4ffa016 u0 com.onda.app/.MainActivity t1475}#25291] attach to parent LayerHierarchy{RequestedLayerState{Task=1475#25290 parentId=25280} 1 children}
11-18 10:56:54.433  1643  2025 D BLASTSyncEngine: SyncGroup 1845:  Unfinished container: Task{aa20d97 #1475 type=standard A=10418:com.onda.app} mSyncState=2
11-18 10:56:54.451  1643  2058 I ActivityManager: Start proc 21672:com.onda.app/u0a418 for activity {com.onda.app/com.onda.app.MainActivity}
11-18 10:56:54.451  1643  2058 D DynamicHiddenApp_BGProtectManager: [SecIpm] it's a ML_TYPE_EMPTYPROCESS protected process com.onda.app
11-18 10:56:54.458 21672 21672 I com.onda.app: Using CollectorTypeCC GC.
11-18 10:56:54.461 21672 21672 E com.onda.app: Not starting debugger since process cannot load the jdwp agent.
11-18 10:56:54.494 21672 21672 D nativeloader: Configuring clns-7 for other apk /data/app/~~kVyYDr4it4DBdCcsjTBiWA==/com.onda.app-FG0OSvHSRbgCO_H4hv-TQw==/base.apk. target_sdk_version=34, uses_libraries=, library_path=/data/app/~~kVyYDr4it4DBdCcsjTBiWA==/com.onda.app-FG0OSvHSRbgCO_H4hv-TQw==/lib/arm64, permitted_path=/data:/mnt/expand:/data/user/0/com.onda.app
11-18 10:56:54.521  1643  5753 V WindowManager: Collecting in transition 1845: ActivityRecord{4ffa016 u0 com.onda.app/.MainActivity t1475}, caller=com.android.server.wm.TransitionController.collect:7 com.android.server.wm.ActivityRecord.setVisibility:189 com.android.server.wm.ActivityTaskSupervisor.realStartActivityLocked:234 com.android.server.wm.RootWindowContainer.attachApplication:90 com.android.server.wm.ActivityTaskManagerService$LocalService.attachApplication:40
11-18 10:56:54.521  1643  5753 D SGM:FgCheckThread: notifyAppCreated(), packageName: com.onda.app, userId: 0, sendRet: true
11-18 10:56:54.521  1643  2612 D SGM:FgCheckThread: onLooperPrepared(), msg: MSG_APP_CREATE, pkgName: com.onda.app, userId: 0
11-18 10:56:54.523  5228 10085 I SDHMS:l : handleResumeComponent : put = com.onda.app, userid = 0 instanceid =15596420
11-18 10:56:54.524  1643  2024 D SGM:FgCheckThread: noteResumeComponent(), received pkgName: com.onda.app, userId: 0
11-18 10:56:54.524  1643  5753 D GraphicsStatsService: requestRenderEngineFor(com.onda.app)
11-18 10:56:54.525  3422  3422 I HoneySpace.EdgePanel.EdgeContainerViewModel: cocktailHostRepository.edgePanelOperation NoteResumeComponent(componentName=ComponentInfo{com.onda.app/com.onda.app.MainActivity})
11-18 10:56:54.528  1643  3809 V PkgPredictorService-SecIpmManagerServiceImpl: discard foreground app:com.onda.app 0|false
11-18 10:56:54.531  3422 16321 I HoneySpace.EdgePanel.ActivityUtils: HomePackage : com.sec.android.app.launcher, resumePackageName : com.onda.app
11-18 10:56:54.638  1643  2058 I ActivityManager: Start proc 21709:com.google.android.webview:sandboxed_process0:org.chromium.content.app.SandboxedProcessService0:0/u0i263 for  {com.onda.app/org.chromium.content.app.SandboxedProcessService0:0}
11-18 10:56:54.638  1643  2058 I DynamicHiddenApp_BGProtectManager: check webview name : com.google.android.webview:sandboxed_process0:org.chromium.content.app.SandboxedProcessService0:0check hostingname webview : {com.onda.app/org.chromium.content.app.SandboxedProcessService0:0}
11-18 10:56:54.676  1643  2684 D MdnieScenarioControlService:  packageName : com.onda.app    className : com.onda.app.MainActivity
11-18 10:56:54.853  1643  5912 D ConnectivityService: requestNetwork for uid/pid:10418/21672 activeRequest: null callbackRequest: 9359 [NetworkRequest [ REQUEST id=9360, [ Capabilities: INTERNET&NOT_RESTRICTED&TRUSTED&NOT_VCN_MANAGED&NOT_BANDWIDTH_CONSTRAINED Uid: 10418 RequestorUid: 10418 RequestorPkg: com.onda.app UnderlyingNetworks: Null] ]] callback flags: 0 order: 2147483647 isUidTracked: false declaredMethods: AVAIL|LOST|NC|LP
11-18 10:56:54.854  1643  2669 D ConnectivityService:    accepting network in place of null for NetworkRequest [ REQUEST id=9360, [ Capabilities: INTERNET&NOT_RESTRICTED&TRUSTED&NOT_VCN_MANAGED&NOT_BANDWIDTH_CONSTRAINED Uid: 10418 RequestorUid: 10418 RequestorPkg: com.onda.app UnderlyingNetworks: Null] ]
11-18 10:56:54.857  1643  2654 D OemPaidWifiNetworkFactory: got request NetworkRequest [ REQUEST id=9360, [ Capabilities: INTERNET&NOT_RESTRICTED&TRUSTED&NOT_VCN_MANAGED&NOT_BANDWIDTH_CONSTRAINED Uid: 10418 RequestorUid: 10418 RequestorPkg: com.onda.app UnderlyingNetworks: Null] ]
11-18 10:56:54.858  1643  2654 D MultiInternetWifiNetworkFactory: got request NetworkRequest [ REQUEST id=9360, [ Capabilities: INTERNET&NOT_RESTRICTED&TRUSTED&NOT_VCN_MANAGED&NOT_BANDWIDTH_CONSTRAINED Uid: 10418 RequestorUid: 10418 RequestorPkg: com.onda.app UnderlyingNetworks: Null] ]
11-18 10:56:54.858  1643  2654 D WifiNetworkFactory: got request NetworkRequest [ REQUEST id=9360, [ Capabilities: INTERNET&NOT_RESTRICTED&TRUSTED&NOT_VCN_MANAGED&NOT_BANDWIDTH_CONSTRAINED Uid: 10418 RequestorUid: 10418 RequestorPkg: com.onda.app UnderlyingNetworks: Null] ]
11-18 10:56:54.858  1643  2654 D UntrustedWifiNetworkFactory: got request NetworkRequest [ REQUEST id=9360, [ Capabilities: INTERNET&NOT_RESTRICTED&TRUSTED&NOT_VCN_MANAGED&NOT_BANDWIDTH_CONSTRAINED Uid: 10418 RequestorUid: 10418 RequestorPkg: com.onda.app UnderlyingNetworks: Null] ]
11-18 10:56:54.953  1643  5942 D WindowManager: prepareSync <SYNC_STATE_WAITING_FOR_DRAW>, mPrepareSyncSeqId=0, win=Window{9e03aea u0 com.onda.app/com.onda.app.MainActivity}
11-18 10:56:54.954  1336  3781 I SurfaceFlinger: id=25292 createSurf, flag=84004, 9e03aea com.onda.app/com.onda.app.MainActivity#25292
11-18 10:56:54.968  1336  1336 I SurfaceFlinger: [9e03aea com.onda.app/com.onda.app.MainActivity#25292] attach to parent LayerHierarchy{RequestedLayerState{ActivityRecord{4ffa016 u0 com.onda.app/.MainActivity t1475}#25291 parentId=25290} 1 children}
11-18 10:56:54.994  1643  2880 V WindowManager: Relayout Window{9e03aea u0 com.onda.app/com.onda.app.MainActivity}: viewVisibility=0 req=1080x2340 ty=1 d20
11-18 10:56:54.994  1336  3781 I SurfaceFlinger: id=25293 createSurf, flag=44004, com.onda.app/com.onda.app.MainActivity$_21672#25293
11-18 10:56:54.995  1643  2880 D WindowManager: makeSurface duration=1 name=com.onda.app/com.onda.app.MainActivity$_21672
11-18 10:56:54.997  1643  2880 D BLASTSyncEngine: SyncGroup 1845:  Unfinished container: Task{aa20d97 #1475 type=standard A=10418:com.onda.app} mSyncState=2
11-18 10:56:54.998  1643  5942 D CoreBackPreview: Window{9e03aea u0 com.onda.app/com.onda.app.MainActivity}: Setting back callback OnBackInvokedCallbackInfo{mCallback=android.window.IOnBackInvokedCallback$Stub$Proxy@39a678d, mPriority=0, mIsAnimationCallback=false}
11-18 10:56:55.023  1336  1336 I SurfaceFlinger: [com.onda.app/com.onda.app.MainActivity$_21672#25293] attach to parent LayerHierarchy{RequestedLayerState{9e03aea com.onda.app/com.onda.app.MainActivity#25292 parentId=25291} 1 children}
11-18 10:56:55.092  1643  5942 D SGM:GameManager: identifyGamePackage. com.onda.app, mCurrentUserId: 0, callerUserId: 0, callingMethodInfo: com.samsung.android.game.IGameManagerService$Stub.onTransact(IGameManagerService.java:228)
11-18 10:56:55.109  1336  1445 I SurfaceFlinger: [com.onda.app/com.onda.app.MainActivity$_21672#25293] setTransactionState with the first frame. bufferData(ID: 93080531238912, frameNumber: 1)
11-18 10:56:55.111  1643  5942 D WindowManager: finishDrawingWindow: Window{9e03aea u0 com.onda.app/com.onda.app.MainActivity} mDrawState=DRAW_PENDING seqId=0
11-18 10:56:55.112  1643  2025 V WindowManager: Clearing startingData for token=ActivityRecord{4ffa016 u0 com.onda.app/.MainActivity t1475}
11-18 10:56:55.112  1643  2025 V WindowManager: performShowLocked: mDrawState=HAS_DRAWN in Window{9e03aea u0 com.onda.app/com.onda.app.MainActivity}
11-18 10:56:55.112  1643  2025 V WindowManager: Start calculating TransitionInfo based on participants: {ActivityRecord{4ffa016 u0 com.onda.app/.MainActivity t1475}, Task{aa20d97 #1475 type=standard A=10418:com.onda.app}}
11-18 10:56:55.113  1643  2025 V WindowManager:   Final targets: [Task{aa20d97 #1475 type=standard A=10418:com.onda.app}, DefaultTaskDisplayArea_d20@62043816]
11-18 10:56:55.115  1643  2025 I SurfaceControlRegistry: show, t=StartTransaction_SyncId<1845> sc=ActivityRecord{4ffa016 u0 com.onda.app/.MainActivity t1475}, caller=android.view.SurfaceControl$Transaction.show:3232 com.android.server.wm.Transition.onTransactionReady:2273 com.android.server.wm.BLASTSyncEngine$SyncGroup.finishNow:195 com.android.server.wm.BLASTSyncEngine.onSurfacePlacement:269 com.android.server.wm.RootWindowContainer.performSurfacePlacementNoTrace:471 com.android.server.wm.RootWindowContainer.performSurfacePlacement:9
11-18 10:56:55.115  1643  2025 V WindowManager:         {WCT{RemoteToken{6eda7cb Task{aa20d97 #1475 type=standard A=10418:com.onda.app}}} m=OPEN f=NONE p=WCT{RemoteToken{e527ba8 DefaultTaskDisplayArea_d20@62043816}} leash=Surface(name=Task=1475)/@0xbf1fb45 sb=Rect(0, 0 - 1080, 2340) eb=Rect(0, 0 - 1080, 2340) d=20 taskParent=-1 inset=Rect(0, 0 - 0, 0)},
11-18 10:56:55.116  1643  2025 I ActivityTaskManager: done cause=notifyTransitionStarting drawn timestamp=96735885836795 info=TransitionInfo{6bc06c1 a=ActivityRecord{4ffa016 u0 com.onda.app/.MainActivity t1475} d=true}
11-18 10:56:55.116  1643  2025 D WindowManager: updateSystemBarAttributes: displayId=20, focusedCanBeNavColorWin=false, win=Window{9e03aea u0 com.onda.app/com.onda.app.MainActivity}, navColorWin=null, caller=com.android.server.wm.DisplayPolicy.finishPostLayoutPolicyLw:17 com.android.server.wm.RootWindowContainer.applySurfaceChangesTransaction$1:194 com.android.server.wm.RootWindowContainer.performSurfacePlacementNoTrace:61
11-18 10:56:55.120  1336  1445 I SurfaceFlinger: id=25295 createSurf, flag=84000, 25519d8 ActivityRecordInputSink com.onda.app/.MainActivity#25295
11-18 10:56:55.124  1336  1336 I SurfaceFlinger: [25519d8 ActivityRecordInputSink com.onda.app/.MainActivity#25295] attach to parent LayerHierarchy{RequestedLayerState{ActivityRecord{4ffa016 u0 com.onda.app/.MainActivity t1475}#25291 parentId=25290} 2 children}
11-18 10:56:55.125  1643  2020 I PkgPredictorService-SecIpmManagerServiceImpl: reportToNAP uid:10418 com.onda.app/com.onda.app.MainActivity thisTime:733
11-18 10:56:55.125  1643  3809 D PkgPredictorService-SecIpmManagerServiceImpl: ACTION_FOREGROUND_FINISH_EVENT sCurForegroundApp :com.onda.app
11-18 10:56:55.127  1643  2020 I ActivityTaskManager: Displayed com.onda.app/.MainActivity for user 0: +733ms
11-18 10:56:55.127  1643  2020 I Pageboost: Launch time gathered : pid 21672 com.onda.app 733
11-18 10:56:55.128  1643  2020 V WindowManager: Sent Transition (#1845) createdAt=11-18 10:56:54.397 via request=TransitionRequestInfo { type = OPEN, triggerTask = TaskInfo{userId=0 taskId=1475 displayId=20 isRunning=true baseIntent=Intent { act=android.intent.action.MAIN cat=[android.intent.category.LAUNCHER] flg=0x50040000 pkg=com.onda.app cmp=com.onda.app/.MainActivity } baseActivity=ComponentInfo{com.onda.app/com.onda.app.MainActivity} topActivity=ComponentInfo{com.onda.app/com.onda.app.MainActivity} origActivity=null realActivity=ComponentInfo{com.onda.app/com.onda.app.MainActivity} numActivities=1 lastActiveTime=227678650 supportsMultiWindow=true resizeMode=1 isResizeable=true minWidth=-1 minHeight=-1 maxWidth=-1 maxHeight=-1 defaultMinSize=220 token=WCT{RemoteToken{6eda7cb Task{aa20d97 #1475 type=standard A=10418:com.onda.app}}} topActivityType=1 pictureInPictureParams=null shouldDockBigOverlays=false launchIntoPipHostTaskId=-1 lastParentTaskIdBeforePip=-1 displayCutoutSafeInsets=null topActivityInfo=ActivityInfo{77f17c0 com.onda.app.MainActivity} launchCookies=[] positionInParent=Point(0, 0) parentTaskId=-1 isFocused=false isVisible=false isVisibleRequested=true isSleeping=false topActivityInSizeCompat=false locusId=null displayAreaFeatureId=1 isTopActivityTransparent=false isTopActivityStyleFloating=false appCompatTaskInfo=AppCompatTaskInfo { topActivityInSizeCompat=false eligibleForLetterboxEducation= false isLetterboxEducationEnabled= false isLetterboxDoubleTapEnabled= false eligibleForUserAspectRatioButton= false topActivityBoundsLetterboxed= false isFromLetterboxDoubleTap= false topActivityLetterboxVerticalPosition= -1 topActivityLetterboxHorizontalPosition= -1 topActivityLetterboxWidth=1080 topActivityLetterboxHeight=2340 topActivityLetterboxAppWidth=1080 topActivityLetterboxAppHeight=2340 isUserFullscreenOverrideEnabled=false isSystemFullscreenOverrideEnabled=false hasMinAspectRatioOverride=false cameraCompatTaskInfo=CameraCompatTaskInfo { freeformCameraCompatMode=inactive} topActivityBounds=null topActivityInDisplayCompat=false} originallySupportedMultiWindow=true hasWallpaper=false rootAffinity=10418:com.onda.app isTopTaskInStage=false topActivityUiMode=17 CoverLauncherWidgetTask=false isAllowedSeamlessRotation=false isTopTransparentActivity=false snappingGuideBounds=Rect(81, 585 - 999, 1755) isAliasManaged=false hasConfigChanged=false isAiKeyRemoveAppTask=false}, pipTask = null, remoteTransition = null, displayChange = null, flags = 0, debugId = 1845 }
11-18 10:56:55.128  1643  2020 V WindowManager:         {WCT{RemoteToken{6eda7cb Task{aa20d97 #1475 type=standard A=10418:com.onda.app}}} m=OPEN f=NONE p=WCT{RemoteToken{e527ba8 DefaultTaskDisplayArea_d20@62043816}} leash=Surface(name=Task=1475)/@0xbf1fb45 sb=Rect(0, 0 - 1080, 2340) eb=Rect(0, 0 - 1080, 2340) d=20 taskParent=-1 inset=Rect(0, 0 - 0, 0)},
11-18 10:56:55.149  1336  1336 I SurfaceFlinger: Layer [com.onda.app/com.onda.app.MainActivity$_21672#25293] hidden!! flag(0)
11-18 10:56:55.149  1336  1336 I SurfaceFlinger: Layer [ActivityRecord{4ffa016 u0 com.onda.app/.MainActivity t1475}#25291] hidden!! flag(0)
11-18 10:56:55.149  1336  1336 I SurfaceFlinger: Layer [9e03aea com.onda.app/com.onda.app.MainActivity#25292] hidden!! flag(0)
11-18 10:56:55.310  1643  2830 D NetdEventListenerService: DNS Requested by 122, 10418(com.onda.app), SUCCESS, 53ms
11-18 10:56:55.313  1643  2830 D NetdEventListenerService: DNS Requested by 122, 10418(com.onda.app), SUCCESS, 46ms
11-18 10:56:55.314  1643  2830 D NetdEventListenerService: DNS Requested by 122, 10418(com.onda.app), SUCCESS, 47ms
11-18 10:56:56.230  1643  2024 I InputManager-JNI: Viewport [1] to add: virtual:com.onda.app:10418, isActive: true
11-18 10:56:56.230  1643  2024 D InputManager-JNI: Viewport [1] type:3, displayId=20, uniqueId=virtual:com.onda.app:10418, orientation=0, logicalFrame=[0, 0][1080, 2340], physicalFrame=[0, 0][1080, 2340], deviceSize=[1080, 2340]
11-18 10:56:56.328  1643  5419 V WindowManager: Collecting in transition 1846: ActivityRecord{4ffa016 u0 com.onda.app/.MainActivity t1475}, caller=com.android.server.wm.TransitionController.collect:7 com.android.server.wm.ActivityRecord.setVisibility:189 com.android.server.wm.ActivityRecord.makeInvisible:39 com.android.server.wm.EnsureActivitiesVisibleHelper.process:637 com.android.server.wm.TaskFragment.updateActivityVisibilities:12
11-18 10:56:56.328  1643  5419 D WindowManager: prepareSync <SYNC_STATE_WAITING_FOR_DRAW>, mPrepareSyncSeqId=0, win=Window{9e03aea u0 com.onda.app/com.onda.app.MainActivity}
11-18 10:56:56.334  1643  2024 D SGM:FgCheckThread: notePauseComponent(), received pkgName: com.onda.app, userId: 0
11-18 10:56:56.334  1643  2024 D SGM:FgCheckThread: notePauseComponent(), received pkgName: com.onda.app, userId: 0
11-18 10:56:56.334  1643  2024 D SGM:FgCheckThread: notifyFocusInOut(). of pkg: com.onda.app, type: 20, isSecGameFamily: false, userId: 0
11-18 10:56:56.338  1643  2024 D SGM:GameManager: identifyGamePackage. com.onda.app, mCurrentUserId: 0, callerUserId: 0, callingMethodInfo: com.samsung.android.game.SemGameManager.isGamePackage(SemGameManager.java:105)
11-18 10:56:56.338  1643  2024 D SGM:SemGameManager: isGamePackage(), pkgName=com.onda.app, ret=false
11-18 10:56:56.379  1643  2025 V WindowManager: Start calculating TransitionInfo based on participants: {ActivityRecord{4ffa016 u0 com.onda.app/.MainActivity t1475}, WallpaperWindowToken{926e278 token=android.os.Binder@36b27db}_<system>, WallpaperWindowToken{a84b3fd token=android.os.Binder@8f50cc1}_<lock>, ActivityRecord{c02d6da u0 com.sec.android.app.launcher/.activities.LauncherActivity t1169}}
11-18 10:56:56.379  1643  2025 V WindowManager:   Final targets: [Task{308bf4f #1 type=home}, DefaultTaskDisplayArea_d0@220808832, WallpaperWindowToken{926e278 token=android.os.Binder@36b27db}_<system>, WallpaperWindowToken{a84b3fd token=android.os.Binder@8f50cc1}_<lock>, Task{aa20d97 #1475 type=standard A=10418:com.onda.app}, DefaultTaskDisplayArea_d20@62043816]
11-18 10:56:56.387  1643  2025 V WindowManager:         {WCT{RemoteToken{6eda7cb Task{aa20d97 #1475 type=standard A=10418:com.onda.app}}} m=TO_BACK f=NONE p=WCT{RemoteToken{e527ba8 DefaultTaskDisplayArea_d20@62043816}} leash=Surface(name=Task=1475)/@0xbf1fb45 sb=Rect(0, 0 - 1080, 2340) eb=Rect(0, 0 - 1080, 2340) d=20 taskParent=-1 inset=Rect(0, 0 - 0, 0)},
11-18 10:56:56.419  1336  1481 D RenderEngine: [SEC_SF_EFFECTS] drawLayersInternal,1299, Rendering layer com.onda.app/com.onda.app.MainActivity$_21672#25293 at index 1
11-18 10:56:56.451  1643  2020 V WindowManager:         {WCT{RemoteToken{6eda7cb Task{aa20d97 #1475 type=standard A=10418:com.onda.app}}} m=TO_BACK f=NONE p=WCT{RemoteToken{e527ba8 DefaultTaskDisplayArea_d20@62043816}} leash=Surface(name=Task=1475)/@0xbf1fb45 sb=Rect(0, 0 - 1080, 2340) eb=Rect(0, 0 - 1080, 2340) d=20 taskParent=-1 inset=Rect(0, 0 - 0, 0)},
11-18 10:56:56.658  1643  5753 V WindowManager: Setting visibility of Window{9e03aea u0 com.onda.app/com.onda.app.MainActivity}: false, caller=com.android.server.wm.WindowContainer.sendAppVisibilityToClients:19 com.android.server.wm.WindowToken.setClientVisible:49 com.android.server.wm.ActivityRecord.setClientVisible:8 com.android.server.wm.ActivityRecord.commitVisibility:273 com.android.server.wm.TransitionController.finishTransition:766
11-18 10:56:56.671  1336  1336 I SurfaceFlinger: Layer [com.onda.app/com.onda.app.MainActivity$_21672#25293] hidden!! flag(1)
11-18 10:56:56.671  1336  1336 I SurfaceFlinger: Layer [ActivityRecord{4ffa016 u0 com.onda.app/.MainActivity t1475}#25291] hidden!! flag(1)
11-18 10:56:56.678  1643  5937 V WindowManager: Relayout Window{9e03aea u0 com.onda.app/com.onda.app.MainActivity}: viewVisibility=8 req=1080x2340 ty=1 d20
11-18 10:56:56.706  1643  2536 V WindowManager: Relayout Window{9e03aea u0 com.onda.app/com.onda.app.MainActivity}: viewVisibility=8 req=1080x2340 ty=1 d20
11-18 10:56:56.709  1643  2057 I ActivityManager: Force stopping com.onda.app appid=10418 user=0: SPEG
11-18 10:56:56.710  1643  5940 E WindowManager: win=Window{9e03aea u0 com.onda.app/com.onda.app.MainActivity} destroySurfaces: appStopped=true cleanupOnResume=false win.mWindowRemovalAllowed=false win.mRemoveOnExit=false win.mViewVisibility=8 caller=com.android.server.wm.ActivityRecord.destroySurfaces:25 com.android.server.wm.ActivityRecord.activityStopped:204 com.android.server.wm.ActivityClientController.activityStopped:95 android.app.IActivityClientController$Stub.onTransact:722 com.android.server.wm.ActivityClientController.onTransact:1 android.os.Binder.execTransactInternal:1541 android.os.Binder.execTransact:1480
11-18 10:56:56.711  1643  5940 I WindowManager: Destroying surface Surface(name=com.onda.app/com.onda.app.MainActivity$_21672)/@0x4b263 called by com.android.server.wm.WindowStateAnimator.destroySurface:11 com.android.server.wm.WindowStateAnimator.destroySurfaceLocked:54 com.android.server.wm.WindowState.destroySurfaceUnchecked:5 com.android.server.wm.WindowState.destroySurface:126 com.android.server.wm.ActivityRecord.destroySurfaces:25 com.android.server.wm.ActivityRecord.activityStopped:204 com.android.server.wm.ActivityClientController.activityStopped:95 android.app.IActivityClientController$Stub.onTransact:722
11-18 10:56:56.712  1643  2057 I ActivityManager: Killing 21672:com.onda.app/u0a418 (adj 200): stop com.onda.app due to SPEG
11-18 10:56:56.713  1336  1336 I SurfaceFlinger: [LayerHierarchy{RequestedLayerState{com.onda.app/com.onda.app.MainActivity$_21672#25293} no children}] reparent to OffscreenRoot
11-18 10:56:56.713  1336  1336 I SurfaceFlinger: [LayerHierarchy{RequestedLayerState{com.onda.app/com.onda.app.MainActivity$_21672#25293} no children}] RelativeParent to null
11-18 10:56:56.713  1643  2057 D ActivityManager: proc ProcessRecord{a33188f 21672:com.onda.app/u0a418} already removed. so we skip next process.
11-18 10:56:56.714  1643  2057 W ActivityTaskManager: Force removing ActivityRecord{4ffa016 u0 com.onda.app/.MainActivity t1475 f}}: app died, no saved state
11-18 10:56:56.714  1643  2057 W InputManager-JNI: Input channel object '9e03aea com.onda.app/com.onda.app.MainActivity (client)' was disposed without first being removed with the input manager!
11-18 10:56:56.714  1643  2057 V WindowManager: Remove Window{9e03aea u0 com.onda.app/com.onda.app.MainActivity}: mSurfaceController=null mAnimatingExit=false mRemoveOnExit=false mHasSurface=false surfaceShowing=false animating=false app-animation=false mDisplayFrozen=false callers=com.android.server.wm.WindowToken.removeAllWindowsIfPossible:46 com.android.server.wm.ActivityRecord.removeIfPossible:4 com.android.server.wm.ActivityRecord.onRemovedFromDisplay:499 com.android.server.wm.ActivityRecord.removeFromHistory:176 com.android.server.wm.WindowProcessController.handleAppDied$1:514 com.android.server.am.ActivityManagerService.handleAppDiedLocked:247
11-18 10:56:56.716  1336  3781 I SurfaceFlinger: id=25295 Removed 25519d8 ActivityRecordInputSink com.onda.app/.MainActivity#25295 (161)
11-18 10:56:56.721  1336  1336 I SurfaceFlinger: [LayerHierarchy{RequestedLayerState{ActivityRecord{4ffa016 u0 com.onda.app/.MainActivity t1475}#25291} 2 children}] reparent to OffscreenRoot
11-18 10:56:56.721  1336  1336 I SurfaceFlinger: [LayerHierarchy{RequestedLayerState{ActivityRecord{4ffa016 u0 com.onda.app/.MainActivity t1475}#25291} 2 children}] RelativeParent to null
11-18 10:56:56.721  1336  1336 I SurfaceFlinger: [LayerHierarchy{RequestedLayerState{9e03aea com.onda.app/com.onda.app.MainActivity#25292} no children}] reparent to OffscreenRoot
11-18 10:56:56.721  1336  1336 I SurfaceFlinger: [LayerHierarchy{RequestedLayerState{9e03aea com.onda.app/com.onda.app.MainActivity#25292} no children}] RelativeParent to null
11-18 10:56:56.722  1643  2024 D SGM:FgCheckThread: pkgName: com.onda.app is not in foreground
11-18 10:56:56.722  1643  2024 D SGM:FgCheckThread: noteStopComponent(), received pkgName: com.onda.app, focusedPkgName: com.sec.android.app.launcher, userId: 0
11-18 10:56:56.723  1643  2024 D SGM:FgCheckThread: pkgName: com.onda.app is not in foreground
11-18 10:56:56.723  1643  2024 D SGM:FgCheckThread: noteStopComponent(), received pkgName: com.onda.app, focusedPkgName: com.sec.android.app.launcher, userId: 0
11-18 10:56:56.723  1336  1336 I SurfaceFlinger: id=25291 Removed ActivityRecord{4ffa016 u0 com.onda.app/.MainActivity t1475}#25291 (162)
11-18 10:56:56.723  1336  1336 I SurfaceFlinger: id=25292 Removed 9e03aea com.onda.app/com.onda.app.MainActivity#25292 (162)
11-18 10:56:56.729  1336  1336 I SurfaceFlinger: destroyed ActivityRecord{4ffa016 u0 com.onda.app/.MainActivity t1475}#25291
11-18 10:56:56.730  1336  1336 I SurfaceFlinger: destroyed 9e03aea com.onda.app/com.onda.app.MainActivity#25292
11-18 10:56:56.730  1336  1336 I SurfaceFlinger: destroyed 25519d8 ActivityRecordInputSink com.onda.app/.MainActivity#25295
11-18 10:56:56.731  1336  1336 I Layer   : id=25295 Destroyed 25519d8 ActivityRecordInputSink com.onda.app/.MainActivity#25295
11-18 10:56:56.731  1336  1336 I Layer   : id=25292 Destroyed 9e03aea com.onda.app/com.onda.app.MainActivity#25292
11-18 10:56:56.731  1336  1336 I Layer   : id=25291 Destroyed ActivityRecord{4ffa016 u0 com.onda.app/.MainActivity t1475}#25291
11-18 10:56:56.732  1336  1445 I SurfaceFlinger: id=25293 Removed com.onda.app/com.onda.app.MainActivity$_21672#25293 (158)
11-18 10:56:56.738  1336  1336 I SurfaceFlinger: destroyed com.onda.app/com.onda.app.MainActivity$_21672#25293
11-18 10:56:56.740  1336  1336 I Layer   : id=25293 Destroyed com.onda.app/com.onda.app.MainActivity$_21672#25293
11-18 10:56:56.837  1643  2669 D ConnectivityService: releasing NetworkRequest [ REQUEST id=9360, [ Capabilities: INTERNET&NOT_RESTRICTED&TRUSTED&NOT_VCN_MANAGED&NOT_BANDWIDTH_CONSTRAINED Uid: 10418 RequestorUid: 10418 RequestorPkg: com.onda.app UnderlyingNetworks: Null] ] (release request)
11-18 10:56:56.837  1643  2536 V ActivityManager: Got obituary of 21672:com.onda.app
11-18 10:56:56.842  1643  2123 I DisplayDeviceRepository: Display device removed: DisplayDeviceInfo{"SpegVirtualDisplay": uniqueId="virtual:com.onda.app:10418", 1080 x 2340, modeId 17, renderFrameRate 60.0, defaultModeId 17, userPreferredModeId -1, supportedModes [{id=17, width=1080, height=2340, fps=60.0, vsync=60.0, synthetic=false, alternativeRefreshRates=[], supportedHdrTypes=[]}], colorMode 0, supportedColorModes [0], hdrCapabilities null, allmSupported false, gameContentTypeSupported false, density 480, 480.0 x 480.0 dpi, appVsyncOff 0, presDeadline 16666666, touch VIRTUAL, rotation 0, type VIRTUAL, deviceProductInfo null, state ON, committedState UNKNOWN, owner com.onda.app (uid 10418), frameRateOverride , brightnessMinimum 0.0, brightnessMaximum 0.0, brightnessDefault 0.0, hdrSdrRatio NaN, FLAG_ROTATES_WITH_CONTENT, FLAG_PRIVATE, FLAG_NEVER_BLANK, FLAG_OWN_CONTENT_ONLY, FLAG_DESTROY_CONTENT_ON_REMOVAL, FLAG_SPEG_DISPLAY, installOrientation 0, displayShape DisplayShape{ spec=-1084927657 displayWidth=1080 displayHeight=2340 physicalPixelDisplaySizeRatio=1.0 rotation=0 offsetX=0 offsetY=0 scale=1.0}}
11-18 10:56:56.896  1643  2123 D SPEG    : Skip changing launched state for com.onda.app
11-18 10:56:56.948 21181 21184 I artd    : Opened FDs: 7:/data/app/~~kVyYDr4it4DBdCcsjTBiWA==/com.onda.app-FG0OSvHSRbgCO_H4hv-TQw==/base.apk.prof 8:/data/app/~~kVyYDr4it4DBdCcsjTBiWA==/com.onda.app-FG0OSvHSRbgCO_H4hv-TQw==/base.apk 9:/data/misc/profiles/ref/com.onda.app/primary.prof.qZ1Bnn.tmp
11-18 10:56:57.007 21181 21184 I artd    : GetBestInfo: /data/app/~~kVyYDr4it4DBdCcsjTBiWA==/com.onda.app-FG0OSvHSRbgCO_H4hv-TQw==/base.apk has no usable artifacts
11-18 10:56:57.079 21181 21184 I artd    : Running dex2oat: /apex/com.android.art/bin/art_exec --drop-capabilities --set-task-profile=Dex2OatBootComplete --set-priority=background --keep-fds=8:9:10:11:12:13 -- /apex/com.android.art/bin/dex2oat64 --zip-fd=8 --zip-location=/data/app/~~kVyYDr4it4DBdCcsjTBiWA==/com.onda.app-FG0OSvHSRbgCO_H4hv-TQw==/base.apk --oat-fd=9 --oat-location=/data/app/~~kVyYDr4it4DBdCcsjTBiWA==/com.onda.app-FG0OSvHSRbgCO_H4hv-TQw==/oat/arm64/base.odex --output-vdex-fd=10 --app-image-fd=11 --image-format=lz4 --swap-fd=12 --class-loader-context=PCL[] --classpath-dir=/data/app/~~kVyYDr4it4DBdCcsjTBiWA==/com.onda.app-FG0OSvHSRbgCO_H4hv-TQw== --profile-file-fd=13 --instruction-set=arm64 --instruction-set-features=default --instruction-set-variant=kryo300 --compiler-filter=speed-profile --compilation-reason=install-speg --max-image-block-size=524288 --resolve-startup-const-strings=true --generate-mini-debug-info --runtime-arg -Xtarget-sdk-version:34 --runtime-arg -Xhidden-api-policy:enabled --runtime-arg -Xms64m --runtime-arg -Xmx512m --comments=app-name:com.onda.app,app-version-name:1.0,app-version-code:1,art-version:360910040
11-18 10:56:57.079 21181 21184 I artd    : Opened FDs: 8:/data/app/~~kVyYDr4it4DBdCcsjTBiWA==/com.onda.app-FG0OSvHSRbgCO_H4hv-TQw==/base.apk 9:/data/app/~~kVyYDr4it4DBdCcsjTBiWA==/com.onda.app-FG0OSvHSRbgCO_H4hv-TQw==/oat/arm64/base.odex.9UbK2p.tmp 10:/data/app/~~kVyYDr4it4DBdCcsjTBiWA==/com.onda.app-FG0OSvHSRbgCO_H4hv-TQw==/oat/arm64/base.vdex.cWU8BA.tmp 11:/data/app/~~kVyYDr4it4DBdCcsjTBiWA==/com.onda.app-FG0OSvHSRbgCO_H4hv-TQw==/oat/arm64/base.art.v5pZKY.tmp 12:/data/app/~~kVyYDr4it4DBdCcsjTBiWA==/com.onda.app-FG0OSvHSRbgCO_H4hv-TQw==/oat/arm64/base.odex.swap.eWRJyd.tmp 13:/data/misc/profiles/ref/com.onda.app/primary.prof.qZ1Bnn.tmp
11-18 10:56:57.094   806   806 D io_stats: !@ Read_top(KB): com.onda.app(21672) 82492 ThreadPoolForeg(21793) 69288 ndroid.systemui(2913) 36488
11-18 10:56:57.094   806   806 D io_stats: !@ Write_top(KB): system_server(1643) 7012 fingerprint@3.0(1822) 3676 com.onda.app(21672) 1336
11-18 10:56:57.190 21950 21950 I dex2oat64: /apex/com.android.art/bin/dex2oat64 --output-vdex-fd=10 --class-loader-context=PCL[] --classpath-dir=/data/app/~~kVyYDr4it4DBdCcsjTBiWA==/com.onda.app-FG0OSvHSRbgCO_H4hv-TQw== --profile-file-fd=13 --compiler-filter=speed-profile --compilation-reason=install-speg --max-image-block-size=524288 --resolve-startup-const-strings=true --generate-mini-debug-info --comments=app-name:com.onda.app,app-version-name:1.0,app-version-code:1,art-version:360910040
11-18 10:56:57.614  1643  2123 I ArtService: Dexopt result: [packageName = com.onda.app] DexContainerFileDexoptResult{dexContainerFile=/data/app/~~kVyYDr4it4DBdCcsjTBiWA==/com.onda.app-FG0OSvHSRbgCO_H4hv-TQw==/base.apk, primaryAbi=true, abi=arm64-v8a, actualCompilerFilter=speed-profile, status=PERFORMED, dex2oatWallTimeMillis=531, dex2oatCpuTimeMillis=530, sizeBytes=2419264, sizeBeforeBytes=0, extendedStatusFlags=[]}
11-18 10:56:57.616  1643  2123 I BackupManagerService: [UserID:0] restoreAtInstall pkg=com.onda.app token=22 restoreSet=3656d656966b1297
11-18 10:56:58.304 23653 23837 I Backup  : [RestoreRequestProcessor] Skipping app with no doc url or kv pairs: com.onda.app
11-18 10:56:58.307  1643  2123 D PackageManager: isLocaleOptimizedPackage() -  Non optimized app: com.onda.app. Proceed with normal install
11-18 10:56:58.314  1643  2123 I AppsFilter: interaction: PackageSetting{a40ec52 com.onda.life/10336} -> PackageSetting{eb1aa57 com.onda.app/10418} BLOCKED
11-18 10:56:58.327  1643  2717 I AppWidgetServiceImpl: Received broadcast: android.intent.action.PACKAGE_ADDED, Updates all providers with com.onda.app, userId: 0
11-18 10:56:58.327  1643  2740 D ShortcutService: adding package: com.onda.app userId0
11-18 10:56:58.328  1643  2696 D SGM:GameManager: identifyGamePackage. com.onda.app, mCurrentUserId: 0, callerUserId: 0, callingMethodInfo: com.samsung.android.game.SemGameManager.isGamePackage(SemGameManager.java:105)
11-18 10:56:58.328  1643  2696 D SGM:SemGameManager: isGamePackage(), pkgName=com.onda.app, ret=false
11-18 10:56:58.331  2878  2878 D CarrierSvcBindHelper: onPackageAdded: com.onda.app
11-18 10:56:58.332  2878  3125 D ImsResolver: maybeAddedImsService, packageName: com.onda.app
11-18 10:56:58.332  3833  3911 I PackageInfoManager_FLP: action : ACTION_PACKAGE_ADDED, packageName = com.onda.app
11-18 10:56:58.333  2878  2878 I VvmPkgInstalledRcvr: packageName: com.onda.app, systemDialer: com.samsung.android.dialer
11-18 10:56:58.335  1643  2798 I SdkSandboxManager: No SDKs used. Skipping SDK data reconcilation for CallingInfo{mUid=10418, mPackageName='com.onda.app, mAppProcessToken='null'}
11-18 10:56:58.336  2913  2913 I GoodLockLifecycle: onPackageAdded: com.onda.app
11-18 10:56:58.343  2913  3103 D BluetoothEventManager: AppPackageChangedHandler: package name = com.onda.app
11-18 10:56:58.345  2913  3135 D PluginActionManager: queryPkg com.onda.app com.android.systemui.action.PLUGIN_SENSOR_MANAGER
11-18 10:56:58.345  2913  3135 D PluginActionManager: queryPkg com.onda.app com.android.systemui.action.PLUGIN_NOTIFICATION_MENU_ROW
11-18 10:56:58.345  2913  3135 D PluginActionManager: queryPkg com.onda.app com.android.systemui.action.PLUGIN_OVERLAY
11-18 10:56:58.347  2913  3135 D PluginActionManager: queryPkg com.onda.app com.android.systemui.action.PLUGIN_VOLUME
11-18 10:56:58.347  2913  3135 D PluginActionManager: queryPkg com.onda.app com.samsung.systemui.action.PLUGIN_FACE_WIDGET
11-18 10:56:58.347  2913  3135 D PluginActionManager: queryPkg com.onda.app com.android.systemui.action.PLUGIN_NOTIFICATION_MENU_ROW
11-18 10:56:58.347  2913  3135 D PluginActionManager: queryPkg com.onda.app com.android.systemui.action.PLUGIN_QS
11-18 10:56:58.347  2913  3135 D PluginActionManager: queryPkg com.onda.app com.android.systemui.action.PLUGIN_TOAST
11-18 10:56:58.347  2913  3135 D PluginActionManager: queryPkg com.onda.app com.android.systemui.action.PLUGIN_GLOBAL_ACTIONS
11-18 10:56:58.347  2913  3135 D PluginActionManager: queryPkg com.onda.app com.android.systemui.action.PLUGIN_QS_FACTORY
11-18 10:56:58.347  2913  3135 D PluginActionManager: queryPkg com.onda.app com.android.systemui.action.PLUGIN_CLOCK_PROVIDER
11-18 10:56:58.348  2913  3135 D PluginActionManager: queryPkg com.onda.app com.android.systemui.action.PLUGIN_NOTIFICATION_ASSISTANT
11-18 10:56:58.348  2913  3135 D PluginActionManager: queryPkg com.onda.app com.android.systemui.action.PEOPLE_HUB_PERSON_EXTRACTOR
11-18 10:56:58.353  2878  2878 I VvmPkgInstalledRcvr:  NOT contains : com.onda.app
11-18 10:56:58.355  2878  2878 I VvmPkgInstalledRcvr:  NOT contains : com.onda.app
11-18 10:56:58.360 21267 21267 I FILP/PackageIntentReceiver: pkgName : com.onda.app
11-18 10:56:58.366  1643  2538 D OverlayManager: reconcileSettingsForPackage pkgName=com.onda.app userId=0
11-18 10:56:58.366  1643  2538 I OverlayManager: updateOverlaysForTarget() called with: targetPackage = [com.onda.app], userId = [0], flags = [0]
11-18 10:56:58.370  1643  2785 D SGM:GameManager: identifyGamePackage. com.onda.app, mCurrentUserId: 0, callerUserId: 0, callingMethodInfo: com.samsung.android.game.SemGameManager.isGamePackage(SemGameManager.java:105)
11-18 10:56:58.370  1643  2785 D SGM:SemGameManager: isGamePackage(), pkgName=com.onda.app, ret=false
11-18 10:56:58.380 23850 21896 I ProximityAuth: [RecentAppsMediator] Package added: (user=UserHandle{0}) com.onda.app
11-18 10:56:58.400  1643  2538 D OverlayManager: -> Updating overlay: target=com.onda.app overlays=[OverlayPaths { resourceDirs = [/product/overlay/NavigationBarMode3Button/NavigationBarMode3ButtonOverlay.apk], overlayPaths = [/product/overlay/NavigationBarMode3Button/NavigationBarMode3ButtonOverlay.apk] }] userId=0
11-18 10:56:58.417  1643  1643 I Telecom : SamsungOpenCommunicationPlatformPolicyPackageBroadcastReceiver : action : android.intent.action.PACKAGE_ADDED / packageName : com.onda.app
11-18 10:56:58.419 18291 18291 I SafetyLabelChangedBroadcastReceiver: received broadcast packageName: com.onda.app, current user: UserHandle{0}, packageChangeEvent: NEW_INSTALL, intent user: UserHandle{0}
11-18 10:56:58.419  1643  3541 I Telecom : SamsungOpenCommunicationPlatformPolicyPackageHandler : handleMessage : { when=-2ms what=0 obj=com.onda.app target=com.samsung.server.telecom.advancedcall.ocp.policy.broadcast.SamsungOpenCommunicationPlatformPolicyPackageHandler }.what
11-18 10:56:58.424  1643  2879 D SGM:GameManager: identifyGamePackage. com.onda.app, mCurrentUserId: 0, callerUserId: 0, callingMethodInfo: com.samsung.android.game.SemGameManager.isGamePackage(SemGameManager.java:105)
11-18 10:56:58.424  1643  2879 D SGM:SemGameManager: isGamePackage(), pkgName=com.onda.app, ret=false
11-18 10:56:58.424  1643  2879 I Pageboost: appinfo : com.onda.app 0 0 0 0
11-18 10:56:58.424  1643  2879 D SGM:GameManager: identifyGamePackage. com.onda.app, mCurrentUserId: 0, callerUserId: 0, callingMethodInfo: com.samsung.android.game.SemGameManager.isGamePackage(SemGameManager.java:105)
11-18 10:56:58.424  1643  2879 D SGM:SemGameManager: isGamePackage(), pkgName=com.onda.app, ret=false
11-18 10:56:58.424  1643  2879 I Pageboost: Reset this app info : com.onda.app
11-18 10:56:58.467  1643  2093 D MARsPolicyManager: new Package : com.onda.app, SCPMTarget : false
11-18 10:56:58.504  1643  1643 I AppsFilter: interaction: PackageSetting{2841981 com.onda.life/10336} -> PackageSetting{cca5a26 com.onda.app/10418} BLOCKED
11-18 10:56:58.535  1643  2879 I Pageboost: add app to global @ runtime: com.onda.app
11-18 10:56:58.541  2878  2878 D CarrierSvcBindHelper: onPackageModified: com.onda.app
11-18 10:56:58.543  2913  3135 D PluginActionManager: queryPkg com.onda.app com.android.systemui.action.PLUGIN_SENSOR_MANAGER
11-18 10:56:58.543  2913  3135 D PluginActionManager: queryPkg com.onda.app com.android.systemui.action.PLUGIN_NOTIFICATION_MENU_ROW
11-18 10:56:58.543  2913  3135 D PluginActionManager: queryPkg com.onda.app com.android.systemui.action.PLUGIN_OVERLAY
11-18 10:56:58.543  2913  3135 D PluginActionManager: queryPkg com.onda.app com.android.systemui.action.PLUGIN_VOLUME
11-18 10:56:58.544  2913  3135 D PluginActionManager: queryPkg com.onda.app com.samsung.systemui.action.PLUGIN_FACE_WIDGET
11-18 10:56:58.544  2913  3135 D PluginActionManager: queryPkg com.onda.app com.android.systemui.action.PLUGIN_NOTIFICATION_MENU_ROW
11-18 10:56:58.544  2913  3135 D PluginActionManager: queryPkg com.onda.app com.android.systemui.action.PLUGIN_QS
11-18 10:56:58.544  2913  3135 D PluginActionManager: queryPkg com.onda.app com.android.systemui.action.PLUGIN_TOAST
11-18 10:56:58.545  2913  2913 I GoodLockLifecycle: onPackageChanged: com.onda.app
11-18 10:56:58.545  2913  3135 D PluginActionManager: queryPkg com.onda.app com.android.systemui.action.PLUGIN_GLOBAL_ACTIONS
11-18 10:56:58.545  2913  3135 D PluginActionManager: queryPkg com.onda.app com.android.systemui.action.PLUGIN_QS_FACTORY
11-18 10:56:58.545  2913  3135 D PluginActionManager: queryPkg com.onda.app com.android.systemui.action.PLUGIN_CLOCK_PROVIDER
11-18 10:56:58.548  2913  2913 D SecSTQuickControlRequestReceiver: onReceiveForPackage action = android.intent.action.PACKAGE_CHANGED, pkgName = com.onda.app
11-18 10:56:58.548  2913  3135 D PluginActionManager: queryPkg com.onda.app com.android.systemui.action.PLUGIN_NOTIFICATION_ASSISTANT
11-18 10:56:58.549  2878  3125 D ImsResolver: maybeAddedImsService, packageName: com.onda.app
11-18 10:56:58.549  2913  3135 D PluginActionManager: queryPkg com.onda.app com.android.systemui.action.PEOPLE_HUB_PERSON_EXTRACTOR
11-18 10:56:58.553  1643  2717 I AppWidgetServiceImpl: Received broadcast: android.intent.action.PACKAGE_CHANGED, Updates all providers with com.onda.app, userId: 0
11-18 10:56:58.553  1643  2740 D ShortcutService: changing package: com.onda.app userId0
11-18 10:56:58.574 24352 24352 I Finsky  : [2] AIM: AppInfoCacheUpdater -> invalidating apps: [com.onda.app]
11-18 10:56:58.576 24352 24380 I Finsky  : [222] AIM: AppInfoManager-Perf > OnDeviceAppInfo > cacheHitCount=0, cacheMissCount=1. Missed  in cache (limit 10) : [com.onda.app]
11-18 10:56:58.579 24352 24388 I Finsky  : [230] AIM: AppInfoManager-Perf > OnDeviceAppInfo > cacheHitCount=0, cacheMissCount=1. Missed  in cache (limit 10) : [com.onda.app]
11-18 10:56:58.648 24352 24352 I Finsky  : [2] AIM: AppInfoCacheUpdater -> invalidating apps: [com.onda.app]
11-18 10:56:58.650 24352 24388 I Finsky  : [230] AIM: AppInfoManager-Perf > OnDeviceAppInfo > cacheHitCount=0, cacheMissCount=1. Missed  in cache (limit 10) : [com.onda.app]
11-18 10:56:58.823 17738 17738 I SCS@AiSearch user 0: (PackageBroadcastReceiver) packageName: com.onda.app
11-18 10:56:58.823 17738 17738 I SCS@AiSearch user 0: (PackageBroadcastReceiver) Packages changed: com.onda.app
11-18 10:56:58.824 17738 17738 I SCS@AiSearch user 0: (PackageBroadcastReceiver) packageName: com.onda.app
11-18 10:56:58.824 17738 17738 I SCS@AiSearch user 0: (PackageBroadcastReceiver) Packages changed: com.onda.app
11-18 10:56:58.960 22125 22125 I Routine@Core[4.8.07.1]: MetadataLoaderImpl: collectInBackground - packageName:com.onda.app
11-18 10:56:58.961 22125 22125 I Routine@Core[4.8.07.1]: MetadataSyncBacklog: add: null + com.onda.app
11-18 10:56:59.027 22125 22125 I Routine@Core[4.8.07.1]: MetadataLoaderJobService: onStartJob: collectPackageInBG - com.onda.app
11-18 10:56:59.030 22125 22125 I Routine@Core[4.8.07.1]: MetadataLoaderJobService: packageName : com.onda.app, forced : true
11-18 10:56:59.042 22125 22192 I Routine@Core[4.8.07.1]: MetadataLoadManager: collect: com.onda.app
11-18 10:56:59.043 22125 22192 I Routine@Core[4.8.07.1]: MetadataLoadManager: collectWithCollectors - Collect Start! package = com.onda.app
11-18 10:56:59.048 22125 22192 I Routine@Core[4.8.07.1]: WatchMetaDataCollector: collect - packageName :com.onda.app
11-18 10:56:59.049 22125 22192 I Routine@Core[4.8.07.1]: MetadataLoadManager: doPostCollectionTasks - packageName:com.onda.app
11-18 10:56:59.150 22125 22125 I Routine@Core[4.8.07.1]: MetadataLoaderJobService: metadataLoadingCompleted: collectPackageInBG - com.onda.app
11-18 10:56:59.336  2913  7623 I TileConfigurationStore: updatePackageDataChange : com.onda.app, type = 1, tileType = 1
11-18 10:56:59.410  1643  2054 I SGM:GameManager: PkgUpdateReceiver, onPackageAdded : com.onda.app userHandle : UserHandle{0} userId : 0
11-18 10:56:59.411  1643  2054 D SGM:GosNotifyThread: sendPackageMessage(), changeType=0, pkgName=com.onda.app, userHandleId=0
11-18 10:56:59.411  1643  2613 D SGM:GosNotifyThread: notifyPackageChangedToGos(), before send intent to GOS. type:15, changeType: 0, pkgName:com.onda.app, userHandleId:0
11-18 10:56:59.411  1643  2054 D MetaDataCollector: onReceive: done pkgName=com.onda.app
11-18 10:56:59.411  1643  2613 D SGM:PmAppCategoryManager: getManifestCategory(), manifestCategory=-1, packageName=com.onda.app
11-18 10:56:59.411  1643  2613 D SGM:PmAppCategoryManager: getCategoryOverride(), categoryOverride=-1, packageName=com.onda.app
11-18 10:56:59.411  1643  2613 I SGM:GosNotifyThread: notifyPackageChangedToGos(), category from pm: com.onda.app, [-1/-1]
11-18 10:56:59.417 21630 22216 I GOS:GameIntentService: onHandleIntent. GameIntentService. type: 15, pkgName: com.onda.app
11-18 10:56:59.476 21630 22216 I GOS:GameIntentService: onPackageChanged(). extras: Bundle[{changeType=0, manifestCategory=-1, userId=0, pkgName=com.onda.app, type=15, packageName=com.onda.app, categoryOverride=-1}]
11-18 10:56:59.477 21630 22216 I GOS:GameIntentService: onPackageChanged(). changeType(INSTALLED), pkgName(com.onda.app), UserHandle(0), userId(0), Installed(true)
11-18 10:56:59.477 21630 22216 I GOS:GameIntentService: onPkgInstalled(), appInfoCategory: -1, packageName: com.onda.app
11-18 10:56:59.480 21630 22216 I GOS:FilteredPmAppCategoryGetter: getCategoryCode(). categoryCode:undefined, packageName:com.onda.app
11-18 10:56:59.480 21630 22216 I GOS:SystemEventReactor: onPackageInstalled(). categoryByAppInfo=undefined, packageName=com.onda.app
11-18 10:56:59.499  1643  2536 D SGM:GameManager: setPackageConfigurations(). category=-1, pkgName=com.onda.app
11-18 10:56:59.499  1643  2536 D SGM:GameManager: setPackageConfiguration(). configuration: packageName: com.onda.app, performancePolicyForSsrm: null, optimalAspectRatio: 1.7777778, dynamicSurfaceScaling: 1.0, category: -1, categoryByUser: -1, fillBlackSurfaceOnMargins: false, userId: null
11-18 10:56:59.499  1643  2536 D SGM:GameManager: setPackageConfiguration(). pkgName=com.onda.app
