11-17 23:00:28.460  1643  5941 D InputDispatcher: Once focus requested (0): 42efeee com.onda.app/com.onda.app.MainActivity
11-17 23:00:28.460  1643  5941 D InputDispatcher: Focus request (0): 42efeee com.onda.app/com.onda.app.MainActivity but waiting because NO_WINDOW
11-17 23:00:28.487  1336  3104 I SurfaceFlinger: [com.onda.app/com.onda.app.MainActivity$_1443#19519] setTransactionState with the first frame. bufferData(ID: 6197637808128, frameNumber: 1)
11-17 23:00:28.487  1643  2909 D WindowManager: finishDrawingWindow: Window{42efeee u0 com.onda.app/com.onda.app.MainActivity} mDrawState=DRAW_PENDING seqId=0
11-17 23:00:28.488  1643  2025 V WindowManager: Finish starting ActivityRecord{e77c09c u0 com.onda.app/.MainActivity t1389}: first real window is shown, no animation
11-17 23:00:28.488  1643  2025 V WindowManager: Schedule remove starting ActivityRecord{e77c09c u0 com.onda.app/.MainActivity t1389} startingWindow=Window{c10995d u0 Splash Screen com.onda.app} animate=true Callers=com.android.server.wm.ActivityRecord.removeStartingWindow:150 com.android.server.wm.WindowState.performShowLocked:147 com.android.server.wm.WindowStateAnimator.commitFinishDrawingLocked:59 com.android.server.wm.DisplayContent$$ExternalSyntheticLambda1.accept$com$android$server$wm$DisplayContent$$ExternalSyntheticLambda40:22 com.android.server.wm.DisplayContent$$ExternalSyntheticLambda1.accept:305
11-17 23:00:28.489  1643  2025 D TaskOrganizerController: applyStartingWindowAnimation, window=Window{42efeee u0 com.onda.app/com.onda.app.MainActivity}, caller=com.android.server.wm.TaskOrganizerController.removeStartingWindow:131 com.android.server.wm.StartingSurfaceController$StartingSurface.remove:23 com.android.server.wm.ActivityRecord.removeStartingWindowAnimation:181
11-17 23:00:28.489  1643  2025 I WindowManager: Reparenting to leash, surface=Surface(name=42efeee com.onda.app/com.onda.app.MainActivity)/@0xc4546e4, syncState=0, syncCommitDepth=0, leashParent=Surface(name=ActivityRecord{e77c09c u0 com.onda.app/.MainActivity t1389})/@0xd70d74d
11-17 23:00:28.489  1336  3104 I SurfaceFlinger: id=19522 createSurf, flag=24000, Surface(name=42efeee com.onda.app/com.onda.app.MainActivity)/@0xc4546e4 - animation-leash of starting_reveal#19522
11-17 23:00:28.490  1643  2025 D WindowManager: makeSurface duration=1 leash=Surface(name=Surface(name=42efeee com.onda.app/com.onda.app.MainActivity)/@0xc4546e4 - animation-leash of starting_reveal)/@0xd335202
11-17 23:00:28.490  1643  2025 I ActivityTaskManager: done cause=notifyWindowsDrawn timestamp=77335832717008 info=TransitionInfo{162b713 a=ActivityRecord{e77c09c u0 com.onda.app/.MainActivity t1389} d=true}
11-17 23:00:28.491  1643  2025 V WindowManager: performShowLocked: mDrawState=HAS_DRAWN in Window{42efeee u0 com.onda.app/com.onda.app.MainActivity}
11-17 23:00:28.494  1336  1336 I SurfaceFlinger: [Surface(name=42efeee com.onda.app/com.onda.app.MainActivity)/@0xc4546e4 - animation-leash of starting_reveal#19522] attach to parent LayerHierarchy{RequestedLayerState{ActivityRecord{e77c09c u0 com.onda.app/.MainActivity t1389}#19508 parentId=19507} 4 children}
11-17 23:00:28.499  1443  1443 I InsetsSourceConsumer: applyRequestedVisibilityToControl: visible=true, type=statusBars, host=com.onda.app/com.onda.app.MainActivity
11-17 23:00:28.500  1443  1443 I InsetsSourceConsumer: applyRequestedVisibilityToControl: visible=true, type=navigationBars, host=com.onda.app/com.onda.app.MainActivity
11-17 23:00:28.504  1336  1336 I SurfaceFlinger: Layer [com.onda.app/com.onda.app.MainActivity$_1443#19519] hidden!! flag(0)
11-17 23:00:28.504  1336  1336 I SurfaceFlinger: [LayerHierarchy{RequestedLayerState{42efeee com.onda.app/com.onda.app.MainActivity#19518 parentId=19522} 1 children}] reparent to LayerHierarchy{RequestedLayerState{Surface(name=42efeee com.onda.app/com.onda.app.MainActivity)/@0xc4546e4 - animation-leash of starting_reveal#19522 parentId=19508} 1 children}
11-17 23:00:28.511  1643  2020 I PkgPredictorService-SecIpmManagerServiceImpl: reportToNAP uid:10402 com.onda.app/com.onda.app.MainActivity thisTime:246
11-17 23:00:28.514  1643  2020 I ActivityTaskManager: Displayed com.onda.app/.MainActivity for user 0: +246ms
11-17 23:00:28.514  1643  2020 I Pageboost: Launch time gathered : pid 1443 com.onda.app 246
11-17 23:00:28.515  1336  1336 D SurfaceFlinger:        CLIENT |   0xb4000079df93fc60 | 0001 | RGBA_8888    |    0.0   10.0 1079.0 2325.0 |   33   27 1021 2148 | com.onda.app/com.onda.app.MainActivity$_1443#19519 (2)
11-17 23:00:28.515  1336  1336 D SurfaceFlinger:        CLIENT |   0xb4000079df909f30 | 0001 | RGBA_8888    |    0.0   10.0 1079.0 2325.0 |   33   27 1021 2148 | Splash Screen com.onda.app$_2913#19510 (1)
11-17 23:00:28.516  1643  5942 D InputDispatcher: Focus entered window (0): 42efeee com.onda.app/com.onda.app.MainActivity
11-17 23:00:28.521  1643  2606 I ImeTracker: com.onda.app:1776ed3e: onRequestHide at ORIGIN_SERVER reason HIDE_UNSPECIFIED_WINDOW fromUser false
11-17 23:00:28.521  1643  2606 I ImeTracker: com.onda.app:1776ed3e: onCancelled at PHASE_SERVER_SHOULD_HIDE
11-17 23:00:28.529  1643  5942 D InsetsSourceProvider: updateControlForTarget: control=InsetsSourceControl: {3 mType=ime mSurfacePosition=Point(0, 99) mInsetsHint=Insets{left=0, top=0, right=0, bottom=1026}}, target=Window{42efeee u0 com.onda.app/com.onda.app.MainActivity}, from=com.android.server.wm.ImeInsetsSourceProvider.updateControlForTarget:17 com.android.server.wm.InsetsStateController.onControlTargetChanged:81 com.android.server.wm.DisplayContent.updateImeControlTarget:21 com.android.server.wm.DisplayContent.updateImeInputAndControlTarget:81 com.android.server.wm.WindowManagerService$LocalService.updateInputMethodTargetWindow:21
11-17 23:00:28.529  6802  6802 I HBD     : c [AiWriter] setContact : com.onda.app
11-17 23:00:28.529  6802  6802 I HBD     : a [AiWriter] setContact : com.onda.app
11-17 23:00:28.533  6802  7073 I HBD     : h [SKE_SPECIFIC] specific model[com.onda.app] loaded, 2068489 ns
11-17 23:00:28.537  1443  1443 I InsetsSourceConsumer: applyRequestedVisibilityToControl: visible=false, type=ime, host=com.onda.app/com.onda.app.MainActivity
11-17 23:00:28.537  1336  1336 I SurfaceFlinger: [LayerHierarchy{RequestedLayerState{ImeContainer#16 parentId=19508 relativeParentId=19508 z=3} 1 children}] reparent to LayerHierarchy{RequestedLayerState{ActivityRecord{e77c09c u0 com.onda.app/.MainActivity t1389}#19508 parentId=19507} 4 children}
11-17 23:00:28.552  1643  5912 V WindowManager: Relayout Window{c10995d u0 Splash Screen com.onda.app}: viewVisibility=8 req=1080x2340 ty=3 d0
11-17 23:00:28.554  1643  5942 D CoreBackPreview: Window{c10995d u0 Splash Screen com.onda.app}: Setting back callback null
11-17 23:00:28.554  1643  2909 D WindowManager: Starting window removed Window{c10995d u0 Splash Screen com.onda.app}
11-17 23:00:28.554  1643  2909 I WindowManager: Cancelling animation restarting=false, leash=Surface(name=Surface(name=42efeee com.onda.app/com.onda.app.MainActivity)/@0xc4546e4 - animation-leash of starting_reveal)/@0xd335202
11-17 23:00:28.554  1643  2909 I WindowManager: Reparenting to original parent: Surface(name=ActivityRecord{e77c09c u0 com.onda.app/.MainActivity t1389})/@0xd70d74d, destroy=false, syncState=0, syncCommitDepth=0, surface=Surface(name=42efeee com.onda.app/com.onda.app.MainActivity)/@0xc4546e4
11-17 23:00:28.554  1643  2909 W InputManager-JNI: Input channel object 'c10995d Splash Screen com.onda.app (client)' was disposed without first being removed with the input manager!
11-17 23:00:28.554  1643  2909 V WindowManager: Remove Window{c10995d u0 Splash Screen com.onda.app}: mSurfaceController=Surface(name=Splash Screen com.onda.app$_2913)/@0x4bfe998 mAnimatingExit=false mRemoveOnExit=false mHasSurface=true surfaceShowing=true animating=false app-animation=false mDisplayFrozen=false callers=com.android.server.wm.Session.remove:16 android.view.IWindowSession$Stub.onTransact:794 com.android.server.wm.Session.onTransact:1 android.os.Binder.execTransactInternal:1541 android.os.Binder.execTransact:1480 <bottom of call stack>
11-17 23:00:28.567  1336  1336 I SurfaceFlinger: Layer [Splash Screen com.onda.app$_2913#19510] hidden!! flag(1)
11-17 23:00:28.567  1336  1336 I SurfaceFlinger: [LayerHierarchy{RequestedLayerState{42efeee com.onda.app/com.onda.app.MainActivity#19518 parentId=19508} 1 children}] reparent to LayerHierarchy{RequestedLayerState{ActivityRecord{e77c09c u0 com.onda.app/.MainActivity t1389}#19508 parentId=19507} 5 children}
11-17 23:00:28.567  1336  1336 I SurfaceFlinger: [LayerHierarchy{RequestedLayerState{Surface(name=42efeee com.onda.app/com.onda.app.MainActivity)/@0xc4546e4 - animation-leash of starting_reveal#19522} no children}] reparent to OffscreenRoot
11-17 23:00:28.567  1336  1336 I SurfaceFlinger: [LayerHierarchy{RequestedLayerState{Surface(name=42efeee com.onda.app/com.onda.app.MainActivity)/@0xc4546e4 - animation-leash of starting_reveal#19522} no children}] RelativeParent to null
11-17 23:00:28.577  1336  1336 D SurfaceFlinger:        CLIENT |   0xb4000079df93fc60 | 0001 | RGBA_8888    |    0.0    4.0 1079.0 2334.0 |   13   11 1057 2264 | com.onda.app/com.onda.app.MainActivity$_1443#19519 (2)
11-17 23:00:28.614  1643  2830 D NetdEventListenerService: DNS Requested by 119, 10402(com.onda.app), SUCCESS, 45ms
11-17 23:00:28.642  1643  5912 I WindowManager: Destroying surface Surface(name=Splash Screen com.onda.app$_2913)/@0x4bfe998 called by com.android.server.wm.WindowStateAnimator.destroySurface:11 com.android.server.wm.WindowStateAnimator.destroySurfaceLocked:54 com.android.server.wm.WindowState.removeImmediately:43 com.android.server.wm.WindowState.handleCompleteDeferredRemoval:16 com.android.server.wm.WindowContainer.handleCompleteDeferredRemoval:21 com.android.server.wm.ActivityRecord.handleCompleteDeferredRemoval:8 com.android.server.wm.WindowContainer.handleCompleteDeferredRemoval:21 com.android.server.wm.TaskFragment.handleCompleteDeferredRemoval:17
11-17 23:00:28.643  1643  5912 D WindowManager: updateSystemBarAttributes: displayId=0, focusedCanBeNavColorWin=false, win=Window{42efeee u0 com.onda.app/com.onda.app.MainActivity}, navColorWin=Window{42efeee u0 com.onda.app/com.onda.app.MainActivity}, caller=com.android.server.wm.DisplayPolicy.finishPostLayoutPolicyLw:17 com.android.server.wm.RootWindowContainer.applySurfaceChangesTransaction$1:194 com.android.server.wm.RootWindowContainer.performSurfacePlacementNoTrace:61
11-17 23:00:28.650  1643  2830 D NetdEventListenerService: DNS Requested by 119, 10402(com.onda.app), SUCCESS, 1ms
11-17 23:00:28.652  1336  1336 D SurfaceFlinger:        DEVICE |   0xb4000079df93fc60 | 0001 | RGBA_8888    |    0.0    0.0 1080.0 2340.0 |    0    0 1080 2340 | com.onda.app/com.onda.app.MainActivity$_1443#19519 (2)
11-17 23:00:28.654  1336  1336 I SurfaceFlinger: [LayerHierarchy{RequestedLayerState{ImeContainer#16 parentId=19508 relativeParentId=19518 z=1} 1 children}] RelativeParent to LayerHierarchy{RequestedLayerState{42efeee com.onda.app/com.onda.app.MainActivity#19518 parentId=19508} 2 children}
11-17 23:00:28.654  1336  1336 I SurfaceFlinger: [LayerHierarchy{RequestedLayerState{c10995d Splash Screen com.onda.app#19509 z=2147483647} 1 children}] reparent to OffscreenRoot
11-17 23:00:28.654  1336  1336 I SurfaceFlinger: [LayerHierarchy{RequestedLayerState{c10995d Splash Screen com.onda.app#19509 z=2147483647} 1 children}] RelativeParent to null
11-17 23:00:28.654  1336  1336 I SurfaceFlinger: [LayerHierarchy{RequestedLayerState{Splash Screen com.onda.app$_2913#19510} no children}] reparent to OffscreenRoot
11-17 23:00:28.654  1336  1336 I SurfaceFlinger: [LayerHierarchy{RequestedLayerState{Splash Screen com.onda.app$_2913#19510} no children}] RelativeParent to null
11-17 23:00:28.655  1643  2830 D NetdEventListenerService: DNS Requested by 119, 10402(com.onda.app), SUCCESS, 1ms
11-17 23:00:28.656  1336  1336 I SurfaceFlinger: id=19509 Removed c10995d Splash Screen com.onda.app#19509 (147)
11-17 23:00:28.657  1336  1336 I SurfaceFlinger: id=19510 Removed Splash Screen com.onda.app$_2913#19510 (147)
11-17 23:00:28.659  1643  2830 D NetdEventListenerService: DNS Requested by 119, 10402(com.onda.app), SUCCESS, 6ms
11-17 23:00:28.662  1336  1336 I SurfaceFlinger: destroyed c10995d Splash Screen com.onda.app#19509
11-17 23:00:28.662  1336  1336 I SurfaceFlinger: destroyed Splash Screen com.onda.app$_2913#19510
11-17 23:00:28.664  1336  1336 I Layer   : id=19509 Destroyed c10995d Splash Screen com.onda.app#19509
11-17 23:00:28.664  1336  1336 I Layer   : id=19510 Destroyed Splash Screen com.onda.app$_2913#19510
11-17 23:00:28.666  1643  2024 D SGM:FgCheckThread: getForegroundApp(), foregroundPkgName=com.onda.app
11-17 23:00:28.666  1643  2024 D SGM:FgCheckThread: noteStopComponent(), received pkgName: com.sec.android.app.launcher, focusedPkgName: com.onda.app, userId: 0
11-17 23:00:28.676  1643  2830 D NetdEventListenerService: DNS Requested by 119, 10402(com.onda.app), SUCCESS, 0ms
11-17 23:00:28.727  1643  2830 D NetdEventListenerService: DNS Requested by 119, 10402(com.onda.app), SUCCESS, 0ms
11-17 23:00:28.798  1643  2684 D MdnieScenarioControlService:  packageName : com.onda.app    className : com.onda.app.MainActivity
11-17 23:00:29.029  1643  2024 D SGM:GameManager: identifyForegroundApp. com.onda.app, mCurrentUserId: 0, callerUserId: 0
11-17 23:00:29.129   806   806 D io_stats: !@ Write_top(KB): kworker/u16:5(13776) 1604 loop46(3924) 768 com.onda.app(1443) 540
11-17 23:00:29.183  1643  2830 D NetdEventListenerService: DNS Requested by 119, 10402(com.onda.app), SUCCESS, 0ms
11-17 23:00:29.184  1643  2830 D NetdEventListenerService: DNS Requested by 119, 10402(com.onda.app), 7(NODATA), isBlocked=false, 1ms
11-17 23:00:29.185  1643  2830 D NetdEventListenerService: DNS Requested by 119, 10402(com.onda.app), 7(NODATA), isBlocked=false, 0ms
11-17 23:00:29.434  1643  5941 V WindowManager: Transition 1431: Set Task{a54baa5 #1389 type=standard A=10402:com.onda.app} as transient-hidden-task, caller=com.android.server.wm.Task.forAllTasks:4 com.android.server.wm.WindowContainer.forAllTasks:2 com.android.server.wm.DisplayArea.forAllTasks:9
11-17 23:00:29.434  1643  5941 V WindowManager: Collecting in transition 1431: Task{a54baa5 #1389 type=standard A=10402:com.onda.app}, caller=com.android.server.wm.Transition$$ExternalSyntheticLambda16.test:93 com.android.server.wm.Task.forAllTasks:4 com.android.server.wm.WindowContainer.forAllTasks:2 com.android.server.wm.DisplayArea.forAllTasks:9 com.android.server.wm.TransitionController.setTransientLaunch:99
11-17 23:00:29.435  1643  5941 D ActivityTaskManager: scheduleTopResumedActivityChanged, onTop=false, r=ActivityRecord{e77c09c u0 com.onda.app/.MainActivity t1389}, caller=com.android.server.wm.ActivityTaskSupervisor.scheduleTopResumedActivityStateLossIfNeeded:11 com.android.server.wm.ActivityTaskSupervisor.updateTopResumedActivityIfNeeded:19 com.android.server.wm.TaskDisplayArea.positionChildAt:270 com.android.server.wm.Task.moveToFront:443 com.android.server.wm.ActivityStartController.startExistingRecents:201 com.android.server.wm.WindowOrganizerController.applyHierarchyOp:31
11-17 23:00:29.465  3422  3422 I HoneySpace.GestureEventController: SetGestureTaskList, SendGestureTaskList(taskList=[[#1389=com.onda.app]], initPosition=0, runningTaskId=1389, showAnimStartPosition=0, isLeashTargetCenter=true, forSimple=true)
11-17 23:00:29.465  3422  3422 I HoneySpace.GestureEventController: SetGestureTaskList, SendGestureTaskList(taskList=[[#1389=com.onda.app]], initPosition=0, runningTaskId=1389, showAnimStartPosition=0, isLeashTargetCenter=true, forSimple=false)
11-17 23:00:29.465  3422  3422 I HoneySpace.TaskListViewModel: groupTasks: [[#1389=com.onda.app]]
11-17 23:00:29.467  1643  2025 V WindowManager: Start calculating TransitionInfo based on participants: {Task{300af38 #1171 type=recents I=com.sec.android.app.launcher/com.android.quickstep.RecentsActivity}, TransientLaunchOverlayToken{50bb239 token=android.os.BinderProxy@fe04a00}, WallpaperWindowToken{926e278 token=android.os.Binder@36b27db}_<system>, Task{a54baa5 #1389 type=standard A=10402:com.onda.app}, ActivityRecord{c0d2f9b u0 com.sec.android.app.launcher/com.android.quickstep.RecentsActivity t1171}}
11-17 23:00:29.467  1643  2025 V WindowManager:   Final targets: [TransientLaunchOverlayToken{50bb239 token=android.os.BinderProxy@fe04a00}, Task{300af38 #1171 type=recents I=com.sec.android.app.launcher/com.android.quickstep.RecentsActivity}, Task{a54baa5 #1389 type=standard A=10402:com.onda.app}, WallpaperWindowToken{926e278 token=android.os.Binder@36b27db}_<system>]
11-17 23:00:29.467  3422  3422 I HoneySpace.TaskAdapter: attach [position: 0], taskData size: 1, item: ComponentInfo{com.onda.app/com.onda.app.MainActivity}, animReady: 4, firstBindingComplete: 4, view: a3b89f9
11-17 23:00:29.467  3422 31659 I HoneySpace.TaskDataRepositoryImpl: Request icon and label, id=1389, iconAndLabel: IconAndLabel(icon=android.graphics.Bitmap@992d749, label=Onda), componentKey: com.onda.app/.MainActivity#UserHandle{0}
11-17 23:00:29.469  1643  2025 D WindowManager: setActiveRecents, recents=ActivityRecord{c0d2f9b u0 com.sec.android.app.launcher/com.android.quickstep.RecentsActivity t1171}, task=Task{a54baa5 #1389 type=standard A=10402:com.onda.app}, caller=com.android.server.wm.InputMonitor.setActiveRecents:32 com.android.server.wm.Transition.handleLegacyRecentsStartBehavior:107 com.android.server.wm.Transition.onTransactionReady:2212
11-17 23:00:29.470  1643  2025 V WindowManager:         {WCT{RemoteToken{91f76ce Task{a54baa5 #1389 type=standard A=10402:com.onda.app}}} m=TO_BACK f=NONE leash=Surface(name=Task=1389)/@0xeeb33d0 sb=Rect(0, 0 - 1080, 2340) eb=Rect(0, 0 - 1080, 2340) d=0 taskParent=-1 inset=Rect(0, 99 - 0, 144) dim=true},
11-17 23:00:29.471  3422 12833 I HoneySpace.SuggestedItemsFacade: DPS items : Onda, com.onda.app/.MainActivity#UserHandle{0}
11-17 23:00:29.471  3422 12833 I HoneySpace.FilteredItemProvider: collect filtered items o, [PK(p='com.onda.app', u=UserHandle{0})]
11-17 23:00:29.473  3422 12833 I HoneySpace.SuggestedItemsFacade: filteredItem : PK(p='com.onda.app', u=UserHandle{0})
11-17 23:00:29.474  3422 12833 I HoneySpace.SuggestedItemsFacade: item removed by filter - PK(p='com.onda.app', u=UserHandle{0})
11-17 23:00:29.478  3422  3422 I HoneySpace.TaskAdapter: attach [position: 0], taskData size: 1, item: ComponentInfo{com.onda.app/com.onda.app.MainActivity}, animReady: 4, firstBindingComplete: 4, view: 1e707ea
11-17 23:00:29.479  3422 30418 I HoneySpace.TaskDataRepositoryImpl: Request icon and label, id=1389, iconAndLabel: IconAndLabel(icon=android.graphics.Bitmap@992d749, label=Onda), componentKey: com.onda.app/.MainActivity#UserHandle{0}
11-17 23:00:29.479  1643  2020 V WindowManager:         {WCT{RemoteToken{91f76ce Task{a54baa5 #1389 type=standard A=10402:com.onda.app}}} m=TO_BACK f=NONE leash=Surface(name=Task=1389)/@0xeeb33d0 sb=Rect(0, 0 - 1080, 2340) eb=Rect(0, 0 - 1080, 2340) d=0 taskParent=-1 inset=Rect(0, 99 - 0, 144) dim=true},
11-17 23:00:29.498  1336  1481 D RenderEngine: [SEC_SF_EFFECTS] drawLayersInternal,1299, Rendering layer com.onda.app/com.onda.app.MainActivity$_1443#19519 at index 1
11-17 23:00:29.504  1643  5921 D WindowManager: Changing focus from Window{42efeee u0 com.onda.app/com.onda.app.MainActivity} to Window{a24f455 u0 com.sec.android.app.launcher/com.android.quickstep.RecentsActivity} displayId=0 Callers=com.android.server.wm.ActivityTaskManagerService.setLastResumedActivityUncheckLocked:264 com.android.server.wm.ActivityTaskManagerService.setFocusedTask:20 com.android.server.wm.ActivityTaskManagerService.focusTopTask:52 android.app.IActivityTaskManager$Stub.onTransact:1865
11-17 23:00:29.506  1643  5921 D WindowManager: updateSystemBarAttributes: displayId=0, focusedCanBeNavColorWin=false, win=Window{a24f455 u0 com.sec.android.app.launcher/com.android.quickstep.RecentsActivity}, navColorWin=Window{42efeee u0 com.onda.app/com.onda.app.MainActivity}, caller=com.android.server.wm.WindowManagerService.updateFocusedWindowLocked:375 com.android.server.wm.ActivityTaskManagerService.setLastResumedActivityUncheckLocked:264 com.android.server.wm.ActivityTaskManagerService.setFocusedTask:20
11-17 23:00:29.518  1336  1336 D SurfaceFlinger:        CLIENT |   0xb4000079df940b00 | 0001 | RGBA_8888    |    0.0   15.0 1079.0 2318.0 |    0    0 1079 2339 | com.onda.app/com.onda.app.MainActivity$_1443#19519 (4)
11-17 23:00:29.529  1643  5941 D InputDispatcher: Focus left window (0): 42efeee com.onda.app/com.onda.app.MainActivity
11-17 23:00:29.603  1643  2830 D NetdEventListenerService: DNS Requested by 119, 10402(com.onda.app), SUCCESS, 0ms
11-17 23:00:29.826  1336  1481 D RenderEngine: [SEC_SF_EFFECTS] drawLayersInternal,1299, Rendering layer com.onda.app/com.onda.app.MainActivity$_1443#19519 at index 1
11-17 23:00:29.852  1643  3123 V WindowManager: Setting visibility of Window{42efeee u0 com.onda.app/com.onda.app.MainActivity}: false, caller=com.android.server.wm.WindowContainer.sendAppVisibilityToClients:19 com.android.server.wm.WindowToken.setClientVisible:49 com.android.server.wm.ActivityRecord.setClientVisible:8 com.android.server.wm.ActivityRecord.commitVisibility:273 com.android.server.wm.TransitionController.finishTransition:766
11-17 23:00:29.866  1336  1336 I SurfaceFlinger: Layer [ActivityRecord{e77c09c u0 com.onda.app/.MainActivity t1389}#19508] hidden!! flag(1)
11-17 23:00:29.866  1336  1336 I SurfaceFlinger: Layer [com.onda.app/com.onda.app.MainActivity$_1443#19519] hidden!! flag(1)
11-17 23:00:29.867  1643  5912 V WindowManager: Relayout Window{42efeee u0 com.onda.app/com.onda.app.MainActivity}: viewVisibility=8 req=1080x2340 ty=1 d0
11-17 23:00:29.877  1443  1443 D VRI[MainActivity]@933ccc0: WindowStopped on com.onda.app/com.onda.app.MainActivity set to true
11-17 23:00:29.879  1643  5912 V WindowManager: Relayout Window{42efeee u0 com.onda.app/com.onda.app.MainActivity}: viewVisibility=8 req=1080x2340 ty=1 d0
11-17 23:00:29.893  1643  5941 E WindowManager: win=Window{42efeee u0 com.onda.app/com.onda.app.MainActivity} destroySurfaces: appStopped=true cleanupOnResume=false win.mWindowRemovalAllowed=false win.mRemoveOnExit=false win.mViewVisibility=8 caller=com.android.server.wm.ActivityRecord.destroySurfaces:25 com.android.server.wm.ActivityRecord.activityStopped:204 com.android.server.wm.ActivityClientController.activityStopped:95 android.app.IActivityClientController$Stub.onTransact:722 com.android.server.wm.ActivityClientController.onTransact:1 android.os.Binder.execTransactInternal:1541 android.os.Binder.execTransact:1480
11-17 23:00:29.893  1643  5941 I WindowManager: Destroying surface Surface(name=com.onda.app/com.onda.app.MainActivity$_1443)/@0xa63497a called by com.android.server.wm.WindowStateAnimator.destroySurface:11 com.android.server.wm.WindowStateAnimator.destroySurfaceLocked:54 com.android.server.wm.WindowState.destroySurfaceUnchecked:5 com.android.server.wm.WindowState.destroySurface:126 com.android.server.wm.ActivityRecord.destroySurfaces:25 com.android.server.wm.ActivityRecord.activityStopped:204 com.android.server.wm.ActivityClientController.activityStopped:95 android.app.IActivityClientController$Stub.onTransact:722
11-17 23:00:29.895  1336  1336 I SurfaceFlinger: [LayerHierarchy{RequestedLayerState{com.onda.app/com.onda.app.MainActivity$_1443#19519} no children}] reparent to OffscreenRoot
11-17 23:00:29.895  1336  1336 I SurfaceFlinger: [LayerHierarchy{RequestedLayerState{com.onda.app/com.onda.app.MainActivity$_1443#19519} no children}] RelativeParent to null
11-17 23:00:29.895  1643  2024 D SGM:FgCheckThread: pkgName: com.onda.app is not in foreground
11-17 23:00:29.895  1643  2024 D SGM:FgCheckThread: noteStopComponent(), received pkgName: com.onda.app, focusedPkgName: com.sec.android.app.launcher, userId: 0
11-17 23:00:29.898  1643  2021 D PkgPredictorService-SecIpmManagerServiceImpl: bg information pid:1443 uid:10402 pkgName:com.onda.app
11-17 23:00:29.899  1336  3781 I SurfaceFlinger: id=19519 Removed com.onda.app/com.onda.app.MainActivity$_1443#19519 (142)
11-17 23:00:29.903  1336  1336 I SurfaceFlinger: destroyed com.onda.app/com.onda.app.MainActivity$_1443#19519
11-17 23:00:29.904  1336  1336 I Layer   : id=19519 Destroyed com.onda.app/com.onda.app.MainActivity$_1443#19519
11-17 23:00:30.257  1643  2024 I ActivityManager: Killing 1443:com.onda.app/u0a402 (adj 850): remove task
11-17 23:00:30.315  1643  5912 W ActivityManager: Scheduling restart of crashed service com.onda.app/org.chromium.content.app.SandboxedProcessService0:0 in 1000ms for connection
11-17 23:00:30.342  1643  2669 D ConnectivityService: releasing NetworkRequest [ REQUEST id=7538, [ Capabilities: INTERNET&NOT_RESTRICTED&TRUSTED&NOT_VCN_MANAGED&NOT_BANDWIDTH_CONSTRAINED Uid: 10402 RequestorUid: 10402 RequestorPkg: com.onda.app UnderlyingNetworks: Null] ] (release request)
11-17 23:00:30.343  1643  2550 W UsageStatsService: Unexpected activity event reported! (com.onda.app/com.onda.app.MainActivity event : 23 instanceId : 126873210)
11-17 23:00:30.343  1643  4090 I WindowManager: WIN DEATH: Window{42efeee u0 com.onda.app/com.onda.app.MainActivity}
11-17 23:00:30.343  1643  4090 W InputManager-JNI: Input channel object '42efeee com.onda.app/com.onda.app.MainActivity (client)' was disposed without first being removed with the input manager!
11-17 23:00:30.344  1643  4090 V WindowManager: Remove Window{42efeee u0 com.onda.app/com.onda.app.MainActivity}: mSurfaceController=null mAnimatingExit=false mRemoveOnExit=false mHasSurface=false surfaceShowing=false animating=false app-animation=false mDisplayFrozen=false callers=com.android.server.wm.Session.binderDied:118 android.os.IBinder$DeathRecipient.binderDied:339 android.os.BinderProxy.sendDeathNotice:794 <bottom of call stack> <bottom of call stack> <bottom of call stack>
11-17 23:00:30.344  1643  2024 D SGM:FgCheckThread: pkgName: com.onda.app is not in foreground
11-17 23:00:30.344  1643  2024 D SGM:FgCheckThread: noteStopComponent(), received pkgName: com.onda.app, focusedPkgName: com.sec.android.app.launcher, userId: 0
11-17 23:00:30.351  1336  1445 I SurfaceFlinger: id=19516 Removed 49ea96e ActivityRecordInputSink com.onda.app/.MainActivity#19516 (146)
11-17 23:00:30.359  1336  1336 I SurfaceFlinger: [LayerHierarchy{RequestedLayerState{ActivityRecord{e77c09c u0 com.onda.app/.MainActivity t1389}#19508} 2 children}] reparent to OffscreenRoot
11-17 23:00:30.359  1336  1336 I SurfaceFlinger: [LayerHierarchy{RequestedLayerState{ActivityRecord{e77c09c u0 com.onda.app/.MainActivity t1389}#19508} 2 children}] RelativeParent to null
11-17 23:00:30.359  1336  1336 I SurfaceFlinger: [LayerHierarchy{RequestedLayerState{42efeee com.onda.app/com.onda.app.MainActivity#19518} no children}] reparent to OffscreenRoot
11-17 23:00:30.359  1336  1336 I SurfaceFlinger: [LayerHierarchy{RequestedLayerState{42efeee com.onda.app/com.onda.app.MainActivity#19518} no children}] RelativeParent to null
11-17 23:00:30.360  1336  1336 I SurfaceFlinger: id=19508 Removed ActivityRecord{e77c09c u0 com.onda.app/.MainActivity t1389}#19508 (147)
11-17 23:00:30.360  1336  1336 I SurfaceFlinger: id=19518 Removed 42efeee com.onda.app/com.onda.app.MainActivity#19518 (147)
11-17 23:00:30.367  1336  1336 I SurfaceFlinger: destroyed 49ea96e ActivityRecordInputSink com.onda.app/.MainActivity#19516
11-17 23:00:30.367  1336  1336 I SurfaceFlinger: destroyed ActivityRecord{e77c09c u0 com.onda.app/.MainActivity t1389}#19508
11-17 23:00:30.367  1336  1336 I SurfaceFlinger: destroyed 42efeee com.onda.app/com.onda.app.MainActivity#19518
11-17 23:00:30.368  1336  1336 I Layer   : id=19516 Destroyed 49ea96e ActivityRecordInputSink com.onda.app/.MainActivity#19516
11-17 23:00:30.368  1336  1336 I Layer   : id=19508 Destroyed ActivityRecord{e77c09c u0 com.onda.app/.MainActivity t1389}#19508
11-17 23:00:30.368  1336  1336 I Layer   : id=19518 Destroyed 42efeee com.onda.app/com.onda.app.MainActivity#19518
11-17 23:00:30.381  5010  5016 W gle.android.gms: ApkAssets: Deleting an ApkAssets object '<empty> and /data/app/~~-KyIj1LOPbhpV7yGBSSeSw==/com.onda.app-_1macvq7UzTp-DHjuk2wOw==/base.apk' with 1 weak references
11-17 23:01:21.679  1643  5430 I Pageboost: start alp : com.onda.app
11-17 23:01:21.679  1643  2879 I Pageboost: alp for : com.onda.app , 0
11-17 23:01:21.685  2913  3086 D ShellStartingWindow: preload Icon com.onda.app
11-17 23:01:21.694  1643  2058 I ActivityManager: Start proc 1933:com.onda.app/u0a402 for activelaunch {com.onda.app/com.onda.app.MainActivity}
11-17 23:01:21.694  1643  2058 D DynamicHiddenApp_BGProtectManager: [SecIpm] it's a ML_TYPE_EMPTYPROCESS protected process com.onda.app
11-17 23:01:21.710  1933  1933 I com.onda.app: Using CollectorTypeCC GC.
11-17 23:01:21.712  1933  1933 E com.onda.app: Not starting debugger since process cannot load the jdwp agent.
11-17 23:01:21.731  1933  1933 D nativeloader: Configuring clns-7 for other apk /data/app/~~-KyIj1LOPbhpV7yGBSSeSw==/com.onda.app-_1macvq7UzTp-DHjuk2wOw==/base.apk. target_sdk_version=34, uses_libraries=, library_path=/data/app/~~-KyIj1LOPbhpV7yGBSSeSw==/com.onda.app-_1macvq7UzTp-DHjuk2wOw==/lib/arm64, permitted_path=/data:/mnt/expand:/data/user/0/com.onda.app
11-17 23:01:21.738  1643  4846 I Pageboost: onAppLaunch : com.onda.app
11-17 23:01:21.739  3422  8376 I LauncherActivityInfo: packageName: com.onda.app, useThemeIcon: false, height: 216, width: 216, density: 640
11-17 23:01:21.740  1643  4846 V WindowManager: Collecting in transition 1435: ActivityRecord{8602f8f u0 com.onda.app/.MainActivity, caller=com.android.server.wm.TransitionController.collect:7 com.android.server.wm.ActivityStarter.startActivityUnchecked:626 com.android.server.wm.ActivityStarter.executeRequest:3365 com.android.server.wm.ActivityStarter.execute:1122 com.android.server.wm.ActivityTaskManagerService.startActivityAsUser:88
11-17 23:01:21.740  1643  4846 D ActivityTaskManager: TaskLaunchParamsModifier:task=null activity=ActivityRecord{8602f8f u0 com.onda.app/.MainActivity t-1} display-from-option=0 display-id=0 task-display-area-windowing-mode=1 suggested-display-area=DefaultTaskDisplayArea_d0@220808832
11-17 23:01:21.741  1643  4846 D ActivityTaskManager: TaskLaunchParamsModifier:task=null activity=ActivityRecord{8602f8f u0 com.onda.app/.MainActivity t-1} display-from-option=0 display-id=0 task-display-area-windowing-mode=1 suggested-display-area=DefaultTaskDisplayArea_d0@220808832 inherit-from-source=fullscreen non-freeform-task-display-area display-area=DefaultTaskDisplayArea_d0@220808832 activity-requested-portrait freeform-size-mismatch=Rect(81, 562 - 999, 1732)
11-17 23:01:21.743  1643  4846 D ActivityTaskManager: TaskLaunchParamsModifier:task=Task{70c021c #1390 type=standard A=10402:com.onda.app} activity=ActivityRecord{8602f8f u0 com.onda.app/.MainActivity t-1} display-from-option=0 display-id=0 task-display-area-windowing-mode=1 suggested-display-area=DefaultTaskDisplayArea_d0@220808832 inherit-from-source=fullscreen non-freeform-task-display-area display-area=DefaultTaskDisplayArea_d0@220808832 activity-requested-portrait freeform-size-mismatch=Rect(81, 562 - 999, 1732)
11-17 23:01:21.743  1643  4846 V WindowManager: Collecting in transition 1435: Task{70c021c #1390 type=standard A=10402:com.onda.app}, caller=com.android.server.wm.Transition.collectExistenceChange:42 com.android.server.wm.ActivityStarter.setNewTask:43 com.android.server.wm.ActivityStarter.startActivityInner:2218 com.android.server.wm.ActivityStarter.startActivityUnchecked:639 com.android.server.wm.ActivityStarter.executeRequest:3365
11-17 23:01:21.745  1336  1445 I SurfaceFlinger: id=19572 createSurf, flag=84004, ActivityRecord{8602f8f u0 com.onda.app/.MainActivity t1390}#19572
11-17 23:01:21.747  1643  4846 V WindowManager: Add starting ActivityRecord{8602f8f u0 com.onda.app/.MainActivity t1390}: startingData=SplashScreenStartingData{ec5cbfa waitForSyncTransactionCommit=false removeAfterTransaction= 0}
11-17 23:01:21.747  1643  4846 V WindowManager: Added starting ActivityRecord{8602f8f u0 com.onda.app/.MainActivity t1390}: startingWindow=null startingView=com.android.server.wm.StartingSurfaceController$StartingSurface@bba35ab
11-17 23:01:21.749  1643  4846 V WindowManager: Collecting in transition 1435: ActivityRecord{8602f8f u0 com.onda.app/.MainActivity t1390}, caller=com.android.server.wm.Transition.collectExistenceChange:42 com.android.server.wm.ActivityStarter.handleStartResult:523 com.android.server.wm.ActivityStarter.startActivityUnchecked:653 com.android.server.wm.ActivityStarter.executeRequest:3365 com.android.server.wm.ActivityStarter.execute:1122
11-17 23:01:21.750  1643  4846 I ActivityTaskManager: START u0 {act=android.intent.action.MAIN cat=[android.intent.category.LAUNCHER] flg=0x10200000 cmp=com.onda.app/.MainActivity bnds=[290,246][539,520]} with LAUNCH_MULTIPLE from uid 10130 (BAL_ALLOW_VISIBLE_WINDOW) result code=0
11-17 23:01:21.752  3422  3598 I HoneySpace.SALoggingUtils: SA Logging screenID: 201 eventId: 1001 detail: {PackageName=com.onda.app, det=3} value: -1
11-17 23:01:21.752  3422 32453 I HoneySpace.SuggestedAppsRepositoryImpl: sendSuggestedAppsLaunchTarget: ComponentInfo{com.onda.app/com.onda.app.MainActivity}
11-17 23:01:21.752  2913  3030 V WindowManagerShell: Transition requested (#1435): android.os.BinderProxy@410103d TransitionRequestInfo { type = OPEN, triggerTask = TaskInfo{userId=0 taskId=1390 displayId=0 isRunning=true baseIntent=Intent { act=android.intent.action.MAIN cat=[android.intent.category.LAUNCHER] flg=0x10200000 cmp=com.onda.app/.MainActivity } baseActivity=ComponentInfo{com.onda.app/com.onda.app.MainActivity} topActivity=ComponentInfo{com.onda.app/com.onda.app.MainActivity} origActivity=null realActivity=ComponentInfo{com.onda.app/com.onda.app.MainActivity} numActivities=1 lastActiveTime=184745986 supportsMultiWindow=true resizeMode=1 isResizeable=true minWidth=-1 minHeight=-1 maxWidth=-1 maxHeight=-1 defaultMinSize=220 token=WCT{android.window.IWindowContainerToken$Stub$Proxy@bf7b032} topActivityType=1 pictureInPictureParams=null shouldDockBigOverlays=false launchIntoPipHostTaskId=-1 lastParentTaskIdBeforePip=-1 displayCutoutSafeInsets=Rect(0, 99 - 0, 0) topActivityInfo=ActivityInfo{8d17183 com.onda.app.MainActivity} launchCookies=[android.os.BinderProxy@156f00] positionInParent=Point(0, 0) parentTaskId=-1 isFocused=false isVisible=false isVisibleRequested=false isSleeping=false topActivityInSizeCompat=false locusId=null displayAreaFeatureId=1 isTopActivityTransparent=false isTopActivityStyleFloating=false appCompatTaskInfo=AppCompatTaskInfo { topActivityInSizeCompat=false eligibleForLetterboxEducation= false isLetterboxEducationEnabled= false isLetterboxDoubleTapEnabled= false eligibleForUserAspectRatioButton= false topActivityBoundsLetterboxed= false isFromLetterboxDoubleTap= false topActivityLetterboxVerticalPosition= -1 topActivityLetterboxHorizontalPosition= -1 topActivityLetterboxWidth=1080 topActivityLetterboxHeight=2340 topActivityLetterboxAppWidth=1080 topActivityLetterboxAppHeight=2097 isUserFullscreenOverrideEnabled=false isSystemFullscreenOverrideEnabled=false hasMinAspectRatioOverride=false cameraCompatTaskInfo=CameraCompatTaskInfo { freeformCameraCompatMode=inactive} topActivityBounds=null topActivityInDisplayCompat=false} originallySupportedMultiWindow=true hasWallpaper=false rootAffinity=10402:com.onda.app isTopTaskInStage=false topActivityUiMode=17 CoverLauncherWidgetTask=false isAllowedSeamlessRotation=false isTopTransparentActivity=false snappingGuideBounds=Rect(81, 562 - 999, 1732) isAliasManaged=false hasConfigChanged=false isAiKeyRemoveAppTask=false}, pipTask = null, remoteTransition = RemoteTransition { remoteTransition = android.window.IRemoteTransition$Stub$Proxy@af27339, appThread = android.app.IApplicationThread$Stub$Proxy@f6c9d7e, debugName = QuickstepLaunchflags =NONE }, displayChange = null, flags = 0, debugId = 1435 }
11-17 23:01:21.755  1643  3123 D WindowManager: prepareSync <SYNC_STATE_WAITING_FOR_DRAW>, mPrepareSyncSeqId=0, win=Window{594adc6 u0 Splash Screen com.onda.app}
11-17 23:01:21.755  1336  1445 I SurfaceFlinger: id=19573 createSurf, flag=84004, 594adc6 Splash Screen com.onda.app#19573
11-17 23:01:21.756  1643  3123 V WindowManager: addWindow: ActivityRecord{8602f8f u0 com.onda.app/.MainActivity t1390} startingWindow=Window{594adc6 u0 Splash Screen com.onda.app}
11-17 23:01:21.757  2913  3085 I InsetsController: onStateChanged: host=Splash Screen com.onda.app, from=android.view.ViewRootImpl.setView:1999, state=InsetsState: {mDisplayFrame=Rect(0, 0 - 1080, 2340), mDisplayCutout=DisplayCutout{insets=Rect(0, 99 - 0, 0) waterfall=Insets{left=0, top=0, right=0, bottom=0} boundingRect={Bounds=[Rect(0, 0 - 0, 0), Rect(505, 0 - 575, 99), Rect(0, 0 - 0, 0), Rect(0, 0 - 0, 0)]} cutoutPathParserInfo={CutoutPathParserInfo{displayWidth=1080 displayHeight=2340 physicalDisplayWidth=1080 physicalDisplayHeight=2340 density={3.0} cutoutSpec={M 0,0 M 0,29 a 35,35 0 1,0 0,70 a 35,35 0 1,0 0,-70 Z} rotation={0} scale={1.0} physicalPixelDisplaySizeRatio={1.0}}} sideOverrides={}}, mRoundedCorners=RoundedCorners{[RoundedCorner{position=TopLeft, radius=108, center=Point(108, 108)}, RoundedCorner{position=TopRight, radius=108, center=Point(972, 108)}, RoundedCorner{position=BottomRight, radius=108, center=Point(972, 2232)}, RoundedCorner{position=BottomLeft, radius=108, center=Point(108, 2232)}]}  mRoundedCornerFrame=Rect(0, 0 - 1080, 2340), mPrivacyIndicatorBounds=PrivacyIndicatorBounds {static bounds=Rect(948, 0 - 1080, 99) rotation=0}, mDisplayShape=DisplayShape{ spec=-311912193 displayWidth=1080 displayHeight=2340 physicalPixelDisplaySizeRatio=1.0 rotation=0 offsetX=0 offsetY=0 scale=1.0}, mSources= { InsetsSource: {27 mType=displayCutout mFrame=[0,0][1080,99] mVisible=true mFlags= mSideHint=TOP mBoundingRects=null}, InsetsSource: {26710001 mType=navigationBars mFrame=[0,2196][1080,2340] mVisible=true mFlags= mSideHint=BOTTOM mBoundingRects=null}, InsetsSource: {26710004 mType=systemGestures mFrame=[0,0][0,0] mVisible=true mFlags= mSideHint=NONE mBoundingRects=null}, InsetsSource: {26710005 mType=mandatorySystemGestures mFrame=[0,2196][1080,2340] mVisible=true mFlags= mSideHint=BOTTOM mBoundingRects=null}, InsetsSource: {26710006 mType=tappableElement mFrame=[0,2196][1080,2340] mVisible=true mFlags= mSideHint=BOTTOM mBoundingRects=null}, InsetsSource: {26710024 mType=systemGestures mFrame=[0,0][0,0] mVisible=true mFlags= mSideHint=NONE mBoundingRects=null}, InsetsSource: {60080000 mType=statusBars mFrame=[0,0][1080,99] mVisible=true mFlags= mSideHint=TOP mBoundingRects=null}, InsetsSource: {60080005 mType=mandatorySystemGestures mFrame=[0,0][1080,135] mVisible=true mFlags= mSideHint=TOP mBoundingRects=null}, InsetsSource: {60080006 mType=tappableElement mFrame=[0,0][1080,99] mVisible=true mFlags= mSideHint=TOP mBoundingRects=null} }
11-17 23:01:21.758  1336  1336 I SurfaceFlinger: [ActivityRecord{8602f8f u0 com.onda.app/.MainActivity t1390}#19572] attach to parent LayerHierarchy{RequestedLayerState{Task=1390#19571 parentId=11} 1 children}
11-17 23:01:21.758  1336  1336 I SurfaceFlinger: [594adc6 Splash Screen com.onda.app#19573] attach to parent LayerHierarchy{RequestedLayerState{ActivityRecord{8602f8f u0 com.onda.app/.MainActivity t1390}#19572 parentId=19571} 1 children}
11-17 23:01:21.758  1643  3123 V WindowManager: Collecting in transition 1435: ActivityRecord{8602f8f u0 com.onda.app/.MainActivity t1390}, caller=com.android.server.wm.TransitionController.collect:7 com.android.server.wm.ActivityRecord.setVisibility:189 com.android.server.wm.EnsureActivitiesVisibleHelper.process:561 com.android.server.wm.TaskFragment.updateActivityVisibilities:12 com.android.server.wm.Task$$ExternalSyntheticLambda3.accept:399
11-17 23:01:21.759  1643  3123 D WindowManager: rotationForOrientation, orientationSource=ActivityRecord{8602f8f u0 com.onda.app/.MainActivity t1390}
11-17 23:01:21.759  1643  3123 V WindowManager: Collecting in transition 1435: ActivityRecord{8602f8f u0 com.onda.app/.MainActivity t1390}, caller=com.android.server.wm.TransitionController.collect:7 com.android.server.wm.ActivityRecord.setVisibility:189 com.android.server.wm.ActivityTaskSupervisor.realStartActivityLocked:234 com.android.server.wm.ActivityTaskSupervisor.startSpecificActivity:27 com.android.server.wm.TaskFragment.resumeTopActivity:2204
11-17 23:01:21.759  1643  3123 D SGM:FgCheckThread: notifyAppCreated(), packageName: com.onda.app, userId: 0, sendRet: true
11-17 23:01:21.760  1643  3123 D SGM:FgCheckThread:   sendRunningComponentFocus(), pkgName: com.onda.app, userId: 0
11-17 23:01:21.760  1643  3123 D InputDispatcher: Focused application(0): ActivityRecord{8602f8f u0 com.onda.app/.MainActivity t1390}
11-17 23:01:21.761  1643  3123 D ActivityTaskManager: scheduleTopResumedActivityChanged, onTop=true, r=ActivityRecord{8602f8f u0 com.onda.app/.MainActivity t1390}, caller=com.android.server.wm.ActivityTaskSupervisor.updateTopResumedActivityIfNeeded:62 com.android.server.wm.TaskFragment.setResumedActivity:29 com.android.server.wm.ActivityRecord.setState:104 com.android.server.wm.ActivityTaskSupervisor.realStartActivityLocked:949 com.android.server.wm.ActivityTaskSupervisor.startSpecificActivity:27 com.android.server.wm.TaskFragment.resumeTopActivity:2204
11-17 23:01:21.761  1643  3123 D WindowManagerServiceExt: updateTaskbarTargetIfNeeded: cn=ComponentInfo{com.onda.app/com.onda.app.MainActivity} occludesParent=true isInSplitScreenMode=false styleFloating=false
11-17 23:01:21.762  1643  2612 D SGM:FgCheckThread: onLooperPrepared(), msg: MSG_APP_CREATE, pkgName: com.onda.app, userId: 0
11-17 23:01:21.762  1643  2612 D SGM:FgCheckThread: onLooperPrepared(), msg: MSG_TASK_FOCUSED, pkgName: com.onda.app, userId: 0
11-17 23:01:21.762  1643  2612 D SGM:FgCheckThread:   handleTaskFocused(), pkgName: com.onda.app, userID:0
11-17 23:01:21.762  1643  2612 D SGM:FgCheckThread:   handleResume(). pkgName: com.onda.app, userId: 0, category: non-game
11-17 23:01:21.762  1643  2612 D SGM:FgCheckThread: notifyFocusInOut(). of pkg: com.onda.app, type: 4, isSecGameFamily: false, userId: 0
11-17 23:01:21.762  1643  3123 D BLASTSyncEngine: SyncGroup 1435:  Unfinished container: ActivityRecord{8602f8f u0 com.onda.app/.MainActivity t1390} mSyncState=2
11-17 23:01:21.762  1643  5938 D GraphicsStatsService: requestRenderEngineFor(com.onda.app)
11-17 23:01:21.763  1933  1933 D ActivityThread: com.onda.app will use render engine as VK
11-17 23:01:21.764  1643  4846 V WindowManager: Relayout Window{594adc6 u0 Splash Screen com.onda.app}: viewVisibility=0 req=1080x2340 ty=3 d0
11-17 23:01:21.765  1336  1445 I SurfaceFlinger: id=19574 createSurf, flag=44004, Splash Screen com.onda.app$_2913#19574
11-17 23:01:21.765  1643  4846 D WindowManager: makeSurface duration=1 name=Splash Screen com.onda.app$_2913
11-17 23:01:21.766  1643  4846 D BLASTSyncEngine: SyncGroup 1435:  Unfinished container: ActivityRecord{8602f8f u0 com.onda.app/.MainActivity t1390} mSyncState=2
11-17 23:01:21.766  1336  1336 I SurfaceFlinger: [Splash Screen com.onda.app$_2913#19574] attach to parent LayerHierarchy{RequestedLayerState{594adc6 Splash Screen com.onda.app#19573 parentId=19572 z=2147483647} 1 children}
11-17 23:01:21.768  1643  5430 D CoreBackPreview: Window{594adc6 u0 Splash Screen com.onda.app}: Setting back callback OnBackInvokedCallbackInfo{mCallback=android.window.IOnBackInvokedCallback$Stub$Proxy@e7daf23, mPriority=0, mIsAnimationCallback=false}
11-17 23:01:21.768  2913  3085 I InsetsController: onStateChanged: host=Splash Screen com.onda.app, from=android.view.ViewRootImpl.relayoutWindow:11304, state=InsetsState: {mDisplayFrame=Rect(0, 0 - 1080, 2340), mDisplayCutout=DisplayCutout{insets=Rect(0, 99 - 0, 0) waterfall=Insets{left=0, top=0, right=0, bottom=0} boundingRect={Bounds=[Rect(0, 0 - 0, 0), Rect(505, 0 - 575, 99), Rect(0, 0 - 0, 0), Rect(0, 0 - 0, 0)]} cutoutPathParserInfo={CutoutPathParserInfo{displayWidth=1080 displayHeight=2340 physicalDisplayWidth=1080 physicalDisplayHeight=2340 density={3.0} cutoutSpec={M 0,0 M 0,29 a 35,35 0 1,0 0,70 a 35,35 0 1,0 0,-70 Z} rotation={0} scale={1.0} physicalPixelDisplaySizeRatio={1.0}}} sideOverrides={}}, mRoundedCorners=RoundedCorners{[RoundedCorner{position=TopLeft, radius=108, center=Point(108, 108)}, RoundedCorner{position=TopRight, radius=108, center=Point(972, 108)}, RoundedCorner{position=BottomRight, radius=108, center=Point(972, 2232)}, RoundedCorner{position=BottomLeft, radius=108, center=Point(108, 2232)}]}  mRoundedCornerFrame=Rect(0, 0 - 1080, 2340), mPrivacyIndicatorBounds=PrivacyIndicatorBounds {static bounds=Rect(948, 0 - 1080, 99) rotation=0}, mDisplayShape=DisplayShape{ spec=-311912193 displayWidth=1080 displayHeight=2340 physicalPixelDisplaySizeRatio=1.0 rotation=0 offsetX=0 offsetY=0 scale=1.0}, mSources= { InsetsSource: {3 mType=ime mFrame=[0,0][0,0] mVisible=false mFlags= mSideHint=NONE mBoundingRects=null}, InsetsSource: {27 mType=displayCutout mFrame=[0,0][1080,99] mVisible=true mFlags= mSideHint=TOP mBoundingRects=null}, InsetsSource: {26710001 mType=navigationBars mFrame=[0,2196][1080,2340] mVisible=true mFlags= mSideHint=BOTTOM mBoundingRects=null}, InsetsSource: {26710004 mType=systemGestures mFrame=[0,0][0,0] mVisible=true mFlags= mSideHint=NONE mBoundingRects=null}, InsetsSource: {26710005 mType=mandatorySystemGestures mFrame=[0,2196][1080,2340] mVisible=true mFlags= mSideHint=BOTTOM mBoundingRects=null}, InsetsSource: {26710006 mType=tappableElement mFrame=[0,2196][1080,2340] mVisible=true mFlags= mSideHint=BOTTOM mBoundingRects=null}, InsetsSource: {26710024 mType=systemGestures mFrame=[0,0][0,0] mVisible=true mFlags= mSideHint=NONE mBoundingRects=null}, InsetsSource: {60080000 mType=statusBars mFrame=[0,0][1080,99] mVisible=true mFlags= mSideHint=TOP mBoundingRects=null}, InsetsSource: {60080005 mType=mandatorySystemGestures mFrame=[0,0][1080,135] mVisible=true mFlags= mSideHint=TOP mBoundingRects=null}, InsetsSource: {60080006 mType=tappableElement mFrame=[0,0][1080,99] mVisible=true mFlags= mSideHint=TOP mBoundingRects=null} }
11-17 23:01:21.775  1336  3104 I SurfaceFlinger: [Splash Screen com.onda.app$_2913#19574] setTransactionState with the first frame. bufferData(ID: 12511239741080, frameNumber: 1)
11-17 23:01:21.775  5228 14695 I SDHMS:l : handleResumeComponent : put = com.onda.app, userid = 0 instanceid =107585061
11-17 23:01:21.775  1643  2024 D SGM:FgCheckThread: noteResumeComponent(), received pkgName: com.onda.app, userId: 0
11-17 23:01:21.775  2913  2913 I {OngoingActivityDataHelper}: setBaseActivityComponentName:ComponentInfo{com.onda.app/com.onda.app.MainActivity}
11-17 23:01:21.775  1643  2612 D SGM:FgCheckThread: onLooperPrepared(), msg: MSG_APP_RESUME, pkgName: com.onda.app, userid: 0
11-17 23:01:21.776  1643  2612 D SGM:FgCheckThread:   handleResume(). pkgName: com.onda.app, userId: 0, category: non-game
11-17 23:01:21.776  1643  2612 D SGM:FgCheckThread: notifyFocusInOut(). of pkg: com.onda.app, type: 4, isSecGameFamily: false, userId: 0
11-17 23:01:21.776  1643  5938 D WindowManager: finishDrawingWindow: Window{594adc6 u0 Splash Screen com.onda.app} mDrawState=DRAW_PENDING seqId=0
11-17 23:01:21.776  1643  5938 V WindowManager: Finishing drawing window Window{594adc6 u0 Splash Screen com.onda.app}: mDrawState=DRAW_PENDING
11-17 23:01:21.776  1643  5938 V WindowManager: Draw state now committed in Window{594adc6 u0 Splash Screen com.onda.app}
11-17 23:01:21.777  1643  2024 D SGM:GameManager: identifyGamePackage. com.onda.app, mCurrentUserId: 0, callerUserId: 0, callingMethodInfo: com.samsung.android.game.SemGameManager.isGamePackage(SemGameManager.java:105)
11-17 23:01:21.777  1643  2024 D SGM:SemGameManager: isGamePackage(), pkgName=com.onda.app, ret=false
11-17 23:01:21.777  1643  2025 V WindowManager: performShowLocked: mDrawState=HAS_DRAWN in Window{594adc6 u0 Splash Screen com.onda.app}
11-17 23:01:21.777  1643  2025 V WindowManager: Start calculating TransitionInfo based on participants: {Task{70c021c #1390 type=standard A=10402:com.onda.app}, ActivityRecord{8602f8f u0 com.onda.app/.MainActivity t1390}, WallpaperWindowToken{926e278 token=android.os.Binder@36b27db}_<system>, WallpaperWindowToken{a84b3fd token=android.os.Binder@8f50cc1}_<lock>, ActivityRecord{c02d6da u0 com.sec.android.app.launcher/.activities.LauncherActivity t1169}}
11-17 23:01:21.777  1643  2025 V WindowManager:   Final targets: [Task{70c021c #1390 type=standard A=10402:com.onda.app}, Task{308bf4f #1 type=home}, WallpaperWindowToken{926e278 token=android.os.Binder@36b27db}_<system>]
11-17 23:01:21.777  3422  3422 I HoneySpace.EdgePanel.EdgeContainerViewModel: cocktailHostRepository.edgePanelOperation NoteResumeComponent(componentName=ComponentInfo{com.onda.app/com.onda.app.MainActivity})
11-17 23:01:21.777  3422 21203 I HoneySpace.EdgePanel.ActivityUtils: HomePackage : com.sec.android.app.launcher, resumePackageName : com.onda.app
11-17 23:01:21.779  1643  2025 I SurfaceControlRegistry: show, t=StartTransaction_SyncId<1435> sc=ActivityRecord{8602f8f u0 com.onda.app/.MainActivity t1390}, caller=android.view.SurfaceControl$Transaction.show:3232 com.android.server.wm.Transition.onTransactionReady:2273 com.android.server.wm.BLASTSyncEngine$SyncGroup.finishNow:195 com.android.server.wm.BLASTSyncEngine.onSurfacePlacement:269 com.android.server.wm.RootWindowContainer.performSurfacePlacementNoTrace:471 com.android.server.wm.RootWindowContainer.performSurfacePlacement:9
11-17 23:01:21.779  1643  2025 V WindowManager:         {WCT{RemoteToken{d89474d Task{70c021c #1390 type=standard A=10402:com.onda.app}}} m=OPEN f=NONE leash=Surface(name=Task=1390)/@0xc8ada77 sb=Rect(0, 0 - 1080, 2340) eb=Rect(0, 0 - 1080, 2340) d=0 taskParent=-1 inset=Rect(0, 99 - 0, 144) dim=true},
