11-17 21:13:12.684  1643  2880 D ActivityTaskManager: scheduleTopResumedActivityChanged, onTop=true, r=ActivityRecord{dee3048 u0 com.onda.app/.MainActivity t1375}, caller=com.android.server.wm.ActivityTaskSupervisor.updateTopResumedActivityIfNeeded:62 com.android.server.wm.TaskFragment.setResumedActivity:29 com.android.server.wm.ActivityRecord.setState:104 com.android.server.wm.ActivityTaskSupervisor.realStartActivityLocked:949 com.android.server.wm.RootWindowContainer.attachApplication:90 com.android.server.wm.ActivityTaskManagerService$LocalService.attachApplication:40
11-17 21:13:12.684  1643  2612 D SGM:FgCheckThread:   handleTaskFocused(), pkgName: com.onda.app, userID:0
11-17 21:13:12.684  1643  2612 D SGM:FgCheckThread:   handleResume(). pkgName: com.onda.app, userId: 0, category: non-game
11-17 21:13:12.684  1643  2612 D SGM:FgCheckThread: notifyFocusInOut(). of pkg: com.onda.app, type: 4, isSecGameFamily: false, userId: 0
11-17 21:13:12.685  5228 22516 I SDHMS:l : handleResumeComponent : put = com.onda.app, userid = 0 instanceid =19477510
11-17 21:13:12.685  1643  2024 D SGM:FgCheckThread: noteResumeComponent(), received pkgName: com.onda.app, userId: 0
11-17 21:13:12.685  1643  2612 D SGM:FgCheckThread: onLooperPrepared(), msg: MSG_APP_RESUME, pkgName: com.onda.app, userid: 0
11-17 21:13:12.685  1643  2612 D SGM:FgCheckThread:   handleResume(). pkgName: com.onda.app, userId: 0, category: non-game
11-17 21:13:12.686  1643  2612 D SGM:FgCheckThread: notifyFocusInOut(). of pkg: com.onda.app, type: 4, isSecGameFamily: false, userId: 0
11-17 21:13:12.687  1643  2024 D SGM:GameManager: identifyGamePackage. com.onda.app, mCurrentUserId: 0, callerUserId: 0, callingMethodInfo: com.samsung.android.game.SemGameManager.isGamePackage(SemGameManager.java:105)
11-17 21:13:12.687  1643  2024 D SGM:SemGameManager: isGamePackage(), pkgName=com.onda.app, ret=false
11-17 21:13:12.687 20537 20537 D ActivityThread: com.onda.app will use render engine as VK
11-17 21:13:12.741  1643  2880 D BaseRestrictionMgr: Package: com.google.android.webview, userid: 0, hostingType: bindService is allowed by freecess, caller is: com.onda.app
11-17 21:13:12.774  1643  2684 D MdnieScenarioControlService:  packageName : com.onda.app    className : com.onda.app.MainActivity
11-17 21:13:12.782  1643  2058 I ActivityManager: Start proc 20578:com.google.android.webview:sandboxed_process0:org.chromium.content.app.SandboxedProcessService0:0/u0i175 for  {com.onda.app/org.chromium.content.app.SandboxedProcessService0:0}
11-17 21:13:12.782  1643  2058 I DynamicHiddenApp_BGProtectManager: check webview name : com.google.android.webview:sandboxed_process0:org.chromium.content.app.SandboxedProcessService0:0check hostingname webview : {com.onda.app/org.chromium.content.app.SandboxedProcessService0:0}
11-17 21:13:12.877  1643  3134 D CoreBackPreview: Window{ca22964 u0 com.onda.app/com.onda.app.MainActivity}: Setting back callback OnBackInvokedCallbackInfo{mCallback=android.window.IOnBackInvokedCallback$Stub$Proxy@b6570e8, mPriority=0, mIsAnimationCallback=false}
11-17 21:13:12.878  1643  5926 D WindowManager: makeSurface duration=1 name=com.onda.app/com.onda.app.MainActivity$_20537
11-17 21:13:12.878  1643  5926 D WindowManager: Changing focus from null to Window{ca22964 u0 com.onda.app/com.onda.app.MainActivity} displayId=0 Callers=com.android.server.wm.WindowManagerService.relayoutWindowInner:142 com.android.server.wm.WindowManagerService.relayoutWindow:6 com.android.server.wm.Session.relayout:27 android.view.IWindowSession$Stub.onTransact:861
11-17 21:13:12.881  1643  5926 D InsetsSourceProvider: updateControlForTarget: control=InsetsSourceControl: {60080000 mType=statusBars initiallyVisible mSurfacePosition=Point(0, 0) mInsetsHint=Insets{left=0, top=99, right=0, bottom=0}}, target=Window{ca22964 u0 com.onda.app/com.onda.app.MainActivity}, from=com.android.server.wm.InsetsStateController.onControlTargetChanged:81 com.android.server.wm.InsetsPolicy.updateBarControlTarget:175 com.android.server.wm.DisplayPolicy.updateSystemBarAttributes:281 com.android.server.wm.WindowManagerService.updateFocusedWindowLocked:375 com.android.server.wm.WindowManagerService.relayoutWindowInner:142
11-17 21:13:12.883  1643  5926 D InsetsSourceProvider: updateControlForTarget: control=InsetsSourceControl: {26710001 mType=navigationBars initiallyVisible mSurfacePosition=Point(0, 2196) mInsetsHint=Insets{left=0, top=0, right=0, bottom=144}}, target=Window{ca22964 u0 com.onda.app/com.onda.app.MainActivity}, from=com.android.server.wm.InsetsStateController.onControlTargetChanged:81 com.android.server.wm.InsetsPolicy.updateBarControlTarget:188 com.android.server.wm.DisplayPolicy.updateSystemBarAttributes:281 com.android.server.wm.WindowManagerService.updateFocusedWindowLocked:375 com.android.server.wm.WindowManagerService.relayoutWindowInner:142
11-17 21:13:12.883  1643  5926 D WindowManager: updateSystemBarAttributes: displayId=0, focusedCanBeNavColorWin=false, win=Window{ca22964 u0 com.onda.app/com.onda.app.MainActivity}, navColorWin=Window{2747645 u0 Splash Screen com.onda.app}, caller=com.android.server.wm.WindowManagerService.updateFocusedWindowLocked:375 com.android.server.wm.WindowManagerService.relayoutWindowInner:142 com.android.server.wm.WindowManagerService.relayoutWindow:6
11-17 21:13:12.883  1643  5926 V SystemKeyManager: updateFocusedWindow() is called, com.onda.app/com.onda.app.MainActivity
11-17 21:13:12.910  1643  2054 I SGM:GameManager: PkgUpdateReceiver, onPackageAdded : com.onda.app userHandle : UserHandle{0} userId : 0
11-17 21:13:12.910  1643  2054 D SGM:GosNotifyThread: sendPackageMessage(), changeType=0, pkgName=com.onda.app, userHandleId=0
11-17 21:13:12.910  1643  2613 D SGM:GosNotifyThread: notifyPackageChangedToGos(), before send intent to GOS. type:15, changeType: 0, pkgName:com.onda.app, userHandleId:0
11-17 21:13:12.911  1643  2613 D SGM:PmAppCategoryManager: getManifestCategory(), manifestCategory=-1, packageName=com.onda.app
11-17 21:13:12.912  1643  2054 D MetaDataCollector: onReceive: done pkgName=com.onda.app
11-17 21:13:12.913  1643  2613 D SGM:PmAppCategoryManager: getCategoryOverride(), categoryOverride=-1, packageName=com.onda.app
11-17 21:13:12.913  1643  2613 I SGM:GosNotifyThread: notifyPackageChangedToGos(), category from pm: com.onda.app, [-1/-1]
11-17 21:13:13.091  1643  1776 D SGM:GameManager: setPackageConfigurations(). category=-1, pkgName=com.onda.app
11-17 21:13:13.091  1643  1776 D SGM:GameManager: setPackageConfiguration(). configuration: packageName: com.onda.app, performancePolicyForSsrm: null, optimalAspectRatio: 1.7777778, dynamicSurfaceScaling: 1.0, category: -1, categoryByUser: -1, fillBlackSurfaceOnMargins: false, userId: null
11-17 21:13:13.091  1643  1776 D SGM:GameManager: setPackageConfiguration(). pkgName=com.onda.app
11-17 21:13:13.091  1643  1776 D SGM:Util: isPkgInstalled(). pkgName=com.onda.app, userId=0, installed=true
11-17 21:13:13.130  1643  1711 D WindowManager: finishDrawingWindow: Window{ca22964 u0 com.onda.app/com.onda.app.MainActivity} mDrawState=DRAW_PENDING seqId=0
11-17 21:13:13.132  1643  2025 V WindowManager: Finish starting ActivityRecord{dee3048 u0 com.onda.app/.MainActivity t1375}: first real window is shown, no animation
11-17 21:13:13.132  1643  2025 V WindowManager: Schedule remove starting ActivityRecord{dee3048 u0 com.onda.app/.MainActivity t1375} startingWindow=Window{2747645 u0 Splash Screen com.onda.app} animate=true Callers=com.android.server.wm.ActivityRecord.removeStartingWindow:150 com.android.server.wm.WindowState.performShowLocked:147 com.android.server.wm.WindowStateAnimator.commitFinishDrawingLocked:59 com.android.server.wm.DisplayContent$$ExternalSyntheticLambda1.accept$com$android$server$wm$DisplayContent$$ExternalSyntheticLambda40:22 com.android.server.wm.DisplayContent$$ExternalSyntheticLambda1.accept:305
11-17 21:13:13.134  1643  2025 D TaskOrganizerController: applyStartingWindowAnimation, window=Window{ca22964 u0 com.onda.app/com.onda.app.MainActivity}, caller=com.android.server.wm.TaskOrganizerController.removeStartingWindow:131 com.android.server.wm.StartingSurfaceController$StartingSurface.remove:23 com.android.server.wm.ActivityRecord.removeStartingWindowAnimation:181
11-17 21:13:13.134  1643  2025 I WindowManager: Reparenting to leash, surface=Surface(name=ca22964 com.onda.app/com.onda.app.MainActivity)/@0xd0c8335, syncState=0, syncCommitDepth=0, leashParent=Surface(name=ActivityRecord{dee3048 u0 com.onda.app/.MainActivity t1375})/@0xe4c33ca
11-17 21:13:13.136  1643  2025 D WindowManager: makeSurface duration=1 leash=Surface(name=Surface(name=ca22964 com.onda.app/com.onda.app.MainActivity)/@0xd0c8335 - animation-leash of starting_reveal)/@0x28f1db1
11-17 21:13:13.137  1643  2025 V WindowManager: performShowLocked: mDrawState=HAS_DRAWN in Window{ca22964 u0 com.onda.app/com.onda.app.MainActivity}
11-17 21:13:13.152  1643  2020 I Pageboost: Launch time gathered : pid 20537 com.onda.app 588
11-17 21:13:13.188  1643  5926 D InsetsSourceProvider: updateControlForTarget: control=InsetsSourceControl: {3 mType=ime mSurfacePosition=Point(0, 99) mInsetsHint=Insets{left=0, top=0, right=0, bottom=1026}}, target=Window{ca22964 u0 com.onda.app/com.onda.app.MainActivity}, from=com.android.server.wm.ImeInsetsSourceProvider.updateControlForTarget:17 com.android.server.wm.InsetsStateController.onControlTargetChanged:81 com.android.server.wm.DisplayContent.updateImeControlTarget:21 com.android.server.wm.DisplayContent.updateImeInputAndControlTarget:81 com.android.server.wm.WindowManagerService$LocalService.updateInputMethodTargetWindow:21
11-17 21:13:13.194  1643  2024 D SGM:FgCheckThread: getForegroundApp(), foregroundPkgName=com.onda.app
11-17 21:13:13.195  1643  2024 D SGM:FgCheckThread: noteStopComponent(), received pkgName: com.google.android.packageinstaller, focusedPkgName: com.onda.app, userId: 0
11-17 21:13:13.225  1643  3134 D WindowManager: Starting window removed Window{2747645 u0 Splash Screen com.onda.app}
11-17 21:13:13.225  1643  3134 I WindowManager: Cancelling animation restarting=false, leash=Surface(name=Surface(name=ca22964 com.onda.app/com.onda.app.MainActivity)/@0xd0c8335 - animation-leash of starting_reveal)/@0x28f1db1
11-17 21:13:13.225  1643  3134 I WindowManager: Reparenting to original parent: Surface(name=ActivityRecord{dee3048 u0 com.onda.app/.MainActivity t1375})/@0xe4c33ca, destroy=false, syncState=0, syncCommitDepth=0, surface=Surface(name=ca22964 com.onda.app/com.onda.app.MainActivity)/@0xd0c8335
11-17 21:13:13.227  1643  3134 V WindowManager: Remove Window{2747645 u0 Splash Screen com.onda.app}: mSurfaceController=Surface(name=Splash Screen com.onda.app$_2913)/@0x134a8fb mAnimatingExit=false mRemoveOnExit=false mHasSurface=true surfaceShowing=false animating=false app-animation=false mDisplayFrozen=false callers=com.android.server.wm.Session.remove:16 android.view.IWindowSession$Stub.onTransact:794 com.android.server.wm.Session.onTransact:1 android.os.Binder.execTransactInternal:1541 android.os.Binder.execTransact:1480 <bottom of call stack>
11-17 21:13:13.227  1643  3134 I WindowManager: Destroying surface Surface(name=Splash Screen com.onda.app$_2913)/@0x134a8fb called by com.android.server.wm.WindowStateAnimator.destroySurface:11 com.android.server.wm.WindowStateAnimator.destroySurfaceLocked:54 com.android.server.wm.WindowState.removeImmediately:43 com.android.server.wm.WindowState.removeIfPossible:638 com.android.server.wm.Session.remove:16 android.view.IWindowSession$Stub.onTransact:794 com.android.server.wm.Session.onTransact:1 android.os.Binder.execTransactInternal:1541
11-17 21:13:13.229  1643  3134 D WindowManager: updateSystemBarAttributes: displayId=0, focusedCanBeNavColorWin=false, win=Window{ca22964 u0 com.onda.app/com.onda.app.MainActivity}, navColorWin=Window{ca22964 u0 com.onda.app/com.onda.app.MainActivity}, caller=com.android.server.wm.DisplayPolicy.finishPostLayoutPolicyLw:17 com.android.server.wm.RootWindowContainer.applySurfaceChangesTransaction$1:194 com.android.server.wm.RootWindowContainer.performSurfacePlacementNoTrace:61
11-17 21:13:13.233  1643  2024 D SGM:FgCheckThread: getForegroundApp(), foregroundPkgName=com.onda.app
11-17 21:13:13.233  1643  2024 D SGM:FgCheckThread: noteStopComponent(), received pkgName: com.google.android.packageinstaller, focusedPkgName: com.onda.app, userId: 0
11-17 21:13:13.250  1643  2024 D SGM:FgCheckThread: getForegroundApp(), foregroundPkgName=com.onda.app
11-17 21:13:13.250  1643  2024 D SGM:FgCheckThread: noteStopComponent(), received pkgName: org.telegram.messenger, focusedPkgName: com.onda.app, userId: 0
11-17 21:13:13.382  1643  2684 D MdnieScenarioControlService:  packageName : com.onda.app    className : com.onda.app.MainActivity
11-17 21:13:13.689  1643  2024 D SGM:GameManager: identifyForegroundApp. com.onda.app, mCurrentUserId: 0, callerUserId: 0
11-17 21:13:13.734  1643  2054 D LauncherAppsService: Calling onPackageAdded: com.onda.app, uid: 10400
11-17 21:13:13.735  1643  2054 D LauncherAppsService: Calling onPackageAdded: com.onda.app, listener: com.google.android.as(UserHandle{0}, 5083)
11-17 21:13:13.735  1643  2054 D LauncherAppsService: Calling onPackageAdded: com.onda.app, listener: com.sec.android.app.launcher(UserHandle{0}, 3422)
11-17 21:13:13.735  1643  2054 D LauncherAppsService: Calling onPackageAdded: com.onda.app, listener: com.android.systemui(UserHandle{0}, 2913)
11-17 21:13:13.735  1643  2054 D LauncherAppsService: Calling onPackageAdded: com.onda.app, listener: android(UserHandle{0}, 1643)
11-17 21:13:14.580  1643  5926 D SGM:GameManager: identifyGamePackage. com.onda.app, mCurrentUserId: 0, callerUserId: 0, callingMethodInfo: com.samsung.android.game.IGameManagerService$Stub.onTransact(IGameManagerService.java:228)
11-17 21:13:17.895  1643  2879 I Pageboost: db update :com.onda.app ret 1
11-17 21:13:17.933  1643  2879 I Pageboost: memUsage collected : 58359 30216 576 for com.onda.app 20537
11-17 21:13:21.342  1643  2103 D ActivityTaskManager: scheduleTopResumedActivityChanged, onTop=false, r=ActivityRecord{dee3048 u0 com.onda.app/.MainActivity t1375}, caller=com.android.server.wm.ActivityTaskSupervisor.scheduleTopResumedActivityStateLossIfNeeded:11 com.android.server.wm.ActivityTaskSupervisor.updateTopResumedActivityIfNeeded:19 com.android.server.wm.TaskFragment.setResumedActivity:29 com.android.server.wm.ActivityRecord.setState:95 com.android.server.wm.TaskFragment.startPausing$1:210 com.android.server.wm.Task$$ExternalSyntheticLambda3.accept:271
11-17 21:13:21.346  1643  5753 D WindowManager: Changing focus from Window{ca22964 u0 com.onda.app/com.onda.app.MainActivity} to null displayId=0 Callers=com.android.server.wm.ActivityRecord.commitVisibility:204 com.android.server.wm.ActivityRecord.setVisibility:586 com.android.server.wm.ActivityRecord.makeInvisible:39 com.android.server.wm.EnsureActivitiesVisibleHelper.process:637
11-17 21:13:21.346  1643  5753 V WindowManager: Setting visibility of Window{ca22964 u0 com.onda.app/com.onda.app.MainActivity}: false, caller=com.android.server.wm.WindowContainer.sendAppVisibilityToClients:19 com.android.server.wm.WindowToken.setClientVisible:49 com.android.server.wm.ActivityRecord.setClientVisible:8 com.android.server.wm.ActivityRecord.commitVisibility:273 com.android.server.wm.ActivityRecord.setVisibility:586
11-17 21:13:21.357  1643  2024 D SGM:FgCheckThread: notePauseComponent(), received pkgName: com.onda.app, userId: 0
11-17 21:13:21.357  1643  2024 D SGM:FgCheckThread: notePauseComponent(), received pkgName: com.onda.app, userId: 0
11-17 21:13:21.357  1643  2024 D SGM:FgCheckThread: notifyFocusInOut(). of pkg: com.onda.app, type: 20, isSecGameFamily: false, userId: 0
11-17 21:13:21.358  1643  2024 D SGM:GameManager: identifyGamePackage. com.onda.app, mCurrentUserId: 0, callerUserId: 0, callingMethodInfo: com.samsung.android.game.SemGameManager.isGamePackage(SemGameManager.java:105)
11-17 21:13:21.358  1643  2024 D SGM:SemGameManager: isGamePackage(), pkgName=com.onda.app, ret=false
11-17 21:13:21.400  1643  5926 E WindowManager: win=Window{ca22964 u0 com.onda.app/com.onda.app.MainActivity} destroySurfaces: appStopped=true cleanupOnResume=false win.mWindowRemovalAllowed=false win.mRemoveOnExit=false win.mViewVisibility=8 caller=com.android.server.wm.ActivityRecord.destroySurfaces:25 com.android.server.wm.ActivityRecord.activityStopped:204 com.android.server.wm.ActivityClientController.activityStopped:95 android.app.IActivityClientController$Stub.onTransact:722 com.android.server.wm.ActivityClientController.onTransact:1 android.os.Binder.execTransactInternal:1541 android.os.Binder.execTransact:1480
11-17 21:13:21.400  1643  5926 I WindowManager: Destroying surface Surface(name=com.onda.app/com.onda.app.MainActivity$_20537)/@0x422a90c called by com.android.server.wm.WindowStateAnimator.destroySurface:11 com.android.server.wm.WindowStateAnimator.destroySurfaceLocked:54 com.android.server.wm.WindowState.destroySurfaceUnchecked:5 com.android.server.wm.WindowState.destroySurface:126 com.android.server.wm.ActivityRecord.destroySurfaces:25 com.android.server.wm.ActivityRecord.activityStopped:204 com.android.server.wm.ActivityClientController.activityStopped:95 android.app.IActivityClientController$Stub.onTransact:722
11-17 21:13:21.409  1643  2024 D SGM:FgCheckThread: getForegroundApp(), foregroundPkgName=com.onda.app
11-17 21:13:21.412  1643  2024 D SGM:FgCheckThread: pkgName: com.onda.app is not in foreground
11-17 21:14:25.711  1643  2612 D SGM:FgCheckThread: handleLcdOn(). getPkgName: com.onda.app, getUserId: 0
11-17 21:14:25.791  1643  2684 D MdnieScenarioControlService:  packageName : com.onda.app    className : com.onda.app.MainActivity
11-17 21:14:26.838  1643  5942 V WindowManager: Collecting in transition 1367: ActivityRecord{dee3048 u0 com.onda.app/.MainActivity t1375}, caller=com.android.server.wm.TransitionController.collect:7 com.android.server.wm.ActivityRecord.setVisibility:189 com.android.server.wm.TaskFragment.resumeTopActivity:1735 com.android.server.wm.Task.resumeTopActivityInnerLocked:98 com.android.server.wm.Task.resumeTopActivityUncheckedLocked:23
11-17 21:14:26.840  1643  5942 D WindowManager: prepareSync <SYNC_STATE_WAITING_FOR_DRAW>, mPrepareSyncSeqId=0, win=Window{ca22964 u0 com.onda.app/com.onda.app.MainActivity}
11-17 21:14:26.841  1643  5942 V WindowManager: Setting visibility of Window{ca22964 u0 com.onda.app/com.onda.app.MainActivity}: true, caller=com.android.server.wm.WindowContainer.sendAppVisibilityToClients:19 com.android.server.wm.WindowToken.setClientVisible:49 com.android.server.wm.ActivityRecord.setVisibility:392 com.android.server.wm.TaskFragment.resumeTopActivity:1735 com.android.server.wm.Task.resumeTopActivityInnerLocked:98
11-17 21:14:26.842  1643  5942 D ActivityTaskManager: scheduleTopResumedActivityChanged, onTop=true, r=ActivityRecord{dee3048 u0 com.onda.app/.MainActivity t1375}, caller=com.android.server.wm.ActivityTaskSupervisor.updateTopResumedActivityIfNeeded:62 com.android.server.wm.TaskFragment.setResumedActivity:29 com.android.server.wm.ActivityRecord.setState:104 com.android.server.wm.TaskFragment.resumeTopActivity:1817 com.android.server.wm.Task.resumeTopActivityInnerLocked:98 com.android.server.wm.Task.resumeTopActivityUncheckedLocked:23
11-17 21:14:26.843  1643  5942 D WindowManager: rotationForOrientation, orientationSource=ActivityRecord{dee3048 u0 com.onda.app/.MainActivity t1375}
11-17 21:14:26.843  5228 14695 I SDHMS:l : handleResumeComponent : put = com.onda.app, userid = 0 instanceid =19477510
11-17 21:14:26.848  1643  5942 D WindowManagerServiceExt: updateTaskbarTargetIfNeeded: cn=ComponentInfo{com.onda.app/com.onda.app.MainActivity} occludesParent=true isInSplitScreenMode=false styleFloating=false
11-17 21:14:26.854  1643  5942 V WindowManager: Add starting ActivityRecord{dee3048 u0 com.onda.app/.MainActivity t1375}: startingData=SnapshotStartingData{ce13960 waitForSyncTransactionCommit=false removeAfterTransaction= 0}
11-17 21:14:26.855  1643  5942 V WindowManager: Added starting ActivityRecord{dee3048 u0 com.onda.app/.MainActivity t1375}: startingWindow=null startingView=com.android.server.wm.StartingSurfaceController$StartingSurface@ba0de19
11-17 21:14:26.856  1643  2025 D BLASTSyncEngine: SyncGroup 1367:  Unfinished container: ActivityRecord{dee3048 u0 com.onda.app/.MainActivity t1375} mSyncState=2
11-17 21:14:26.858  1643  2024 D SGM:FgCheckThread: noteResumeComponent(), received pkgName: com.onda.app, userId: 0
11-17 21:14:26.858  1643  2612 D SGM:FgCheckThread: onLooperPrepared(), msg: MSG_APP_RESUME, pkgName: com.onda.app, userid: 0
11-17 21:14:26.861  1643  5932 V WindowManager: addWindow: ActivityRecord{dee3048 u0 com.onda.app/.MainActivity t1375} startingWindow=Window{c4438bf u0 SnapshotStartingWindow for taskId=1375}
11-17 21:14:26.863  1643  5593 D BLASTSyncEngine: SyncGroup 1367:  Unfinished container: ActivityRecord{dee3048 u0 com.onda.app/.MainActivity t1375} mSyncState=2
11-17 21:14:26.867  1643  1776 D WindowManager: makeSurface duration=2 name=com.onda.app/com.onda.app.MainActivity$_20537
11-17 21:14:26.868  1643  1776 D BLASTSyncEngine: SyncGroup 1367:  Unfinished container: ActivityRecord{dee3048 u0 com.onda.app/.MainActivity t1375} mSyncState=2
11-17 21:14:26.876  1643  2025 V WindowManager: Start calculating TransitionInfo based on participants: {ActivityRecord{dee3048 u0 com.onda.app/.MainActivity t1375}}
11-17 21:14:26.876  1643  2025 V WindowManager:   Final targets: [Task{d0aee1 #1375 type=standard A=10400:com.onda.app}, DefaultTaskDisplayArea_d0@220808832]
11-17 21:14:26.878  1643  2025 V WindowManager:         {WCT{RemoteToken{37bc16 Task{d0aee1 #1375 type=standard A=10400:com.onda.app}}} m=TO_FRONT f=NONE p=WCT{RemoteToken{c81c7a4 DefaultTaskDisplayArea_d0@220808832}} leash=Surface(name=Task=1375)/@0xd30d5d8 sb=Rect(0, 0 - 1080, 2340) eb=Rect(0, 0 - 1080, 2340) d=0 taskParent=-1 inset=Rect(0, 99 - 0, 144)},
11-17 21:14:26.878  1643  2025 D InsetsSourceProvider: updateFakeControlTarget: fakeControl=InsetsSourceControl: {60080000 mType=statusBars mSurfacePosition=Point(0, 0) mInsetsHint=Insets{left=0, top=0, right=0, bottom=0}}, fakeTarget=Window{ca22964 u0 com.onda.app/com.onda.app.MainActivity}
11-17 21:14:26.878  1643  2025 D InsetsSourceProvider: updateFakeControlTarget: fakeControl=InsetsSourceControl: {26710001 mType=navigationBars mSurfacePosition=Point(0, 0) mInsetsHint=Insets{left=0, top=0, right=0, bottom=0}}, fakeTarget=Window{ca22964 u0 com.onda.app/com.onda.app.MainActivity}
11-17 21:14:26.879  1643  2020 V WindowManager:         {WCT{RemoteToken{37bc16 Task{d0aee1 #1375 type=standard A=10400:com.onda.app}}} m=TO_FRONT f=NONE p=WCT{RemoteToken{c81c7a4 DefaultTaskDisplayArea_d0@220808832}} leash=Surface(name=Task=1375)/@0xd30d5d8 sb=Rect(0, 0 - 1080, 2340) eb=Rect(0, 0 - 1080, 2340) d=0 taskParent=-1 inset=Rect(0, 99 - 0, 144)},
11-17 21:14:26.906  1643  2025 D WindowManager: updateSystemBarAttributes: displayId=0, focusedCanBeNavColorWin=false, win=Window{aa90ad4 u0 NotificationShade}, navColorWin=Window{ca22964 u0 com.onda.app/com.onda.app.MainActivity}, caller=com.android.server.wm.DisplayPolicy.finishPostLayoutPolicyLw:17 com.android.server.wm.RootWindowContainer.applySurfaceChangesTransaction$1:194 com.android.server.wm.RootWindowContainer.performSurfacePlacementNoTrace:61
11-17 21:14:26.947  1643  2612 D SGM:FgCheckThread:   handleUserPresent(). resume signal is needed for com.onda.app
11-17 21:14:26.952  1643  1643 D MdnieScenarioControlService:  packageName : com.onda.app    className : com.onda.app.MainActivity
11-17 21:14:27.062  1643  5753 D WindowManager: finishDrawingWindow: Window{ca22964 u0 com.onda.app/com.onda.app.MainActivity} mDrawState=DRAW_PENDING seqId=0
11-17 21:14:27.064  1643  2025 V WindowManager: Finish starting ActivityRecord{dee3048 u0 com.onda.app/.MainActivity t1375}: first real window is shown, no animation
11-17 21:14:27.064  1643  2025 V WindowManager: Schedule remove starting ActivityRecord{dee3048 u0 com.onda.app/.MainActivity t1375} startingWindow=Window{c4438bf u0 SnapshotStartingWindow for taskId=1375} animate=false Callers=com.android.server.wm.ActivityRecord.removeStartingWindow:150 com.android.server.wm.WindowState.performShowLocked:147 com.android.server.wm.WindowStateAnimator.commitFinishDrawingLocked:59 com.android.server.wm.DisplayContent$$ExternalSyntheticLambda1.accept$com$android$server$wm$DisplayContent$$ExternalSyntheticLambda40:22 com.android.server.wm.DisplayContent$$ExternalSyntheticLambda1.accept:305
11-17 21:14:27.065  1643  2025 V WindowManager: performShowLocked: mDrawState=HAS_DRAWN in Window{ca22964 u0 com.onda.app/com.onda.app.MainActivity}
11-17 21:14:27.073  1643  1643 D SGM:GameManager: identifyGamePackage. com.onda.app, mCurrentUserId: 0, callerUserId: 0, callingMethodInfo: com.android.server.ssrm.fgapps.GameAppUtils.isGame(GameAppUtils.java:103)
11-17 21:14:27.083  1643  5942 D WindowManager: finishDrawingWindow: Window{ca22964 u0 com.onda.app/com.onda.app.MainActivity} mDrawState=HAS_DRAWN seqId=0
11-17 21:14:27.124  1643  5912 D WindowManager: Changing focus from Window{aa90ad4 u0 NotificationShade} to Window{ca22964 u0 com.onda.app/com.onda.app.MainActivity} displayId=0 Callers=com.android.server.wm.WindowManagerService.relayoutWindowInner:142 com.android.server.wm.WindowManagerService.relayoutWindow:6 com.android.server.wm.Session.relayout:27 com.android.server.wm.Session.relayoutAsync:26
11-17 21:14:27.125  1643  5912 D InsetsSourceProvider: updateControlForTarget: control=InsetsSourceControl: {60080000 mType=statusBars initiallyVisible mSurfacePosition=Point(0, 0) mInsetsHint=Insets{left=0, top=99, right=0, bottom=0}}, target=Window{ca22964 u0 com.onda.app/com.onda.app.MainActivity}, from=com.android.server.wm.InsetsStateController.onControlTargetChanged:81 com.android.server.wm.InsetsPolicy.updateBarControlTarget:175 com.android.server.wm.DisplayPolicy.updateSystemBarAttributes:281 com.android.server.wm.WindowManagerService.updateFocusedWindowLocked:375 com.android.server.wm.WindowManagerService.relayoutWindowInner:142
11-17 21:14:27.127  1643  5912 D InsetsSourceProvider: updateControlForTarget: control=InsetsSourceControl: {26710001 mType=navigationBars initiallyVisible mSurfacePosition=Point(0, 2196) mInsetsHint=Insets{left=0, top=0, right=0, bottom=144}}, target=Window{ca22964 u0 com.onda.app/com.onda.app.MainActivity}, from=com.android.server.wm.InsetsStateController.onControlTargetChanged:81 com.android.server.wm.InsetsPolicy.updateBarControlTarget:188 com.android.server.wm.DisplayPolicy.updateSystemBarAttributes:281 com.android.server.wm.WindowManagerService.updateFocusedWindowLocked:375 com.android.server.wm.WindowManagerService.relayoutWindowInner:142
11-17 21:14:27.128  1643  5912 D WindowManager: updateSystemBarAttributes: displayId=0, focusedCanBeNavColorWin=false, win=Window{ca22964 u0 com.onda.app/com.onda.app.MainActivity}, navColorWin=Window{ca22964 u0 com.onda.app/com.onda.app.MainActivity}, caller=com.android.server.wm.WindowManagerService.updateFocusedWindowLocked:375 com.android.server.wm.WindowManagerService.relayoutWindowInner:142 com.android.server.wm.WindowManagerService.relayoutWindow:6
11-17 21:14:27.128  1643  5912 V SystemKeyManager: updateFocusedWindow() is called, com.onda.app/com.onda.app.MainActivity
11-17 21:14:27.174  1643  5753 I WindowManager: Reparenting to leash, surface=Surface(name=c4438bf SnapshotStartingWindow for taskId=1375)/@0x4cbe068, syncState=0, syncCommitDepth=0, leashParent=Surface(name=ActivityRecord{dee3048 u0 com.onda.app/.MainActivity t1375})/@0xe4c33ca
11-17 21:14:27.331  1643  2025 I WindowManager: Reparenting to original parent: Surface(name=ActivityRecord{dee3048 u0 com.onda.app/.MainActivity t1375})/@0xe4c33ca, destroy=true, syncState=0, syncCommitDepth=0, surface=Surface(name=c4438bf SnapshotStartingWindow for taskId=1375)/@0x4cbe068
11-17 21:14:27.657  1643  2024 D SGM:GameManager: identifyForegroundApp. com.onda.app, mCurrentUserId: 0, callerUserId: 0
11-17 21:14:28.981  1643  5753 V WindowManager: Transition 1368: Set Task{d0aee1 #1375 type=standard A=10400:com.onda.app} as transient-hidden-task, caller=com.android.server.wm.Task.forAllTasks:4 com.android.server.wm.WindowContainer.forAllTasks:2 com.android.server.wm.DisplayArea.forAllTasks:9
11-17 21:14:28.982  1643  5753 V WindowManager: Collecting in transition 1368: Task{d0aee1 #1375 type=standard A=10400:com.onda.app}, caller=com.android.server.wm.Transition$$ExternalSyntheticLambda16.test:93 com.android.server.wm.Task.forAllTasks:4 com.android.server.wm.WindowContainer.forAllTasks:2 com.android.server.wm.DisplayArea.forAllTasks:9 com.android.server.wm.TransitionController.setTransientLaunch:99
11-17 21:14:28.982  1643  5753 D ActivityTaskManager: scheduleTopResumedActivityChanged, onTop=false, r=ActivityRecord{dee3048 u0 com.onda.app/.MainActivity t1375}, caller=com.android.server.wm.ActivityTaskSupervisor.scheduleTopResumedActivityStateLossIfNeeded:11 com.android.server.wm.ActivityTaskSupervisor.updateTopResumedActivityIfNeeded:19 com.android.server.wm.TaskDisplayArea.positionChildAt:270 com.android.server.wm.Task.moveToFront:443 com.android.server.wm.ActivityStartController.startExistingRecents:201 com.android.server.wm.WindowOrganizerController.applyHierarchyOp:31
11-17 21:14:29.024  1643  2025 V WindowManager: Start calculating TransitionInfo based on participants: {Task{d0aee1 #1375 type=standard A=10400:com.onda.app}, Task{300af38 #1171 type=recents I=com.sec.android.app.launcher/com.android.quickstep.RecentsActivity}, TransientLaunchOverlayToken{50bb239 token=android.os.BinderProxy@fe04a00}, WallpaperWindowToken{926e278 token=android.os.Binder@36b27db}_<system>, ActivityRecord{c0d2f9b u0 com.sec.android.app.launcher/com.android.quickstep.RecentsActivity t1171}}
11-17 21:14:29.024  1643  2025 V WindowManager:   Final targets: [TransientLaunchOverlayToken{50bb239 token=android.os.BinderProxy@fe04a00}, Task{300af38 #1171 type=recents I=com.sec.android.app.launcher/com.android.quickstep.RecentsActivity}, Task{d0aee1 #1375 type=standard A=10400:com.onda.app}, WallpaperWindowToken{926e278 token=android.os.Binder@36b27db}_<system>]
11-17 21:14:29.027  1643  2025 D WindowManager: setActiveRecents, recents=ActivityRecord{c0d2f9b u0 com.sec.android.app.launcher/com.android.quickstep.RecentsActivity t1171}, task=Task{d0aee1 #1375 type=standard A=10400:com.onda.app}, caller=com.android.server.wm.InputMonitor.setActiveRecents:32 com.android.server.wm.Transition.handleLegacyRecentsStartBehavior:107 com.android.server.wm.Transition.onTransactionReady:2212
11-17 21:14:29.028  1643  2025 V WindowManager:         {WCT{RemoteToken{37bc16 Task{d0aee1 #1375 type=standard A=10400:com.onda.app}}} m=TO_BACK f=NONE leash=Surface(name=Task=1375)/@0xd30d5d8 sb=Rect(0, 0 - 1080, 2340) eb=Rect(0, 0 - 1080, 2340) d=0 taskParent=-1 inset=Rect(0, 99 - 0, 144) dim=true},
11-17 21:14:29.040  1643  2020 V WindowManager:         {WCT{RemoteToken{37bc16 Task{d0aee1 #1375 type=standard A=10400:com.onda.app}}} m=TO_BACK f=NONE leash=Surface(name=Task=1375)/@0xd30d5d8 sb=Rect(0, 0 - 1080, 2340) eb=Rect(0, 0 - 1080, 2340) d=0 taskParent=-1 inset=Rect(0, 99 - 0, 144) dim=true},
11-17 21:14:29.117  1643  1776 D WindowManager: Changing focus from Window{ca22964 u0 com.onda.app/com.onda.app.MainActivity} to Window{a24f455 u0 com.sec.android.app.launcher/com.android.quickstep.RecentsActivity} displayId=0 Callers=com.android.server.wm.ActivityTaskManagerService.setLastResumedActivityUncheckLocked:264 com.android.server.wm.ActivityTaskManagerService.setFocusedTask:20 com.android.server.wm.ActivityTaskManagerService.focusTopTask:52 android.app.IActivityTaskManager$Stub.onTransact:1865
11-17 21:14:29.121  1643  1776 D WindowManager: updateSystemBarAttributes: displayId=0, focusedCanBeNavColorWin=false, win=Window{a24f455 u0 com.sec.android.app.launcher/com.android.quickstep.RecentsActivity}, navColorWin=Window{ca22964 u0 com.onda.app/com.onda.app.MainActivity}, caller=com.android.server.wm.WindowManagerService.updateFocusedWindowLocked:375 com.android.server.wm.ActivityTaskManagerService.setLastResumedActivityUncheckLocked:264 com.android.server.wm.ActivityTaskManagerService.setFocusedTask:20
11-17 21:14:29.602  1643  1776 V WindowManager: Setting visibility of Window{ca22964 u0 com.onda.app/com.onda.app.MainActivity}: false, caller=com.android.server.wm.WindowContainer.sendAppVisibilityToClients:19 com.android.server.wm.WindowToken.setClientVisible:49 com.android.server.wm.ActivityRecord.setClientVisible:8 com.android.server.wm.ActivityRecord.commitVisibility:273 com.android.server.wm.TransitionController.finishTransition:766
11-17 21:14:29.634  1643  5753 E WindowManager: win=Window{ca22964 u0 com.onda.app/com.onda.app.MainActivity} destroySurfaces: appStopped=true cleanupOnResume=false win.mWindowRemovalAllowed=false win.mRemoveOnExit=false win.mViewVisibility=8 caller=com.android.server.wm.ActivityRecord.destroySurfaces:25 com.android.server.wm.ActivityRecord.activityStopped:204 com.android.server.wm.ActivityClientController.activityStopped:95 android.app.IActivityClientController$Stub.onTransact:722 com.android.server.wm.ActivityClientController.onTransact:1 android.os.Binder.execTransactInternal:1541 android.os.Binder.execTransact:1480
11-17 21:14:29.634  1643  5753 I WindowManager: Destroying surface Surface(name=com.onda.app/com.onda.app.MainActivity$_20537)/@0xae0bd05 called by com.android.server.wm.WindowStateAnimator.destroySurface:11 com.android.server.wm.WindowStateAnimator.destroySurfaceLocked:54 com.android.server.wm.WindowState.destroySurfaceUnchecked:5 com.android.server.wm.WindowState.destroySurface:126 com.android.server.wm.ActivityRecord.destroySurfaces:25 com.android.server.wm.ActivityRecord.activityStopped:204 com.android.server.wm.ActivityClientController.activityStopped:95 android.app.IActivityClientController$Stub.onTransact:722
11-17 21:14:29.635  1643  2024 D SGM:FgCheckThread: pkgName: com.onda.app is not in foreground
11-17 21:14:29.635  1643  2024 D SGM:FgCheckThread: noteStopComponent(), received pkgName: com.onda.app, focusedPkgName: com.sec.android.app.launcher, userId: 0
11-17 21:14:30.220  1643  2024 I ActivityManager: Killing 20537:com.onda.app/u0a400 (adj 900): remove task
11-17 21:14:30.280  1643  5932 W ActivityManager: Scheduling restart of crashed service com.onda.app/org.chromium.content.app.SandboxedProcessService0:0 in 1000ms for connection
11-17 21:14:30.305  1643  5928 I WindowManager: WIN DEATH: Window{ca22964 u0 com.onda.app/com.onda.app.MainActivity}
11-17 21:14:30.306  1643  5928 V WindowManager: Remove Window{ca22964 u0 com.onda.app/com.onda.app.MainActivity}: mSurfaceController=null mAnimatingExit=false mRemoveOnExit=false mHasSurface=false surfaceShowing=false animating=false app-animation=false mDisplayFrozen=false callers=com.android.server.wm.Session.binderDied:118 android.os.IBinder$DeathRecipient.binderDied:339 android.os.BinderProxy.sendDeathNotice:794 <bottom of call stack> <bottom of call stack> <bottom of call stack>
11-17 21:14:30.316  1643  1711 V WindowManager: Collecting in transition 1369: Task{d0aee1 #1375 type=standard A=10400:com.onda.app}, caller=com.android.server.wm.Transition.collectClose:12 com.android.server.wm.WindowProcessController.handleAppDied$1:473 com.android.server.am.ActivityManagerService.handleAppDiedLocked:247 com.android.server.am.ActivityManagerService.appDiedLocked:479 com.android.server.am.ActivityManagerService$AppDeathRecipient.binderDied:17
11-17 21:14:30.316  1643  1711 V WindowManager: Collecting in transition 1369: ActivityRecord{dee3048 u0 com.onda.app/.MainActivity t1375 f}}, caller=com.android.server.wm.TransitionController.collect:7 com.android.server.wm.ActivityRecord.onRemovedFromDisplay:324 com.android.server.wm.ActivityRecord.removeFromHistory:176 com.android.server.wm.WindowProcessController.handleAppDied$1:514 com.android.server.am.ActivityManagerService.handleAppDiedLocked:247
11-17 21:14:30.325  1643  2024 D SGM:FgCheckThread: pkgName: com.onda.app is not in foreground
11-17 21:14:30.325  1643  2024 D SGM:FgCheckThread: noteStopComponent(), received pkgName: com.onda.app, focusedPkgName: com.sec.android.app.launcher, userId: 0
11-17 21:14:30.325  1643  2550 W UsageStatsService: Unexpected activity event reported! (com.onda.app/com.onda.app.MainActivity event : 23 instanceId : 19477510)
11-17 21:14:30.332  1643  2025 V WindowManager: Start calculating TransitionInfo based on participants: {Task{d0aee1 #1375 type=standard A=10400:com.onda.app}, Task{308bf4f #1 type=home}, ActivityRecord{3ddaae0 u0 com.sec.android.app.launcher/.activities.LauncherActivity t-1}, ActivityRecord{9141a2d u0 com.google.android.packageinstaller/com.android.packageinstaller.DeleteStagedFileOnResult t-1 f}}, WallpaperWindowToken{926e278 token=android.os.Binder@36b27db}_<system>, Task{93e2c94 #1169 type=home I=com.sec.android.app.launcher/.activities.LauncherActivity}, WallpaperWindowToken{a84b3fd token=android.os.Binder@8f50cc1}_<lock>, ActivityRecord{c02d6da u0 com.sec.android.app.launcher/.activities.LauncherActivity t1169}, ActivityRecord{c0d2f9b u0 com.sec.android.app.launcher/com.android.quickstep.RecentsActivity t1171}, ActivityRecord{dee3048 u0 com.onda.app/.MainActivity t-1 f}}}
11-17 21:14:31.920  1643  5912 I Pageboost: start alp : com.onda.app
11-17 21:14:31.921  1643  2879 I Pageboost: alp for : com.onda.app , 0
11-17 21:14:31.939  1643  2058 I ActivityManager: Start proc 21252:com.onda.app/u0a400 for activelaunch {com.onda.app/com.onda.app.MainActivity}
11-17 21:14:31.941  2913  3086 D ShellStartingWindow: preload Icon com.onda.app
11-17 21:14:31.967  1643  5912 I Pageboost: onAppLaunch : com.onda.app
11-17 21:14:31.969  1643  5912 V WindowManager: Collecting in transition 1370: ActivityRecord{686eac4 u0 com.onda.app/.MainActivity, caller=com.android.server.wm.TransitionController.collect:7 com.android.server.wm.ActivityStarter.startActivityUnchecked:626 com.android.server.wm.ActivityStarter.executeRequest:3365 com.android.server.wm.ActivityStarter.execute:1122 com.android.server.wm.ActivityTaskManagerService.startActivityAsUser:88
11-17 21:14:31.969  1643  5912 D ActivityTaskManager: TaskLaunchParamsModifier:task=null activity=ActivityRecord{686eac4 u0 com.onda.app/.MainActivity t-1} display-from-option=0 display-id=0 task-display-area-windowing-mode=1 suggested-display-area=DefaultTaskDisplayArea_d0@220808832
11-17 21:14:31.969  1643  5912 D ActivityTaskManager: TaskLaunchParamsModifier:task=null activity=ActivityRecord{686eac4 u0 com.onda.app/.MainActivity t-1} display-from-option=0 display-id=0 task-display-area-windowing-mode=1 suggested-display-area=DefaultTaskDisplayArea_d0@220808832 inherit-from-source=fullscreen non-freeform-task-display-area display-area=DefaultTaskDisplayArea_d0@220808832 activity-requested-portrait freeform-size-mismatch=Rect(81, 562 - 999, 1732)
11-17 21:14:31.971  1643  5912 D ActivityTaskManager: TaskLaunchParamsModifier:task=Task{a91ddad #1376 type=standard A=10400:com.onda.app} activity=ActivityRecord{686eac4 u0 com.onda.app/.MainActivity t-1} display-from-option=0 display-id=0 task-display-area-windowing-mode=1 suggested-display-area=DefaultTaskDisplayArea_d0@220808832 inherit-from-source=fullscreen non-freeform-task-display-area display-area=DefaultTaskDisplayArea_d0@220808832 activity-requested-portrait freeform-size-mismatch=Rect(81, 562 - 999, 1732)
11-17 21:14:31.971  1643  5912 V WindowManager: Collecting in transition 1370: Task{a91ddad #1376 type=standard A=10400:com.onda.app}, caller=com.android.server.wm.Transition.collectExistenceChange:42 com.android.server.wm.ActivityStarter.setNewTask:43 com.android.server.wm.ActivityStarter.startActivityInner:2218 com.android.server.wm.ActivityStarter.startActivityUnchecked:639 com.android.server.wm.ActivityStarter.executeRequest:3365
11-17 21:14:31.973  1643  5912 V WindowManager: Add starting ActivityRecord{686eac4 u0 com.onda.app/.MainActivity t1376}: startingData=SplashScreenStartingData{c69ef30 waitForSyncTransactionCommit=false removeAfterTransaction= 0}
11-17 21:14:31.974  1643  5912 V WindowManager: Added starting ActivityRecord{686eac4 u0 com.onda.app/.MainActivity t1376}: startingWindow=null startingView=com.android.server.wm.StartingSurfaceController$StartingSurface@f1ba7a9
11-17 21:14:31.974  1643  5912 V WindowManager: Collecting in transition 1370: ActivityRecord{686eac4 u0 com.onda.app/.MainActivity t1376}, caller=com.android.server.wm.Transition.collectExistenceChange:42 com.android.server.wm.ActivityStarter.handleStartResult:523 com.android.server.wm.ActivityStarter.startActivityUnchecked:653 com.android.server.wm.ActivityStarter.executeRequest:3365 com.android.server.wm.ActivityStarter.execute:1122
11-17 21:14:31.975  1643  5912 I ActivityTaskManager: START u0 {act=android.intent.action.MAIN cat=[android.intent.category.LAUNCHER] flg=0x10200000 cmp=com.onda.app/.MainActivity bnds=[290,246][539,520]} with LAUNCH_MULTIPLE from uid 10130 (BAL_ALLOW_VISIBLE_WINDOW) result code=0
11-17 21:14:31.975  2913  3030 V WindowManagerShell: Transition requested (#1370): android.os.BinderProxy@6875db4 TransitionRequestInfo { type = OPEN, triggerTask = TaskInfo{userId=0 taskId=1376 displayId=0 isRunning=true baseIntent=Intent { act=android.intent.action.MAIN cat=[android.intent.category.LAUNCHER] flg=0x10200000 cmp=com.onda.app/.MainActivity } baseActivity=ComponentInfo{com.onda.app/com.onda.app.MainActivity} topActivity=ComponentInfo{com.onda.app/com.onda.app.MainActivity} origActivity=null realActivity=ComponentInfo{com.onda.app/com.onda.app.MainActivity} numActivities=1 lastActiveTime=178336212 supportsMultiWindow=true resizeMode=1 isResizeable=true minWidth=-1 minHeight=-1 maxWidth=-1 maxHeight=-1 defaultMinSize=220 token=WCT{android.window.IWindowContainerToken$Stub$Proxy@367eddd} topActivityType=1 pictureInPictureParams=null shouldDockBigOverlays=false launchIntoPipHostTaskId=-1 lastParentTaskIdBeforePip=-1 displayCutoutSafeInsets=Rect(0, 99 - 0, 0) topActivityInfo=ActivityInfo{3a7cd52 com.onda.app.MainActivity} launchCookies=[android.os.BinderProxy@e6d9823] positionInParent=Point(0, 0) parentTaskId=-1 isFocused=false isVisible=false isVisibleRequested=false isSleeping=false topActivityInSizeCompat=false locusId=null displayAreaFeatureId=1 isTopActivityTransparent=false isTopActivityStyleFloating=false appCompatTaskInfo=AppCompatTaskInfo { topActivityInSizeCompat=false eligibleForLetterboxEducation= false isLetterboxEducationEnabled= false isLetterboxDoubleTapEnabled= false eligibleForUserAspectRatioButton= false topActivityBoundsLetterboxed= false isFromLetterboxDoubleTap= false topActivityLetterboxVerticalPosition= -1 topActivityLetterboxHorizontalPosition= -1 topActivityLetterboxWidth=1080 topActivityLetterboxHeight=2340 topActivityLetterboxAppWidth=1080 topActivityLetterboxAppHeight=2097 isUserFullscreenOverrideEnabled=false isSystemFullscreenOverrideEnabled=false hasMinAspectRatioOverride=false cameraCompatTaskInfo=CameraCompatTaskInfo { freeformCameraCompatMode=inactive} topActivityBounds=null topActivityInDisplayCompat=false} originallySupportedMultiWindow=true hasWallpaper=false rootAffinity=10400:com.onda.app isTopTaskInStage=false topActivityUiMode=17 CoverLauncherWidgetTask=false isAllowedSeamlessRotation=false isTopTransparentActivity=false snappingGuideBounds=Rect(81, 562 - 999, 1732) isAliasManaged=false hasConfigChanged=false isAiKeyRemoveAppTask=false}, pipTask = null, remoteTransition = RemoteTransition { remoteTransition = android.window.IRemoteTransition$Stub$Proxy@716a120, appThread = android.app.IApplicationThread$Stub$Proxy@87a8ad9, debugName = QuickstepLaunchflags =NONE }, displayChange = null, flags = 0, debugId = 1370 }
11-17 21:14:31.980  1643  3419 V WindowManager: Collecting in transition 1370: ActivityRecord{686eac4 u0 com.onda.app/.MainActivity t1376}, caller=com.android.server.wm.TransitionController.collect:7 com.android.server.wm.ActivityRecord.setVisibility:189 com.android.server.wm.EnsureActivitiesVisibleHelper.process:561 com.android.server.wm.TaskFragment.updateActivityVisibilities:12 com.android.server.wm.Task$$ExternalSyntheticLambda3.accept:399
11-17 21:14:31.981  1643  3419 D WindowManager: rotationForOrientation, orientationSource=ActivityRecord{686eac4 u0 com.onda.app/.MainActivity t1376}
11-17 21:14:31.981  1643  3419 V WindowManager: Collecting in transition 1370: ActivityRecord{686eac4 u0 com.onda.app/.MainActivity t1376}, caller=com.android.server.wm.TransitionController.collect:7 com.android.server.wm.ActivityRecord.setVisibility:189 com.android.server.wm.ActivityTaskSupervisor.realStartActivityLocked:234 com.android.server.wm.ActivityTaskSupervisor.startSpecificActivity:27 com.android.server.wm.TaskFragment.resumeTopActivity:2204
11-17 21:14:31.983  1643  3419 D SGM:FgCheckThread: notifyAppCreated(), packageName: com.onda.app, userId: 0, sendRet: true
11-17 21:14:31.983  1643  2612 D SGM:FgCheckThread: onLooperPrepared(), msg: MSG_APP_CREATE, pkgName: com.onda.app, userId: 0
11-17 21:14:31.984  1643  3419 D SGM:FgCheckThread:   sendRunningComponentFocus(), pkgName: com.onda.app, userId: 0
11-17 21:14:31.984  1643  2612 D SGM:FgCheckThread: onLooperPrepared(), msg: MSG_TASK_FOCUSED, pkgName: com.onda.app, userId: 0
11-17 21:14:31.985  1643  2612 D SGM:FgCheckThread:   handleTaskFocused(), pkgName: com.onda.app, userID:0
11-17 21:14:31.985  1643  2612 D SGM:FgCheckThread:   handleResume(). pkgName: com.onda.app, userId: 0, category: non-game
11-17 21:14:31.985  1643  2612 D SGM:FgCheckThread: notifyFocusInOut(). of pkg: com.onda.app, type: 4, isSecGameFamily: false, userId: 0
11-17 21:14:31.985  1643  3419 D ActivityTaskManager: scheduleTopResumedActivityChanged, onTop=true, r=ActivityRecord{686eac4 u0 com.onda.app/.MainActivity t1376}, caller=com.android.server.wm.ActivityTaskSupervisor.updateTopResumedActivityIfNeeded:62 com.android.server.wm.TaskFragment.setResumedActivity:29 com.android.server.wm.ActivityRecord.setState:104 com.android.server.wm.ActivityTaskSupervisor.realStartActivityLocked:949 com.android.server.wm.ActivityTaskSupervisor.startSpecificActivity:27 com.android.server.wm.TaskFragment.resumeTopActivity:2204
11-17 21:14:31.985  1643  3419 D WindowManagerServiceExt: updateTaskbarTargetIfNeeded: cn=ComponentInfo{com.onda.app/com.onda.app.MainActivity} occludesParent=true isInSplitScreenMode=false styleFloating=false
11-17 21:14:31.986  1643  3419 D BLASTSyncEngine: SyncGroup 1370:  Unfinished container: Task{a91ddad #1376 type=standard A=10400:com.onda.app} mSyncState=2
11-17 21:14:31.989  1643  3419 D WindowManager: prepareSync <SYNC_STATE_WAITING_FOR_DRAW>, mPrepareSyncSeqId=0, win=Window{bb33ec7 u0 Splash Screen com.onda.app}
11-17 21:14:31.991  1643  3419 V WindowManager: addWindow: ActivityRecord{686eac4 u0 com.onda.app/.MainActivity t1376} startingWindow=Window{bb33ec7 u0 Splash Screen com.onda.app}
11-17 21:14:31.995 21252 21252 D ActivityThread: com.onda.app will use render engine as VK
11-17 21:14:32.000  5228 12927 I SDHMS:l : handleResumeComponent : put = com.onda.app, userid = 0 instanceid =41175266
11-17 21:14:32.001  1643  2024 D SGM:FgCheckThread: noteResumeComponent(), received pkgName: com.onda.app, userId: 0
11-17 21:14:32.001  1643  2612 D SGM:FgCheckThread: onLooperPrepared(), msg: MSG_APP_RESUME, pkgName: com.onda.app, userid: 0
11-17 21:14:32.001  1643  2612 D SGM:FgCheckThread:   handleResume(). pkgName: com.onda.app, userId: 0, category: non-game
11-17 21:14:32.001  1643  2612 D SGM:FgCheckThread: notifyFocusInOut(). of pkg: com.onda.app, type: 4, isSecGameFamily: false, userId: 0
11-17 21:14:32.005  1643  3124 D WindowManager: makeSurface duration=1 name=Splash Screen com.onda.app$_2913
11-17 21:14:32.005  1643  3124 D BLASTSyncEngine: SyncGroup 1370:  Unfinished container: Task{a91ddad #1376 type=standard A=10400:com.onda.app} mSyncState=2
11-17 21:14:32.008  1643  1776 D CoreBackPreview: Window{bb33ec7 u0 Splash Screen com.onda.app}: Setting back callback OnBackInvokedCallbackInfo{mCallback=android.window.IOnBackInvokedCallback$Stub$Proxy@511e042, mPriority=0, mIsAnimationCallback=false}
11-17 21:14:32.009  1643  2024 D SGM:GameManager: identifyGamePackage. com.onda.app, mCurrentUserId: 0, callerUserId: 0, callingMethodInfo: com.samsung.android.game.SemGameManager.isGamePackage(SemGameManager.java:105)
11-17 21:14:32.009  1643  2024 D SGM:SemGameManager: isGamePackage(), pkgName=com.onda.app, ret=false
11-17 21:14:32.016  1643  5942 D WindowManager: finishDrawingWindow: Window{bb33ec7 u0 Splash Screen com.onda.app} mDrawState=DRAW_PENDING seqId=0
11-17 21:14:32.016  1643  5942 V WindowManager: Finishing drawing window Window{bb33ec7 u0 Splash Screen com.onda.app}: mDrawState=DRAW_PENDING
11-17 21:14:32.016  1643  5942 V WindowManager: Draw state now committed in Window{bb33ec7 u0 Splash Screen com.onda.app}
11-17 21:14:32.018  1643  2025 V WindowManager: performShowLocked: mDrawState=HAS_DRAWN in Window{bb33ec7 u0 Splash Screen com.onda.app}
11-17 21:14:32.018  1643  2025 V WindowManager: Start calculating TransitionInfo based on participants: {ActivityRecord{686eac4 u0 com.onda.app/.MainActivity t1376}, WallpaperWindowToken{926e278 token=android.os.Binder@36b27db}_<system>, WallpaperWindowToken{a84b3fd token=android.os.Binder@8f50cc1}_<lock>, Task{a91ddad #1376 type=standard A=10400:com.onda.app}, ActivityRecord{c02d6da u0 com.sec.android.app.launcher/.activities.LauncherActivity t1169}}
11-17 21:14:32.019  1643  2025 V WindowManager:   Final targets: [Task{a91ddad #1376 type=standard A=10400:com.onda.app}, Task{308bf4f #1 type=home}, WallpaperWindowToken{926e278 token=android.os.Binder@36b27db}_<system>]
