11-17 23:20:28.110  1643  5932 D InsetsSourceProvider: updateControlForTarget: control=InsetsSourceControl: {60080000 mType=statusBars initiallyVisible mSurfacePosition=Point(0, 0) mInsetsHint=Insets{left=0, top=99, right=0, bottom=0}}, target=Window{51fd9db u0 com.onda.app/com.onda.app.MainActivity}, from=com.android.server.wm.InsetsStateController.onControlTargetChanged:81 com.android.server.wm.InsetsPolicy.updateBarControlTarget:175 com.android.server.wm.DisplayPolicy.updateSystemBarAttributes:281 com.android.server.wm.WindowManagerService.updateFocusedWindowLocked:375 com.android.server.wm.WindowManagerService.relayoutWindowInner:142
11-17 23:20:28.111  1643  5932 D InsetsSourceProvider: updateControlForTarget: control=InsetsSourceControl: {26710001 mType=navigationBars initiallyVisible mSurfacePosition=Point(0, 2196) mInsetsHint=Insets{left=0, top=0, right=0, bottom=144}}, target=Window{51fd9db u0 com.onda.app/com.onda.app.MainActivity}, from=com.android.server.wm.InsetsStateController.onControlTargetChanged:81 com.android.server.wm.InsetsPolicy.updateBarControlTarget:188 com.android.server.wm.DisplayPolicy.updateSystemBarAttributes:281 com.android.server.wm.WindowManagerService.updateFocusedWindowLocked:375 com.android.server.wm.WindowManagerService.relayoutWindowInner:142
11-17 23:20:28.111  1643  5932 D WindowManager: updateSystemBarAttributes: displayId=0, focusedCanBeNavColorWin=false, win=Window{51fd9db u0 com.onda.app/com.onda.app.MainActivity}, navColorWin=Window{1c196b2 u0 Splash Screen com.onda.app}, caller=com.android.server.wm.WindowManagerService.updateFocusedWindowLocked:375 com.android.server.wm.WindowManagerService.relayoutWindowInner:142 com.android.server.wm.WindowManagerService.relayoutWindow:6
11-17 23:20:28.112  1643  5932 V SystemKeyManager: updateFocusedWindow() is called, com.onda.app/com.onda.app.MainActivity
11-17 23:20:28.112  2913  2913 D NavigationBar: onSystemBarAttributesChanged() -  displayId:0, appearance:16, packageName: com.onda.app (APPEARANCE_LIGHT_NAVIGATION_BARS ), navbarColorManagedByIme:false
11-17 23:20:28.116  8091  8091 E com.onda.app: Unable to open libpenguin.so: dlopen failed: library "libpenguin.so" not found.
11-17 23:20:28.132  1336  1540 D SurfaceFlinger: [input] setFocusedWindow: 51fd9db com.onda.app/com.onda.app.MainActivity
11-17 23:20:28.132  1643  5932 D InputDispatcher: Once focus requested (0): 51fd9db com.onda.app/com.onda.app.MainActivity
11-17 23:20:28.132  1643  5932 D InputDispatcher: Focus request (0): 51fd9db com.onda.app/com.onda.app.MainActivity but waiting because NO_WINDOW
11-17 23:20:28.154  1643  5932 D SGM:GameManager: identifyGamePackage. com.onda.app, mCurrentUserId: 0, callerUserId: 0, callingMethodInfo: com.samsung.android.game.IGameManagerService$Stub.onTransact(IGameManagerService.java:228)
11-17 23:20:28.280  1336  1336 D SurfaceFlinger:        DEVICE |   0xb4000079df921ff0 | 0001 | RGBA_8888    |    0.0    0.0 1080.0 2340.0 |    0    0 1080 2340 | Splash Screen com.onda.app$_2913#19949 (1)
11-17 23:20:28.314  1336  1446 I SurfaceFlinger: [com.onda.app/com.onda.app.MainActivity$_8091#19961] setTransactionState with the first frame. bufferData(ID: 34750580391939, frameNumber: 1)
11-17 23:20:28.314  1643  5932 D WindowManager: finishDrawingWindow: Window{51fd9db u0 com.onda.app/com.onda.app.MainActivity} mDrawState=DRAW_PENDING seqId=0
11-17 23:20:28.315  1643  2025 V WindowManager: Finish starting ActivityRecord{c216c87 u0 com.onda.app/.MainActivity t1396}: first real window is shown, no animation
11-17 23:20:28.315  1643  2025 V WindowManager: Schedule remove starting ActivityRecord{c216c87 u0 com.onda.app/.MainActivity t1396} startingWindow=Window{1c196b2 u0 Splash Screen com.onda.app} animate=true Callers=com.android.server.wm.ActivityRecord.removeStartingWindow:150 com.android.server.wm.WindowState.performShowLocked:147 com.android.server.wm.WindowStateAnimator.commitFinishDrawingLocked:59 com.android.server.wm.DisplayContent$$ExternalSyntheticLambda1.accept$com$android$server$wm$DisplayContent$$ExternalSyntheticLambda40:22 com.android.server.wm.DisplayContent$$ExternalSyntheticLambda1.accept:305
11-17 23:20:28.316  1643  2025 D TaskOrganizerController: applyStartingWindowAnimation, window=Window{51fd9db u0 com.onda.app/com.onda.app.MainActivity}, caller=com.android.server.wm.TaskOrganizerController.removeStartingWindow:131 com.android.server.wm.StartingSurfaceController$StartingSurface.remove:23 com.android.server.wm.ActivityRecord.removeStartingWindowAnimation:181
11-17 23:20:28.316  1643  2025 I WindowManager: Reparenting to leash, surface=Surface(name=51fd9db com.onda.app/com.onda.app.MainActivity)/@0x947b86d, syncState=0, syncCommitDepth=0, leashParent=Surface(name=ActivityRecord{c216c87 u0 com.onda.app/.MainActivity t1396})/@0xf08eca2
11-17 23:20:28.316  1336  1446 I SurfaceFlinger: id=19967 createSurf, flag=24000, Surface(name=51fd9db com.onda.app/com.onda.app.MainActivity)/@0x947b86d - animation-leash of starting_reveal#19967
11-17 23:20:28.317  1643  2025 D WindowManager: makeSurface duration=1 leash=Surface(name=Surface(name=51fd9db com.onda.app/com.onda.app.MainActivity)/@0x947b86d - animation-leash of starting_reveal)/@0x6324d33
11-17 23:20:28.317  1643  2025 V WindowManager: performShowLocked: mDrawState=HAS_DRAWN in Window{51fd9db u0 com.onda.app/com.onda.app.MainActivity}
11-17 23:20:28.322  1336  1336 I SurfaceFlinger: [Surface(name=51fd9db com.onda.app/com.onda.app.MainActivity)/@0x947b86d - animation-leash of starting_reveal#19967] attach to parent LayerHierarchy{RequestedLayerState{ActivityRecord{c216c87 u0 com.onda.app/.MainActivity t1396}#19947 parentId=19946} 4 children}
11-17 23:20:28.324  8091  8091 I InsetsSourceConsumer: applyRequestedVisibilityToControl: visible=true, type=statusBars, host=com.onda.app/com.onda.app.MainActivity
11-17 23:20:28.324  8091  8091 I InsetsSourceConsumer: applyRequestedVisibilityToControl: visible=true, type=navigationBars, host=com.onda.app/com.onda.app.MainActivity
11-17 23:20:28.331  1336  1336 I SurfaceFlinger: Layer [com.onda.app/com.onda.app.MainActivity$_8091#19961] hidden!! flag(0)
11-17 23:20:28.331  1336  1336 I SurfaceFlinger: [LayerHierarchy{RequestedLayerState{51fd9db com.onda.app/com.onda.app.MainActivity#19959 parentId=19967} 1 children}] reparent to LayerHierarchy{RequestedLayerState{Surface(name=51fd9db com.onda.app/com.onda.app.MainActivity)/@0x947b86d - animation-leash of starting_reveal#19967 parentId=19947} 1 children}
11-17 23:20:28.334  1643  2020 I PkgPredictorService-SecIpmManagerServiceImpl: reportToNAP uid:10403 com.onda.app/com.onda.app.MainActivity thisTime:602
11-17 23:20:28.338  1336  1336 D SurfaceFlinger:        DEVICE |   0xb4000079df93ffc0 | 0001 | RGBA_8888    |    0.0    0.0 1080.0 2280.0 |    0   60 1080 2340 | com.onda.app/com.onda.app.MainActivity$_8091#19961 (2)
11-17 23:20:28.338  1336  1336 D SurfaceFlinger:        DEVICE |   0xb4000079df90a830 | 0001 | RGBA_8888    |    0.0    0.0 1080.0 2340.0 |    0    0 1080 2340 | Splash Screen com.onda.app$_2913#19949 (2)
11-17 23:20:28.340  1643  3303 D InputDispatcher: Focus entered window (0): 51fd9db com.onda.app/com.onda.app.MainActivity
11-17 23:20:28.344  1643  2606 I ImeTracker: com.onda.app:ca2ed03a: onRequestHide at ORIGIN_SERVER reason HIDE_UNSPECIFIED_WINDOW fromUser false
11-17 23:20:28.344  1643  2606 I ImeTracker: com.onda.app:ca2ed03a: onCancelled at PHASE_SERVER_SHOULD_HIDE
11-17 23:20:28.350  1643  2020 I ActivityTaskManager: Displayed com.onda.app/.MainActivity for user 0: +602ms
11-17 23:20:28.350  1643  2020 I Pageboost: Launch time gathered : pid 8091 com.onda.app 602
11-17 23:20:28.353  1643  2024 D SGM:FgCheckThread: getForegroundApp(), foregroundPkgName=com.onda.app
11-17 23:20:28.354  1643  2024 D SGM:FgCheckThread: noteStopComponent(), received pkgName: com.google.android.packageinstaller, focusedPkgName: com.onda.app, userId: 0
11-17 23:20:28.357  6802  6802 I HBD     : c [AiWriter] setContact : com.onda.app
11-17 23:20:28.357  6802  6802 I HBD     : a [AiWriter] setContact : com.onda.app
11-17 23:20:28.360  1643  5937 D InsetsSourceProvider: updateControlForTarget: control=InsetsSourceControl: {3 mType=ime mSurfacePosition=Point(0, 99) mInsetsHint=Insets{left=0, top=0, right=0, bottom=1026}}, target=Window{51fd9db u0 com.onda.app/com.onda.app.MainActivity}, from=com.android.server.wm.ImeInsetsSourceProvider.updateControlForTarget:17 com.android.server.wm.InsetsStateController.onControlTargetChanged:81 com.android.server.wm.DisplayContent.updateImeControlTarget:21 com.android.server.wm.DisplayContent.updateImeInputAndControlTarget:81 com.android.server.wm.WindowManagerService$LocalService.updateInputMethodTargetWindow:21
11-17 23:20:28.371  8091  8091 I InsetsSourceConsumer: applyRequestedVisibilityToControl: visible=false, type=ime, host=com.onda.app/com.onda.app.MainActivity
11-17 23:20:28.372  1643  2024 D SGM:FgCheckThread: getForegroundApp(), foregroundPkgName=com.onda.app
11-17 23:20:28.373  1336  1336 I SurfaceFlinger: [LayerHierarchy{RequestedLayerState{ImeContainer#16 parentId=19947 relativeParentId=19947 z=3} 1 children}] reparent to LayerHierarchy{RequestedLayerState{ActivityRecord{c216c87 u0 com.onda.app/.MainActivity t1396}#19947 parentId=19946} 4 children}
11-17 23:20:28.375  1643  2024 D SGM:FgCheckThread: noteStopComponent(), received pkgName: org.telegram.messenger, focusedPkgName: com.onda.app, userId: 0
11-17 23:20:28.377  1643  5932 V WindowManager: Relayout Window{1c196b2 u0 Splash Screen com.onda.app}: viewVisibility=8 req=1080x2340 ty=3 d0
11-17 23:20:28.379  1643  3124 D WindowManager: Starting window removed Window{1c196b2 u0 Splash Screen com.onda.app}
11-17 23:20:28.379  1643  3124 I WindowManager: Cancelling animation restarting=false, leash=Surface(name=Surface(name=51fd9db com.onda.app/com.onda.app.MainActivity)/@0x947b86d - animation-leash of starting_reveal)/@0x6324d33
11-17 23:20:28.379  1643  3124 I WindowManager: Reparenting to original parent: Surface(name=ActivityRecord{c216c87 u0 com.onda.app/.MainActivity t1396})/@0xf08eca2, destroy=false, syncState=0, syncCommitDepth=0, surface=Surface(name=51fd9db com.onda.app/com.onda.app.MainActivity)/@0x947b86d
11-17 23:20:28.379  1643  3124 W InputManager-JNI: Input channel object '1c196b2 Splash Screen com.onda.app (client)' was disposed without first being removed with the input manager!
11-17 23:20:28.379  1643  3124 V WindowManager: Remove Window{1c196b2 u0 Splash Screen com.onda.app}: mSurfaceController=Surface(name=Splash Screen com.onda.app$_2913)/@0xcd4fd05 mAnimatingExit=false mRemoveOnExit=false mHasSurface=true surfaceShowing=true animating=false app-animation=false mDisplayFrozen=false callers=com.android.server.wm.Session.remove:16 android.view.IWindowSession$Stub.onTransact:794 com.android.server.wm.Session.onTransact:1 android.os.Binder.execTransactInternal:1541 android.os.Binder.execTransact:1480 <bottom of call stack>
11-17 23:20:28.380  1643  3124 I WindowManager: Destroying surface Surface(name=Splash Screen com.onda.app$_2913)/@0xcd4fd05 called by com.android.server.wm.WindowStateAnimator.destroySurface:11 com.android.server.wm.WindowStateAnimator.destroySurfaceLocked:54 com.android.server.wm.WindowState.removeImmediately:43 com.android.server.wm.WindowState.removeIfPossible:638 com.android.server.wm.Session.remove:16 android.view.IWindowSession$Stub.onTransact:794 com.android.server.wm.Session.onTransact:1 android.os.Binder.execTransactInternal:1541
11-17 23:20:28.380  1643  2024 D SGM:FgCheckThread: getForegroundApp(), foregroundPkgName=com.onda.app
11-17 23:20:28.380  1643  3124 D WindowManager: updateSystemBarAttributes: displayId=0, focusedCanBeNavColorWin=false, win=Window{51fd9db u0 com.onda.app/com.onda.app.MainActivity}, navColorWin=Window{51fd9db u0 com.onda.app/com.onda.app.MainActivity}, caller=com.android.server.wm.DisplayPolicy.finishPostLayoutPolicyLw:17 com.android.server.wm.RootWindowContainer.applySurfaceChangesTransaction$1:194 com.android.server.wm.RootWindowContainer.performSurfacePlacementNoTrace:61
11-17 23:20:28.381  1643  2024 D SGM:FgCheckThread: noteStopComponent(), received pkgName: com.google.android.packageinstaller, focusedPkgName: com.onda.app, userId: 0
11-17 23:20:28.385  6802  7073 I HBD     : h [SKE_SPECIFIC] specific model[com.onda.app] loaded, 7031511 ns
11-17 23:20:28.389  1336  1336 I SurfaceFlinger: [LayerHierarchy{RequestedLayerState{ImeContainer#16 parentId=19947 relativeParentId=19959 z=1} 1 children}] RelativeParent to LayerHierarchy{RequestedLayerState{51fd9db com.onda.app/com.onda.app.MainActivity#19959 parentId=19947} 2 children}
11-17 23:20:28.389  1336  1336 I SurfaceFlinger: [LayerHierarchy{RequestedLayerState{51fd9db com.onda.app/com.onda.app.MainActivity#19959 parentId=19947} 2 children}] reparent to LayerHierarchy{RequestedLayerState{ActivityRecord{c216c87 u0 com.onda.app/.MainActivity t1396}#19947 parentId=19946} 5 children}
11-17 23:20:28.389  1336  1336 I SurfaceFlinger: [LayerHierarchy{RequestedLayerState{Splash Screen com.onda.app$_2913#19949} no children}] reparent to OffscreenRoot
11-17 23:20:28.389  1336  1336 I SurfaceFlinger: [LayerHierarchy{RequestedLayerState{Splash Screen com.onda.app$_2913#19949} no children}] RelativeParent to null
11-17 23:20:28.389  1336  1336 I SurfaceFlinger: [LayerHierarchy{RequestedLayerState{Surface(name=51fd9db com.onda.app/com.onda.app.MainActivity)/@0x947b86d - animation-leash of starting_reveal#19967} no children}] reparent to OffscreenRoot
11-17 23:20:28.389  1336  1336 I SurfaceFlinger: [LayerHierarchy{RequestedLayerState{Surface(name=51fd9db com.onda.app/com.onda.app.MainActivity)/@0x947b86d - animation-leash of starting_reveal#19967} no children}] RelativeParent to null
11-17 23:20:28.389  1336  1336 I SurfaceFlinger: [LayerHierarchy{RequestedLayerState{1c196b2 Splash Screen com.onda.app#19948 z=2147483647} no children}] reparent to OffscreenRoot
11-17 23:20:28.389  1336  1336 I SurfaceFlinger: [LayerHierarchy{RequestedLayerState{1c196b2 Splash Screen com.onda.app#19948 z=2147483647} no children}] RelativeParent to null
11-17 23:20:28.389  1336  1336 I SurfaceFlinger: id=19948 Removed 1c196b2 Splash Screen com.onda.app#19948 (154)
11-17 23:20:28.389  1336  1336 I SurfaceFlinger: id=19949 Removed Splash Screen com.onda.app$_2913#19949 (154)
11-17 23:20:28.397  1336  1336 D SurfaceFlinger:        DEVICE |   0xb4000079df93ffc0 | 0001 | RGBA_8888    |    0.0    0.0 1080.0 2340.0 |    0    0 1080 2340 | com.onda.app/com.onda.app.MainActivity$_8091#19961 (2)
11-17 23:20:28.397  1336  1336 I SurfaceFlinger: destroyed Splash Screen com.onda.app$_2913#19949
11-17 23:20:28.397  1336  1336 I SurfaceFlinger: destroyed 1c196b2 Splash Screen com.onda.app#19948
11-17 23:20:28.398  1336  1336 I Layer   : id=19948 Destroyed 1c196b2 Splash Screen com.onda.app#19948
11-17 23:20:28.398  1336  1336 I Layer   : id=19949 Destroyed Splash Screen com.onda.app$_2913#19949
11-17 23:20:28.398  1643  2830 D NetdEventListenerService: DNS Requested by 119, 10403(com.onda.app), SUCCESS, 20ms
11-17 23:20:28.399  1643  2830 D NetdEventListenerService: DNS Requested by 119, 10403(com.onda.app), SUCCESS, 8ms
11-17 23:20:28.413  8091  8091 D WebViewConsole: Uncaught Error: Missing Supabase environment variables (line 272 of https://appassets.androidplatform.net/assets/index-DP2tEIYx.js)
11-17 23:20:28.468  1643  2830 D NetdEventListenerService: DNS Requested by 119, 10403(com.onda.app), SUCCESS, 76ms
11-17 23:20:28.516  1643  2684 D MdnieScenarioControlService:  packageName : com.onda.app    className : com.onda.app.MainActivity
11-17 23:20:28.861  1643  2024 D SGM:GameManager: identifyForegroundApp. com.onda.app, mCurrentUserId: 0, callerUserId: 0
11-17 23:20:29.019  1643  2830 D NetdEventListenerService: DNS Requested by 119, 10403(com.onda.app), SUCCESS, 10ms
11-17 23:20:29.153  1643  2830 D NetdEventListenerService: DNS Requested by 119, 10403(com.onda.app), SUCCESS, 6ms
11-17 23:20:29.157  1643  2830 D NetdEventListenerService: DNS Requested by 119, 10403(com.onda.app), SUCCESS, 7ms
11-17 23:20:29.188  1643  2830 D NetdEventListenerService: DNS Requested by 119, 10403(com.onda.app), SUCCESS, 40ms
11-17 23:20:29.491  1643  2830 D NetdEventListenerService: DNS Requested by 119, 10403(com.onda.app), SUCCESS, 49ms
11-17 23:20:29.557  7708  8204 I AppClassifier: Category not present in BloomFilter, Checking in Manifest:- com.onda.app
11-17 23:20:29.558  7708  8204 I AppClassifier: Category not found in BF and Manifest for pkg :- com.onda.app
11-17 23:20:29.581  7708  8204 I SCS@AiSearch user 0: (IndexManager) [UPDATE] index=com.samsung.android.apps, size=1, documents=[com.onda.app@0@com.onda.app.MainActivity]
11-17 23:20:29.788  1643  2830 D NetdEventListenerService: DNS Requested by 119, 10403(com.onda.app), SUCCESS, 39ms
11-17 23:20:30.057  1643  2830 D NetdEventListenerService: DNS Requested by 119, 10403(com.onda.app), SUCCESS, 40ms
11-17 23:20:32.934  8091  8246 D ProfileInstaller: Installing profile for com.onda.app
11-17 23:20:33.076  1643  2879 I Pageboost: db update :com.onda.app ret 1
11-17 23:20:33.106  1643  2879 I Pageboost: memUsage collected : 72729 40288 640 for com.onda.app 8091
11-17 23:20:33.593  7012  7012 I artd    : GetBestInfo: odex next to the dex file (/data/app/~~Z_Xp6shDFuOyXMuxg1zZ1A==/com.onda.app-bfSyqSIMhLYBSnibJ7B8Fg==/oat/arm64/base.odex) is kOatUpToDate with filter 'verify' executable 'false'
11-17 23:20:33.614  7012  7941 I artd    : GetBestInfo: odex next to the dex file (/data/app/~~Z_Xp6shDFuOyXMuxg1zZ1A==/com.onda.app-bfSyqSIMhLYBSnibJ7B8Fg==/oat/arm64/base.odex) is kOatUpToDate with filter 'verify' executable 'false'
11-17 23:20:34.514   806   806 D io_stats: !@ Write_top(KB): system_server(1643) 2888 kworker/u16:2(31395) 740 com.onda.app(8091) 256
11-17 23:20:39.437  3422  3437 W id.app.launcher: ApkAssets: Deleting an ApkAssets object '<empty> and /data/app/~~Z_Xp6shDFuOyXMuxg1zZ1A==/com.onda.app-bfSyqSIMhLYBSnibJ7B8Fg==/base.apk' with 1 weak references
11-17 23:20:44.708  8091  8099 W com.onda.app: ApkAssets: Deleting an ApkAssets object '<empty> and /data/app/~~iUse_0I3Yn4A3KnkJJKF0g==/com.google.android.webview-GcmEPGirPlbWK3bEd6uEGw==/base.apk' with 2 weak references
11-17 23:20:46.379  8091  8409 E FilePhenotypeFlags: Config package com.google.android.gms.clearcut_client#com.onda.app cannot use FILE backing without declarative registration. See go/phenotype-android-integration#phenotype for more information. This will lead to stale flags.
11-17 23:20:46.568  5010  5016 W gle.android.gms: ApkAssets: Deleting an ApkAssets object '<empty> and /data/app/~~Z_Xp6shDFuOyXMuxg1zZ1A==/com.onda.app-bfSyqSIMhLYBSnibJ7B8Fg==/base.apk' with 1 weak references
11-17 23:20:54.540   806   806 D io_stats: !@ Write_top(KB): com.onda.app(8091) 192 kworker/u16:1(28664) 8
11-17 23:20:58.543   806   806 D io_stats: !@ Write_top(KB): com.onda.app(8091) 56 .osp.app.signin(8326) 36 .gms.persistent(6676) 24
11-17 23:21:02.545   806   806 D io_stats: !@ Write_top(KB): kworker/u16:0(6254) 1100 id.bixby.wakeup(31954) 16 com.onda.app(8091) 12
11-17 23:21:13.674  1643  5941 I PackageManager: pkg{com.onda.app}, user{0}, caller{2000} flags{2}
11-17 23:21:13.680  1643  2057 I ActivityManager: Force stopping com.onda.app appid=10403 user=-1: deletePackageX
11-17 23:21:13.680  1643  2123 I AppsFilter: interaction: PackageSetting{6a71a83 com.onda.life/10336} -> PackageSetting{acb644b com.onda.app/10403} BLOCKED
11-17 23:21:13.693  1643  2057 I ActivityManager: Killing 8091:com.onda.app/u0a403 (adj 0): stop com.onda.app due to deletePackageX
11-17 23:21:13.698  1643  2057 D ActivityManager: proc ProcessRecord{9c60213 8091:com.onda.app/u0a403} already removed. so we skip next process.
11-17 23:21:13.699  1643  2057 W ActivityTaskManager: Force removing ActivityRecord{c216c87 u0 com.onda.app/.MainActivity t1396 f}}: app died, no saved state
11-17 23:21:13.700  1643  2057 V WindowManager: Collecting in transition 1464: Task{b687b4 #1396 type=standard A=10403:com.onda.app}, caller=com.android.server.wm.Transition.collectExistenceChange:42 com.android.server.wm.Transition.collectClose:7 com.android.server.wm.WindowProcessController.handleAppDied$1:455 com.android.server.am.ActivityManagerService.handleAppDiedLocked:247 com.android.server.am.ProcessList.removeProcessLocked:194
11-17 23:21:13.700  1643  2057 D WindowManager: prepareSync <SYNC_STATE_WAITING_FOR_DRAW>, mPrepareSyncSeqId=0, win=Window{51fd9db u0 com.onda.app/com.onda.app.MainActivity}
11-17 23:21:13.701  1643  2024 D SGM:FgCheckThread: getForegroundApp(), foregroundPkgName=com.onda.app
11-17 23:21:13.701  1643  2057 V WindowManager: Collecting in transition 1464: ActivityRecord{c216c87 u0 com.onda.app/.MainActivity t1396 f}}, caller=com.android.server.wm.TransitionController.collect:7 com.android.server.wm.ActivityRecord.onRemovedFromDisplay:324 com.android.server.wm.ActivityRecord.removeFromHistory:176 com.android.server.wm.WindowProcessController.handleAppDied$1:514 com.android.server.am.ActivityManagerService.handleAppDiedLocked:247
11-17 23:21:13.701  1643  2057 D WindowManager: Changing focus from Window{51fd9db u0 com.onda.app/com.onda.app.MainActivity} to null displayId=0 Callers=com.android.server.wm.ActivityRecord.onRemovedFromDisplay:551 com.android.server.wm.ActivityRecord.removeFromHistory:176 com.android.server.wm.WindowProcessController.handleAppDied$1:514 com.android.server.am.ActivityManagerService.handleAppDiedLocked:247
11-17 23:21:13.702  2913  3030 V WindowManagerShell: Transition requested (#1464): android.os.BinderProxy@6830ca5 TransitionRequestInfo { type = CLOSE, triggerTask = TaskInfo{userId=0 taskId=1396 displayId=0 isRunning=false baseIntent=Intent { act=android.intent.action.MAIN cat=[android.intent.category.LAUNCHER] flg=0x34000000 pkg=com.onda.app cmp=com.onda.app/.MainActivity } baseActivity=null topActivity=null origActivity=null realActivity=ComponentInfo{com.onda.app/com.onda.app.MainActivity} numActivities=0 lastActiveTime=185892068 supportsMultiWindow=true resizeMode=1 isResizeable=true minWidth=-1 minHeight=-1 maxWidth=-1 maxHeight=-1 defaultMinSize=220 token=WCT{android.window.IWindowContainerToken$Stub$Proxy@44d87a} topActivityType=1 pictureInPictureParams=null shouldDockBigOverlays=false launchIntoPipHostTaskId=-1 lastParentTaskIdBeforePip=-1 displayCutoutSafeInsets=Rect(0, 99 - 0, 0) topActivityInfo=null launchCookies=[] positionInParent=Point(0, 0) parentTaskId=-1 isFocused=true isVisible=true isVisibleRequested=true isSleeping=false topActivityInSizeCompat=false locusId=null displayAreaFeatureId=1 isTopActivityTransparent=false isTopActivityStyleFloating=false appCompatTaskInfo=AppCompatTaskInfo { topActivityInSizeCompat=false eligibleForLetterboxEducation= false isLetterboxEducationEnabled= false isLetterboxDoubleTapEnabled= false eligibleForUserAspectRatioButton= false topActivityBoundsLetterboxed= false isFromLetterboxDoubleTap= false topActivityLetterboxVerticalPosition= -1 topActivityLetterboxHorizontalPosition= -1 topActivityLetterboxWidth=-1 topActivityLetterboxHeight=-1 topActivityLetterboxAppWidth=-1 topActivityLetterboxAppHeight=-1 isUserFullscreenOverrideEnabled=false isSystemFullscreenOverrideEnabled=false hasMinAspectRatioOverride=false cameraCompatTaskInfo=CameraCompatTaskInfo { freeformCameraCompatMode=inactive} topActivityBounds=null topActivityInDisplayCompat=false} originallySupportedMultiWindow=true hasWallpaper=false rootAffinity=10403:com.onda.app isTopTaskInStage=false CoverLauncherWidgetTask=false isAllowedSeamlessRotation=false isTopTransparentActivity=false snappingGuideBounds=Rect(81, 562 - 999, 1732) isAliasManaged=false hasConfigChanged=false isAiKeyRemoveAppTask=false}, pipTask = null, remoteTransition = null, displayChange = null, flags = 0, debugId = 1464 }
11-17 23:21:13.713  1643  2024 D SGM:FgCheckThread: pkgName: com.onda.app is not in foreground
11-17 23:21:13.724  1643  3124 D InputDispatcher: Focus left window (0): 51fd9db com.onda.app/com.onda.app.MainActivity
11-17 23:21:13.737  1643  2880 I ImeTracker: com.onda.app:fb7e5993: onRequestHide at ORIGIN_SERVER reason HIDE_REMOVE_CLIENT fromUser false
11-17 23:21:13.737  1643  2880 I ImeTracker: com.onda.app:fb7e5993: onCancelled at PHASE_SERVER_SHOULD_HIDE
11-17 23:21:13.737  1643  1776 V ActivityManager: Got obituary of 8091:com.onda.app
11-17 23:21:13.738  1643  2536 I WindowManager: WIN DEATH: Window{51fd9db u0 com.onda.app/com.onda.app.MainActivity}
11-17 23:21:13.738  1643  2669 D ConnectivityService: releasing NetworkRequest [ REQUEST id=7650, [ Capabilities: INTERNET&NOT_RESTRICTED&TRUSTED&NOT_VCN_MANAGED&NOT_BANDWIDTH_CONSTRAINED Uid: 10403 RequestorUid: 10403 RequestorPkg: com.onda.app UnderlyingNetworks: Null] ] (release request)
11-17 23:21:13.738  1643  2536 W InputManager-JNI: Input channel object '51fd9db com.onda.app/com.onda.app.MainActivity (client)' was disposed without first being removed with the input manager!
11-17 23:21:13.739  1643  2536 V WindowManager: Remove Window{51fd9db u0 com.onda.app/com.onda.app.MainActivity}: mSurfaceController=Surface(name=com.onda.app/com.onda.app.MainActivity$_8091)/@0x10cd9fa mAnimatingExit=false mRemoveOnExit=false mHasSurface=true surfaceShowing=true animating=false app-animation=false mDisplayFrozen=false callers=com.android.server.wm.Session.binderDied:118 android.os.IBinder$DeathRecipient.binderDied:339 android.os.BinderProxy.sendDeathNotice:794 <bottom of call stack> <bottom of call stack> <bottom of call stack>
11-17 23:21:13.740  1643  2536 D WindowManager: updateSystemBarAttributes: displayId=0, focusedCanBeNavColorWin=false, win=Window{51fd9db u0 com.onda.app/com.onda.app.MainActivity EXITING}, navColorWin=null, caller=com.android.server.wm.DisplayPolicy.finishPostLayoutPolicyLw:17 com.android.server.wm.RootWindowContainer.applySurfaceChangesTransaction$1:194 com.android.server.wm.RootWindowContainer.performSurfacePlacementNoTrace:61
11-17 23:21:13.743  2913  2913 D NavigationBar: onSystemBarAttributesChanged() -  displayId:0, appearance:0, packageName: com.onda.app, navbarColorManagedByIme:false
11-17 23:21:13.743  2913  2913 D SamsungLightBarControlHelper: updateNavigationBar (WHITE button) isLightOpaque:false, hasLightNavigationBarFlag:false, packageName:com.onda.app, DirectReplying:false, NavBarColorMangedByIme:false, ForceDarkForScrim:false, ForceLightForScrim:false, QsCustomizing:false, QsExpanded:false
11-17 23:21:13.817  1643  2123 D PackageManager: isLocaleOptimizedPackage() -  Non optimized app: com.onda.app. Proceed with normal install
11-17 23:21:13.836  1643  2123 D AASA_PackageManager_RESTRICTED: Uninstall : userId = 0, info.uid = 10403, packageName = com.onda.app
11-17 23:21:13.866  1643  2123 I ActivityManager: Force stopping com.onda.app appid=10403 user=0: pkg removed
11-17 23:21:13.866  1643  2123 I WindowManager:   Force removing ActivityRecord{c216c87 u0 com.onda.app/.MainActivity t1396 f} isExiting}
11-17 23:21:13.866  1643  2123 W WindowManager: removeAppToken: Attempted to remove non-existing token: Token{448cfdd ActivityRecord{c216c87 u0 com.onda.app/.MainActivity t1396 f} isExiting}}
11-17 23:21:13.890  1643  2123 V WindowManager: Collecting in transition 1464: Task{b687b4 #1396 type=standard A=10403:com.onda.app}, caller=com.android.server.wm.Transition.collectClose:12 com.android.server.wm.ActivityTaskSupervisor.removeTask:9 com.android.server.wm.ActivityTaskSupervisor.removeTask:1 com.android.server.wm.ActivityTaskManagerService$LocalService.removeRecentTasksByPackageName:52 com.android.server.am.ActivityManagerService.broadcastIntentLockedTraced:171
11-17 23:21:13.896  1643  2123 I ActivityManager: Force stopping com.onda.app appid=10403 user=0: pkg removed
11-17 23:21:13.900  1643  2025 V WindowManager: Start calculating TransitionInfo based on participants: {Task{b687b4 #1396 type=standard A=10403:com.onda.app}, ActivityRecord{416b95b u0 com.google.android.packageinstaller/com.android.packageinstaller.DeleteStagedFileOnResult t1394 f}}, ActivityRecord{61064e9 u0 org.telegram.messenger/.DefaultIcon t1394}, Task{abba40f #1394 type=standard A=10368:org.telegram.messenger}, ActivityRecord{c216c87 u0 com.onda.app/.MainActivity t1396 f} isExiting}}
11-17 23:21:13.900  1643  2025 V WindowManager:   Final targets: [Task{abba40f #1394 type=standard A=10368:org.telegram.messenger}, Task{b687b4 #1396 type=standard A=10403:com.onda.app}]
11-17 23:21:13.906  1643  2025 V WindowManager:         {WCT{RemoteToken{7a5612 Task{b687b4 #1396 type=standard A=10403:com.onda.app}}} m=CLOSE f=NONE leash=Surface(name=Task=1396)/@0xf950874 sb=Rect(0, 0 - 1080, 2340) eb=Rect(0, 0 - 1080, 2340) d=0 taskParent=-1 inset=Rect(0, 0 - 0, 0) dim=true}
11-17 23:21:13.916  1336  1481 D RenderEngine: [SEC_SF_EFFECTS] drawLayersInternal,1299, Rendering layer com.onda.app/com.onda.app.MainActivity$_8091#19961 at index 1
11-17 23:21:13.919  1643  2020 V WindowManager: Sent Transition (#1464) createdAt=11-17 23:21:13.699 via request=TransitionRequestInfo { type = CLOSE, triggerTask = TaskInfo{userId=0 taskId=1396 displayId=0 isRunning=false baseIntent=Intent { act=android.intent.action.MAIN cat=[android.intent.category.LAUNCHER] flg=0x34000000 pkg=com.onda.app cmp=com.onda.app/.MainActivity } baseActivity=null topActivity=null origActivity=null realActivity=ComponentInfo{com.onda.app/com.onda.app.MainActivity} numActivities=0 lastActiveTime=185892068 supportsMultiWindow=true resizeMode=1 isResizeable=true minWidth=-1 minHeight=-1 maxWidth=-1 maxHeight=-1 defaultMinSize=220 token=WCT{RemoteToken{7a5612 Task{b687b4 #1396 type=standard A=10403:com.onda.app}}} topActivityType=1 pictureInPictureParams=null shouldDockBigOverlays=false launchIntoPipHostTaskId=-1 lastParentTaskIdBeforePip=-1 displayCutoutSafeInsets=Rect(0, 99 - 0, 0) topActivityInfo=null launchCookies=[] positionInParent=Point(0, 0) parentTaskId=-1 isFocused=true isVisible=true isVisibleRequested=true isSleeping=false topActivityInSizeCompat=false locusId=null displayAreaFeatureId=1 isTopActivityTransparent=false isTopActivityStyleFloating=false appCompatTaskInfo=AppCompatTaskInfo { topActivityInSizeCompat=false eligibleForLetterboxEducation= false isLetterboxEducationEnabled= false isLetterboxDoubleTapEnabled= false eligibleForUserAspectRatioButton= false topActivityBoundsLetterboxed= false isFromLetterboxDoubleTap= false topActivityLetterboxVerticalPosition= -1 topActivityLetterboxHorizontalPosition= -1 topActivityLetterboxWidth=-1 topActivityLetterboxHeight=-1 topActivityLetterboxAppWidth=-1 topActivityLetterboxAppHeight=-1 isUserFullscreenOverrideEnabled=false isSystemFullscreenOverrideEnabled=false hasMinAspectRatioOverride=false cameraCompatTaskInfo=CameraCompatTaskInfo { freeformCameraCompatMode=inactive} topActivityBounds=null topActivityInDisplayCompat=false} originallySupportedMultiWindow=true hasWallpaper=false rootAffinity=10403:com.onda.app isTopTaskInStage=false CoverLauncherWidgetTask=false isAllowedSeamlessRotation=false isTopTransparentActivity=false snappingGuideBounds=Rect(81, 562 - 999, 1732) isAliasManaged=false hasConfigChanged=false isAiKeyRemoveAppTask=false}, pipTask = null, remoteTransition = null, displayChange = null, flags = 0, debugId = 1464 }
11-17 23:21:13.919  1643  2020 V WindowManager:         {WCT{RemoteToken{7a5612 Task{b687b4 #1396 type=standard A=10403:com.onda.app}}} m=CLOSE f=NONE leash=Surface(name=Task=1396)/@0xf950874 sb=Rect(0, 0 - 1080, 2340) eb=Rect(0, 0 - 1080, 2340) d=0 taskParent=-1 inset=Rect(0, 0 - 0, 0) dim=true}
11-17 23:21:13.922  1643  2123 I WindowManager:   Force removing ActivityRecord{c216c87 u0 com.onda.app/.MainActivity t1396 f} isExiting}
11-17 23:21:13.922  1643  2123 W WindowManager: removeAppToken: Attempted to remove non-existing token: Token{448cfdd ActivityRecord{c216c87 u0 com.onda.app/.MainActivity t1396 f} isExiting}}
11-17 23:21:13.936  1643  2550 D UsageStatsService: onPackageRemoved com.onda.app
11-17 23:21:13.944  2878  2878 D CarrierSvcBindHelper: onPackageRemoved: com.onda.app
11-17 23:21:13.945  3833  3911 I PackageInfoManager_FLP: action : ACTION_PACKAGE_REMOVED, packageName = com.onda.app
11-17 23:21:13.951  2878  2878 I VvmPkgInstalledRcvr: packageName: com.onda.app, systemDialer: com.samsung.android.dialer
11-17 23:21:13.952  1336  1336 D SurfaceFlinger:        DEVICE |   0xb4000079df907bc0 | 0001 | RGBA_8888    |    0.0    0.0 1049.0 2340.0 |   31    0 1080 2340 | com.onda.app/com.onda.app.MainActivity$_8091#19961 (4)
11-17 23:21:13.960  1643  2538 D OverlayManager: onPackageRemoved: pkgName = [com.onda.app], userId = [0], packageHidden = [false]
11-17 23:21:13.960  1643  2538 I OverlayManager: updateOverlaysForTarget() called with: targetPackage = [com.onda.app], userId = [0], flags = [0]
11-17 23:21:13.961  1643  2615 V StorageManagerService: Package com.onda.app does not have legacy storage
11-17 23:21:13.962  1643  2740 D ShortcutService: removing package: com.onda.app userId0
11-17 23:21:13.964  2878  2878 I VvmPkgInstalledRcvr:  NOT contains : com.onda.app
11-17 23:21:13.967  2878  2878 I VvmPkgInstalledRcvr:  NOT contains : com.onda.app
11-17 23:21:13.980  1643  2696 D AS.AudioService: com.onda.app(10403) is removed
11-17 23:21:13.993  1643  2654 W WifiService: Couldn't get PackageInfo for package:com.onda.app
11-17 23:21:13.996  1643  2654 D WifiService: Remove settings for package:com.onda.app
11-17 23:21:13.999 22721 22721 I Finsky  : [2] AIM: AppInfoCacheUpdater -> invalidating apps: [com.onda.app]
11-17 23:21:14.002 22721 22801 I Finsky  : [205] AIM: AppInfoManager-Perf > OnDeviceAppInfo > cacheHitCount=0, cacheMissCount=1. Missed  in cache (limit 10) : [com.onda.app]
11-17 23:21:14.006  1643  2654 D WifiConfigManager: Remove all networks for app ApplicationInfo{b6016d1 com.onda.app}
11-17 23:21:14.021  1643  2696 D SGM:GameManager: identifyGamePackage. com.onda.app, mCurrentUserId: 0, callerUserId: 0, callingMethodInfo: com.samsung.android.game.SemGameManager.isGamePackage(SemGameManager.java:105)
11-17 23:21:14.021  1643  2696 D SGM:SemGameManager: isGamePackage(), pkgName=com.onda.app, ret=false
11-17 23:21:14.033 22721  8536 I Finsky  : [378] Asset module storage cleared for package com.onda.app.
11-17 23:21:14.040  1643  2654 I PasspointManager: No app ops listener found for com.onda.app
11-17 23:21:14.043  1643  2578 D SEP_UNION_SemDeviceInfoManagerService: Package com.onda.app is removed on User 0
11-17 23:21:14.046  1643  2654 W WifiService: Couldn't get PackageInfo for package:com.onda.app
11-17 23:21:14.047  1643  2654 D WifiService: Remove settings for package:com.onda.app
11-17 23:21:14.047  1643  2654 D WifiConfigManager: Remove all networks for app ApplicationInfo{acdddbe com.onda.app}
11-17 23:21:14.047  1643  2654 I PasspointManager: No app ops listener found for com.onda.app
11-17 23:21:14.051  1643  2553 I RollbackManager: broadcast=ACTION_PACKAGE_FULLY_REMOVED pkg=com.onda.app
11-17 23:21:14.053  1643  1643 D SdpManagerImpl.receiver: On android.intent.action.PACKAGE_REMOVED : DATA = package:com.onda.app, UID = 10403, UserId = 0, Is replacing? false
11-17 23:21:14.053  1643  1643 D SdpManagerImpl.receiver: ACTION_PACKAGE_REMOVED packageName:: com.onda.app
11-17 23:21:14.054  1643  3145 D SdpManagerImpl: handlePackageRemoved - PackageName : com.onda.app, UserId : 0
11-17 23:21:14.054  1643  2681 D LocationManagerService: package com.onda.app reset
11-17 23:21:14.057  7150  7150 I Finsky:background: [2] Package no longer installed: com.onda.app
11-17 23:21:14.067  7150  7150 I Finsky:background: [2] Package no longer installed: com.onda.app
11-17 23:21:14.068  5106  5439 W DMASA[S]: [LOGWING][b]Get package version failed : com.onda.app
11-17 23:21:14.068  1643  1643 I Telecom : CarModeTracker: Package com.onda.app is not tracked.: SSH.oR@G5o
11-17 23:21:14.074  7150  7150 I Finsky:background: [2] IQ: onPackageRemoved com.onda.app, replacing=false, uninstallingFromPlay=false
11-17 23:21:14.081  1643  2879 I Pageboost: remove app @ runtime : com.onda.app
11-17 23:21:14.083  2913  2913 D Navbar.Store: handleEvent(0) OnPackageRemoved(packageName=com.onda.app) [Module] NavBarStoreImpl
11-17 23:21:14.094  1336  1336 D SurfaceFlinger:        DEVICE |   0xb4000079df907bc0 | 0001 | RGBA_8888    |    0.0    0.0  191.0 2340.0 |  889    0 1080 2340 | com.onda.app/com.onda.app.MainActivity$_8091#19961 (4)
11-17 23:21:14.094 22721 22804 I Finsky  : [208] AIM: AppInfoManager-Perf > OnDeviceAppInfo > cacheHitCount=0, cacheMissCount=1. Missed  in cache (limit 10) : [com.onda.app]
11-17 23:21:14.107  2913  2913 D KeyguardShortcutManager: onReceive : Intent.EXTRA_REPLACING false, com.onda.app
11-17 23:21:14.108  7150  7150 I Finsky:background: [2] Package no longer installed: com.onda.app
11-17 23:21:14.109  2913  2913 D SecSTQuickControlRequestReceiver: onReceiveForPackage action = android.intent.action.PACKAGE_REMOVED, pkgName = com.onda.app
11-17 23:21:14.111  2913  2913 I GoodLockLifecycle: onPackageRemoved: com.onda.app
11-17 23:21:14.113  2913  2913 D FaceWidgetMusicViewModel: onPackageRemoved() pkg = com.onda.app, r = false
11-17 23:21:14.124 22721 22721 W Finsky  : [2] STU: Failed to get storage stats for package 'com.onda.app' (1601: Error getting stats: android.content.pm.PackageManager.NameNotFoundException)
11-17 23:21:14.251  1336  1446 I SurfaceFlinger: id=19967 Removed Surface(name=51fd9db com.onda.app/com.onda.app.MainActivity)/@0x947b86d - animation-leash of starting_reveal#19967 (157)
11-17 23:21:14.254  1336  1336 I SurfaceFlinger: destroyed Surface(name=51fd9db com.onda.app/com.onda.app.MainActivity)/@0x947b86d - animation-leash of starting_reveal#19967
11-17 23:21:14.255  1336  1336 I Layer   : id=19967 Destroyed Surface(name=51fd9db com.onda.app/com.onda.app.MainActivity)/@0x947b86d - animation-leash of starting_reveal#19967
11-17 23:21:14.330  1643  1643 D EnterpriseLicenseService: isPackageInstalled() - com.onda.app not found in user 0
11-17 23:21:14.331  1643  3419 V WindowManager: Setting visibility of Window{51fd9db u0 com.onda.app/com.onda.app.MainActivity EXITING}: false, caller=com.android.server.wm.WindowContainer.sendAppVisibilityToClients:19 com.android.server.wm.WindowToken.setClientVisible:49 com.android.server.wm.ActivityRecord.setClientVisible:8 com.android.server.wm.ActivityRecord.commitVisibility:273 com.android.server.wm.TransitionController.finishTransition:766
11-17 23:21:14.332  1643  3419 W WindowManager: Exception thrown during dispatchAppVisibility Window{51fd9db u0 com.onda.app/com.onda.app.MainActivity EXITING}
11-17 23:21:14.333  1643  3419 V WindowManager: Remove Window{51fd9db u0 com.onda.app/com.onda.app.MainActivity EXITING}: mSurfaceController=Surface(name=com.onda.app/com.onda.app.MainActivity$_8091)/@0x10cd9fa mAnimatingExit=true mRemoveOnExit=true mHasSurface=true surfaceShowing=true animating=false app-animation=false mDisplayFrozen=false callers=com.android.server.wm.WindowToken.removeAllWindowsIfPossible:46 com.android.server.wm.ActivityRecord.removeIfPossible:4 com.android.server.wm.ActivityRecord.handleCompleteDeferredRemoval:5 com.android.server.wm.WindowContainer.handleCompleteDeferredRemoval:21 com.android.server.wm.TaskFragment.handleCompleteDeferredRemoval:17 com.android.server.wm.WindowContainer.handleCompleteDeferredRemoval:21
11-17 23:21:14.334  1643  3419 V WindowManager: Remove Window{51fd9db u0 com.onda.app/com.onda.app.MainActivity EXITING}: mSurfaceController=Surface(name=com.onda.app/com.onda.app.MainActivity$_8091)/@0x10cd9fa mAnimatingExit=true mRemoveOnExit=true mHasSurface=true surfaceShowing=true animating=false app-animation=false mDisplayFrozen=false callers=com.android.server.wm.WindowToken.removeAllWindowsIfPossible:46 com.android.server.wm.ActivityRecord.removeIfPossible:4 com.android.server.wm.ActivityRecord.onRemovedFromDisplay:499 com.android.server.wm.ActivityRecord.removeImmediately:46 com.android.server.wm.ActivityRecord.removeIfPossible:7 com.android.server.wm.ActivityRecord.handleCompleteDeferredRemoval:5
11-17 23:21:14.335  1643  3419 I WindowManager: Destroying surface Surface(name=com.onda.app/com.onda.app.MainActivity$_8091)/@0x10cd9fa called by com.android.server.wm.WindowStateAnimator.destroySurface:11 com.android.server.wm.WindowStateAnimator.destroySurfaceLocked:54 com.android.server.wm.WindowState.removeImmediately:43 com.android.server.wm.WindowContainer.removeImmediately:37 com.android.server.wm.WindowToken.removeImmediately:11 com.android.server.wm.ActivityRecord.removeImmediately:61 com.android.server.wm.ActivityRecord.removeIfPossible:7 com.android.server.wm.ActivityRecord.onRemovedFromDisplay:499
11-17 23:21:14.336  1336  1445 I SurfaceFlinger: id=19957 Removed 5a52aa1 ActivityRecordInputSink com.onda.app/.MainActivity#19957 (145)
11-17 23:21:14.336  7110  7110 I FILP/PackageIntentReceiver: pkgName : com.onda.app
11-17 23:21:14.341  1643  1643 I ConditionProviders: Disallowing condition provider com.onda.app (userSet: true)
11-17 23:21:14.345  1336  1336 I SurfaceFlinger: [LayerHierarchy{RequestedLayerState{51fd9db com.onda.app/com.onda.app.MainActivity#19959} 1 children}] reparent to OffscreenRoot
11-17 23:21:14.345  1336  1336 I SurfaceFlinger: [LayerHierarchy{RequestedLayerState{51fd9db com.onda.app/com.onda.app.MainActivity#19959} 1 children}] RelativeParent to null
11-17 23:21:14.345  1336  1336 I SurfaceFlinger: [LayerHierarchy{RequestedLayerState{ActivityRecord{c216c87 u0 com.onda.app/.MainActivity t1396}#19947} 1 children}] reparent to OffscreenRoot
11-17 23:21:14.345  1336  1336 I SurfaceFlinger: [LayerHierarchy{RequestedLayerState{ActivityRecord{c216c87 u0 com.onda.app/.MainActivity t1396}#19947} 1 children}] RelativeParent to null
11-17 23:21:14.345  1336  1336 I SurfaceFlinger: [LayerHierarchy{RequestedLayerState{com.onda.app/com.onda.app.MainActivity$_8091#19961} no children}] reparent to OffscreenRoot
11-17 23:21:14.345  1336  1336 I SurfaceFlinger: [LayerHierarchy{RequestedLayerState{com.onda.app/com.onda.app.MainActivity$_8091#19961} no children}] RelativeParent to null
11-17 23:21:14.347  1336  1336 I SurfaceFlinger: id=19947 Removed ActivityRecord{c216c87 u0 com.onda.app/.MainActivity t1396}#19947 (145)
11-17 23:21:14.347  1336  1336 I SurfaceFlinger: id=19959 Removed 51fd9db com.onda.app/com.onda.app.MainActivity#19959 (145)
11-17 23:21:14.347  1336  1336 I SurfaceFlinger: id=19961 Removed com.onda.app/com.onda.app.MainActivity$_8091#19961 (145)
11-17 23:21:14.353  1336  1336 I SurfaceFlinger: destroyed com.onda.app/com.onda.app.MainActivity$_8091#19961
11-17 23:21:14.353  1336  1336 I SurfaceFlinger: destroyed 51fd9db com.onda.app/com.onda.app.MainActivity#19959
11-17 23:21:14.353  1336  1336 I SurfaceFlinger: destroyed ActivityRecord{c216c87 u0 com.onda.app/.MainActivity t1396}#19947
11-17 23:21:14.353  1336  1336 I SurfaceFlinger: destroyed 5a52aa1 ActivityRecordInputSink com.onda.app/.MainActivity#19957
11-17 23:21:14.354  6676  8577 I ProximityAuth: [RecentAppsMediator] Package removed: (user=UserHandle{0}) com.onda.app
11-17 23:21:14.355  1336  1336 I Layer   : id=19957 Destroyed 5a52aa1 ActivityRecordInputSink com.onda.app/.MainActivity#19957
11-17 23:21:14.355  1336  1336 I Layer   : id=19947 Destroyed ActivityRecord{c216c87 u0 com.onda.app/.MainActivity t1396}#19947
11-17 23:21:14.355  1336  1336 I Layer   : id=19961 Destroyed com.onda.app/com.onda.app.MainActivity$_8091#19961
11-17 23:21:14.355  1336  1336 I Layer   : id=19959 Destroyed 51fd9db com.onda.app/com.onda.app.MainActivity#19959
11-17 23:21:14.364  1643  8581 I Telecom : SamsungTelecomServiceImpl : clearAccounts - packageName : com.onda.app / callingPid : 1643 / processName : sts / callingUser : UserHandle{0}
11-17 23:21:14.366 32185  7106 I ENTM:Systemprocess: handlePackageRemoved().pkgName: com.onda.app
11-17 23:21:14.366 32185  7106 I ENTM:Systemprocess: checkELMActivationForPackageRemoved().START - com.onda.app
11-17 23:21:14.367 32185  7106 I ENTM:Systemprocess: checkKLMActivationForPackageRemoved().START - com.onda.app
11-17 23:21:14.371  6676  8577 E PhSharedDirectoryWriter: Failed to delete the CE shared dir for Android package: com.onda.app. [CONTEXT service_id=51 ]
11-17 23:21:14.381 32185  7106 I ENTM:DataBaseUtils: isSameTrackerIdInDeviceDB().START: com.onda.app
11-17 23:21:14.387  6676  8577 E PhSharedDirectoryWriter: Failed to delete the DE shared dir for Android package: com.onda.app. [CONTEXT service_id=51 ]
11-17 23:21:14.407  7110  8593 I FILP/FilterInstaller: removeFromFS : com.onda.app, cursor size : 0
11-17 23:21:14.425  5010  8599 W RWIPackageIntentOps: Registries cleared for package: com.onda.app
11-17 23:21:14.438  7110  8593 I FILP/FilterInstaller: Delete all filter DB result : com.onda.app, 0
11-17 23:21:14.438  7110  8593 I FILP/FilterInstaller: Delete filter DB result : com.onda.app, 0
11-17 23:21:14.439  7110  8593 I FILP/FilterInstaller: Delete my filter DB result : com.onda.app, 0
11-17 23:21:14.443  7110  8593 I FILP/FilterInstaller: uninstallFilters mPackageName: com.onda.app
11-17 23:21:14.456  5010  8624 I Icing   : doRemovePackageData com.onda.app
11-17 23:21:14.475  7207  7207 I DWBh    : onPackageDeleted : com.onda.app
11-17 23:21:14.496  7708  7708 I SCS@AiSearch user 0: (PackageBroadcastReceiver) packageName: com.onda.app
11-17 23:21:14.496  7708  7708 I SCS@AiSearch user 0: (PackageBroadcastReceiver) Packages changed: com.onda.app
11-17 23:21:14.497  5010  8610 W SQLiteLog: (28) double-quoted string literal: "com.onda.app"
11-17 23:21:14.498 32306 32306 D PersistedStoragePackageUninstalledReceiver: Received android.intent.action.PACKAGE_FULLY_REMOVED for com.onda.app for u0
11-17 23:21:14.514  5070  5695 D MediaProvider: Deleted 0 Android/media items belonging to com.onda.app on /data/user/0/com.google.android.providers.media.module/databases/external.db
11-17 23:21:14.582  5070  5695 I FuseDaemon: Successfully deleted rows in leveldb for owner_id:  and ownerPackageIdentifier: com.onda.app::0
11-17 23:21:14.610  5070  5695 D MediaGrants: Removed 0 media_grants for 0 user for [com.onda.app]. Reason: Package orphaned
11-17 23:21:14.758  1643  2054 I SGM:GameManager: PkgUpdateReceiver, onPackageRemoved(). pkgName=com.onda.app, userId=0
11-17 23:21:14.759  1643  2054 W SGM:Util: isPkgInstalled(), com.onda.app does not exist.
11-17 23:21:14.759  1643  2054 D SGM:Util: isPkgInstalled(). pkgName=com.onda.app, userId=0, installed=false
11-17 23:21:14.759  1643  2054 D SGM:GosNotifyThread: sendPackageMessage(), changeType=1, pkgName=com.onda.app, userHandleId=0
11-17 23:21:14.759  1643  2054 I SettingsProvider: onPackageRemoved (userId 0) PackageName = com.onda.app
11-17 23:21:14.869  1643  2054 I CredentialManager: updateProvidersWhenPackageRemoved)pkg=com.onda.app (0)
11-17 23:21:14.870  1643  2054 D MetaDataCollector: onReceive: done pkgName=com.onda.app
11-17 23:21:14.939  1643  2054 D LauncherAppsService: Calling onPackageRemoved: com.onda.app, EXTRA_REPLACING: false
11-17 23:21:14.939  1643  2054 D LauncherAppsService: Calling onPackageRemoved: com.onda.app, listener: com.google.android.as(UserHandle{0}, 5083)
11-17 23:21:14.939  1643  2054 D LauncherAppsService: Calling onPackageRemoved: com.onda.app, listener: com.sec.android.app.launcher(UserHandle{0}, 3422)
11-17 23:21:14.939  1643  2054 D LauncherAppsService: Calling onPackageRemoved: com.onda.app, listener: com.android.systemui(UserHandle{0}, 2913)
11-17 23:21:14.939  5083  6456 D LauncherApps: onPackageRemoved 0,com.onda.app
11-17 23:21:14.940  1643  2054 D LauncherAppsService: Calling onPackageRemoved: com.onda.app, listener: android(UserHandle{0}, 1643)
11-17 23:21:14.940  1643  2054 D LauncherApps: onPackageRemoved 0,com.onda.app
11-17 23:21:14.940  3422  3422 I HoneySpace.PackageOperationTracker: onPackageRemoved - com.onda.app UserHandle{0}
11-17 23:21:14.941  2913 20037 D LauncherApps: onPackageRemoved 0,com.onda.app
11-17 23:21:14.941  3422  3422 I HoneySpace.PackageChangedCallbackImpl: onPackageRemoved: com.onda.app / UserHandle{0}
11-17 23:21:14.942  3422  7014 I HoneySpace.IconCache: remove icon cache & DB : com.onda.app UserHandle{0}
11-17 23:21:14.942  3422  7014 I HoneySpace.IconCache: removeSpecificIconDb: com.onda.app UserHandle{0}
11-17 23:21:14.948  3422  3422 I HoneySpace.HoneySpaceManagerContainer: refreshHoneyPlugin, packageName: com.onda.app
11-17 23:21:14.949  3422  6891 I HoneySpace.HoneySpacePackageSourceImpl: Package removed : com.onda.app
11-17 23:21:14.949  3422  6891 I SearchableManager: removeDynamicSearchable: com.onda.app
11-17 23:21:14.949  3422  6891 I SearchableManager: invalidate: com.onda.app
11-17 23:21:14.952  3422  3422 I HoneySpace.PackageEventHandler: Package removed : [com.onda.app/.MainActivity#UserHandle{0}]
11-17 23:21:14.956  3422  3422 I HoneySpace.DataCache: deleteItem : id=2010, title=Onda, type=APP, containerType=ITEM_GROUP, containerId=20, x=-1, y=-1, rank=1, spanX=-1, spanY=-1, scale=1.0component=com.onda.app/.MainActivity, profileId=0, intent=null, restored=0, hidden=UNHIDDEN, appWidgetId=-1, options=0, refPackageName=null (appList) package removed
11-17 23:21:14.957  3422  5747 I HoneySpace.DataCache: delete item : (appList) package removed - APP / 2010 / Onda / com.onda.app/.MainActivity / -1 / 0
11-17 23:21:15.114  2913  7623 I TileConfigurationStore: updatePackageDataChange : com.onda.app, type = 2, tileType = 1
11-17 23:21:15.116  2913  7623 I TileConfigurationStore: updatePackageDataChange : Complication Tile com.onda.app, type = 2
11-17 23:21:15.116  2913  7623 I AppWidgetDataProvider:  updatePackageChangeData type  1 , pack type 2  ,  pkg com.onda.app
11-17 23:21:15.281  8679  8690 I LockContentProvider: before profileData Id : 0, removePkg:com.onda.app, enabledWidgetIdList:{}
11-17 23:21:15.350  3422  3554 I SearchEngineAp