11-18 00:06:35.016  1643  5937 I WindowManager: Reparenting to original parent: Surface(name=ActivityRecord{3b16fea u0 com.onda.app/.MainActivity t1408})/@0xf2e2d72, destroy=false, syncState=0, syncCommitDepth=0, surface=Surface(name=4d2a99d com.onda.app/com.onda.app.MainActivity)/@0xc93a7d
11-18 00:06:35.017  1643  5937 W InputManager-JNI: Input channel object '57f4790 Splash Screen com.onda.app (client)' was disposed without first being removed with the input manager!
11-18 00:06:35.017  1643  5937 V WindowManager: Remove Window{57f4790 u0 Splash Screen com.onda.app}: mSurfaceController=Surface(name=Splash Screen com.onda.app$_2913)/@0xaca8c07 mAnimatingExit=false mRemoveOnExit=false mHasSurface=true surfaceShowing=true animating=false app-animation=false mDisplayFrozen=false callers=com.android.server.wm.Session.remove:16 android.view.IWindowSession$Stub.onTransact:794 com.android.server.wm.Session.onTransact:1 android.os.Binder.execTransactInternal:1541 android.os.Binder.execTransact:1480 <bottom of call stack>
11-18 00:06:35.021  1336  1336 I SurfaceFlinger: Layer [Splash Screen com.onda.app$_2913#20598] hidden!! flag(1)
11-18 00:06:35.021  1336  1336 I SurfaceFlinger: [LayerHierarchy{RequestedLayerState{4d2a99d com.onda.app/com.onda.app.MainActivity#20604 parentId=20596} 1 children}] reparent to LayerHierarchy{RequestedLayerState{ActivityRecord{3b16fea u0 com.onda.app/.MainActivity t1408}#20596 parentId=20595} 5 children}
11-18 00:06:35.021  1336  1336 I SurfaceFlinger: [LayerHierarchy{RequestedLayerState{Surface(name=4d2a99d com.onda.app/com.onda.app.MainActivity)/@0xc93a7d - animation-leash of starting_reveal#20610} no children}] reparent to OffscreenRoot
11-18 00:06:35.021  1336  1336 I SurfaceFlinger: [LayerHierarchy{RequestedLayerState{Surface(name=4d2a99d com.onda.app/com.onda.app.MainActivity)/@0xc93a7d - animation-leash of starting_reveal#20610} no children}] RelativeParent to null
11-18 00:06:35.032  1336  1336 D SurfaceFlinger:        CLIENT |   0xb4000079df9315c0 | 0001 | RGBA_8888    |    0.0    0.0 1079.0 2338.0 |    3    2 1075 2326 | com.onda.app/com.onda.app.MainActivity$_17579#20605 (2)
11-18 00:06:35.041  1643  5430 I WindowManager: Destroying surface Surface(name=Splash Screen com.onda.app$_2913)/@0xaca8c07 called by com.android.server.wm.WindowStateAnimator.destroySurface:11 com.android.server.wm.WindowStateAnimator.destroySurfaceLocked:54 com.android.server.wm.WindowState.removeImmediately:43 com.android.server.wm.WindowState.handleCompleteDeferredRemoval:16 com.android.server.wm.WindowContainer.handleCompleteDeferredRemoval:21 com.android.server.wm.ActivityRecord.handleCompleteDeferredRemoval:8 com.android.server.wm.WindowContainer.handleCompleteDeferredRemoval:21 com.android.server.wm.TaskFragment.handleCompleteDeferredRemoval:17
11-18 00:06:35.041  1643  5430 D WindowManager: updateSystemBarAttributes: displayId=0, focusedCanBeNavColorWin=false, win=Window{4d2a99d u0 com.onda.app/com.onda.app.MainActivity}, navColorWin=Window{4d2a99d u0 com.onda.app/com.onda.app.MainActivity}, caller=com.android.server.wm.DisplayPolicy.finishPostLayoutPolicyLw:17 com.android.server.wm.RootWindowContainer.applySurfaceChangesTransaction$1:194 com.android.server.wm.RootWindowContainer.performSurfacePlacementNoTrace:61
11-18 00:06:35.051  1336  1336 D SurfaceFlinger:        DEVICE |   0xb4000079df9315c0 | 0001 | RGBA_8888    |    0.0    0.0 1080.0 2340.0 |    0    0 1080 2340 | com.onda.app/com.onda.app.MainActivity$_17579#20605 (2)
11-18 00:06:35.052  1336  1336 I SurfaceFlinger: [LayerHierarchy{RequestedLayerState{ImeContainer#16 parentId=20596 relativeParentId=20604 z=1} 1 children}] RelativeParent to LayerHierarchy{RequestedLayerState{4d2a99d com.onda.app/com.onda.app.MainActivity#20604 parentId=20596} 2 children}
11-18 00:06:35.052  1336  1336 I SurfaceFlinger: [LayerHierarchy{RequestedLayerState{57f4790 Splash Screen com.onda.app#20597 z=2147483647} 1 children}] reparent to OffscreenRoot
11-18 00:06:35.052  1336  1336 I SurfaceFlinger: [LayerHierarchy{RequestedLayerState{57f4790 Splash Screen com.onda.app#20597 z=2147483647} 1 children}] RelativeParent to null
11-18 00:06:35.052  1336  1336 I SurfaceFlinger: [LayerHierarchy{RequestedLayerState{Splash Screen com.onda.app$_2913#20598} no children}] reparent to OffscreenRoot
11-18 00:06:35.052  1336  1336 I SurfaceFlinger: [LayerHierarchy{RequestedLayerState{Splash Screen com.onda.app$_2913#20598} no children}] RelativeParent to null
11-18 00:06:35.052  1336  1336 I SurfaceFlinger: id=20597 Removed 57f4790 Splash Screen com.onda.app#20597 (138)
11-18 00:06:35.052  1336  1336 I SurfaceFlinger: id=20598 Removed Splash Screen com.onda.app$_2913#20598 (138)
11-18 00:06:35.054  1336  1336 I SurfaceFlinger: destroyed 57f4790 Splash Screen com.onda.app#20597
11-18 00:06:35.054  1336  1336 I SurfaceFlinger: destroyed Splash Screen com.onda.app$_2913#20598
11-18 00:06:35.055  1336  1336 I Layer   : id=20597 Destroyed 57f4790 Splash Screen com.onda.app#20597
11-18 00:06:35.055  1336  1336 I Layer   : id=20598 Destroyed Splash Screen com.onda.app$_2913#20598
11-18 00:06:35.060  1643  2024 D SGM:FgCheckThread: getForegroundApp(), foregroundPkgName=com.onda.app
11-18 00:06:35.060  1643  2024 D SGM:FgCheckThread: noteStopComponent(), received pkgName: com.sec.android.app.launcher, focusedPkgName: com.onda.app, userId: 0
11-18 00:06:35.193  1643  2684 D MdnieScenarioControlService:  packageName : com.onda.app    className : com.onda.app.MainActivity
11-18 00:06:35.267 17579 17579 D WebViewConsole: Uncaught Error: Missing Supabase environment variables (line 272 of https://appassets.androidplatform.net/assets/index-DP2tEIYx.js)
11-18 00:06:35.327  1643  2830 D NetdEventListenerService: DNS Requested by 119, 10406(com.onda.app), SUCCESS, 126ms
11-18 00:06:35.328  1643  2830 D NetdEventListenerService: DNS Requested by 119, 10406(com.onda.app), SUCCESS, 21ms
11-18 00:06:35.404  1643  2830 D NetdEventListenerService: DNS Requested by 119, 10406(com.onda.app), SUCCESS, 95ms
11-18 00:06:35.404  1643  2830 D NetdEventListenerService: DNS Requested by 119, 10406(com.onda.app), SUCCESS, 77ms
11-18 00:06:35.484  1643  2024 D SGM:GameManager: identifyForegroundApp. com.onda.app, mCurrentUserId: 0, callerUserId: 0
11-18 00:06:35.555  1643  2830 D NetdEventListenerService: DNS Requested by 119, 10406(com.onda.app), SUCCESS, 166ms
11-18 00:06:35.825  1643  2830 D NetdEventListenerService: DNS Requested by 119, 10406(com.onda.app), SUCCESS, 36ms
11-18 00:06:35.978  1643  3065 V WindowManager: Transition 1517: Set Task{ba222db #1408 type=standard A=10406:com.onda.app} as transient-hidden-task, caller=com.android.server.wm.Task.forAllTasks:4 com.android.server.wm.WindowContainer.forAllTasks:2 com.android.server.wm.DisplayArea.forAllTasks:9
11-18 00:06:35.978  1643  3065 V WindowManager: Collecting in transition 1517: Task{ba222db #1408 type=standard A=10406:com.onda.app}, caller=com.android.server.wm.Transition$$ExternalSyntheticLambda16.test:93 com.android.server.wm.Task.forAllTasks:4 com.android.server.wm.WindowContainer.forAllTasks:2 com.android.server.wm.DisplayArea.forAllTasks:9 com.android.server.wm.TransitionController.setTransientLaunch:99
11-18 00:06:35.979  1643  3065 D ActivityTaskManager: scheduleTopResumedActivityChanged, onTop=false, r=ActivityRecord{3b16fea u0 com.onda.app/.MainActivity t1408}, caller=com.android.server.wm.ActivityTaskSupervisor.scheduleTopResumedActivityStateLossIfNeeded:11 com.android.server.wm.ActivityTaskSupervisor.updateTopResumedActivityIfNeeded:19 com.android.server.wm.TaskDisplayArea.positionChildAt:270 com.android.server.wm.Task.moveToFront:443 com.android.server.wm.ActivityStartController.startExistingRecents:201 com.android.server.wm.WindowOrganizerController.applyHierarchyOp:31
11-18 00:06:35.990  3422  3422 I HoneySpace.GestureEventController: SetGestureTaskList, SendGestureTaskList(taskList=[[#1408=com.onda.app]], initPosition=0, runningTaskId=1408, showAnimStartPosition=0, isLeashTargetCenter=true, forSimple=true)
11-18 00:06:35.990  3422  3422 I HoneySpace.GestureEventController: SetGestureTaskList, SendGestureTaskList(taskList=[[#1408=com.onda.app]], initPosition=0, runningTaskId=1408, showAnimStartPosition=0, isLeashTargetCenter=true, forSimple=false)
11-18 00:06:35.990  3422  3422 I HoneySpace.TaskListViewModel: groupTasks: [[#1408=com.onda.app]]
11-18 00:06:35.992  3422  3422 I HoneySpace.TaskAdapter: attach [position: 0], taskData size: 1, item: ComponentInfo{com.onda.app/com.onda.app.MainActivity}, animReady: 4, firstBindingComplete: 4, view: a3b89f9
11-18 00:06:35.992  3422 17398 I HoneySpace.TaskDataRepositoryImpl: Request icon and label, id=1408, iconAndLabel: IconAndLabel(icon=android.graphics.Bitmap@625cda0, label=Onda), componentKey: com.onda.app/.MainActivity#UserHandle{0}
11-18 00:06:35.997  3422 17396 I HoneySpace.SuggestedItemsFacade: DPS items : Onda, com.onda.app/.MainActivity#UserHandle{0}
11-18 00:06:35.997  3422 17396 I HoneySpace.FilteredItemProvider: collect filtered items o, [PK(p='com.onda.app', u=UserHandle{0})]
11-18 00:06:35.997  3422 17396 I HoneySpace.SuggestedItemsFacade: filteredItem : PK(p='com.onda.app', u=UserHandle{0})
11-18 00:06:35.997  3422 17396 I HoneySpace.SuggestedItemsFacade: item removed by filter - PK(p='com.onda.app', u=UserHandle{0})
11-18 00:06:36.000  3422  3422 I HoneySpace.TaskAdapter: attach [position: 0], taskData size: 1, item: ComponentInfo{com.onda.app/com.onda.app.MainActivity}, animReady: 4, firstBindingComplete: 4, view: 1e707ea
11-18 00:06:36.001  3422 10982 I HoneySpace.TaskDataRepositoryImpl: Request icon and label, id=1408, iconAndLabel: IconAndLabel(icon=android.graphics.Bitmap@625cda0, label=Onda), componentKey: com.onda.app/.MainActivity#UserHandle{0}
11-18 00:06:36.014  1643  2025 V WindowManager: Start calculating TransitionInfo based on participants: {Task{300af38 #1171 type=recents I=com.sec.android.app.launcher/com.android.quickstep.RecentsActivity}, TransientLaunchOverlayToken{50bb239 token=android.os.BinderProxy@fe04a00}, WallpaperWindowToken{926e278 token=android.os.Binder@36b27db}_<system>, Task{ba222db #1408 type=standard A=10406:com.onda.app}, ActivityRecord{c0d2f9b u0 com.sec.android.app.launcher/com.android.quickstep.RecentsActivity t1171}}
11-18 00:06:36.014  1643  2025 V WindowManager:   Final targets: [TransientLaunchOverlayToken{50bb239 token=android.os.BinderProxy@fe04a00}, Task{300af38 #1171 type=recents I=com.sec.android.app.launcher/com.android.quickstep.RecentsActivity}, Task{ba222db #1408 type=standard A=10406:com.onda.app}, WallpaperWindowToken{926e278 token=android.os.Binder@36b27db}_<system>]
11-18 00:06:36.016  1643  2025 D WindowManager: setActiveRecents, recents=ActivityRecord{c0d2f9b u0 com.sec.android.app.launcher/com.android.quickstep.RecentsActivity t1171}, task=Task{ba222db #1408 type=standard A=10406:com.onda.app}, caller=com.android.server.wm.InputMonitor.setActiveRecents:32 com.android.server.wm.Transition.handleLegacyRecentsStartBehavior:107 com.android.server.wm.Transition.onTransactionReady:2212
11-18 00:06:36.017  1643  2025 V WindowManager:         {WCT{RemoteToken{77f39f Task{ba222db #1408 type=standard A=10406:com.onda.app}}} m=TO_BACK f=NONE leash=Surface(name=Task=1408)/@0xdbea5f9 sb=Rect(0, 0 - 1080, 2340) eb=Rect(0, 0 - 1080, 2340) d=0 taskParent=-1 inset=Rect(0, 99 - 0, 144) dim=true},
11-18 00:06:36.034  1643  2020 V WindowManager:         {WCT{RemoteToken{77f39f Task{ba222db #1408 type=standard A=10406:com.onda.app}}} m=TO_BACK f=NONE leash=Surface(name=Task=1408)/@0xdbea5f9 sb=Rect(0, 0 - 1080, 2340) eb=Rect(0, 0 - 1080, 2340) d=0 taskParent=-1 inset=Rect(0, 99 - 0, 144) dim=true},
11-18 00:06:36.037  1336  1481 D RenderEngine: [SEC_SF_EFFECTS] drawLayersInternal,1299, Rendering layer com.onda.app/com.onda.app.MainActivity$_17579#20605 at index 1
11-18 00:06:36.043  1643  5430 D WindowManager: Changing focus from Window{4d2a99d u0 com.onda.app/com.onda.app.MainActivity} to Window{a24f455 u0 com.sec.android.app.launcher/com.android.quickstep.RecentsActivity} displayId=0 Callers=com.android.server.wm.ActivityTaskManagerService.setLastResumedActivityUncheckLocked:264 com.android.server.wm.ActivityTaskManagerService.setFocusedTask:20 com.android.server.wm.ActivityTaskManagerService.focusTopTask:52 android.app.IActivityTaskManager$Stub.onTransact:1865
11-18 00:06:36.047  1643  5430 D WindowManager: updateSystemBarAttributes: displayId=0, focusedCanBeNavColorWin=false, win=Window{a24f455 u0 com.sec.android.app.launcher/com.android.quickstep.RecentsActivity}, navColorWin=Window{4d2a99d u0 com.onda.app/com.onda.app.MainActivity}, caller=com.android.server.wm.WindowManagerService.updateFocusedWindowLocked:375 com.android.server.wm.ActivityTaskManagerService.setLastResumedActivityUncheckLocked:264 com.android.server.wm.ActivityTaskManagerService.setFocusedTask:20
11-18 00:06:36.072  1336  1336 D SurfaceFlinger:        CLIENT |   0xb4000079df92e5f0 | 0001 | RGBA_8888    |    0.0   23.0 1079.0 2306.0 |    0    0 1079 2339 | com.onda.app/com.onda.app.MainActivity$_17579#20605 (4)
11-18 00:06:36.075  1643  5940 D InputDispatcher: Focus left window (0): 4d2a99d com.onda.app/com.onda.app.MainActivity
11-18 00:06:36.356  1336  1481 D RenderEngine: [SEC_SF_EFFECTS] drawLayersInternal,1299, Rendering layer com.onda.app/com.onda.app.MainActivity$_17579#20605 at index 1
11-18 00:06:36.377  1643  2830 D NetdEventListenerService: DNS Requested by 119, 10406(com.onda.app), SUCCESS, 40ms
11-18 00:06:36.386  1643  5430 V WindowManager: Setting visibility of Window{4d2a99d u0 com.onda.app/com.onda.app.MainActivity}: false, caller=com.android.server.wm.WindowContainer.sendAppVisibilityToClients:19 com.android.server.wm.WindowToken.setClientVisible:49 com.android.server.wm.ActivityRecord.setClientVisible:8 com.android.server.wm.ActivityRecord.commitVisibility:273 com.android.server.wm.TransitionController.finishTransition:766
11-18 00:06:36.388  1336  1336 D SurfaceFlinger:        CLIENT |   0xb4000079df92e5f0 | 0001 | RGBA_8888    |    1.0  100.0 1079.0 2194.0 |  198  338  881 1667 | com.onda.app/com.onda.app.MainActivity$_17579#20605 (4)
11-18 00:06:36.399  1336  1336 I SurfaceFlinger: Layer [com.onda.app/com.onda.app.MainActivity$_17579#20605] hidden!! flag(1)
11-18 00:06:36.399  1336  1336 I SurfaceFlinger: Layer [ActivityRecord{3b16fea u0 com.onda.app/.MainActivity t1408}#20596] hidden!! flag(1)
11-18 00:06:36.405  1643  1711 V WindowManager: Relayout Window{4d2a99d u0 com.onda.app/com.onda.app.MainActivity}: viewVisibility=8 req=1080x2340 ty=1 d0
11-18 00:06:36.414 17579 17579 D VRI[MainActivity]@4c6913e: WindowStopped on com.onda.app/com.onda.app.MainActivity set to true
11-18 00:06:36.422  1643  5938 V WindowManager: Relayout Window{4d2a99d u0 com.onda.app/com.onda.app.MainActivity}: viewVisibility=8 req=1080x2340 ty=1 d0
11-18 00:06:36.426  1643  1711 E WindowManager: win=Window{4d2a99d u0 com.onda.app/com.onda.app.MainActivity} destroySurfaces: appStopped=true cleanupOnResume=false win.mWindowRemovalAllowed=false win.mRemoveOnExit=false win.mViewVisibility=8 caller=com.android.server.wm.ActivityRecord.destroySurfaces:25 com.android.server.wm.ActivityRecord.activityStopped:204 com.android.server.wm.ActivityClientController.activityStopped:95 android.app.IActivityClientController$Stub.onTransact:722 com.android.server.wm.ActivityClientController.onTransact:1 android.os.Binder.execTransactInternal:1541 android.os.Binder.execTransact:1480
11-18 00:06:36.426  1643  1711 I WindowManager: Destroying surface Surface(name=com.onda.app/com.onda.app.MainActivity$_17579)/@0xb8780b7 called by com.android.server.wm.WindowStateAnimator.destroySurface:11 com.android.server.wm.WindowStateAnimator.destroySurfaceLocked:54 com.android.server.wm.WindowState.destroySurfaceUnchecked:5 com.android.server.wm.WindowState.destroySurface:126 com.android.server.wm.ActivityRecord.destroySurfaces:25 com.android.server.wm.ActivityRecord.activityStopped:204 com.android.server.wm.ActivityClientController.activityStopped:95 android.app.IActivityClientController$Stub.onTransact:722
11-18 00:06:36.426  1643  2024 D SGM:FgCheckThread: pkgName: com.onda.app is not in foreground
11-18 00:06:36.426  1643  2024 D SGM:FgCheckThread: noteStopComponent(), received pkgName: com.onda.app, focusedPkgName: com.sec.android.app.launcher, userId: 0
11-18 00:06:36.431  1643  2021 D PkgPredictorService-SecIpmManagerServiceImpl: bg information pid:17579 uid:10406 pkgName:com.onda.app
11-18 00:06:36.435  1336  1336 I SurfaceFlinger: [LayerHierarchy{RequestedLayerState{com.onda.app/com.onda.app.MainActivity$_17579#20605} no children}] reparent to OffscreenRoot
11-18 00:06:36.435  1336  1336 I SurfaceFlinger: [LayerHierarchy{RequestedLayerState{com.onda.app/com.onda.app.MainActivity$_17579#20605} no children}] RelativeParent to null
11-18 00:06:36.436  1336  1336 I SurfaceFlinger: id=20605 Removed com.onda.app/com.onda.app.MainActivity$_17579#20605 (132)
11-18 00:06:36.445  1336  1336 I SurfaceFlinger: destroyed com.onda.app/com.onda.app.MainActivity$_17579#20605
11-18 00:06:36.447  1336  1336 I Layer   : id=20605 Destroyed com.onda.app/com.onda.app.MainActivity$_17579#20605
11-18 00:06:37.317  1643  2024 I ActivityManager: Killing 17579:com.onda.app/u0a406 (adj 850): remove task
11-18 00:06:37.382  1643  1711 W ActivityManager: Scheduling restart of crashed service com.onda.app/org.chromium.content.app.SandboxedProcessService0:0 in 10993ms for connection
11-18 00:06:37.390  1643  5940 I WindowManager: WIN DEATH: Window{4d2a99d u0 com.onda.app/com.onda.app.MainActivity}
11-18 00:06:37.391  1643  2669 D ConnectivityService: releasing NetworkRequest [ REQUEST id=7831, [ Capabilities: INTERNET&NOT_RESTRICTED&TRUSTED&NOT_VCN_MANAGED&NOT_BANDWIDTH_CONSTRAINED Uid: 10406 RequestorUid: 10406 RequestorPkg: com.onda.app UnderlyingNetworks: Null] ] (release request)
11-18 00:06:37.391  1643  5940 W InputManager-JNI: Input channel object '4d2a99d com.onda.app/com.onda.app.MainActivity (client)' was disposed without first being removed with the input manager!
11-18 00:06:37.391  1643  5940 V WindowManager: Remove Window{4d2a99d u0 com.onda.app/com.onda.app.MainActivity}: mSurfaceController=null mAnimatingExit=false mRemoveOnExit=false mHasSurface=false surfaceShowing=false animating=false app-animation=false mDisplayFrozen=false callers=com.android.server.wm.Session.binderDied:118 android.os.IBinder$DeathRecipient.binderDied:339 android.os.BinderProxy.sendDeathNotice:794 <bottom of call stack> <bottom of call stack> <bottom of call stack>
11-18 00:06:37.399  1336  1445 I SurfaceFlinger: id=20600 Removed 274a88c ActivityRecordInputSink com.onda.app/.MainActivity#20600 (136)
11-18 00:06:37.400  1336  1336 I SurfaceFlinger: [LayerHierarchy{RequestedLayerState{4d2a99d com.onda.app/com.onda.app.MainActivity#20604} no children}] reparent to OffscreenRoot
11-18 00:06:37.400  1336  1336 I SurfaceFlinger: [LayerHierarchy{RequestedLayerState{4d2a99d com.onda.app/com.onda.app.MainActivity#20604} no children}] RelativeParent to null
11-18 00:06:37.400  1336  1336 I SurfaceFlinger: id=20604 Removed 4d2a99d com.onda.app/com.onda.app.MainActivity#20604 (137)
11-18 00:06:37.404  1643  2550 W UsageStatsService: Unexpected activity event reported! (com.onda.app/com.onda.app.MainActivity event : 23 instanceId : 185188728)
11-18 00:06:37.404  1643  2024 D SGM:FgCheckThread: pkgName: com.onda.app is not in foreground
11-18 00:06:37.404  1643  2024 D SGM:FgCheckThread: noteStopComponent(), received pkgName: com.onda.app, focusedPkgName: com.sec.android.app.launcher, userId: 0
11-18 00:06:37.408  1336  1336 I SurfaceFlinger: destroyed 4d2a99d com.onda.app/com.onda.app.MainActivity#20604
11-18 00:06:37.408  1336  1336 I SurfaceFlinger: [LayerHierarchy{RequestedLayerState{ActivityRecord{3b16fea u0 com.onda.app/.MainActivity t1408}#20596} 1 children}] reparent to OffscreenRoot
11-18 00:06:37.408  1336  1336 I SurfaceFlinger: [LayerHierarchy{RequestedLayerState{ActivityRecord{3b16fea u0 com.onda.app/.MainActivity t1408}#20596} 1 children}] RelativeParent to null
11-18 00:06:37.408  1336  1336 I Layer   : id=20604 Destroyed 4d2a99d com.onda.app/com.onda.app.MainActivity#20604
11-18 00:06:37.409  1336  1336 I SurfaceFlinger: id=20596 Removed ActivityRecord{3b16fea u0 com.onda.app/.MainActivity t1408}#20596 (136)
11-18 00:06:37.416  1336  1336 I SurfaceFlinger: destroyed 274a88c ActivityRecordInputSink com.onda.app/.MainActivity#20600
11-18 00:06:37.416  1336  1336 I SurfaceFlinger: destroyed ActivityRecord{3b16fea u0 com.onda.app/.MainActivity t1408}#20596
11-18 00:06:37.417  1336  1336 I Layer   : id=20600 Destroyed 274a88c ActivityRecordInputSink com.onda.app/.MainActivity#20600
11-18 00:06:37.417  1336  1336 I Layer   : id=20596 Destroyed ActivityRecord{3b16fea u0 com.onda.app/.MainActivity t1408}#20596
11-18 00:06:38.951  1643  3132 I Pageboost: start alp : com.onda.app
11-18 00:06:38.951  1643  2879 I Pageboost: alp for : com.onda.app , 0
11-18 00:06:38.954  2913  3086 D ShellStartingWindow: preload Icon com.onda.app
11-18 00:06:38.967  1643  2058 I ActivityManager: Start proc 17767:com.onda.app/u0a406 for activelaunch {com.onda.app/com.onda.app.MainActivity}
11-18 00:06:38.967  1643  2058 D DynamicHiddenApp_BGProtectManager: [SecIpm] it's a ML_TYPE_EMPTYPROCESS protected process com.onda.app
11-18 00:06:38.981 17767 17767 I com.onda.app: Using CollectorTypeCC GC.
11-18 00:06:38.983 17767 17767 E com.onda.app: Not starting debugger since process cannot load the jdwp agent.
11-18 00:06:38.999 17767 17767 D nativeloader: Configuring clns-7 for other apk /data/app/~~3IYAXx9Bc4mUSKccOb8VKg==/com.onda.app-sZc7rPqSvhl3UdAPnT_tPQ==/base.apk. target_sdk_version=34, uses_libraries=, library_path=/data/app/~~3IYAXx9Bc4mUSKccOb8VKg==/com.onda.app-sZc7rPqSvhl3UdAPnT_tPQ==/lib/arm64, permitted_path=/data:/mnt/expand:/data/user/0/com.onda.app
11-18 00:06:39.397  3422  3422 I HoneySpace.QuickOptionPopup: Inflate QuickOption view: App(item=id:2013 label:Onda componnet:com.onda.app/.MainActivity#UserHandle{0} badgeCount:0  drag:false iconState:NONE, pageRank=6, rank=1, dragged=false, hasReservedPosition=false) , Shortcut Count: 0 ,Notification Count: 0, Title: null
11-18 00:06:41.674 17791 17791 I UninstallerActivity: Uninstalling extras=Bundle[{com.android.packageinstaller.extra.IS_CLONE_APP=false, com.android.packageinstaller.extra.APP_LABEL=Onda, com.android.packageinstaller.applicationInfo=ApplicationInfo{aec39a9 com.onda.app}, android.intent.extra.UNINSTALL_ALL_USERS=false, com.android.packageinstaller.extra.UNINSTALL_ID=-2147483633}]
11-18 00:06:41.682  1643  2880 I PackageManager: pkg{com.onda.app}, user{0}, caller{10069} flags{0}
11-18 00:06:41.685  1643  2057 I ActivityManager: Force stopping com.onda.app appid=10406 user=0: deletePackageX
11-18 00:06:41.688  1643  2057 I ActivityManager: Killing 17767:com.onda.app/u0a406 (adj 850): stop com.onda.app due to deletePackageX
11-18 00:06:41.689  1643  2123 I AppsFilter: interaction: PackageSetting{6a71a83 com.onda.life/10336} -> PackageSetting{60f1e0c com.onda.app/10406} BLOCKED
11-18 00:06:41.698  1643  2057 D ActivityManager: proc ProcessRecord{ce598ee 17767:com.onda.app/u0a406} already removed. so we skip next process.
11-18 00:06:41.735  1643  3132 V ActivityManager: Got obituary of 17767:com.onda.app
11-18 00:06:41.915  1643  2123 D PackageManager: isLocaleOptimizedPackage() -  Non optimized app: com.onda.app. Proceed with normal install
11-18 00:06:41.951  1643  2123 D AASA_PackageManager_RESTRICTED: Uninstall : userId = 0, info.uid = 10406, packageName = com.onda.app
11-18 00:06:41.979  1643  2123 I ActivityManager: Force stopping com.onda.app appid=10406 user=0: pkg removed
11-18 00:06:41.980 17791 17791 I UninstallFinish: Uninstall finished extras=Bundle[{android.content.pm.extra.STATUS=0, com.android.packageinstaller.extra.IS_CLONE_APP=false, android.content.pm.extra.PACKAGE_NAME=com.onda.app, com.android.packageinstaller.extra.APP_LABEL=Onda, com.android.packageinstaller.applicationInfo=Supplier{VAL_PARCELABLE@516+1320}, android.intent.extra.UNINSTALL_ALL_USERS=false, android.content.pm.extra.LEGACY_STATUS=1, com.android.packageinstaller.extra.UNINSTALL_ID=-2147483633, android.content.pm.extra.STATUS_MESSAGE=DELETE_SUCCEEDED}]
11-18 00:06:42.013  1643  2696 D AS.AudioService: com.onda.app(10406) is removed
11-18 00:06:42.013  1643  2740 D ShortcutService: removing package: com.onda.app userId0
11-18 00:06:42.013  2878  2878 D CarrierSvcBindHelper: onPackageRemoved: com.onda.app
11-18 00:06:42.016  1643  2654 W WifiService: Couldn't get PackageInfo for package:com.onda.app
11-18 00:06:42.016  1643  2654 D WifiService: Remove settings for package:com.onda.app
11-18 00:06:42.017  1643  2654 D WifiConfigManager: Remove all networks for app ApplicationInfo{951eddf com.onda.app}
11-18 00:06:42.019  3833  3911 I PackageInfoManager_FLP: action : ACTION_PACKAGE_REMOVED, packageName = com.onda.app
11-18 00:06:42.024  1643  2654 I PasspointManager: No app ops listener found for com.onda.app
11-18 00:06:42.037  1643  2696 D SGM:GameManager: identifyGamePackage. com.onda.app, mCurrentUserId: 0, callerUserId: 0, callingMethodInfo: com.samsung.android.game.SemGameManager.isGamePackage(SemGameManager.java:105)
11-18 00:06:42.037  1643  2696 D SGM:SemGameManager: isGamePackage(), pkgName=com.onda.app, ret=false
11-18 00:06:42.049  2878  2878 I VvmPkgInstalledRcvr: packageName: com.onda.app, systemDialer: com.samsung.android.dialer
11-18 00:06:42.068  2878  2878 I VvmPkgInstalledRcvr:  NOT contains : com.onda.app
11-18 00:06:42.070  2878  2878 I VvmPkgInstalledRcvr:  NOT contains : com.onda.app
11-18 00:06:42.083 17791 17799 W ackageinstaller: ApkAssets: Deleting an ApkAssets object '<empty> and /data/app/~~3IYAXx9Bc4mUSKccOb8VKg==/com.onda.app-sZc7rPqSvhl3UdAPnT_tPQ==/base.apk' with 1 weak references
11-18 00:06:42.089  1643  2538 D OverlayManager: onPackageRemoved: pkgName = [com.onda.app], userId = [0], packageHidden = [false]
11-18 00:06:42.089  1643  2538 I OverlayManager: updateOverlaysForTarget() called with: targetPackage = [com.onda.app], userId = [0], flags = [0]
11-18 00:06:42.090  1643  2615 V StorageManagerService: Package com.onda.app does not have legacy storage
11-18 00:06:42.091  1643  2550 D UsageStatsService: onPackageRemoved com.onda.app
11-18 00:06:42.102  2913  2913 D Navbar.Store: handleEvent(0) OnPackageRemoved(packageName=com.onda.app) [Module] NavBarStoreImpl
11-18 00:06:42.108  2913  2913 D KeyguardShortcutManager: onReceive : Intent.EXTRA_REPLACING false, com.onda.app
11-18 00:06:42.108  2913  2913 D SecSTQuickControlRequestReceiver: onReceiveForPackage action = android.intent.action.PACKAGE_REMOVED, pkgName = com.onda.app
11-18 00:06:42.110  1643  1643 D SdpManagerImpl.receiver: On android.intent.action.PACKAGE_REMOVED : DATA = package:com.onda.app, UID = 10406, UserId = 0, Is replacing? false
11-18 00:06:42.110  1643  1643 D SdpManagerImpl.receiver: ACTION_PACKAGE_REMOVED packageName:: com.onda.app
11-18 00:06:42.110  1643  2681 D LocationManagerService: package com.onda.app reset
11-18 00:06:42.111  1643  1643 I Telecom : CarModeTracker: Package com.onda.app is not tracked.: SSH.oR@HAE
11-18 00:06:42.111  1643  2578 D SEP_UNION_SemDeviceInfoManagerService: Package com.onda.app is removed on User 0
11-18 00:06:42.112  1643  3145 D SdpManagerImpl: handlePackageRemoved - PackageName : com.onda.app, UserId : 0
11-18 00:06:42.113  1643  2879 I Pageboost: remove app @ runtime : com.onda.app
11-18 00:06:42.160  2913  2913 I GoodLockLifecycle: onPackageRemoved: com.onda.app
11-18 00:06:42.162  2913  2913 D FaceWidgetMusicViewModel: onPackageRemoved() pkg = com.onda.app, r = false
11-18 00:06:42.179  6676 17871 I ProximityAuth: [RecentAppsMediator] Package removed: (user=UserHandle{0}) com.onda.app
11-18 00:06:42.249  6676 17860 E PhSharedDirectoryWriter: Failed to delete the CE shared dir for Android package: com.onda.app. [CONTEXT service_id=51 ]
11-18 00:06:42.253  6676 17860 E PhSharedDirectoryWriter: Failed to delete the DE shared dir for Android package: com.onda.app. [CONTEXT service_id=51 ]
11-18 00:06:42.329  5010 17901 W RWIPackageIntentOps: Registries cleared for package: com.onda.app
11-18 00:06:42.336  1336  3781 I SurfaceFlinger: id=20610 Removed Surface(name=4d2a99d com.onda.app/com.onda.app.MainActivity)/@0xc93a7d - animation-leash of starting_reveal#20610 (134)
11-18 00:06:42.344  1336  1336 I SurfaceFlinger: destroyed Surface(name=4d2a99d com.onda.app/com.onda.app.MainActivity)/@0xc93a7d - animation-leash of starting_reveal#20610
11-18 00:06:42.344  1336  1336 I Layer   : id=20610 Destroyed Surface(name=4d2a99d com.onda.app/com.onda.app.MainActivity)/@0xc93a7d - animation-leash of starting_reveal#20610
11-18 00:06:42.348  5010 15397 I Icing   : doRemovePackageData com.onda.app
11-18 00:06:42.375  1643  1643 I ConditionProviders: Disallowing condition provider com.onda.app (userSet: true)
11-18 00:06:42.377  1643  2654 W WifiService: Couldn't get PackageInfo for package:com.onda.app
11-18 00:06:42.377  1643  2654 D WifiService: Remove settings for package:com.onda.app
11-18 00:06:42.377  1643  2654 D WifiConfigManager: Remove all networks for app ApplicationInfo{fba94b1 com.onda.app}
11-18 00:06:42.377  1643  2654 I PasspointManager: No app ops listener found for com.onda.app
11-18 00:06:42.382  1643  2553 I RollbackManager: broadcast=ACTION_PACKAGE_FULLY_REMOVED pkg=com.onda.app
11-18 00:06:42.405  1643  1643 D EnterpriseLicenseService: isPackageInstalled() - com.onda.app not found in user 0
11-18 00:06:42.417 22721 22721 I Finsky  : [2] AIM: AppInfoCacheUpdater -> invalidating apps: [com.onda.app]
11-18 00:06:42.437 22721 22809 I Finsky  : [211] AIM: AppInfoManager-Perf > OnDeviceAppInfo > cacheHitCount=0, cacheMissCount=1. Missed  in cache (limit 10) : [com.onda.app]
11-18 00:06:42.442  1643 17925 I Telecom : SamsungTelecomServiceImpl : clearAccounts - packageName : com.onda.app / callingPid : 1643 / processName : sts / callingUser : UserHandle{0}
11-18 00:06:42.448  5106  5439 W DMASA[S]: [LOGWING][b]Get package version failed : com.onda.app
11-18 00:06:42.453  5010 17869 W SQLiteLog: (28) double-quoted string literal: "com.onda.app"
11-18 00:06:42.454 17847 17847 I FILP/PackageIntentReceiver: pkgName : com.onda.app
11-18 00:06:42.476 12949 12949 I DWBh    : onPackageDeleted : com.onda.app
11-18 00:06:42.494 17847 17933 I FILP/FilterInstaller: removeFromFS : com.onda.app, cursor size : 0
11-18 00:06:42.504 22721 17934 I Finsky  : [489] Asset module storage cleared for package com.onda.app.
11-18 00:06:42.512 17847 17933 I FILP/FilterInstaller: Delete all filter DB result : com.onda.app, 0
11-18 00:06:42.513 17847 17933 I FILP/FilterInstaller: Delete filter DB result : com.onda.app, 0
11-18 00:06:42.513 17847 17933 I FILP/FilterInstaller: Delete my filter DB result : com.onda.app, 0
11-18 00:06:42.516 17847 17933 I FILP/FilterInstaller: uninstallFilters mPackageName: com.onda.app
11-18 00:06:42.582  5070  5695 D MediaProvider: Deleted 0 Android/media items belonging to com.onda.app on /data/user/0/com.google.android.providers.media.module/databases/external.db
11-18 00:06:42.605  5070  5695 I FuseDaemon: Successfully deleted rows in leveldb for owner_id:  and ownerPackageIdentifier: com.onda.app::0
11-18 00:06:42.617 10828 10828 I AccountReloadObserver: [C] received action: android.intent.action.PACKAGE_REMOVED, dat: package:com.onda.app
11-18 00:06:42.643  5070  5695 D MediaGrants: Removed 0 media_grants for 0 user for [com.onda.app]. Reason: Package orphaned
11-18 00:06:42.687 22721 22721 W Finsky  : [2] STU: Failed to get storage stats for package 'com.onda.app' (1601: Error getting stats: android.content.pm.PackageManager.NameNotFoundException)
11-18 00:06:42.704 17926 17985 I ENTM:Systemprocess: handlePackageRemoved().pkgName: com.onda.app
11-18 00:06:42.704 17926 17985 I ENTM:Systemprocess: checkELMActivationForPackageRemoved().START - com.onda.app
11-18 00:06:42.718 17926 17985 I ENTM:Systemprocess: checkKLMActivationForPackageRemoved().START - com.onda.app
11-18 00:06:42.720 17926 17985 I ENTM:DataBaseUtils: isSameTrackerIdInDeviceDB().START: com.onda.app
11-18 00:06:42.721  1643  1706 W system_server: ApkAssets: Deleting an ApkAssets object '<empty> and /data/app/~~3IYAXx9Bc4mUSKccOb8VKg==/com.onda.app-sZc7rPqSvhl3UdAPnT_tPQ==/base.apk' with 1 weak references
11-18 00:06:43.114 17995 17995 I Finsky:background: [2] Package no longer installed: com.onda.app
11-18 00:06:43.126 17995 17995 I Finsky:background: [2] Package no longer installed: com.onda.app
11-18 00:06:43.164  2913  7623 I TileConfigurationStore: updatePackageDataChange : com.onda.app, type = 2, tileType = 1
11-18 00:06:43.165  2913  7623 I TileConfigurationStore: updatePackageDataChange : Complication Tile com.onda.app, type = 2
11-18 00:06:43.165  2913  7623 I AppWidgetDataProvider:  updatePackageChangeData type  1 , pack type 2  ,  pkg com.onda.app
11-18 00:06:43.242 16491 16505 I LockContentProvider: before profileData Id : 0, removePkg:com.onda.app, enabledWidgetIdList:{}
11-18 00:06:43.519 18107 18107 D PersistedStoragePackageUninstalledReceiver: Received android.intent.action.PACKAGE_FULLY_REMOVED for com.onda.app for u0
11-18 00:06:44.299  1643  2054 I SGM:GameManager: PkgUpdateReceiver, onPackageRemoved(). pkgName=com.onda.app, userId=0
11-18 00:06:44.299  1643  2054 W SGM:Util: isPkgInstalled(), com.onda.app does not exist.
11-18 00:06:44.299  1643  2054 D SGM:Util: isPkgInstalled(). pkgName=com.onda.app, userId=0, installed=false
11-18 00:06:44.299  1643  2054 D SGM:GosNotifyThread: sendPackageMessage(), changeType=1, pkgName=com.onda.app, userHandleId=0
11-18 00:06:44.300  1643  2054 D MetaDataCollector: onReceive: done pkgName=com.onda.app
11-18 00:06:44.379  1643  2054 I SettingsProvider: onPackageRemoved (userId 0) PackageName = com.onda.app
11-18 00:06:44.599  1643  2054 I CredentialManager: updateProvidersWhenPackageRemoved)pkg=com.onda.app (0)
11-18 00:06:44.601  1643  2054 D LauncherAppsService: Calling onPackageRemoved: com.onda.app, EXTRA_REPLACING: false
11-18 00:06:44.601  1643  2054 D LauncherAppsService: Calling onPackageRemoved: com.onda.app, listener: com.google.android.as(UserHandle{0}, 5083)
11-18 00:06:44.601  1643  2054 D LauncherAppsService: Calling onPackageRemoved: com.onda.app, listener: com.sec.android.app.launcher(UserHandle{0}, 3422)
11-18 00:06:44.601  5083  8113 D LauncherApps: onPackageRemoved 0,com.onda.app
11-18 00:06:44.602  1643  2054 D LauncherAppsService: Calling onPackageRemoved: com.onda.app, listener: com.android.systemui(UserHandle{0}, 2913)
11-18 00:06:44.602  1643  2054 D LauncherAppsService: Calling onPackageRemoved: com.onda.app, listener: android(UserHandle{0}, 1643)
11-18 00:06:44.602  1643  2054 D LauncherApps: onPackageRemoved 0,com.onda.app
11-18 00:06:44.602  2913  6452 D LauncherApps: onPackageRemoved 0,com.onda.app
11-18 00:06:44.602  3422  3422 I HoneySpace.PackageOperationTracker: onPackageRemoved - com.onda.app UserHandle{0}
11-18 00:06:44.607  3422 17750 I HoneySpace.IconCache: remove icon cache & DB : com.onda.app UserHandle{0}
11-18 00:06:44.607  3422 17750 I HoneySpace.IconCache: removeSpecificIconDb: com.onda.app UserHandle{0}
11-18 00:06:44.608  3422  3422 I HoneySpace.PackageChangedCallbackImpl: onPackageRemoved: com.onda.app / UserHandle{0}
11-18 00:06:44.622  3422  3422 I HoneySpace.HoneySpaceManagerContainer: refreshHoneyPlugin, packageName: com.onda.app
11-18 00:06:44.622  3422 17751 I HoneySpace.HoneySpacePackageSourceImpl: Package removed : com.onda.app
11-18 00:06:44.624  3422 17751 I SearchableManager: removeDynamicSearchable: com.onda.app
11-18 00:06:44.624  3422 17751 I SearchableManager: invalidate: com.onda.app
11-18 00:06:44.625  3422  3422 I HoneySpace.PackageEventHandler: Package removed : [com.onda.app/.MainActivity#UserHandle{0}]
11-18 00:06:44.628  3422  3422 I HoneySpace.DataCache: deleteItem : id=2013, title=Onda, type=APP, containerType=ITEM_GROUP, containerId=20, x=-1, y=-1, rank=1, spanX=-1, spanY=-1, scale=1.0component=com.onda.app/.MainActivity, profileId=0, intent=null, restored=0, hidden=UNHIDDEN, appWidgetId=-1, options=0, refPackageName=null (appList) package removed
11-18 00:06:44.630  3422  5747 I HoneySpace.DataCache: delete item : (appList) package removed - APP / 2013 / Onda / com.onda.app/.MainActivity / -1 / 0
11-18 00:06:45.028  3422 17397 I SearchEngineAppSuggestion: package removed: com.onda.app
11-18 00:06:54.504  1643  2528 I PackageInformation: com.onda.app ::20250714::20250713
11-18 00:06:54.525 22721 22721 I Finsky  : [2] VerifyApps: Install-time verification requested for package com.onda.app, PackageManager id = 22, Verifier id = 02bdfa73-cfeb-42dc-bbfc-ad481b9df225
11-18 00:06:54.547 22721 17982 I Finsky  : [498] VerifyApps: Anti-malware verification task started for package=com.onda.app
11-18 00:06:54.583 22721 22809 I Finsky  : [211] VerifyApps: Starting APK Analysis scan for com.onda.app.
11-18 00:06:54.583 22721 22809 I Finsky  : [211] Scanning package com.onda.app contents with client side protections. File: [_6Kq4AEn6jL96jUi4m6Vo5qaZaBfg7GsX_4Tl7SyDR8]
11-18 00:06:54.734 18769 18788 I GOS:GameServiceReceiver:  PkgInstallStarted for com.onda.app UserID : 0
11-18 00:06:54.808 18769 18805 W GOS:PackageUtil: isPackageInstalledAsUser(). Exception: android.content.pm.PackageManager$NameNotFoundException: com.onda.app
11-18 00:06:54.808 18769 18805 I GOS:GameIntentService: onPackageChanged(). extras: Bundle[{changeType=2, userId=0, type=15, packageName=com.onda.app}]
11-18 00:06:54.808 18769 18805 I GOS:GameIntentService: onPackageChanged(). changeType(INSTALL_STARTED), pkgName(com.onda.app), UserHandle(0), userId(0), Installed(false)
11-18 00:06:54.811 18769 18805 W GOS:PackageUtil: isPackageInstalledAsUser(). Exception: android.content.pm.PackageManager$NameNotFoundException: com.onda.app
11-18 00:06:54.811 22721 22809 I Finsky  : [211] VerifyApps: APK Analysis scan finished for com.onda.app. Verdict: SAFE
11-18 00:06:55.341 22721 18808 I Finsky  : [503] VerifyApps: Verification package=com.onda.app, id=22, response=9, upload_requested=false, enable_ecm=true
11-18 00:07:03.776 22721 22809 I Finsky  : [211] VerifyApps: waiting for app installation for com.onda.app
11-18 00:07:03.807 22721 22721 I Finsky  : [2] VerifyApps: Install-time verification complete: id=22, package_name=com.onda.app
11-18 00:07:03.811  1643  2528 I PackageManager:           pkg{com.onda.app}
11-18 00:07:03.877  1643  2123 D ApplicationPolicy: getApplicationStateEnabled : pkg = com.onda.app userId : 0
11-18 00:07:03.878  1643  2123 D PermissionService: setAllowlistedRestrictedPermissionsUnchecked called for package - com.onda.app
11-18 00:07:03.878  1643  2123 D PermissionService: updateAdminPermissionsInternalcom.onda.app
11-18 00:07:04.030  1643  2123 I ArtService: Adjusting the compiler filter for 'com.onda.app' from 'speed-profile' to 'verify' because there is no valid profile
11-18 00:07:04.148 17828 17831 I artd    : GetBestInfo: /data/app/~~GGKjbNhfPDFnr4LBVH5miw==/com.onda.app-uie-qHfgK11JIPIXmd4Fiw==/base.apk has no usable artifacts
11-18 00:07:04.187 17828 18861 I artd    : Running dex2oat: /apex/com.android.art/bin/art_exec --drop-capabilities --set-task-profile=Dex2OatBootComplete --set-priority=background --keep-fds=7:8:9:10 -- /apex/com.android.art/bin/dex2oat64 --zip-fd=7 --zip-location=/data/app/~~GGKjbNhfPDFnr4LBVH5miw==/com.onda.app-uie-qHfgK11JIPIXmd4Fiw==/base.apk --oat-fd=8 --oat-location=/data/app/~~GGKjbNhfPDFnr4LBVH5miw==/com.onda.app-uie-qHfgK11JIPIXmd4Fiw==/oat/arm64/base.odex --output-vdex-fd=9 --swap-fd=10 --class-loader-context=PCL[] --classpath-dir=/data/app/~~GGKjbNhfPDFnr4LBVH5miw==/com.onda.app-uie-qHfgK11JIPIXmd4Fiw== --instruction-set=arm64 --instruction-set-features=default --instruction-set-variant=kryo300 --compiler-filter=verify --compilation-reason=install --max-image-block-size=524288 --resolve-startup-const-strings=true --generate-mini-debug-info --runtime-arg -Xtarget-sdk-version:34 --runtime-arg -Xhidden-api-policy:enabled --runtime-arg -Xms64m --runtime-arg -Xmx512m --comments=app-name:com.onda.app,app-version-name:1.0,app-version-code:1,art-version:360910040
11-18 00:07:04.187 17828 18861 I artd    : Opened FDs: 7:/data/app/~~GGKjbNhfPDFnr4LBVH5miw==/com.onda.app-uie-qHfgK11JIPIXmd4Fiw==/base.apk 8:/data/app/~~GGKjbNhfPDFnr4LBVH5miw==/com.onda.app-uie-qHfgK11JIPIXmd4Fiw==/oat/arm64/base.odex.y060Hz.tmp 9:/data/app/~~GGKjbNhfPDFnr4LBVH5miw==/com.onda.app-uie-qHfgK11JIPIXmd4Fiw==/oat/arm64/base.vdex.JpT8vx.tmp 10:/data/app/~~GGKjbNhfPDFnr4LBVH5miw==/com.onda.app-uie-qHfgK11JIPIXmd4Fiw==/oat/arm64/base.odex.swap.aR6kVX.tmp
11-18 00:07:04.269 18863 18863 I dex2oat64: /apex/com.android.art/bin/dex2oat64 --output-vdex-fd=9 --class-loader-context=PCL[] --classpath-dir=/data/app/~~GGKjbNhfPDFnr4LBVH5miw==/com.onda.app-uie-qHfgK11JIPIXmd4Fiw== --compiler-filter=verify --compilation-reason=install --max-image-block-size=524288 --resolve-startup-const-strings=true --generate-mini-debug-info --comments=app-name:com.onda.app,app-version-name:1.0,app-version-code:1,art-version:360910040
11-18 00:07:04.475  1643  2123 I ArtService: Dexopt result: [packageName = com.onda.app] DexContainerFileDexoptResult{dexContainerFile=/data/app/~~GGKjbNhfPDFnr4LBVH5miw==/com.onda.app-uie-qHfgK11JIPIXmd4Fiw==/base.apk, primaryAbi=true, abi=arm64-v8a, actualCompilerFilter=verify, status=PERFORMED, dex2oatWallTimeMillis=276, dex2oatCpuTimeMillis=350, sizeBytes=1987712, sizeBeforeBytes=0, extendedStatusFlags=[]}
11-18 00:07:04.477  1643  2123 I BackupManagerService: [UserID:0] restoreAtInstall pkg=com.onda.app token=17 restoreSet=3656d656966b1297
11-18 00:07:05.356  5010  5018 I Backup  : [RestoreRequestProcessor] Skipping app with no doc url or kv pairs: com.onda.app
11-18 00:07:05.361  1643  2123 D PackageManager: isLocaleOptimizedPackage() -  Non optimized app: com.onda.app. Proceed with normal install
11-18 00:07:05.369  1643  2123 I AppsFilter: interaction: PackageSetting{95252d2 com.onda.life/10336} -> PackageSetting{9618f70 com.onda.app/10407} BLOCKED
11-18 00:07:05.387  1643  2717 I AppWidgetServiceImpl: Received broadcast: android.intent.action.PACKAGE_ADDED, Updates all providers with com.onda.app, userId: 0
11-18 00:07:05.391  1643  2740 D ShortcutService: adding package: com.onda.app userId0
11-18 00:07:05.391  2878  2878 D CarrierSvcBindHelper: onPackageAdded: com.onda.app
11-18 00:07:05.392  1643  2696 D SGM:GameManager: identifyGamePackage. com.onda.app, mCurrentUserId: 0, callerUserId: 0, callingMethodInfo: com.samsung.android.game.SemGameManager.isGamePackage(SemGameManager.java:105)
11-18 00:07:05.392  1643  2696 D SGM:SemGameManager: isGamePackage(), pkgName=com.onda.app, ret=false
11-18 00:07:05.404  1643  2798 I SdkSandboxManager: No SDKs used. Skipping SDK data reconcilation for CallingInfo{mUid=10407, mPackageName='com.onda.app, mAppProcessToken='null'}
11-18 00:07:05.405  2878  3125 D ImsResolver: maybeAddedImsService, packageName: com.onda.app
11-18 00:07:05.405  2878  2878 I VvmPkgInstalledRcvr: packageName: com.onda.app, systemDialer: com.samsung.android.dialer
11-18 00:07:05.409  3833  3911 I PackageInfoManager_FLP: action : ACTION_PACKAGE_ADDED, packageName = com.onda.app
11-18 00:07:05.416  1643  2785 D SGM:GameManager: identifyGamePackage. com.onda.app, mCurrentUserId: 0, callerUserId: 0, callingMethodInfo: com.samsung.android.game.SemGameManager.isGamePackage(SemGameManager.java:105)
11-18 00:07:05.416  1643  2785 D SGM:SemGameManager: isGamePackage(), pkgName=com.onda.app, ret=false
11-18 00:07:05.416  1643  1643 I Telecom : SamsungOpenCommunicationPlatformPolicyPackageBroadcastReceiver : action : android.intent.action.PACKAGE_ADDED / packageName : com.onda.app
11-18 00:07:05.417  1643  3541 I Telecom : SamsungOpenCommunicationPlatformPolicyPackageHandler : handleMessage : { when=0 what=0 obj=com.onda.app target=com.samsung.server.telecom.advancedcall.ocp.policy.broadcast.SamsungOpenCommunicationPlatformPolicyPackageHandler }.what
11-18 00:07:05.418  1643  2879 D SGM:GameManager: identifyGamePackage. com.onda.app, mCurrentUserId: 0, callerUserId: 0, callingMethodInfo: com.samsung.android.game.SemGameManager.isGamePackage(SemGameManager.java:105)
11-18 00:07:05.418  1643  2879 D SGM:SemGameManager: isGamePackage(), pkgName=com.onda.app, ret=false
11-18 00:07:05.418  1643  2879 I Pageboost: appinfo : com.onda.app 0 0 0 0
11-18 00:07:05.419  1643  2879 D SGM:GameManager: identifyGamePackage. com.onda.app, mCurrentUserId: 0, callerUserId: 0, callingMethodInfo: com.samsung.android.game.SemGameManager.isGamePackage(SemGameManager.java:105)
11-18 00:07:05.419  1643  2879 D SGM:SemGameManager: isGamePackage(), pkgName=com.onda.app, ret=false
11-18 00:07:05.419  1643  2879 I Pageboost: Reset this app info : com.onda.app
11-18 00:07:05.421  2878  2878 I VvmPkgInstalledRcvr:  NOT contains : com.onda.app
11-18 00:07:05.436  2913  3135 D PluginActionManager: queryPkg com.onda.app com.android.systemui.action.PLUGIN_SENSOR_MANAGER
11-18 00:07:05.437  2913  3135 D PluginActionManager: queryPkg com.onda.app com.android.systemui.action.PLUGIN_OVERLAY
11-18 00:07:05.439  1643  2538 D OverlayManager: reconcileSettingsForPackage pkgName=com.onda.app userId=0
11-18 00:07:05.439  1643  2538 I OverlayManager: updateOverlaysForTarget() called with: targetPackage = [com.onda.app], userId = [0], flags = [0]
11-18 00:07:05.440  2913  2913 I GoodLockLifecycle: onPackageAdded: com.onda.app
11-18 00:07:05.441  2913  3135 D PluginActionManager: queryPkg com.onda.app com.android.systemui.action.PLUGIN_VOLUME
11-18 00:07:05.442  2913  3135 D PluginActionManager: queryPkg com.onda.app com.samsung.systemui.action.PLUGIN_FACE_WIDGET
11-18 00:07:05.442  2913  3135 D PluginActionManager: queryPkg com.onda.app com.android.systemui.action.PLUGIN_NOTIFICATION_MENU_ROW
11-18 00:07:05.442  2913  3135 D PluginActionManager: queryPkg com.onda.app com.android.systemui.action.PLUGIN_NOTIFICATION_MENU_ROW
11-18 00:07:05.442  2913  3135 D PluginActionManager: queryPkg com.onda.app com.android.systemui.action.PLUGIN_QS
11-18 00:07:05.442  2913  3135 D PluginActionManager: queryPkg com.onda.app com.android.systemui.action.PLUGIN_TOAST
11-18 00:07:05.442  2913  3135 D PluginActionManager: queryPkg com.onda.app com.android.systemui.action.PLUGIN_GLOBAL_ACTIONS
11-18 00:07:05.443  2913  3135 D PluginActionManager: queryPkg com.onda.app com.android.systemui.action.PLUGIN_QS_FACTORY
11-18 00:07:05.443  2913  3135 D PluginActionManager: queryPkg com.onda.app com.android.systemui.action.PLUGIN_CLOCK_PROVIDER
11-18 00:07:05.443  2913  3135 D PluginActionManager: queryPkg com.onda.app com.android.systemui.action.PLUGIN_NOTIFICATION_ASSISTANT
11-18 00:07:05.443  2913  3135 D PluginActionManager: queryPkg com.onda.app com.android.systemui.action.PEOPLE_HUB_PERSON_EXTRACTOR
11-18 00:07:05.458  2878  2878 I VvmPkgInstalledRcvr:  NOT contains : com.onda.app
11-18 00:07:05.461 18107 18107 I SafetyLabelChangedBroadcastReceiver: received broadcast packageName: com.onda.app, current user: UserHandle{0}, packageChangeEvent: NEW_INSTALL, intent user: UserHandle{0}
11-18 00:07:05.467 22721 22801 I Finsky  : [205] AIM: AppInfoManager-Perf > OnDeviceAppInfo > cacheHitCount=0, cacheMissCount=1. Missed  in cache (limit 10) : [com.onda.app]
11-18 00:07:05.475 17847 17847 I FILP/PackageIntentReceiver: pkgName : com.onda.app
11-18 00:07:05.486  2913  3103 D BluetoothEventManager: AppPackageChangedHandler: package name = com.onda.app
11-18 00:07:05.487  1643  2538 D OverlayManager: -> Updating overlay: target=com.onda.app overlays=[OverlayPaths { resourceDirs = [/product/overlay/NavigationBarMode3Button/NavigationBarMode3ButtonOverlay.apk], overlayPaths = [/product/overlay/NavigationBarMode3Button/NavigationBarMode3ButtonOverlay.apk] }] userId=0
11-18 00:07:05.495 22721 22721 I Finsky  : [2] AIM: AppInfoCacheUpdater -> invalidating apps: [com.onda.app]
11-18 00:07:05.496 22721 22809 I Finsky  : [211] AIM: AppInfoManager-Perf > OnDeviceAppInfo > cacheHitCount=0, cacheMissCount=1. Missed  in cache (limit 10) : [com.onda.app]
11-18 00:07:05.506 22721 22721 I Finsky  : [2] VerifyApps: app installation complete for com.onda.app
11-18 00:07:05.522 22721 22804 I Finsky  : [208] VerifyApps: running post install verification task for package: com.onda.app, install ID: 02bdfa73-cfeb-42dc-bbfc-ad481b9df225
11-18 00:07:05.525 22721 22804 I Finsky  : [208] VerifyApps: Putting package com.onda.app in ECM mode succeeded
11-18 00:07:05.527  1643  1643 I AppsFilter: interaction: PackageSetting{de86b81 com.onda.life/10336} -> PackageSetting{37d4426 com.onda.app/10407} BLOCKED
11-18 00:07:05.532  6676 18889 I ProximityAuth: [RecentAppsMediator] Package added: (user=UserHandle{0}) com.onda.app
11-18 00:07:05.536  2878  2878 D CarrierSvcBindHelper: onPackageModified: com.onda.app
11-18 00:07:05.536  1643  2740 D ShortcutService: changing package: com.onda.app userId0
11-18 00:07:05.539  1643  2717 I AppWidgetServiceImpl: Received broadcast: android.intent.action.PACKAGE_CHANGED, Updates all providers with com.onda.app, userId: 0
11-18 00:07:05.545  1643  2879 I Pageboost: add app to global @ runtime: com.onda.app
11-18 00:07:05.557  2878  3125 D ImsResolver: maybeAddedImsService, packageName: com.onda.app
11-18 00:07:05.570 12949 16441 I DWBg    : onPackageAdded Already Exist : com.onda.app
11-18 00:07:05.582  1643  2093 D MARsPolicyManager: new Package : com.onda.app, SCPMTarget : false
11-18 00:07:05.587  2913  3135 D PluginActionManager: queryPkg com.onda.app com.android.systemui.action.PLUGIN_SENSOR_MANAGER
11-18 00:07:05.587  2913  3135 D PluginActionManager: queryPkg com.onda.app com.android.systemui.action.PLUGIN_OVERLAY
11-18 00:07:05.588  2913  3135 D PluginActionManager: queryPkg com.onda.app com.android.systemui.action.PLUGIN_VOLUME
