11-17 23:53:01.073  1336  1336 I SurfaceFlinger: [com.onda.app/com.onda.app.MainActivity$_15752#20536] setFrameRateCategory: NoPreference
11-17 23:53:04.780   806   806 D io_stats: !@ Write_top(KB): kworker/u16:3(12096) 636 com.onda.app(15752) 264
11-17 23:53:08.784   806   806 D io_stats: !@ Write_top(KB): kworker/u16:3(12096) 172 com.onda.app(15752) 56 .gms.persistent(6676) 24
11-17 23:53:12.787   806   806 D io_stats: !@ Write_top(KB): com.onda.app(15752) 12
11-17 23:53:16.285  5010  5016 W gle.android.gms: ApkAssets: Deleting an ApkAssets object '<empty> and /data/app/~~3IYAXx9Bc4mUSKccOb8VKg==/com.onda.app-sZc7rPqSvhl3UdAPnT_tPQ==/base.apk' with 1 weak references
11-17 23:53:17.627  1336  3076 I SurfaceFlinger: id=20541 Removed Surface(name=2fce272 com.onda.app/com.onda.app.MainActivity)/@0x36e3746 - animation-leash of starting_reveal#20541 (145)
11-17 23:53:17.632  1336  1336 I SurfaceFlinger: destroyed Surface(name=2fce272 com.onda.app/com.onda.app.MainActivity)/@0x36e3746 - animation-leash of starting_reveal#20541
11-17 23:53:17.633  1336  1336 I Layer   : id=20541 Destroyed Surface(name=2fce272 com.onda.app/com.onda.app.MainActivity)/@0x36e3746 - animation-leash of starting_reveal#20541
11-17 23:53:17.637  1336  3781 I SurfaceFlinger: id=20491 Removed Surface(name=c775ef7 com.onda.app/com.onda.app.MainActivity)/@0x18578df - animation-leash of starting_reveal#20491 (144)
11-17 23:53:17.640  1336  1336 I SurfaceFlinger: destroyed Surface(name=c775ef7 com.onda.app/com.onda.app.MainActivity)/@0x18578df - animation-leash of starting_reveal#20491
11-17 23:53:17.640  1336  1336 I Layer   : id=20491 Destroyed Surface(name=c775ef7 com.onda.app/com.onda.app.MainActivity)/@0x18578df - animation-leash of starting_reveal#20491
11-17 23:53:43.092  1643  2684 D MdnieScenarioControlService:  packageName : com.onda.app    className : com.onda.app.MainActivity
11-17 23:53:46.715  1643  2684 D MdnieScenarioControlService:  packageName : com.onda.app    className : com.onda.app.MainActivity
11-17 23:54:40.878   806   806 D io_stats: !@ Read_top(KB): com.onda.app(15752) 24
11-17 23:54:58.018  1336  1481 D RenderEngine: [SEC_SF_EFFECTS] drawLayersInternal,1299, Rendering layer com.onda.app/com.onda.app.MainActivity$_15752#20536 at index 1
11-17 23:54:58.409  1336  1481 D RenderEngine: [SEC_SF_EFFECTS] drawLayersInternal,1299, Rendering layer com.onda.app/com.onda.app.MainActivity$_15752#20536 at index 1
11-17 23:54:58.418  1643  2103 D ActivityTaskManager: scheduleTopResumedActivityChanged, onTop=false, r=ActivityRecord{ef5804a u0 com.onda.app/.MainActivity t1407}, caller=com.android.server.wm.ActivityTaskSupervisor.scheduleTopResumedActivityStateLossIfNeeded:11 com.android.server.wm.ActivityTaskSupervisor.updateTopResumedActivityIfNeeded:19 com.android.server.wm.TaskFragment.setResumedActivity:29 com.android.server.wm.ActivityRecord.setState:95 com.android.server.wm.TaskFragment.startPausing$1:210 com.android.server.wm.Task$$ExternalSyntheticLambda3.accept:271
11-17 23:54:58.421  1643  5932 D WindowManager: Changing focus from Window{2fce272 u0 com.onda.app/com.onda.app.MainActivity} to null displayId=0 Callers=com.android.server.wm.ActivityRecord.commitVisibility:204 com.android.server.wm.ActivityRecord.setVisibility:586 com.android.server.wm.ActivityRecord.makeInvisible:39 com.android.server.wm.EnsureActivitiesVisibleHelper.process:637
11-17 23:54:58.422  1643  5932 V WindowManager: Setting visibility of Window{2fce272 u0 com.onda.app/com.onda.app.MainActivity}: false, caller=com.android.server.wm.WindowContainer.sendAppVisibilityToClients:19 com.android.server.wm.WindowToken.setClientVisible:49 com.android.server.wm.ActivityRecord.setClientVisible:8 com.android.server.wm.ActivityRecord.commitVisibility:273 com.android.server.wm.ActivityRecord.setVisibility:586
11-17 23:54:58.428  1643  2024 W ProcessStats: Tracking association SourceState{436b7fb com.onda.app/10406 Top #183748} whose proc state 1 is better than process ProcessState{9bf2fef com.google.android.webview:sandboxed_process0:org.chromium.content.app.SandboxedProcessService0:0/10406 pkg=com.onda.app} proc state 2 (3 skipped)
11-17 23:54:58.429  1643  2024 D SGM:FgCheckThread: notePauseComponent(), received pkgName: com.onda.app, userId: 0
11-17 23:54:58.429  1643  2024 D SGM:FgCheckThread: notePauseComponent(), received pkgName: com.onda.app, userId: 0
11-17 23:54:58.429  1643  2024 D SGM:FgCheckThread: notifyFocusInOut(). of pkg: com.onda.app, type: 20, isSecGameFamily: false, userId: 0
11-17 23:54:58.430  1643  2024 D SGM:GameManager: identifyGamePackage. com.onda.app, mCurrentUserId: 0, callerUserId: 0, callingMethodInfo: com.samsung.android.game.SemGameManager.isGamePackage(SemGameManager.java:105)
11-17 23:54:58.430  1643  2024 D SGM:SemGameManager: isGamePackage(), pkgName=com.onda.app, ret=false
11-17 23:54:58.440  1336  1336 I SurfaceFlinger: Layer [com.onda.app/com.onda.app.MainActivity$_15752#20536] hidden!! flag(1)
11-17 23:54:58.440  1336  1336 I SurfaceFlinger: Layer [ActivityRecord{ef5804a u0 com.onda.app/.MainActivity t1407}#20527] hidden!! flag(1)
11-17 23:54:58.445  1643  3303 D InputDispatcher: Focus left window (0): 2fce272 com.onda.app/com.onda.app.MainActivity
11-17 23:54:58.469  1643  5932 V WindowManager: Relayout Window{2fce272 u0 com.onda.app/com.onda.app.MainActivity}: viewVisibility=8 req=1080x2340 ty=1 d0
11-17 23:54:58.492 15752 15752 D VRI[MainActivity]@4c6913e: WindowStopped on com.onda.app/com.onda.app.MainActivity set to true
11-17 23:54:58.520  1643  3303 V WindowManager: Relayout Window{2fce272 u0 com.onda.app/com.onda.app.MainActivity}: viewVisibility=8 req=1080x2340 ty=1 d0
11-17 23:54:58.524  1643  2024 D SGM:FgCheckThread: getForegroundApp(), foregroundPkgName=com.onda.app
11-17 23:54:58.525  1643  2024 D SGM:FgCheckThread: pkgName: com.onda.app is not in foreground
11-17 23:54:58.525  1643  5932 E WindowManager: win=Window{2fce272 u0 com.onda.app/com.onda.app.MainActivity} destroySurfaces: appStopped=true cleanupOnResume=false win.mWindowRemovalAllowed=false win.mRemoveOnExit=false win.mViewVisibility=8 caller=com.android.server.wm.ActivityRecord.destroySurfaces:25 com.android.server.wm.ActivityRecord.activityStopped:204 com.android.server.wm.ActivityClientController.activityStopped:95 android.app.IActivityClientController$Stub.onTransact:722 com.android.server.wm.ActivityClientController.onTransact:1 android.os.Binder.execTransactInternal:1541 android.os.Binder.execTransact:1480
11-17 23:54:58.525  1643  5932 I WindowManager: Destroying surface Surface(name=com.onda.app/com.onda.app.MainActivity$_15752)/@0x32824de called by com.android.server.wm.WindowStateAnimator.destroySurface:11 com.android.server.wm.WindowStateAnimator.destroySurfaceLocked:54 com.android.server.wm.WindowState.destroySurfaceUnchecked:5 com.android.server.wm.WindowState.destroySurface:126 com.android.server.wm.ActivityRecord.destroySurfaces:25 com.android.server.wm.ActivityRecord.activityStopped:204 com.android.server.wm.ActivityClientController.activityStopped:95 android.app.IActivityClientController$Stub.onTransact:722
11-17 23:54:58.638  1336  1336 I SurfaceFlinger: [LayerHierarchy{RequestedLayerState{com.onda.app/com.onda.app.MainActivity$_15752#20536} no children}] reparent to OffscreenRoot
11-17 23:54:58.638  1336  1336 I SurfaceFlinger: [LayerHierarchy{RequestedLayerState{com.onda.app/com.onda.app.MainActivity$_15752#20536} no children}] RelativeParent to null
11-17 23:54:58.642  1336  1336 I SurfaceFlinger: id=20536 Removed com.onda.app/com.onda.app.MainActivity$_15752#20536 (136)
11-17 23:54:58.647  1336  1336 I SurfaceFlinger: destroyed com.onda.app/com.onda.app.MainActivity$_15752#20536
11-17 23:54:58.649  1336  1336 I Layer   : id=20536 Destroyed com.onda.app/com.onda.app.MainActivity$_15752#20536
11-17 23:54:58.815  1643  1643 I ImeTracker: com.onda.app:5d6950: onRequestHide at ORIGIN_SERVER reason HIDE_SCREEN_OFF_SECURE_LOCK_SCREEN_STATE fromUser false
11-17 23:54:58.815  1643  1643 I ImeTracker: com.onda.app:5d6950: onCancelled at PHASE_SERVER_SHOULD_HIDE
11-17 23:55:12.483  1643  5940 W ProcessStats: Tracking association SourceState{436b7fb com.onda.app/10406 Top #183806} whose proc state 1 is better than process ProcessState{9bf2fef com.google.android.webview:sandboxed_process0:org.chromium.content.app.SandboxedProcessService0:0/10406 pkg=com.onda.app} proc state 2 (3 skipped)
11-17 23:55:28.830  1643  5430 W ProcessStats: Tracking association SourceState{436b7fb com.onda.app/10406 Top #183814} whose proc state 1 is better than process ProcessState{9bf2fef com.google.android.webview:sandboxed_process0:org.chromium.content.app.SandboxedProcessService0:0/10406 pkg=com.onda.app} proc state 2 (1 skipped)
11-17 23:55:39.421  1643  2551 W ProcessStats: Tracking association SourceState{436b7fb com.onda.app/10406 Top #183831} whose proc state 1 is better than process ProcessState{9bf2fef com.google.android.webview:sandboxed_process0:org.chromium.content.app.SandboxedProcessService0:0/10406 pkg=com.onda.app} proc state 2 (5 skipped)
11-17 23:55:59.563  1643  2092 D FreecessController: FZ : com.onda.app(10406) [15752] reason: LEV
11-17 23:56:24.641  6676  6685 W .gms.persistent: ApkAssets: Deleting an ApkAssets object '<empty> and /data/app/~~3IYAXx9Bc4mUSKccOb8VKg==/com.onda.app-sZc7rPqSvhl3UdAPnT_tPQ==/base.apk' with 1 weak references
11-17 23:56:44.181  1643  2057 W ProcessStats: Tracking association SourceState{436b7fb com.onda.app/10406 Top #183833} whose proc state 1 is better than process ProcessState{9bf2fef com.google.android.webview:sandboxed_process0:org.chromium.content.app.SandboxedProcessService0:0/10406 pkg=com.onda.app} proc state 2 (0 skipped)
11-17 23:56:54.198  1643  2551 W ProcessStats: Tracking association SourceState{436b7fb com.onda.app/10406 Top #183838} whose proc state 1 is better than process ProcessState{9bf2fef com.google.android.webview:sandboxed_process0:org.chromium.content.app.SandboxedProcessService0:0/10406 pkg=com.onda.app} proc state 2 (0 skipped)
11-17 23:59:46.154  1643  5937 D SGM:GameManager: identifyForegroundApp. com.onda.app, mCurrentUserId: 0, callerUserId: 0
11-17 23:59:47.083  1643  5753 W ProcessStats: Tracking association SourceState{436b7fb com.onda.app/10406 Top #183868} whose proc state 1 is better than process ProcessState{9bf2fef com.google.android.webview:sandboxed_process0:org.chromium.content.app.SandboxedProcessService0:0/10406 pkg=com.onda.app} proc state 2 (0 skipped)
11-17 23:59:47.554  1643  5937 D SGM:GameManager: identifyForegroundApp. com.onda.app, mCurrentUserId: 0, callerUserId: 0
11-17 23:59:47.635  1643  5937 D SGM:GameManager: identifyForegroundApp. com.onda.app, mCurrentUserId: 0, callerUserId: 0
11-17 23:59:48.136  1643  5937 D SGM:GameManager: identifyForegroundApp. com.onda.app, mCurrentUserId: 0, callerUserId: 0
11-17 23:59:57.368  1643  2551 W ProcessStats: Tracking association SourceState{436b7fb com.onda.app/10406 Top #183923} whose proc state 1 is better than process ProcessState{9bf2fef com.google.android.webview:sandboxed_process0:org.chromium.content.app.SandboxedProcessService0:0/10406 pkg=com.onda.app} proc state 2 (3 skipped)
11-18 00:00:00.127  1643  1776 D SGM:GameManager: identifyForegroundApp. com.onda.app, mCurrentUserId: 0, callerUserId: 0
11-18 00:00:10.094  1643  2551 W ProcessStats: Tracking association SourceState{436b7fb com.onda.app/10406 Top #184009} whose proc state 1 is better than process ProcessState{9bf2fef com.google.android.webview:sandboxed_process0:org.chromium.content.app.SandboxedProcessService0:0/10406 pkg=com.onda.app} proc state 2 (4 skipped)
11-18 00:00:44.815  1643  5937 W ProcessStats: Tracking association SourceState{436b7fb com.onda.app/10406 Top #184077} whose proc state 1 is better than process ProcessState{9bf2fef com.google.android.webview:sandboxed_process0:org.chromium.content.app.SandboxedProcessService0:0/10406 pkg=com.onda.app} proc state 2 (1 skipped)
11-18 00:01:04.829  1643  2551 W ProcessStats: Tracking association SourceState{436b7fb com.onda.app/10406 Top #184158} whose proc state 1 is better than process ProcessState{9bf2fef com.google.android.webview:sandboxed_process0:org.chromium.content.app.SandboxedProcessService0:0/10406 pkg=com.onda.app} proc state 2 (3 skipped)
11-18 00:03:47.263  1643  5928 W ProcessStats: Tracking association SourceState{436b7fb com.onda.app/10406 Top #184193} whose proc state 1 is better than process ProcessState{9bf2fef com.google.android.webview:sandboxed_process0:org.chromium.content.app.SandboxedProcessService0:0/10406 pkg=com.onda.app} proc state 2 (0 skipped)
11-18 00:04:07.270  1643  2551 W ProcessStats: Tracking association SourceState{436b7fb com.onda.app/10406 Top #184223} whose proc state 1 is better than process ProcessState{9bf2fef com.google.android.webview:sandboxed_process0:org.chromium.content.app.SandboxedProcessService0:0/10406 pkg=com.onda.app} proc state 2 (0 skipped)
11-18 00:04:15.644  1643  5928 D SGM:GameManager: identifyForegroundApp. com.onda.app, mCurrentUserId: 0, callerUserId: 0
11-18 00:04:17.911  1643  5937 W ProcessStats: Tracking association SourceState{436b7fb com.onda.app/10406 Top #184243} whose proc state 1 is better than process ProcessState{9bf2fef com.google.android.webview:sandboxed_process0:org.chromium.content.app.SandboxedProcessService0:0/10406 pkg=com.onda.app} proc state 2 (1 skipped)
11-18 00:05:02.532  1643  1643 W ProcessStats: Tracking association SourceState{436b7fb com.onda.app/10406 Top #184249} whose proc state 1 is better than process ProcessState{9bf2fef com.google.android.webview:sandboxed_process0:org.chromium.content.app.SandboxedProcessService0:0/10406 pkg=com.onda.app} proc state 2 (0 skipped)
11-18 00:05:02.559  1643  3134 D FreecessController: UFZ : com.onda.app(10406) [15752] reason: CancelPolicy
11-18 00:05:02.560  1643  3134 V WindowManager: Collecting in transition 1513: ActivityRecord{ef5804a u0 com.onda.app/.MainActivity t1407}, caller=com.android.server.wm.TransitionController.collect:7 com.android.server.wm.ActivityRecord.setVisibility:189 com.android.server.wm.TaskFragment.resumeTopActivity:1735 com.android.server.wm.Task.resumeTopActivityInnerLocked:98 com.android.server.wm.Task.resumeTopActivityUncheckedLocked:23
11-18 00:05:02.560  1643  3134 D WindowManager: prepareSync <SYNC_STATE_WAITING_FOR_DRAW>, mPrepareSyncSeqId=0, win=Window{2fce272 u0 com.onda.app/com.onda.app.MainActivity}
11-18 00:05:02.560  1643  3134 V WindowManager: Setting visibility of Window{2fce272 u0 com.onda.app/com.onda.app.MainActivity}: true, caller=com.android.server.wm.WindowContainer.sendAppVisibilityToClients:19 com.android.server.wm.WindowToken.setClientVisible:49 com.android.server.wm.ActivityRecord.setVisibility:392 com.android.server.wm.TaskFragment.resumeTopActivity:1735 com.android.server.wm.Task.resumeTopActivityInnerLocked:98
11-18 00:05:02.560  1643  3134 D ActivityTaskManager: scheduleTopResumedActivityChanged, onTop=true, r=ActivityRecord{ef5804a u0 com.onda.app/.MainActivity t1407}, caller=com.android.server.wm.ActivityTaskSupervisor.updateTopResumedActivityIfNeeded:62 com.android.server.wm.TaskFragment.setResumedActivity:29 com.android.server.wm.ActivityRecord.setState:104 com.android.server.wm.TaskFragment.resumeTopActivity:1817 com.android.server.wm.Task.resumeTopActivityInnerLocked:98 com.android.server.wm.Task.resumeTopActivityUncheckedLocked:23
11-18 00:05:02.564  5228 22516 I SDHMS:l : handleResumeComponent : put = com.onda.app, userid = 0 instanceid =219371286
11-18 00:05:02.575  1643  3134 D WindowManager: rotationForOrientation, orientationSource=ActivityRecord{ef5804a u0 com.onda.app/.MainActivity t1407}
11-18 00:05:02.576  1643  3134 D WindowManagerServiceExt: updateTaskbarTargetIfNeeded: cn=ComponentInfo{com.onda.app/com.onda.app.MainActivity} occludesParent=true isInSplitScreenMode=false styleFloating=false
11-18 00:05:02.577  1643  3134 V WindowManager: Add starting ActivityRecord{ef5804a u0 com.onda.app/.MainActivity t1407}: startingData=SnapshotStartingData{f8b5fba waitForSyncTransactionCommit=false removeAfterTransaction= 0}
11-18 00:05:02.577  1643  3134 V WindowManager: Added starting ActivityRecord{ef5804a u0 com.onda.app/.MainActivity t1407}: startingWindow=null startingView=com.android.server.wm.StartingSurfaceController$StartingSurface@95e9e6b
11-18 00:05:02.580  1643  2025 D BLASTSyncEngine: SyncGroup 1513:  Unfinished container: ActivityRecord{ef5804a u0 com.onda.app/.MainActivity t1407} mSyncState=2
11-18 00:05:02.580  1643  2024 D SGM:FgCheckThread: noteResumeComponent(), received pkgName: com.onda.app, userId: 0
11-18 00:05:02.580  1643  2612 D SGM:FgCheckThread: onLooperPrepared(), msg: MSG_APP_RESUME, pkgName: com.onda.app, userid: 0
11-18 00:05:02.591  3422  3422 I HoneySpace.EdgePanel.EdgeContainerViewModel: cocktailHostRepository.edgePanelOperation NoteResumeComponent(componentName=ComponentInfo{com.onda.app/com.onda.app.MainActivity})
11-18 00:05:02.593  3422 12392 I HoneySpace.EdgePanel.ActivityUtils: HomePackage : com.sec.android.app.launcher, resumePackageName : com.onda.app
11-18 00:05:02.594  1643  5940 V WindowManager: addWindow: ActivityRecord{ef5804a u0 com.onda.app/.MainActivity t1407} startingWindow=Window{f6e74 u0 SnapshotStartingWindow for taskId=1407}
11-18 00:05:02.594  1336  1336 I SurfaceFlinger: [f6e74 SnapshotStartingWindow for taskId=1407#20567] attach to parent LayerHierarchy{RequestedLayerState{ActivityRecord{ef5804a u0 com.onda.app/.MainActivity t1407}#20527 parentId=20526} 4 children}
11-18 00:05:02.598  1643  3134 D BLASTSyncEngine: SyncGroup 1513:  Unfinished container: ActivityRecord{ef5804a u0 com.onda.app/.MainActivity t1407} mSyncState=2
11-18 00:05:02.612  1643  5940 D BLASTSyncEngine: SyncGroup 1513:  Unfinished container: ActivityRecord{ef5804a u0 com.onda.app/.MainActivity t1407} mSyncState=2
11-18 00:05:02.626  1643  2612 D SGM:FgCheckThread: handleLcdOn(). getPkgName: com.onda.app, getUserId: 0
11-18 00:05:02.626  1643  2021 D BLASTSyncEngine: SyncGroup 1513:  Unfinished container: ActivityRecord{ef5804a u0 com.onda.app/.MainActivity t1407} mSyncState=2
11-18 00:05:02.629  1643  5938 V WindowManager: Start calculating TransitionInfo based on participants: {ActivityRecord{ef5804a u0 com.onda.app/.MainActivity t1407}}
11-18 00:05:02.629  1643  5938 V WindowManager:   Final targets: [Task{8f03431 #1407 type=standard A=10406:com.onda.app}, DefaultTaskDisplayArea_d0@220808832]
11-18 00:05:02.632  1643  5938 I SurfaceControlRegistry: show, t=StartTransaction_SyncId<1513> sc=ActivityRecord{ef5804a u0 com.onda.app/.MainActivity t1407}, caller=android.view.SurfaceControl$Transaction.show:3232 com.android.server.wm.Transition.onTransactionReady:2273 com.android.server.wm.BLASTSyncEngine$SyncGroup.finishNow:195 com.android.server.wm.BLASTSyncEngine.onSurfacePlacement:269 com.android.server.wm.RootWindowContainer.performSurfacePlacementNoTrace:471 com.android.server.wm.RootWindowContainer.performSurfacePlacement:9
11-18 00:05:02.632  1643  5938 V WindowManager:         {WCT{RemoteToken{3f8539b Task{8f03431 #1407 type=standard A=10406:com.onda.app}}} m=TO_FRONT f=NONE p=WCT{RemoteToken{c81c7a4 DefaultTaskDisplayArea_d0@220808832}} leash=Surface(name=Task=1407)/@0xbbdae95 sb=Rect(0, 0 - 1080, 2340) eb=Rect(0, 0 - 1080, 2340) d=0 taskParent=-1 inset=Rect(0, 99 - 0, 144)},
11-18 00:05:02.633  1643  2020 V WindowManager:         {WCT{RemoteToken{3f8539b Task{8f03431 #1407 type=standard A=10406:com.onda.app}}} m=TO_FRONT f=NONE p=WCT{RemoteToken{c81c7a4 DefaultTaskDisplayArea_d0@220808832}} leash=Surface(name=Task=1407)/@0xbbdae95 sb=Rect(0, 0 - 1080, 2340) eb=Rect(0, 0 - 1080, 2340) d=0 taskParent=-1 inset=Rect(0, 99 - 0, 144)},
11-18 00:05:02.633  1643  5938 D InsetsSourceProvider: updateFakeControlTarget: fakeControl=InsetsSourceControl: {60080000 mType=statusBars mSurfacePosition=Point(0, 0) mInsetsHint=Insets{left=0, top=0, right=0, bottom=0}}, fakeTarget=Window{2fce272 u0 com.onda.app/com.onda.app.MainActivity}
11-18 00:05:02.633  1643  5938 D InsetsSourceProvider: updateFakeControlTarget: fakeControl=InsetsSourceControl: {26710001 mType=navigationBars mSurfacePosition=Point(0, 0) mInsetsHint=Insets{left=0, top=0, right=0, bottom=0}}, fakeTarget=Window{2fce272 u0 com.onda.app/com.onda.app.MainActivity}
11-18 00:05:02.634 15752 15752 D VRI[MainActivity]@4c6913e: WindowStopped on com.onda.app/com.onda.app.MainActivity set to false
11-18 00:05:02.648  1643  5938 V WindowManager: Relayout Window{2fce272 u0 com.onda.app/com.onda.app.MainActivity}: viewVisibility=0 req=1080x2340 ty=1 d0
11-18 00:05:02.649  1336  3104 I SurfaceFlinger: id=20571 createSurf, flag=44004, com.onda.app/com.onda.app.MainActivity$_15752#20571
11-18 00:05:02.650  1643  5938 D WindowManager: makeSurface duration=2 name=com.onda.app/com.onda.app.MainActivity$_15752
11-18 00:05:02.652 15752 15752 I InsetsController: onStateChanged: host=com.onda.app/com.onda.app.MainActivity, from=android.view.ViewRootImpl.relayoutWindow:11304, state=InsetsState: {mDisplayFrame=Rect(0, 0 - 1080, 2340), mDisplayCutout=DisplayCutout{insets=Rect(0, 99 - 0, 0) waterfall=Insets{left=0, top=0, right=0, bottom=0} boundingRect={Bounds=[Rect(0, 0 - 0, 0), Rect(505, 0 - 575, 99), Rect(0, 0 - 0, 0), Rect(0, 0 - 0, 0)]} cutoutPathParserInfo={CutoutPathParserInfo{displayWidth=1080 displayHeight=2340 physicalDisplayWidth=1080 physicalDisplayHeight=2340 density={3.0} cutoutSpec={M 0,0 M 0,29 a 35,35 0 1,0 0,70 a 35,35 0 1,0 0,-70 Z} rotation={0} scale={1.0} physicalPixelDisplaySizeRatio={1.0}}} sideOverrides={}}, mRoundedCorners=RoundedCorners{[RoundedCorner{position=TopLeft, radius=108, center=Point(108, 108)}, RoundedCorner{position=TopRight, radius=108, center=Point(972, 108)}, RoundedCorner{position=BottomRight, radius=108, center=Point(972, 2232)}, RoundedCorner{position=BottomLeft, radius=108, center=Point(108, 2232)}]}  mRoundedCornerFrame=Rect(0, 0 - 1080, 2340), mPrivacyIndicatorBounds=PrivacyIndicatorBounds {static bounds=Rect(948, 0 - 1080, 99) rotation=0}, mDisplayShape=DisplayShape{ spec=-311912193 displayWidth=1080 displayHeight=2340 physicalPixelDisplaySizeRatio=1.0 rotation=0 offsetX=0 offsetY=0 scale=1.0}, mSources= { InsetsSource: {3 mType=ime mFrame=[0,0][0,0] mVisible=false mFlags= mSideHint=NONE mBoundingRects=null}, InsetsSource: {27 mType=displayCutout mFrame=[0,0][1080,99] mVisible=true mFlags= mSideHint=TOP mBoundingRects=null}, InsetsSource: {26710001 mType=navigationBars mFrame=[0,2196][1080,2340] mVisible=false mFlags= mSideHint=BOTTOM mBoundingRects=null}, InsetsSource: {26710004 mType=systemGestures mFrame=[0,0][0,0] mVisible=true mFlags= mSideHint=NONE mBoundingRects=null}, InsetsSource: {26710005 mType=mandatorySystemGestures mFrame=[0,2196][1080,2340] mVisible=true mFlags= mSideHint=BOTTOM mBoundingRects=null}, InsetsSource: {26710006 mType=tappableElement mFrame=[0,2196][1080,2340] mVisible=true mFlags= mSideHint=BOTTOM mBoundingRects=null}, InsetsSource: {26710024 mType=systemGestures mFrame=[0,0][0,0] mVisible=true mFlags= mSideHint=NONE mBoundingRects=null}, InsetsSource: {60080000 mType=statusBars mFrame=[0,0][1080,99] mVisible=true mFlags= mSideHint=TOP mBoundingRects=null}, InsetsSource: {60080005 mType=mandatorySystemGestures mFrame=[0,0][1080,135] mVisible=true mFlags= mSideHint=TOP mBoundingRects=null}, InsetsSource: {60080006 mType=tappableElement mFrame=[0,0][1080,99] mVisible=true mFlags= mSideHint=TOP mBoundingRects=null} }
11-18 00:05:02.678  1336  1336 I SurfaceFlinger: Layer [ActivityRecord{ef5804a u0 com.onda.app/.MainActivity t1407}#20527] hidden!! flag(0)
11-18 00:05:02.678  1336  1336 I SurfaceFlinger: [com.onda.app/com.onda.app.MainActivity$_15752#20571] attach to parent LayerHierarchy{RequestedLayerState{2fce272 com.onda.app/com.onda.app.MainActivity#20535 parentId=20527} 1 children}
11-18 00:05:02.687  1336  3104 I SurfaceFlinger: [com.onda.app/com.onda.app.MainActivity$_15752#20571] setTransactionState with the first frame. bufferData(ID: 67654324846596, frameNumber: 1)
11-18 00:05:02.689  1643  5940 D WindowManager: finishDrawingWindow: Window{2fce272 u0 com.onda.app/com.onda.app.MainActivity} mDrawState=DRAW_PENDING seqId=0
11-18 00:05:02.690  1643  2025 V WindowManager: Finish starting ActivityRecord{ef5804a u0 com.onda.app/.MainActivity t1407}: first real window is shown, no animation
11-18 00:05:02.690 15752 15752 I InsetsController: onStateChanged: host=com.onda.app/com.onda.app.MainActivity, from=android.view.ViewRootImpl.handleInsetsControlChanged:2888, state=InsetsState: {mDisplayFrame=Rect(0, 0 - 1080, 2340), mDisplayCutout=DisplayCutout{insets=Rect(0, 99 - 0, 0) waterfall=Insets{left=0, top=0, right=0, bottom=0} boundingRect={Bounds=[Rect(0, 0 - 0, 0), Rect(505, 0 - 575, 99), Rect(0, 0 - 0, 0), Rect(0, 0 - 0, 0)]} cutoutPathParserInfo={CutoutPathParserInfo{displayWidth=1080 displayHeight=2340 physicalDisplayWidth=1080 physicalDisplayHeight=2340 density={3.0} cutoutSpec={M 0,0 M 0,29 a 35,35 0 1,0 0,70 a 35,35 0 1,0 0,-70 Z} rotation={0} scale={1.0} physicalPixelDisplaySizeRatio={1.0}}} sideOverrides={}}, mRoundedCorners=RoundedCorners{[RoundedCorner{position=TopLeft, radius=108, center=Point(108, 108)}, RoundedCorner{position=TopRight, radius=108, center=Point(972, 108)}, RoundedCorner{position=BottomRight, radius=108, center=Point(972, 2232)}, RoundedCorner{position=BottomLeft, radius=108, center=Point(108, 2232)}]}  mRoundedCornerFrame=Rect(0, 0 - 1080, 2340), mPrivacyIndicatorBounds=PrivacyIndicatorBounds {static bounds=Rect(948, 0 - 1080, 99) rotation=0}, mDisplayShape=DisplayShape{ spec=-311912193 displayWidth=1080 displayHeight=2340 physicalPixelDisplaySizeRatio=1.0 rotation=0 offsetX=0 offsetY=0 scale=1.0}, mSources= { InsetsSource: {3 mType=ime mFrame=[0,0][0,0] mVisible=false mFlags= mSideHint=NONE mBoundingRects=null}, InsetsSource: {27 mType=displayCutout mFrame=[0,0][1080,99] mVisible=true mFlags= mSideHint=TOP mBoundingRects=null}, InsetsSource: {26710001 mType=navigationBars mFrame=[0,2196][1080,2340] mVisible=false mFlags= mSideHint=BOTTOM mBoundingRects=null}, InsetsSource: {26710004 mType=systemGestures mFrame=[0,0][0,0] mVisible=true mFlags= mSideHint=NONE mBoundingRects=null}, InsetsSource: {26710005 mType=mandatorySystemGestures mFrame=[0,2196][1080,2340] mVisible=true mFlags= mSideHint=BOTTOM mBoundingRects=null}, InsetsSource: {26710006 mType=tappableElement mFrame=[0,2196][1080,2340] mVisible=true mFlags= mSideHint=BOTTOM mBoundingRects=null}, InsetsSource: {26710024 mType=systemGestures mFrame=[0,0][0,0] mVisible=true mFlags= mSideHint=NONE mBoundingRects=null}, InsetsSource: {60080000 mType=statusBars mFrame=[0,0][1080,99] mVisible=true mFlags= mSideHint=TOP mBoundingRects=null}, InsetsSource: {60080005 mType=mandatorySystemGestures mFrame=[0,0][1080,135] mVisible=true mFlags= mSideHint=TOP mBoundingRects=null}, InsetsSource: {60080006 mType=tappableElement mFrame=[0,0][1080,99] mVisible=true mFlags= mSideHint=TOP mBoundingRects=null} }
11-18 00:05:02.691  1643  2025 V WindowManager: Schedule remove starting ActivityRecord{ef5804a u0 com.onda.app/.MainActivity t1407} startingWindow=Window{f6e74 u0 SnapshotStartingWindow for taskId=1407} animate=false Callers=com.android.server.wm.ActivityRecord.removeStartingWindow:150 com.android.server.wm.WindowState.performShowLocked:147 com.android.server.wm.WindowStateAnimator.commitFinishDrawingLocked:59 com.android.server.wm.DisplayContent$$ExternalSyntheticLambda1.accept$com$android$server$wm$DisplayContent$$ExternalSyntheticLambda40:22 com.android.server.wm.DisplayContent$$ExternalSyntheticLambda1.accept:305
11-18 00:05:02.691  1643  2025 V WindowManager: performShowLocked: mDrawState=HAS_DRAWN in Window{2fce272 u0 com.onda.app/com.onda.app.MainActivity}
11-18 00:05:02.695 15752 15752 I InsetsController: onStateChanged: host=com.onda.app/com.onda.app.MainActivity, from=android.view.ViewRootImpl.handleResized:2789, state=InsetsState: {mDisplayFrame=Rect(0, 0 - 1080, 2340), mDisplayCutout=DisplayCutout{insets=Rect(0, 99 - 0, 0) waterfall=Insets{left=0, top=0, right=0, bottom=0} boundingRect={Bounds=[Rect(0, 0 - 0, 0), Rect(505, 0 - 575, 99), Rect(0, 0 - 0, 0), Rect(0, 0 - 0, 0)]} cutoutPathParserInfo={CutoutPathParserInfo{displayWidth=1080 displayHeight=2340 physicalDisplayWidth=1080 physicalDisplayHeight=2340 density={3.0} cutoutSpec={M 0,0 M 0,29 a 35,35 0 1,0 0,70 a 35,35 0 1,0 0,-70 Z} rotation={0} scale={1.0} physicalPixelDisplaySizeRatio={1.0}}} sideOverrides={}}, mRoundedCorners=RoundedCorners{[RoundedCorner{position=TopLeft, radius=108, center=Point(108, 108)}, RoundedCorner{position=TopRight, radius=108, center=Point(972, 108)}, RoundedCorner{position=BottomRight, radius=108, center=Point(972, 2232)}, RoundedCorner{position=BottomLeft, radius=108, center=Point(108, 2232)}]}  mRoundedCornerFrame=Rect(0, 0 - 1080, 2340), mPrivacyIndicatorBounds=PrivacyIndicatorBounds {static bounds=Rect(948, 0 - 1080, 99) rotation=0}, mDisplayShape=DisplayShape{ spec=-311912193 displayWidth=1080 displayHeight=2340 physicalPixelDisplaySizeRatio=1.0 rotation=0 offsetX=0 offsetY=0 scale=1.0}, mSources= { InsetsSource: {3 mType=ime mFrame=[0,0][0,0] mVisible=false mFlags= mSideHint=NONE mBoundingRects=null}, InsetsSource: {27 mType=displayCutout mFrame=[0,0][1080,99] mVisible=true mFlags= mSideHint=TOP mBoundingRects=null}, InsetsSource: {26710001 mType=navigationBars mFrame=[0,2196][1080,2340] mVisible=false mFlags= mSideHint=BOTTOM mBoundingRects=null}, InsetsSource: {26710004 mType=systemGestures mFrame=[0,0][0,0] mVisible=true mFlags= mSideHint=NONE mBoundingRects=null}, InsetsSource: {26710005 mType=mandatorySystemGestures mFrame=[0,2196][1080,2340] mVisible=true mFlags= mSideHint=BOTTOM mBoundingRects=null}, InsetsSource: {26710006 mType=tappableElement mFrame=[0,2196][1080,2340] mVisible=true mFlags= mSideHint=BOTTOM mBoundingRects=null}, InsetsSource: {26710024 mType=systemGestures mFrame=[0,0][0,0] mVisible=true mFlags= mSideHint=NONE mBoundingRects=null}, InsetsSource: {60080000 mType=statusBars mFrame=[0,0][1080,99] mVisible=true mFlags= mSideHint=TOP mBoundingRects=null}, InsetsSource: {60080005 mType=mandatorySystemGestures mFrame=[0,0][1080,135] mVisible=true mFlags= mSideHint=TOP mBoundingRects=null}, InsetsSource: {60080006 mType=tappableElement mFrame=[0,0][1080,99] mVisible=true mFlags= mSideHint=TOP mBoundingRects=null} }
11-18 00:05:02.702  1336  1336 I SurfaceFlinger: Layer [com.onda.app/com.onda.app.MainActivity$_15752#20571] hidden!! flag(0)
11-18 00:05:02.790  1643  2025 D WindowManager: updateSystemBarAttributes: displayId=0, focusedCanBeNavColorWin=false, win=Window{aa90ad4 u0 NotificationShade}, navColorWin=Window{2fce272 u0 com.onda.app/com.onda.app.MainActivity}, caller=com.android.server.wm.DisplayPolicy.finishPostLayoutPolicyLw:17 com.android.server.wm.RootWindowContainer.applySurfaceChangesTransaction$1:194 com.android.server.wm.RootWindowContainer.performSurfacePlacementNoTrace:61
11-18 00:05:02.803  1643  5753 I WindowManager: Reparenting to leash, surface=Surface(name=f6e74 SnapshotStartingWindow for taskId=1407)/@0xc2f483e, syncState=0, syncCommitDepth=0, leashParent=Surface(name=ActivityRecord{ef5804a u0 com.onda.app/.MainActivity t1407})/@0xe90d07
11-18 00:05:02.809  1643  2684 D MdnieScenarioControlService:  packageName : com.onda.app    className : com.onda.app.MainActivity
11-18 00:05:02.811  1336  1336 I SurfaceFlinger: [Surface(name=f6e74 SnapshotStartingWindow for taskId=1407)/@0xc2f483e - animation-leash of window_animation#20572] attach to parent LayerHierarchy{RequestedLayerState{ActivityRecord{ef5804a u0 com.onda.app/.MainActivity t1407}#20527 parentId=20526} 4 children}
11-18 00:05:02.834  1643  2612 D SGM:FgCheckThread:   handleUserPresent(). resume signal is needed for com.onda.app
11-18 00:05:02.836  1643  1643 D MdnieScenarioControlService:  packageName : com.onda.app    className : com.onda.app.MainActivity
11-18 00:05:02.870  1336  1336 D SurfaceFlinger:        DEVICE |   0xb4000079df937ef0 | 0001 | RGBA_8888    |    0.0    0.0 1080.0 2340.0 |    0    0 1080 2340 | com.onda.app/com.onda.app.MainActivity$_15752#20571 (4)
11-18 00:05:02.919  1643  5678 D WindowManager: Changing focus from Window{aa90ad4 u0 NotificationShade} to Window{2fce272 u0 com.onda.app/com.onda.app.MainActivity} displayId=0 Callers=com.android.server.wm.WindowManagerService.relayoutWindowInner:142 com.android.server.wm.WindowManagerService.relayoutWindow:6 com.android.server.wm.Session.relayout:27 com.android.server.wm.Session.relayoutAsync:26
11-18 00:05:02.921  1643  5678 D InsetsSourceProvider: updateControlForTarget: control=InsetsSourceControl: {60080000 mType=statusBars initiallyVisible mSurfacePosition=Point(0, 0) mInsetsHint=Insets{left=0, top=99, right=0, bottom=0}}, target=Window{2fce272 u0 com.onda.app/com.onda.app.MainActivity}, from=com.android.server.wm.InsetsStateController.onControlTargetChanged:81 com.android.server.wm.InsetsPolicy.updateBarControlTarget:175 com.android.server.wm.DisplayPolicy.updateSystemBarAttributes:281 com.android.server.wm.WindowManagerService.updateFocusedWindowLocked:375 com.android.server.wm.WindowManagerService.relayoutWindowInner:142
11-18 00:05:02.923  1643  5678 D InsetsSourceProvider: updateControlForTarget: control=InsetsSourceControl: {26710001 mType=navigationBars initiallyVisible mSurfacePosition=Point(0, 2196) mInsetsHint=Insets{left=0, top=0, right=0, bottom=144}}, target=Window{2fce272 u0 com.onda.app/com.onda.app.MainActivity}, from=com.android.server.wm.InsetsStateController.onControlTargetChanged:81 com.android.server.wm.InsetsPolicy.updateBarControlTarget:188 com.android.server.wm.DisplayPolicy.updateSystemBarAttributes:281 com.android.server.wm.WindowManagerService.updateFocusedWindowLocked:375 com.android.server.wm.WindowManagerService.relayoutWindowInner:142
11-18 00:05:02.923  1643  5678 D WindowManager: updateSystemBarAttributes: displayId=0, focusedCanBeNavColorWin=false, win=Window{2fce272 u0 com.onda.app/com.onda.app.MainActivity}, navColorWin=Window{2fce272 u0 com.onda.app/com.onda.app.MainActivity}, caller=com.android.server.wm.WindowManagerService.updateFocusedWindowLocked:375 com.android.server.wm.WindowManagerService.relayoutWindowInner:142 com.android.server.wm.WindowManagerService.relayoutWindow:6
11-18 00:05:02.923  1643  5678 V SystemKeyManager: updateFocusedWindow() is called, com.onda.app/com.onda.app.MainActivity
11-18 00:05:02.931 15752 15752 I InsetsSourceConsumer: applyRequestedVisibilityToControl: visible=true, type=statusBars, host=com.onda.app/com.onda.app.MainActivity
11-18 00:05:02.932 15752 15752 I InsetsSourceConsumer: applyRequestedVisibilityToControl: visible=true, type=navigationBars, host=com.onda.app/com.onda.app.MainActivity
11-18 00:05:02.936  1336  1336 D SurfaceFlinger:        DEVICE |   0xb4000079df937ef0 | 0001 | RGBA_8888    |    0.0    0.0 1080.0 2340.0 |    0    0 1080 2340 | com.onda.app/com.onda.app.MainActivity$_15752#20571 (4)
11-18 00:05:02.953  1336  1540 D SurfaceFlinger: [input] setFocusedWindow: 2fce272 com.onda.app/com.onda.app.MainActivity
11-18 00:05:02.957  1643  5678 D InputDispatcher: Once focus requested (0): 2fce272 com.onda.app/com.onda.app.MainActivity
11-18 00:05:02.957  1643  5678 D InputDispatcher: Focus entered window (0): 2fce272 com.onda.app/com.onda.app.MainActivity
11-18 00:05:02.961  1643  2025 I WindowManager: Reparenting to original parent: Surface(name=ActivityRecord{ef5804a u0 com.onda.app/.MainActivity t1407})/@0xe90d07, destroy=true, syncState=0, syncCommitDepth=0, surface=Surface(name=f6e74 SnapshotStartingWindow for taskId=1407)/@0xc2f483e
11-18 00:05:02.970  1336  1336 D SurfaceFlinger:        DEVICE |   0xb4000079df937ef0 | 0001 | RGBA_8888    |    0.0    0.0 1080.0 2340.0 |    0    0 1080 2340 | com.onda.app/com.onda.app.MainActivity$_15752#20571 (4)
11-18 00:05:02.972  1643  2606 I ImeTracker: com.onda.app:beab4bd8: onRequestHide at ORIGIN_SERVER reason HIDE_SAME_WINDOW_FOCUSED_WITHOUT_EDITOR fromUser false
11-18 00:05:02.973  1643  2606 I ImeTracker: com.onda.app:beab4bd8: onCancelled at PHASE_SERVER_SHOULD_HIDE
11-18 00:05:02.978  1336  1336 D SurfaceFlinger:        DEVICE |   0xb4000079df937ef0 | 0001 | RGBA_8888    |    0.0    0.0 1080.0 2340.0 |    0    0 1080 2340 | com.onda.app/com.onda.app.MainActivity$_15752#20571 (4)
11-18 00:05:02.979  1336  1336 I SurfaceFlinger: [LayerHierarchy{RequestedLayerState{ImeContainer#16 parentId=20527 relativeParentId=20535 z=1} 1 children}] RelativeParent to LayerHierarchy{RequestedLayerState{2fce272 com.onda.app/com.onda.app.MainActivity#20535 parentId=20527} 2 children}
11-18 00:05:02.980  6802  6802 I HBD     : c [AiWriter] setContact : com.onda.app
11-18 00:05:03.082  1336  1336 D SurfaceFlinger:        DEVICE |   0xb4000079df937ef0 | 0001 | RGBA_8888    |    0.0    0.0 1080.0 2340.0 |    0    0 1080 2340 | com.onda.app/com.onda.app.MainActivity$_15752#20571 (4)
11-18 00:05:03.249  1336  1336 D SurfaceFlinger:        DEVICE |   0xb4000079df937ef0 | 0001 | RGBA_8888    |    0.0    0.0 1080.0 2340.0 |    0    0 1080 2340 | com.onda.app/com.onda.app.MainActivity$_15752#20571 (4)
11-18 00:05:03.477  1643  2024 D SGM:GameManager: identifyForegroundApp. com.onda.app, mCurrentUserId: 0, callerUserId: 0
11-18 00:05:03.975  1643  3065 V WindowManager: Transition 1514: Set Task{8f03431 #1407 type=standard A=10406:com.onda.app} as transient-hidden-task, caller=com.android.server.wm.Task.forAllTasks:4 com.android.server.wm.WindowContainer.forAllTasks:2 com.android.server.wm.DisplayArea.forAllTasks:9
11-18 00:05:03.975  1643  3065 V WindowManager: Collecting in transition 1514: Task{8f03431 #1407 type=standard A=10406:com.onda.app}, caller=com.android.server.wm.Transition$$ExternalSyntheticLambda16.test:93 com.android.server.wm.Task.forAllTasks:4 com.android.server.wm.WindowContainer.forAllTasks:2 com.android.server.wm.DisplayArea.forAllTasks:9 com.android.server.wm.TransitionController.setTransientLaunch:99
11-18 00:05:03.979  1643  3065 D ActivityTaskManager: scheduleTopResumedActivityChanged, onTop=false, r=ActivityRecord{ef5804a u0 com.onda.app/.MainActivity t1407}, caller=com.android.server.wm.ActivityTaskSupervisor.scheduleTopResumedActivityStateLossIfNeeded:11 com.android.server.wm.ActivityTaskSupervisor.updateTopResumedActivityIfNeeded:19 com.android.server.wm.TaskDisplayArea.positionChildAt:270 com.android.server.wm.Task.moveToFront:443 com.android.server.wm.ActivityStartController.startExistingRecents:201 com.android.server.wm.WindowOrganizerController.applyHierarchyOp:31
11-18 00:05:04.023  1643  2025 V WindowManager: Start calculating TransitionInfo based on participants: {Task{300af38 #1171 type=recents I=com.sec.android.app.launcher/com.android.quickstep.RecentsActivity}, TransientLaunchOverlayToken{50bb239 token=android.os.BinderProxy@fe04a00}, Task{8f03431 #1407 type=standard A=10406:com.onda.app}, WallpaperWindowToken{926e278 token=android.os.Binder@36b27db}_<system>, ActivityRecord{c0d2f9b u0 com.sec.android.app.launcher/com.android.quickstep.RecentsActivity t1171}}
11-18 00:05:04.023  1643  2025 V WindowManager:   Final targets: [TransientLaunchOverlayToken{50bb239 token=android.os.BinderProxy@fe04a00}, Task{300af38 #1171 type=recents I=com.sec.android.app.launcher/com.android.quickstep.RecentsActivity}, Task{8f03431 #1407 type=standard A=10406:com.onda.app}, WallpaperWindowToken{926e278 token=android.os.Binder@36b27db}_<system>]
11-18 00:05:04.027  1643  2025 D WindowManager: setActiveRecents, recents=ActivityRecord{c0d2f9b u0 com.sec.android.app.launcher/com.android.quickstep.RecentsActivity t1171}, task=Task{8f03431 #1407 type=standard A=10406:com.onda.app}, caller=com.android.server.wm.InputMonitor.setActiveRecents:32 com.android.server.wm.Transition.handleLegacyRecentsStartBehavior:107 com.android.server.wm.Transition.onTransactionReady:2212
11-18 00:05:04.027  1643  2025 V WindowManager:         {WCT{RemoteToken{3f8539b Task{8f03431 #1407 type=standard A=10406:com.onda.app}}} m=TO_BACK f=NONE leash=Surface(name=Task=1407)/@0xbbdae95 sb=Rect(0, 0 - 1080, 2340) eb=Rect(0, 0 - 1080, 2340) d=0 taskParent=-1 inset=Rect(0, 99 - 0, 144) dim=true},
11-18 00:05:04.040  3422  3422 I HoneySpace.GestureEventController: SetGestureTaskList, SendGestureTaskList(taskList=[[#1407=com.onda.app]], initPosition=0, runningTaskId=1407, showAnimStartPosition=0, isLeashTargetCenter=true, forSimple=true)
11-18 00:05:04.040  3422  3422 I HoneySpace.GestureEventController: SetGestureTaskList, SendGestureTaskList(taskList=[[#1407=com.onda.app]], initPosition=0, runningTaskId=1407, showAnimStartPosition=0, isLeashTargetCenter=true, forSimple=false)
11-18 00:05:04.040  3422  3422 I HoneySpace.TaskListViewModel: groupTasks: [[#1407=com.onda.app]]
11-18 00:05:04.047  3422  3422 I HoneySpace.TaskAdapter: attach [position: 0], taskData size: 1, item: ComponentInfo{com.onda.app/com.onda.app.MainActivity}, animReady: 4, firstBindingComplete: 4, view: a3b89f9
11-18 00:05:04.050  3422 12392 I HoneySpace.TaskDataRepositoryImpl: Request icon and label, id=1407, iconAndLabel: IconAndLabel(icon=android.graphics.Bitmap@625cda0, label=Onda), componentKey: com.onda.app/.MainActivity#UserHandle{0}
11-18 00:05:04.052  1643  2020 V WindowManager:         {WCT{RemoteToken{3f8539b Task{8f03431 #1407 type=standard A=10406:com.onda.app}}} m=TO_BACK f=NONE leash=Surface(name=Task=1407)/@0xbbdae95 sb=Rect(0, 0 - 1080, 2340) eb=Rect(0, 0 - 1080, 2340) d=0 taskParent=-1 inset=Rect(0, 99 - 0, 144) dim=true},
11-18 00:05:04.059  3422 12392 I HoneySpace.SuggestedItemsFacade: DPS items : Onda, com.onda.app/.MainActivity#UserHandle{0}
11-18 00:05:04.060  3422 12392 I HoneySpace.FilteredItemProvider: collect filtered items o, [PK(p='com.onda.app', u=UserHandle{0})]
11-18 00:05:04.061  3422 12392 I HoneySpace.SuggestedItemsFacade: filteredItem : PK(p='com.onda.app', u=UserHandle{0})
11-18 00:05:04.061  3422 12392 I HoneySpace.SuggestedItemsFacade: item removed by filter - PK(p='com.onda.app', u=UserHandle{0})
11-18 00:05:04.081  3422  3422 I HoneySpace.TaskAdapter: attach [position: 0], taskData size: 1, item: ComponentInfo{com.onda.app/com.onda.app.MainActivity}, animReady: 4, firstBindingComplete: 4, view: 1e707ea
11-18 00:05:04.081  3422 12395 I HoneySpace.TaskDataRepositoryImpl: Request icon and label, id=1407, iconAndLabel: IconAndLabel(icon=android.graphics.Bitmap@625cda0, label=Onda), componentKey: com.onda.app/.MainActivity#UserHandle{0}
11-18 00:05:04.103  1336  1481 D RenderEngine: [SEC_SF_EFFECTS] drawLayersInternal,1299, Rendering layer com.onda.app/com.onda.app.MainActivity$_15752#20571 at index 1
11-18 00:05:04.110  1643  3065 D WindowManager: Changing focus from Window{2fce272 u0 com.onda.app/com.onda.app.MainActivity} to Window{a24f455 u0 com.sec.android.app.launcher/com.android.quickstep.RecentsActivity} displayId=0 Callers=com.android.server.wm.ActivityTaskManagerService.setLastResumedActivityUncheckLocked:264 com.android.server.wm.ActivityTaskManagerService.setFocusedTask:20 com.android.server.wm.ActivityTaskManagerService.focusTopTask:52 android.app.IActivityTaskManager$Stub.onTransact:1865
11-18 00:05:04.115  1643  3065 D WindowManager: updateSystemBarAttributes: displayId=0, focusedCanBeNavColorWin=false, win=Window{a24f455 u0 com.sec.android.app.launcher/com.android.quickstep.RecentsActivity}, navColorWin=Window{2fce272 u0 com.onda.app/com.onda.app.MainActivity}, caller=com.android.server.wm.WindowManagerService.updateFocusedWindowLocked:375 com.android.server.wm.ActivityTaskManagerService.setLastResumedActivityUncheckLocked:264 com.android.server.wm.ActivityTaskManagerService.setFocusedTask:20
11-18 00:05:04.144  1336  1336 D SurfaceFlinger:        CLIENT |   0xb4000079df937ef0 | 0001 | RGBA_8888    |    0.0   23.0 1079.0 2306.0 |    0    0 1079 2339 | com.onda.app/com.onda.app.MainActivity$_15752#20571 (4)
11-18 00:05:04.145  1643  5430 D InputDispatcher: Focus left window (0): 2fce272 com.onda.app/com.onda.app.MainActivity
11-18 00:05:04.404  1336  1481 D RenderEngine: [SEC_SF_EFFECTS] drawLayersInternal,1299, Rendering layer com.onda.app/com.onda.app.MainActivity$_15752#20571 at index 1
11-18 00:05:04.434  1336  1336 D SurfaceFlinger:        CLIENT |   0xb4000079df937ef0 | 0001 | RGBA_8888    |    1.0  100.0 1079.0 2194.0 |  199  339  881 1665 | com.onda.app/com.onda.app.MainActivity$_15752#20571 (4)
11-18 00:05:04.444  1643  1711 V WindowManager: Setting visibility of Window{2fce272 u0 com.onda.app/com.onda.app.MainActivity}: false, caller=com.android.server.wm.WindowContainer.sendAppVisibilityToClients:19 com.android.server.wm.WindowToken.setClientVisible:49 com.android.server.wm.ActivityRecord.setClientVisible:8 com.android.server.wm.ActivityRecord.commitVisibility:273 com.android.server.wm.TransitionController.finishTransition:766
11-18 00:05:04.459  1643  2025 I SurfaceControlRegistry: hide, t=syncBuffer_VRI[RecentsTransitionOverlay]@a62e43d#46_seqId<98> sc=ActivityRecord{ef5804a u0 com.onda.app/.MainActivity t1407}, caller=android.view.SurfaceControl$Transaction.hide:3258 com.android.server.wm.ActivityRecord.prepareSurfaces:66 com.android.server.wm.WindowContainer.prepareSurfaces:26 com.android.server.wm.TaskFragment.prepareSurfaces:7 com.android.server.wm.Task.prepareSurfaces:10 com.android.server.wm.WindowContainer.prepareSurfaces:26
11-18 00:05:04.459  1643  2025 I SurfaceControlRegistry: hide, t=syncBuffer_VRI[RecentsTransitionOverlay]@a62e43d#46_seqId<98> sc=com.onda.app/com.onda.app.MainActivity$_15752, caller=android.view.SurfaceControl$Transaction.hide:3258 com.android.server.wm.WindowStateAnimator.hide:56 com.android.server.wm.WindowStateAnimator.prepareSurfaceLocked:292 com.android.server.wm.WindowState.prepareSurfaces:95 com.android.server.wm.WindowContainer.prepareSurfaces:26 com.android.server.wm.ActivityRecord.prepareSurfaces:107
11-18 00:05:04.468  1336  1336 I SurfaceFlinger: Layer [com.onda.app/com.onda.app.MainActivity$_15752#20571] hidden!! flag(1)
11-18 00:05:04.468  1336  1336 I SurfaceFlinger: Layer [ActivityRecord{ef5804a u0 com.onda.app/.MainActivity t1407}#20527] hidden!! flag(1)
11-18 00:05:04.539  1643  5753 V WindowManager: Relayout Window{2fce272 u0 com.onda.app/com.onda.app.MainActivity}: viewVisibility=8 req=1080x2340 ty=1 d0
11-18 00:05:04.556 15752 15752 D VRI[MainActivity]@4c6913e: WindowStopped on com.onda.app/com.onda.app.MainActivity set to true
11-18 00:05:04.564  1643  5430 V WindowManager: Relayout Window{2fce272 u0 com.onda.app/com.onda.app.MainActivity}: viewVisibility=8 req=1080x2340 ty=1 d0
11-18 00:05:04.569  1643  5430 E WindowManager: win=Window{2fce272 u0 com.onda.app/com.onda.app.MainActivity} destroySurfaces: appStopped=true cleanupOnResume=false win.mWindowRemovalAllowed=false win.mRemoveOnExit=false win.mViewVisibility=8 caller=com.android.server.wm.ActivityRecord.destroySurfaces:25 com.android.server.wm.ActivityRecord.activityStopped:204 com.android.server.wm.ActivityClientController.activityStopped:95 android.app.IActivityClientController$Stub.onTransact:722 com.android.server.wm.ActivityClientController.onTransact:1 android.os.Binder.execTransactInternal:1541 android.os.Binder.execTransact:1480
11-18 00:05:04.569  1643  5430 I WindowManager: Destroying surface Surface(name=com.onda.app/com.onda.app.MainActivity$_15752)/@0xa7606bc called by com.android.server.wm.WindowStateAnimator.destroySurface:11 com.android.server.wm.WindowStateAnimator.destroySurfaceLocked:54 com.android.server.wm.WindowState.destroySurfaceUnchecked:5 com.android.server.wm.WindowState.destroySurface:126 com.android.server.wm.ActivityRecord.destroySurfaces:25 com.android.server.wm.ActivityRecord.activityStopped:204 com.android.server.wm.ActivityClientController.activityStopped:95 android.app.IActivityClientController$Stub.onTransact:722
11-18 00:05:04.570  1643  2024 D SGM:FgCheckThread: pkgName: com.onda.app is not in foreground
11-18 00:05:04.570  1643  2024 D SGM:FgCheckThread: noteStopComponent(), received pkgName: com.onda.app, focusedPkgName: com.sec.android.app.launcher, userId: 0
11-18 00:05:04.573  1643  2021 D PkgPredictorService-SecIpmManagerServiceImpl: bg information pid:15752 uid:10406 pkgName:com.onda.app
11-18 00:05:04.576  1336  1336 I SurfaceFlinger: [LayerHierarchy{RequestedLayerState{com.onda.app/com.onda.app.MainActivity$_15752#20571} no children}] reparent to OffscreenRoot
11-18 00:05:04.576  1336  1336 I SurfaceFlinger: [LayerHierarchy{RequestedLayerState{com.onda.app/com.onda.app.MainActivity$_15752#20571} no children}] RelativeParent to null
11-18 00:05:04.577  1336  1336 I SurfaceFlinger: id=20571 Removed com.onda.app/com.onda.app.MainActivity$_15752#20571 (133)
11-18 00:05:04.585  1336  1336 I SurfaceFlinger: destroyed com.onda.app/com.onda.app.MainActivity$_15752#20571
11-18 00:05:04.585  1336  1336 I Layer   : id=20571 Destroyed com.onda.app/com.onda.app.MainActivity$_15752#20571
11-18 00:05:05.439  1643  2024 I ActivityManager: Killing 15752:com.onda.app/u0a406 (adj 850): remove task
11-18 00:05:05.498  1643  5753 W ActivityManager: Scheduling restart of crashed service com.onda.app/org.chromium.content.app.SandboxedProcessService0:0 in 10000ms for connection
11-18 00:05:05.510  1643  3100 I WindowManager: WIN DEATH: Window{2fce272 u0 com.onda.app/com.onda.app.MainActivity}
11-18 00:05:05.510  1643  3100 W InputManager-JNI: Input channel object '2fce272 com.onda.app/com.onda.app.MainActivity (client)' was disposed without first being removed with the input manager!
