11-17 23:25:23.906  1643  5753 D SGM:FgCheckThread:   sendRunningComponentFocus(), pkgName: com.onda.app, userId: 0
11-17 23:25:23.907  1643  2612 D SGM:FgCheckThread: onLooperPrepared(), msg: MSG_TASK_FOCUSED, pkgName: com.onda.app, userId: 0
11-17 23:25:23.907  1643  2612 D SGM:FgCheckThread:   handleTaskFocused(), pkgName: com.onda.app, userID:0
11-17 23:25:23.907  1643  2612 D SGM:FgCheckThread:   handleResume(). pkgName: com.onda.app, userId: 0, category: non-game
11-17 23:25:23.907  1643  2612 D SGM:FgCheckThread: notifyFocusInOut(). of pkg: com.onda.app, type: 4, isSecGameFamily: false, userId: 0
11-17 23:25:23.909  1643  5753 D InputDispatcher: Focused application(0): ActivityRecord{814b926 u0 com.onda.app/.MainActivity t1398}
11-17 23:25:23.909  1643  5753 D ActivityTaskManager: scheduleTopResumedActivityChanged, onTop=true, r=ActivityRecord{814b926 u0 com.onda.app/.MainActivity t1398}, caller=com.android.server.wm.ActivityTaskSupervisor.updateTopResumedActivityIfNeeded:62 com.android.server.wm.TaskFragment.setResumedActivity:29 com.android.server.wm.ActivityRecord.setState:104 com.android.server.wm.ActivityTaskSupervisor.realStartActivityLocked:949 com.android.server.wm.RootWindowContainer.attachApplication:90 com.android.server.wm.ActivityTaskManagerService$LocalService.attachApplication:40
11-17 23:25:23.910  2913  2913 I {OngoingActivityDataHelper}: setBaseActivityComponentName:ComponentInfo{com.onda.app/com.onda.app.MainActivity}
11-17 23:25:23.911  1643  5753 D GraphicsStatsService: requestRenderEngineFor(com.onda.app)
11-17 23:25:23.911  9771  9771 D ActivityThread: com.onda.app will use render engine as VK
11-17 23:25:23.911  1643  2024 D SGM:FgCheckThread: noteResumeComponent(), received pkgName: com.onda.app, userId: 0
11-17 23:25:23.911  1643  2612 D SGM:FgCheckThread: onLooperPrepared(), msg: MSG_APP_RESUME, pkgName: com.onda.app, userid: 0
11-17 23:25:23.912  1643  2612 D SGM:FgCheckThread:   handleResume(). pkgName: com.onda.app, userId: 0, category: non-game
11-17 23:25:23.912  1643  2612 D SGM:FgCheckThread: notifyFocusInOut(). of pkg: com.onda.app, type: 4, isSecGameFamily: false, userId: 0
11-17 23:25:23.912  5228 14691 I SDHMS:l : handleResumeComponent : put = com.onda.app, userid = 0 instanceid =29942548
11-17 23:25:23.915  1643  2024 D SGM:GameManager: identifyGamePackage. com.onda.app, mCurrentUserId: 0, callerUserId: 0, callingMethodInfo: com.samsung.android.game.SemGameManager.isGamePackage(SemGameManager.java:105)
11-17 23:25:23.915  1643  2024 D SGM:SemGameManager: isGamePackage(), pkgName=com.onda.app, ret=false
11-17 23:25:23.920  3422  3422 I HoneySpace.EdgePanel.EdgeContainerViewModel: cocktailHostRepository.edgePanelOperation NoteResumeComponent(componentName=ComponentInfo{com.onda.app/com.onda.app.MainActivity})
11-17 23:25:23.920  3422  6891 I HoneySpace.EdgePanel.ActivityUtils: HomePackage : com.sec.android.app.launcher, resumePackageName : com.onda.app
11-17 23:25:23.921  1336  1336 D SurfaceFlinger:        CLIENT |   0xb4000079df91ab80 | 0001 | RGBA_8888    |    0.0   98.0 1080.0 1238.0 |  321  267  510  466 | Splash Screen com.onda.app$_2913#20043 (1)
11-17 23:25:23.930  9771  9771 W com.onda.app: Failed to find entry 'classes.dex': Entry not found
11-17 23:25:23.970  1643  3065 D BaseRestrictionMgr: Package: com.google.android.webview, userid: 0, hostingType: bindService is allowed by freecess, caller is: com.onda.app
11-17 23:25:23.990  1643  2058 I ActivityManager: Start proc 9835:com.google.android.webview:sandboxed_process0:org.chromium.content.app.SandboxedProcessService0:0/u0i193 for  {com.onda.app/org.chromium.content.app.SandboxedProcessService0:0}
11-17 23:25:23.990  1643  2058 I DynamicHiddenApp_BGProtectManager: check webview name : com.google.android.webview:sandboxed_process0:org.chromium.content.app.SandboxedProcessService0:0check hostingname webview : {com.onda.app/org.chromium.content.app.SandboxedProcessService0:0}
11-17 23:25:24.021  1643  2684 D MdnieScenarioControlService:  packageName : com.onda.app    className : com.onda.app.MainActivity
11-17 23:25:24.045  9771  9771 D ConnectivityManager: StackLog: [android.net.ConnectivityManager.sendRequestForNetwork(ConnectivityManager.java:4736)] [android.net.ConnectivityManager.registerDefaultNetworkCallbackForUid(ConnectivityManager.java:5461)] [android.net.ConnectivityManager.registerDefaultNetworkCallback(ConnectivityManager.java:5428)] [WV.km1.e(chromium-TrichromeWebViewGoogle6432.aab-stable-739012433:37)] [WV.km1.a(chromium-TrichromeWebViewGoogle6432.aab-stable-739012433:1)] [org.chromium.android_webview.AwContentsLifecycleNotifier.onFirstWebViewCreated(chromium-TrichromeWebViewGoogle6432.aab-stable-739012433:19)] [J.N.JJ(Native Method)] [org.chromium.android_webview.AwContents.<init>(chromium-TrichromeWebViewGoogle6432.aab-stable-739012433:619)] [com.android.webview.chromium.k.run(chromium-TrichromeWebViewGoogle6432.aab-stable-739012433:163)] [WV.d23.run(chromium-TrichromeWebViewGoogle6432.aab-stable-739012433:13)] [org.chromium.base.task.PostTask.d(chromium-TrichromeWebViewGoogle6432.aab-stable-739012433:18)] [WV.e23.a(chromium-TrichromeWebViewGoogle6432.aab-stable-739012433:18)] [com.android.webview.chromium.WebViewChromiumFactoryProvider.a(chromium-TrichromeWebViewGoogle6432.aab-stable-739012433:3)] [com.android.webview.chromium.WebViewChromium.init(chromium-TrichromeWebViewGoogle6432.aab-stable-739012433:334)] [android.webkit.WebView.<init>(WebView.java:446)] [android.webkit.WebView.<init>(WebView.java:366)] [android.webkit.WebView.<init>(WebView.java:348)] [android.webkit.WebView.<init>(WebView.java:335)] [android.webkit.WebView.<init>(WebView.java:325)] [com.onda.app.MainActivity.onCreate(Unknown Source:5)] [android.app.Activity.performCreate(Activity.java:9363)] [android.app.Activity.performCreate(Activity.java:9332)] [android.app.Instrumentation.callActivityOnCreate(Instrumentation.java:1526)] [android.app.ActivityThread.performLaunchActivity(ActivityThread.java:4436)] [android.app.ActivityThread.handleLaunchActivity(ActivityThread.java:4685)] [android.app.servertransaction.LaunchActivityItem.execute(LaunchActivityItem.java:112)] [android.app.servertransaction.TransactionExecutor.executeNonLifecycleItem(TransactionExecutor.java:174)] [android.app.servertransaction.TransactionExecutor.executeTransactionItems(TransactionExecutor.java:109)] [android.app.servertransaction.TransactionExecutor.execute(TransactionExecutor.java:81)] [android.app.ActivityThread$H.handleMessage(ActivityThread.java:2895)]
11-17 23:25:24.046  1643  3065 D ConnectivityService: requestNetwork for uid/pid:10404/9771 activeRequest: null callbackRequest: 7666 [NetworkRequest [ REQUEST id=7667, [ Capabilities: INTERNET&NOT_RESTRICTED&TRUSTED&NOT_VCN_MANAGED&NOT_BANDWIDTH_CONSTRAINED Uid: 10404 RequestorUid: 10404 RequestorPkg: com.onda.app UnderlyingNetworks: Null] ]] callback flags: 0 order: 2147483647 isUidTracked: false declaredMethods: AVAIL|LOST|NC|LP
11-17 23:25:24.047  1643  2669 D ConnectivityService:    accepting network in place of null for NetworkRequest [ REQUEST id=7667, [ Capabilities: INTERNET&NOT_RESTRICTED&TRUSTED&NOT_VCN_MANAGED&NOT_BANDWIDTH_CONSTRAINED Uid: 10404 RequestorUid: 10404 RequestorPkg: com.onda.app UnderlyingNetworks: Null] ]
11-17 23:25:24.047  9771  9771 D ConnectivityManager: StackLog: [android.net.ConnectivityManager.sendRequestForNetwork(ConnectivityManager.java:4736)] [android.net.ConnectivityManager.sendRequestForNetwork(ConnectivityManager.java:4904)] [android.net.ConnectivityManager.registerNetworkCallback(ConnectivityManager.java:5321)] [WV.km1.e(chromium-TrichromeWebViewGoogle6432.aab-stable-739012433:86)] [WV.km1.a(chromium-TrichromeWebViewGoogle6432.aab-stable-739012433:1)] [org.chromium.android_webview.AwContentsLifecycleNotifier.onFirstWebViewCreated(chromium-TrichromeWebViewGoogle6432.aab-stable-739012433:19)] [J.N.JJ(Native Method)] [org.chromium.android_webview.AwContents.<init>(chromium-TrichromeWebViewGoogle6432.aab-stable-739012433:619)] [com.android.webview.chromium.k.run(chromium-TrichromeWebViewGoogle6432.aab-stable-739012433:163)] [WV.d23.run(chromium-TrichromeWebViewGoogle6432.aab-stable-739012433:13)] [org.chromium.base.task.PostTask.d(chromium-TrichromeWebViewGoogle6432.aab-stable-739012433:18)] [WV.e23.a(chromium-TrichromeWebViewGoogle6432.aab-stable-739012433:18)] [com.android.webview.chromium.WebViewChromiumFactoryProvider.a(chromium-TrichromeWebViewGoogle6432.aab-stable-739012433:3)] [com.android.webview.chromium.WebViewChromium.init(chromium-TrichromeWebViewGoogle6432.aab-stable-739012433:334)] [android.webkit.WebView.<init>(WebView.java:446)] [android.webkit.WebView.<init>(WebView.java:366)] [android.webkit.WebView.<init>(WebView.java:348)] [android.webkit.WebView.<init>(WebView.java:335)] [android.webkit.WebView.<init>(WebView.java:325)] [com.onda.app.MainActivity.onCreate(Unknown Source:5)] [android.app.Activity.performCreate(Activity.java:9363)] [android.app.Activity.performCreate(Activity.java:9332)] [android.app.Instrumentation.callActivityOnCreate(Instrumentation.java:1526)] [android.app.ActivityThread.performLaunchActivity(ActivityThread.java:4436)] [android.app.ActivityThread.handleLaunchActivity(ActivityThread.java:4685)] [android.app.servertransaction.LaunchActivityItem.execute(LaunchActivityItem.java:112)] [android.app.servertransaction.TransactionExecutor.executeNonLifecycleItem(TransactionExecutor.java:174)] [android.app.servertransaction.TransactionExecutor.executeTransactionItems(TransactionExecutor.java:109)] [android.app.servertransaction.TransactionExecutor.execute(TransactionExecutor.java:81)] [android.app.ActivityThread$H.handleMessage(ActivityThread.java:2895)]
11-17 23:25:24.047  1643  2654 D OemPaidWifiNetworkFactory: got request NetworkRequest [ REQUEST id=7667, [ Capabilities: INTERNET&NOT_RESTRICTED&TRUSTED&NOT_VCN_MANAGED&NOT_BANDWIDTH_CONSTRAINED Uid: 10404 RequestorUid: 10404 RequestorPkg: com.onda.app UnderlyingNetworks: Null] ]
11-17 23:25:24.048  1643  2654 D MultiInternetWifiNetworkFactory: got request NetworkRequest [ REQUEST id=7667, [ Capabilities: INTERNET&NOT_RESTRICTED&TRUSTED&NOT_VCN_MANAGED&NOT_BANDWIDTH_CONSTRAINED Uid: 10404 RequestorUid: 10404 RequestorPkg: com.onda.app UnderlyingNetworks: Null] ]
11-17 23:25:24.048  1643  2654 D WifiNetworkFactory: got request NetworkRequest [ REQUEST id=7667, [ Capabilities: INTERNET&NOT_RESTRICTED&TRUSTED&NOT_VCN_MANAGED&NOT_BANDWIDTH_CONSTRAINED Uid: 10404 RequestorUid: 10404 RequestorPkg: com.onda.app UnderlyingNetworks: Null] ]
11-17 23:25:24.048  1643  2654 D UntrustedWifiNetworkFactory: got request NetworkRequest [ REQUEST id=7667, [ Capabilities: INTERNET&NOT_RESTRICTED&TRUSTED&NOT_VCN_MANAGED&NOT_BANDWIDTH_CONSTRAINED Uid: 10404 RequestorUid: 10404 RequestorPkg: com.onda.app UnderlyingNetworks: Null] ]
11-17 23:25:24.090  1336  3104 I SurfaceFlinger: id=20051 createSurf, flag=84004, 7357651 com.onda.app/com.onda.app.MainActivity#20051
11-17 23:25:24.091  1336  1336 I SurfaceFlinger: [7357651 com.onda.app/com.onda.app.MainActivity#20051] attach to parent LayerHierarchy{RequestedLayerState{ActivityRecord{814b926 u0 com.onda.app/.MainActivity t1398}#20041 parentId=20040} 3 children}
11-17 23:25:24.092  9771  9771 I InsetsController: onStateChanged: host=com.onda.app/com.onda.app.MainActivity, from=android.view.ViewRootImpl.setView:1999, state=InsetsState: {mDisplayFrame=Rect(0, 0 - 1080, 2340), mDisplayCutout=DisplayCutout{insets=Rect(0, 99 - 0, 0) waterfall=Insets{left=0, top=0, right=0, bottom=0} boundingRect={Bounds=[Rect(0, 0 - 0, 0), Rect(505, 0 - 575, 99), Rect(0, 0 - 0, 0), Rect(0, 0 - 0, 0)]} cutoutPathParserInfo={CutoutPathParserInfo{displayWidth=1080 displayHeight=2340 physicalDisplayWidth=1080 physicalDisplayHeight=2340 density={3.0} cutoutSpec={M 0,0 M 0,29 a 35,35 0 1,0 0,70 a 35,35 0 1,0 0,-70 Z} rotation={0} scale={1.0} physicalPixelDisplaySizeRatio={1.0}}} sideOverrides={}}, mRoundedCorners=RoundedCorners{[RoundedCorner{position=TopLeft, radius=108, center=Point(108, 108)}, RoundedCorner{position=TopRight, radius=108, center=Point(972, 108)}, RoundedCorner{position=BottomRight, radius=108, center=Point(972, 2232)}, RoundedCorner{position=BottomLeft, radius=108, center=Point(108, 2232)}]}  mRoundedCornerFrame=Rect(0, 0 - 1080, 2340), mPrivacyIndicatorBounds=PrivacyIndicatorBounds {static bounds=Rect(948, 0 - 1080, 99) rotation=0}, mDisplayShape=DisplayShape{ spec=-311912193 displayWidth=1080 displayHeight=2340 physicalPixelDisplaySizeRatio=1.0 rotation=0 offsetX=0 offsetY=0 scale=1.0}, mSources= { InsetsSource: {3 mType=ime mFrame=[0,0][0,0] mVisible=false mFlags= mSideHint=NONE mBoundingRects=null}, InsetsSource: {27 mType=displayCutout mFrame=[0,0][1080,99] mVisible=true mFlags= mSideHint=TOP mBoundingRects=null}, InsetsSource: {26710001 mType=navigationBars mFrame=[0,2196][1080,2340] mVisible=true mFlags= mSideHint=BOTTOM mBoundingRects=null}, InsetsSource: {26710004 mType=systemGestures mFrame=[0,0][0,0] mVisible=true mFlags= mSideHint=NONE mBoundingRects=null}, InsetsSource: {26710005 mType=mandatorySystemGestures mFrame=[0,2196][1080,2340] mVisible=true mFlags= mSideHint=BOTTOM mBoundingRects=null}, InsetsSource: {26710006 mType=tappableElement mFrame=[0,2196][1080,2340] mVisible=true mFlags= mSideHint=BOTTOM mBoundingRects=null}, InsetsSource: {26710024 mType=systemGestures mFrame=[0,0][0,0] mVisible=true mFlags= mSideHint=NONE mBoundingRects=null}, InsetsSource: {60080000 mType=statusBars mFrame=[0,0][1080,99] mVisible=true mFlags= mSideHint=TOP mBoundingRects=null}, InsetsSource: {60080005 mType=mandatorySystemGestures mFrame=[0,0][1080,135] mVisible=true mFlags= mSideHint=TOP mBoundingRects=null}, InsetsSource: {60080006 mType=tappableElement mFrame=[0,0][1080,99] mVisible=true mFlags= mSideHint=TOP mBoundingRects=null} }
11-17 23:25:24.099  1643  5926 D CoreBackPreview: Window{7357651 u0 com.onda.app/com.onda.app.MainActivity}: Setting back callback OnBackInvokedCallbackInfo{mCallback=android.window.IOnBackInvokedCallback$Stub$Proxy@33857b7, mPriority=0, mIsAnimationCallback=false}
11-17 23:25:24.100  1643  5926 V WindowManager: Relayout Window{7357651 u0 com.onda.app/com.onda.app.MainActivity}: viewVisibility=0 req=1080x2340 ty=1 d0
11-17 23:25:24.100  1336  3076 I SurfaceFlinger: id=20052 createSurf, flag=44004, com.onda.app/com.onda.app.MainActivity$_9771#20052
11-17 23:25:24.101  1643  5926 D WindowManager: makeSurface duration=1 name=com.onda.app/com.onda.app.MainActivity$_9771
11-17 23:25:24.101  1336  1336 I SurfaceFlinger: Layer [7357651 com.onda.app/com.onda.app.MainActivity#20051] hidden!! flag(4096)
11-17 23:25:24.102  1336  1336 I SurfaceFlinger: [com.onda.app/com.onda.app.MainActivity$_9771#20052] attach to parent LayerHierarchy{RequestedLayerState{7357651 com.onda.app/com.onda.app.MainActivity#20051 parentId=20041} 1 children}
11-17 23:25:24.102  1643  5926 D WindowManager: Changing focus from null to Window{7357651 u0 com.onda.app/com.onda.app.MainActivity} displayId=0 Callers=com.android.server.wm.WindowManagerService.relayoutWindowInner:142 com.android.server.wm.WindowManagerService.relayoutWindow:6 com.android.server.wm.Session.relayout:27 android.view.IWindowSession$Stub.onTransact:861
11-17 23:25:24.103  1643  5926 D InsetsSourceProvider: updateControlForTarget: control=InsetsSourceControl: {60080000 mType=statusBars initiallyVisible mSurfacePosition=Point(0, 0) mInsetsHint=Insets{left=0, top=99, right=0, bottom=0}}, target=Window{7357651 u0 com.onda.app/com.onda.app.MainActivity}, from=com.android.server.wm.InsetsStateController.onControlTargetChanged:81 com.android.server.wm.InsetsPolicy.updateBarControlTarget:175 com.android.server.wm.DisplayPolicy.updateSystemBarAttributes:281 com.android.server.wm.WindowManagerService.updateFocusedWindowLocked:375 com.android.server.wm.WindowManagerService.relayoutWindowInner:142
11-17 23:25:24.105  1643  5926 D InsetsSourceProvider: updateControlForTarget: control=InsetsSourceControl: {26710001 mType=navigationBars initiallyVisible mSurfacePosition=Point(0, 2196) mInsetsHint=Insets{left=0, top=0, right=0, bottom=144}}, target=Window{7357651 u0 com.onda.app/com.onda.app.MainActivity}, from=com.android.server.wm.InsetsStateController.onControlTargetChanged:81 com.android.server.wm.InsetsPolicy.updateBarControlTarget:188 com.android.server.wm.DisplayPolicy.updateSystemBarAttributes:281 com.android.server.wm.WindowManagerService.updateFocusedWindowLocked:375 com.android.server.wm.WindowManagerService.relayoutWindowInner:142
11-17 23:25:24.109  1643  5926 D WindowManager: updateSystemBarAttributes: displayId=0, focusedCanBeNavColorWin=false, win=Window{7357651 u0 com.onda.app/com.onda.app.MainActivity}, navColorWin=Window{6b2717b u0 Splash Screen com.onda.app}, caller=com.android.server.wm.WindowManagerService.updateFocusedWindowLocked:375 com.android.server.wm.WindowManagerService.relayoutWindowInner:142 com.android.server.wm.WindowManagerService.relayoutWindow:6
11-17 23:25:24.110  1643  5926 V SystemKeyManager: updateFocusedWindow() is called, com.onda.app/com.onda.app.MainActivity
11-17 23:25:24.112  9771  9771 E com.onda.app: Unable to open libpenguin.so: dlopen failed: library "libpenguin.so" not found.
11-17 23:25:24.116  2913  2913 D NavigationBar: onSystemBarAttributesChanged() -  displayId:0, appearance:16, packageName: com.onda.app (APPEARANCE_LIGHT_NAVIGATION_BARS ), navbarColorManagedByIme:false
11-17 23:25:24.130  1336  1540 D SurfaceFlinger: [input] setFocusedWindow: 7357651 com.onda.app/com.onda.app.MainActivity
11-17 23:25:24.131  1643  4090 D InputDispatcher: Once focus requested (0): 7357651 com.onda.app/com.onda.app.MainActivity
11-17 23:25:24.131  1643  4090 D InputDispatcher: Focus request (0): 7357651 com.onda.app/com.onda.app.MainActivity but waiting because NO_WINDOW
11-17 23:25:24.240  1336  3104 I SurfaceFlinger: [com.onda.app/com.onda.app.MainActivity$_9771#20052] setTransactionState with the first frame. bufferData(ID: 41966125449216, frameNumber: 1)
11-17 23:25:24.242  1643  5926 D WindowManager: finishDrawingWindow: Window{7357651 u0 com.onda.app/com.onda.app.MainActivity} mDrawState=DRAW_PENDING seqId=0
11-17 23:25:24.243  1643  2025 V WindowManager: Finish starting ActivityRecord{814b926 u0 com.onda.app/.MainActivity t1398}: first real window is shown, no animation
11-17 23:25:24.243  1643  2025 V WindowManager: Schedule remove starting ActivityRecord{814b926 u0 com.onda.app/.MainActivity t1398} startingWindow=Window{6b2717b u0 Splash Screen com.onda.app} animate=true Callers=com.android.server.wm.ActivityRecord.removeStartingWindow:150 com.android.server.wm.WindowState.performShowLocked:147 com.android.server.wm.WindowStateAnimator.commitFinishDrawingLocked:59 com.android.server.wm.DisplayContent$$ExternalSyntheticLambda1.accept$com$android$server$wm$DisplayContent$$ExternalSyntheticLambda40:22 com.android.server.wm.DisplayContent$$ExternalSyntheticLambda1.accept:305
11-17 23:25:24.248  1643  2025 D TaskOrganizerController: applyStartingWindowAnimation, window=Window{7357651 u0 com.onda.app/com.onda.app.MainActivity}, caller=com.android.server.wm.TaskOrganizerController.removeStartingWindow:131 com.android.server.wm.StartingSurfaceController$StartingSurface.remove:23 com.android.server.wm.ActivityRecord.removeStartingWindowAnimation:181
11-17 23:25:24.248  1643  2025 I WindowManager: Reparenting to leash, surface=Surface(name=7357651 com.onda.app/com.onda.app.MainActivity)/@0x95cdecb, syncState=0, syncCommitDepth=0, leashParent=Surface(name=ActivityRecord{814b926 u0 com.onda.app/.MainActivity t1398})/@0x46ee6a8
11-17 23:25:24.248  1336  3104 I SurfaceFlinger: id=20055 createSurf, flag=24000, Surface(name=7357651 com.onda.app/com.onda.app.MainActivity)/@0x95cdecb - animation-leash of starting_reveal#20055
11-17 23:25:24.249  1643  2025 D WindowManager: makeSurface duration=1 leash=Surface(name=Surface(name=7357651 com.onda.app/com.onda.app.MainActivity)/@0x95cdecb - animation-leash of starting_reveal)/@0xb6f95c1
11-17 23:25:24.249  1336  1336 I SurfaceFlinger: [Surface(name=7357651 com.onda.app/com.onda.app.MainActivity)/@0x95cdecb - animation-leash of starting_reveal#20055] attach to parent LayerHierarchy{RequestedLayerState{ActivityRecord{814b926 u0 com.onda.app/.MainActivity t1398}#20041 parentId=20040} 4 children}
11-17 23:25:24.250  1643  2025 I ActivityTaskManager: done cause=notifyWindowsDrawn timestamp=78831592288625 info=TransitionInfo{269c166 a=ActivityRecord{814b926 u0 com.onda.app/.MainActivity t1398} d=true}
11-17 23:25:24.250  1643  2025 V WindowManager: performShowLocked: mDrawState=HAS_DRAWN in Window{7357651 u0 com.onda.app/com.onda.app.MainActivity}
11-17 23:25:24.253  1336  1336 D SurfaceFlinger:        DEVICE |   0xb4000079df91ab80 | 0001 | RGBA_8888    |    0.0    0.0 1080.0 2340.0 |    0    0 1080 2340 | Splash Screen com.onda.app$_2913#20043 (1)
11-17 23:25:24.254  9771  9771 I InsetsSourceConsumer: applyRequestedVisibilityToControl: visible=true, type=statusBars, host=com.onda.app/com.onda.app.MainActivity
11-17 23:25:24.255  9771  9771 I InsetsSourceConsumer: applyRequestedVisibilityToControl: visible=true, type=navigationBars, host=com.onda.app/com.onda.app.MainActivity
11-17 23:25:24.270  1336  1336 I SurfaceFlinger: Layer [com.onda.app/com.onda.app.MainActivity$_9771#20052] hidden!! flag(0)
11-17 23:25:24.270  1336  1336 I SurfaceFlinger: [LayerHierarchy{RequestedLayerState{7357651 com.onda.app/com.onda.app.MainActivity#20051 parentId=20055} 1 children}] reparent to LayerHierarchy{RequestedLayerState{Surface(name=7357651 com.onda.app/com.onda.app.MainActivity)/@0x95cdecb - animation-leash of starting_reveal#20055 parentId=20041} 1 children}
11-17 23:25:24.274  1643  2020 I PkgPredictorService-SecIpmManagerServiceImpl: reportToNAP uid:10404 com.onda.app/com.onda.app.MainActivity thisTime:422
11-17 23:25:24.276  1643  2020 I ActivityTaskManager: Displayed com.onda.app/.MainActivity for user 0: +422ms
11-17 23:25:24.276  1643  2020 I Pageboost: Launch time gathered : pid 9771 com.onda.app 422
11-17 23:25:24.278  1336  1336 D SurfaceFlinger:        DEVICE |   0xb4000079df8eb660 | 0001 | RGBA_8888    |    0.0    0.0 1080.0 2340.0 |    0    0 1080 2340 | com.onda.app/com.onda.app.MainActivity$_9771#20052 (2)
11-17 23:25:24.278  1336  1336 D SurfaceFlinger:        DEVICE |   0xb4000079df91ab80 | 0001 | RGBA_8888    |    0.0    0.0 1080.0 2340.0 |    0    0 1080 2340 | Splash Screen com.onda.app$_2913#20043 (1)
11-17 23:25:24.279  1643  5753 D InputDispatcher: Focus entered window (0): 7357651 com.onda.app/com.onda.app.MainActivity
11-17 23:25:24.284  1643  2830 D NetdEventListenerService: DNS Requested by 119, 10404(com.onda.app), SUCCESS, 10ms
11-17 23:25:24.288  1643  2024 D SGM:FgCheckThread: getForegroundApp(), foregroundPkgName=com.onda.app
11-17 23:25:24.289  1643  2024 D SGM:FgCheckThread: noteStopComponent(), received pkgName: com.sec.android.app.launcher, focusedPkgName: com.onda.app, userId: 0
11-17 23:25:24.290  1643  2606 I ImeTracker: com.onda.app:d29327e4: onRequestHide at ORIGIN_SERVER reason HIDE_UNSPECIFIED_WINDOW fromUser false
11-17 23:25:24.290  1643  2606 I ImeTracker: com.onda.app:d29327e4: onCancelled at PHASE_SERVER_SHOULD_HIDE
11-17 23:25:24.312  1643  4090 D InsetsSourceProvider: updateControlForTarget: control=InsetsSourceControl: {3 mType=ime mSurfacePosition=Point(0, 99) mInsetsHint=Insets{left=0, top=0, right=0, bottom=1026}}, target=Window{7357651 u0 com.onda.app/com.onda.app.MainActivity}, from=com.android.server.wm.ImeInsetsSourceProvider.updateControlForTarget:17 com.android.server.wm.InsetsStateController.onControlTargetChanged:81 com.android.server.wm.DisplayContent.updateImeControlTarget:21 com.android.server.wm.DisplayContent.updateImeInputAndControlTarget:81 com.android.server.wm.WindowManagerService$LocalService.updateInputMethodTargetWindow:21
11-17 23:25:24.313  6802  6802 I HBD     : c [AiWriter] setContact : com.onda.app
11-17 23:25:24.313  6802  6802 I HBD     : a [AiWriter] setContact : com.onda.app
11-17 23:25:24.319  6802  7073 I HBD     : h [SKE_SPECIFIC] specific model[com.onda.app] loaded, 2017135 ns
11-17 23:25:24.321  1336  1336 I SurfaceFlinger: [LayerHierarchy{RequestedLayerState{ImeContainer#16 parentId=20041 relativeParentId=20041 z=3} 1 children}] reparent to LayerHierarchy{RequestedLayerState{ActivityRecord{814b926 u0 com.onda.app/.MainActivity t1398}#20041 parentId=20040} 4 children}
11-17 23:25:24.321  1643  5926 V WindowManager: Relayout Window{6b2717b u0 Splash Screen com.onda.app}: viewVisibility=8 req=1080x2340 ty=3 d0
11-17 23:25:24.321  9771  9771 I InsetsSourceConsumer: applyRequestedVisibilityToControl: visible=false, type=ime, host=com.onda.app/com.onda.app.MainActivity
11-17 23:25:24.325  1643  5753 D WindowManager: Starting window removed Window{6b2717b u0 Splash Screen com.onda.app}
11-17 23:25:24.325  1643  5753 I WindowManager: Cancelling animation restarting=false, leash=Surface(name=Surface(name=7357651 com.onda.app/com.onda.app.MainActivity)/@0x95cdecb - animation-leash of starting_reveal)/@0xb6f95c1
11-17 23:25:24.325  1643  5753 I WindowManager: Reparenting to original parent: Surface(name=ActivityRecord{814b926 u0 com.onda.app/.MainActivity t1398})/@0x46ee6a8, destroy=false, syncState=0, syncCommitDepth=0, surface=Surface(name=7357651 com.onda.app/com.onda.app.MainActivity)/@0x95cdecb
11-17 23:25:24.326  1643  5753 W InputManager-JNI: Input channel object '6b2717b Splash Screen com.onda.app (client)' was disposed without first being removed with the input manager!
11-17 23:25:24.326  1643  5753 V WindowManager: Remove Window{6b2717b u0 Splash Screen com.onda.app}: mSurfaceController=Surface(name=Splash Screen com.onda.app$_2913)/@0x2681377 mAnimatingExit=false mRemoveOnExit=false mHasSurface=true surfaceShowing=true animating=false app-animation=false mDisplayFrozen=false callers=com.android.server.wm.Session.remove:16 android.view.IWindowSession$Stub.onTransact:794 com.android.server.wm.Session.onTransact:1 android.os.Binder.execTransactInternal:1541 android.os.Binder.execTransact:1480 <bottom of call stack>
11-17 23:25:24.326  1643  5753 I WindowManager: Destroying surface Surface(name=Splash Screen com.onda.app$_2913)/@0x2681377 called by com.android.server.wm.WindowStateAnimator.destroySurface:11 com.android.server.wm.WindowStateAnimator.destroySurfaceLocked:54 com.android.server.wm.WindowState.removeImmediately:43 com.android.server.wm.WindowState.removeIfPossible:638 com.android.server.wm.Session.remove:16 android.view.IWindowSession$Stub.onTransact:794 com.android.server.wm.Session.onTransact:1 android.os.Binder.execTransactInternal:1541
11-17 23:25:24.326  1643  5753 D WindowManager: updateSystemBarAttributes: displayId=0, focusedCanBeNavColorWin=false, win=Window{7357651 u0 com.onda.app/com.onda.app.MainActivity}, navColorWin=Window{7357651 u0 com.onda.app/com.onda.app.MainActivity}, caller=com.android.server.wm.DisplayPolicy.finishPostLayoutPolicyLw:17 com.android.server.wm.RootWindowContainer.applySurfaceChangesTransaction$1:194 com.android.server.wm.RootWindowContainer.performSurfacePlacementNoTrace:61
11-17 23:25:24.330  1643  2830 D NetdEventListenerService: DNS Requested by 119, 10404(com.onda.app), SUCCESS, 1ms
11-17 23:25:24.330  1643  2830 D NetdEventListenerService: DNS Requested by 119, 10404(com.onda.app), SUCCESS, 1ms
11-17 23:25:24.336  1336  1336 I SurfaceFlinger: [LayerHierarchy{RequestedLayerState{ImeContainer#16 parentId=20041 relativeParentId=20051 z=1} 1 children}] RelativeParent to LayerHierarchy{RequestedLayerState{7357651 com.onda.app/com.onda.app.MainActivity#20051 parentId=20041} 2 children}
11-17 23:25:24.336  1336  1336 I SurfaceFlinger: [LayerHierarchy{RequestedLayerState{7357651 com.onda.app/com.onda.app.MainActivity#20051 parentId=20041} 2 children}] reparent to LayerHierarchy{RequestedLayerState{ActivityRecord{814b926 u0 com.onda.app/.MainActivity t1398}#20041 parentId=20040} 5 children}
11-17 23:25:24.336  1336  1336 I SurfaceFlinger: [LayerHierarchy{RequestedLayerState{6b2717b Splash Screen com.onda.app#20042 z=2147483647} 1 children}] reparent to OffscreenRoot
11-17 23:25:24.336  1336  1336 I SurfaceFlinger: [LayerHierarchy{RequestedLayerState{6b2717b Splash Screen com.onda.app#20042 z=2147483647} 1 children}] RelativeParent to null
11-17 23:25:24.336  1336  1336 I SurfaceFlinger: [LayerHierarchy{RequestedLayerState{Splash Screen com.onda.app$_2913#20043} no children}] reparent to OffscreenRoot
11-17 23:25:24.336  1336  1336 I SurfaceFlinger: [LayerHierarchy{RequestedLayerState{Splash Screen com.onda.app$_2913#20043} no children}] RelativeParent to null
11-17 23:25:24.336  1336  1336 I SurfaceFlinger: [LayerHierarchy{RequestedLayerState{Surface(name=7357651 com.onda.app/com.onda.app.MainActivity)/@0x95cdecb - animation-leash of starting_reveal#20055} no children}] reparent to OffscreenRoot
11-17 23:25:24.336  1336  1336 I SurfaceFlinger: [LayerHierarchy{RequestedLayerState{Surface(name=7357651 com.onda.app/com.onda.app.MainActivity)/@0x95cdecb - animation-leash of starting_reveal#20055} no children}] RelativeParent to null
11-17 23:25:24.336  1336  1336 I SurfaceFlinger: id=20042 Removed 6b2717b Splash Screen com.onda.app#20042 (147)
11-17 23:25:24.336  1336  1336 I SurfaceFlinger: id=20043 Removed Splash Screen com.onda.app$_2913#20043 (147)
11-17 23:25:24.344  1336  1336 D SurfaceFlinger:        DEVICE |   0xb4000079df8eb660 | 0001 | RGBA_8888    |    0.0    0.0 1080.0 2340.0 |    0    0 1080 2340 | com.onda.app/com.onda.app.MainActivity$_9771#20052 (2)
11-17 23:25:24.346  1336  1336 I SurfaceFlinger: destroyed 6b2717b Splash Screen com.onda.app#20042
11-17 23:25:24.346  1336  1336 I SurfaceFlinger: destroyed Splash Screen com.onda.app$_2913#20043
11-17 23:25:24.347  9771  9771 D WebViewConsole: Uncaught Error: Missing Supabase environment variables (line 272 of https://appassets.androidplatform.net/assets/index-DP2tEIYx.js)
11-17 23:25:24.348  1336  1336 I Layer   : id=20043 Destroyed Splash Screen com.onda.app$_2913#20043
11-17 23:25:24.348  1336  1336 I Layer   : id=20042 Destroyed 6b2717b Splash Screen com.onda.app#20042
11-17 23:25:24.424  1643  2684 D MdnieScenarioControlService:  packageName : com.onda.app    className : com.onda.app.MainActivity
11-17 23:25:24.813  1643  2024 D SGM:GameManager: identifyForegroundApp. com.onda.app, mCurrentUserId: 0, callerUserId: 0
11-17 23:25:24.969  1643  2830 D NetdEventListenerService: DNS Requested by 119, 10404(com.onda.app), SUCCESS, 80ms
11-17 23:25:25.108  1643  2830 D NetdEventListenerService: DNS Requested by 119, 10404(com.onda.app), SUCCESS, 7ms
11-17 23:25:25.108  1643  2830 D NetdEventListenerService: DNS Requested by 119, 10404(com.onda.app), SUCCESS, 5ms
11-17 23:25:25.115  1643  2830 D NetdEventListenerService: DNS Requested by 119, 10404(com.onda.app), SUCCESS, 11ms
11-17 23:25:25.208  1643  5753 D SGM:GameManager: identifyGamePackage. com.onda.app, mCurrentUserId: 0, callerUserId: 0, callingMethodInfo: com.samsung.android.game.IGameManagerService$Stub.onTransact(IGameManagerService.java:228)
11-17 23:25:25.245  1643  2830 D NetdEventListenerService: DNS Requested by 119, 10404(com.onda.app), SUCCESS, 65ms
11-17 23:25:25.485  1643  2830 D NetdEventListenerService: DNS Requested by 119, 10404(com.onda.app), SUCCESS, 51ms
11-17 23:25:25.830  1643  2830 D NetdEventListenerService: DNS Requested by 119, 10404(com.onda.app), SUCCESS, 46ms
11-17 23:25:27.231  1643  5419 V WindowManager: Transition 1471: Set Task{aa09967 #1398 type=standard A=10404:com.onda.app} as transient-hidden-task, caller=com.android.server.wm.Task.forAllTasks:4 com.android.server.wm.WindowContainer.forAllTasks:2 com.android.server.wm.DisplayArea.forAllTasks:9
11-17 23:25:27.231  1643  5419 V WindowManager: Collecting in transition 1471: Task{aa09967 #1398 type=standard A=10404:com.onda.app}, caller=com.android.server.wm.Transition$$ExternalSyntheticLambda16.test:93 com.android.server.wm.Task.forAllTasks:4 com.android.server.wm.WindowContainer.forAllTasks:2 com.android.server.wm.DisplayArea.forAllTasks:9 com.android.server.wm.TransitionController.setTransientLaunch:99
11-17 23:25:27.231  1643  5419 D ActivityTaskManager: scheduleTopResumedActivityChanged, onTop=false, r=ActivityRecord{814b926 u0 com.onda.app/.MainActivity t1398}, caller=com.android.server.wm.ActivityTaskSupervisor.scheduleTopResumedActivityStateLossIfNeeded:11 com.android.server.wm.ActivityTaskSupervisor.updateTopResumedActivityIfNeeded:19 com.android.server.wm.TaskDisplayArea.positionChildAt:270 com.android.server.wm.Task.moveToFront:443 com.android.server.wm.ActivityStartController.startExistingRecents:201 com.android.server.wm.WindowOrganizerController.applyHierarchyOp:31
11-17 23:25:27.262  1643  2025 V WindowManager: Start calculating TransitionInfo based on participants: {Task{300af38 #1171 type=recents I=com.sec.android.app.launcher/com.android.quickstep.RecentsActivity}, TransientLaunchOverlayToken{50bb239 token=android.os.BinderProxy@fe04a00}, WallpaperWindowToken{926e278 token=android.os.Binder@36b27db}_<system>, Task{aa09967 #1398 type=standard A=10404:com.onda.app}, ActivityRecord{c0d2f9b u0 com.sec.android.app.launcher/com.android.quickstep.RecentsActivity t1171}}
11-17 23:25:27.262  1643  2025 V WindowManager:   Final targets: [TransientLaunchOverlayToken{50bb239 token=android.os.BinderProxy@fe04a00}, Task{300af38 #1171 type=recents I=com.sec.android.app.launcher/com.android.quickstep.RecentsActivity}, Task{aa09967 #1398 type=standard A=10404:com.onda.app}, WallpaperWindowToken{926e278 token=android.os.Binder@36b27db}_<system>]
11-17 23:25:27.264  1643  2025 D WindowManager: setActiveRecents, recents=ActivityRecord{c0d2f9b u0 com.sec.android.app.launcher/com.android.quickstep.RecentsActivity t1171}, task=Task{aa09967 #1398 type=standard A=10404:com.onda.app}, caller=com.android.server.wm.InputMonitor.setActiveRecents:32 com.android.server.wm.Transition.handleLegacyRecentsStartBehavior:107 com.android.server.wm.Transition.onTransactionReady:2212
11-17 23:25:27.264  1643  2025 V WindowManager:         {WCT{RemoteToken{e303f4b Task{aa09967 #1398 type=standard A=10404:com.onda.app}}} m=TO_BACK f=NONE leash=Surface(name=Task=1398)/@0xf91e6c5 sb=Rect(0, 0 - 1080, 2340) eb=Rect(0, 0 - 1080, 2340) d=0 taskParent=-1 inset=Rect(0, 99 - 0, 144) dim=true},
11-17 23:25:27.265  3422  3422 I HoneySpace.GestureEventController: SetGestureTaskList, SendGestureTaskList(taskList=[[#1398=com.onda.app], [#1394=org.telegram.messenger]], initPosition=1, runningTaskId=1398, showAnimStartPosition=1, isLeashTargetCenter=false, forSimple=true)
11-17 23:25:27.265  3422  3422 I HoneySpace.GestureEventController: SetGestureTaskList, SendGestureTaskList(taskList=[[#1398=com.onda.app], [#1394=org.telegram.messenger]], initPosition=1, runningTaskId=1398, showAnimStartPosition=1, isLeashTargetCenter=false, forSimple=false)
11-17 23:25:27.265  3422  3422 I HoneySpace.TaskListViewModel: groupTasks: [[#1398=com.onda.app], [#1394=org.telegram.messenger]]
11-17 23:25:27.267  3422  3422 I HoneySpace.TaskAdapter: attach [position: 0], taskData size: 2, item: ComponentInfo{com.onda.app/com.onda.app.MainActivity}, animReady: 4, firstBindingComplete: 5, view: a3b89f9
11-17 23:25:27.268  3422  9728 I HoneySpace.TaskDataRepositoryImpl: Request icon and label, id=1398, iconAndLabel: IconAndLabel(icon=android.graphics.Bitmap@db2e7e9, label=Onda), componentKey: com.onda.app/.MainActivity#UserHandle{0}
11-17 23:25:27.273  3422  9727 I HoneySpace.SuggestedItemsFacade: DPS items : Onda, com.onda.app/.MainActivity#UserHandle{0}
11-17 23:25:27.273  3422  9727 I HoneySpace.FilteredItemProvider: collect filtered items o, [PK(p='com.onda.app', u=UserHandle{0}), PK(p='org.telegram.messenger', u=UserHandle{0})]
11-17 23:25:27.274  3422  9727 I HoneySpace.SuggestedItemsFacade: filteredItem : PK(p='com.onda.app', u=UserHandle{0})
11-17 23:25:27.274  3422  9727 I HoneySpace.SuggestedItemsFacade: item removed by filter - PK(p='com.onda.app', u=UserHandle{0})
11-17 23:25:27.275  1643  2020 V WindowManager:         {WCT{RemoteToken{e303f4b Task{aa09967 #1398 type=standard A=10404:com.onda.app}}} m=TO_BACK f=NONE leash=Surface(name=Task=1398)/@0xf91e6c5 sb=Rect(0, 0 - 1080, 2340) eb=Rect(0, 0 - 1080, 2340) d=0 taskParent=-1 inset=Rect(0, 99 - 0, 144) dim=true},
11-17 23:25:27.283  3422  3422 I HoneySpace.TaskAdapter: attach [position: 0], taskData size: 2, item: ComponentInfo{com.onda.app/com.onda.app.MainActivity}, animReady: 4, firstBindingComplete: 4, view: 1e707ea
11-17 23:25:27.283  3422  9728 I HoneySpace.TaskDataRepositoryImpl: Request icon and label, id=1398, iconAndLabel: IconAndLabel(icon=android.graphics.Bitmap@db2e7e9, label=Onda), componentKey: com.onda.app/.MainActivity#UserHandle{0}
11-17 23:25:27.302  1336  1481 D RenderEngine: [SEC_SF_EFFECTS] drawLayersInternal,1299, Rendering layer com.onda.app/com.onda.app.MainActivity$_9771#20052 at index 1
11-17 23:25:27.305  1643  5419 D WindowManager: Changing focus from Window{7357651 u0 com.onda.app/com.onda.app.MainActivity} to Window{a24f455 u0 com.sec.android.app.launcher/com.android.quickstep.RecentsActivity} displayId=0 Callers=com.android.server.wm.ActivityTaskManagerService.setLastResumedActivityUncheckLocked:264 com.android.server.wm.ActivityTaskManagerService.setFocusedTask:20 com.android.server.wm.ActivityTaskManagerService.focusTopTask:52 android.app.IActivityTaskManager$Stub.onTransact:1865
11-17 23:25:27.310  1643  5419 D WindowManager: updateSystemBarAttributes: displayId=0, focusedCanBeNavColorWin=false, win=Window{a24f455 u0 com.sec.android.app.launcher/com.android.quickstep.RecentsActivity}, navColorWin=Window{7357651 u0 com.onda.app/com.onda.app.MainActivity}, caller=com.android.server.wm.WindowManagerService.updateFocusedWindowLocked:375 com.android.server.wm.ActivityTaskManagerService.setLastResumedActivityUncheckLocked:264 com.android.server.wm.ActivityTaskManagerService.setFocusedTask:20
11-17 23:25:27.330  1336  1336 D SurfaceFlinger:        CLIENT |   0xb4000079df92ffd0 | 0001 | RGBA_8888    |    0.0    8.0 1079.0 2328.0 |    0    0 1079 2339 | com.onda.app/com.onda.app.MainActivity$_9771#20052 (4)
11-17 23:25:27.332  1643  5419 D InputDispatcher: Focus left window (0): 7357651 com.onda.app/com.onda.app.MainActivity
11-17 23:25:27.754  1336  1481 D RenderEngine: [SEC_SF_EFFECTS] drawLayersInternal,1299, Rendering layer com.onda.app/com.onda.app.MainActivity$_9771#20052 at index 1
11-17 23:25:27.773  1643  5926 V WindowManager: Setting visibility of Window{7357651 u0 com.onda.app/com.onda.app.MainActivity}: false, caller=com.android.server.wm.WindowContainer.sendAppVisibilityToClients:19 com.android.server.wm.WindowToken.setClientVisible:49 com.android.server.wm.ActivityRecord.setClientVisible:8 com.android.server.wm.ActivityRecord.commitVisibility:273 com.android.server.wm.TransitionController.finishTransition:766
11-17 23:25:27.775  1336  1336 D SurfaceFlinger:        CLIENT |   0xb4000079df92ffd0 | 0001 | RGBA_8888    |    1.0  100.0  232.0 2194.0 |  927  309 1080 1697 | com.onda.app/com.onda.app.MainActivity$_9771#20052 (4)
11-17 23:25:27.783  1336  1336 I SurfaceFlinger: Layer [com.onda.app/com.onda.app.MainActivity$_9771#20052] hidden!! flag(1)
11-17 23:25:27.783  1336  1336 I SurfaceFlinger: Layer [ActivityRecord{814b926 u0 com.onda.app/.MainActivity t1398}#20041] hidden!! flag(1)
11-17 23:25:27.786  1643  5419 V WindowManager: Relayout Window{7357651 u0 com.onda.app/com.onda.app.MainActivity}: viewVisibility=8 req=1080x2340 ty=1 d0
11-17 23:25:27.798  9771  9771 D VRI[MainActivity]@cc0eb9f: WindowStopped on com.onda.app/com.onda.app.MainActivity set to true
11-17 23:25:27.807  1643  5926 V WindowManager: Relayout Window{7357651 u0 com.onda.app/com.onda.app.MainActivity}: viewVisibility=8 req=1080x2340 ty=1 d0
11-17 23:25:27.813  1643  5926 E WindowManager: win=Window{7357651 u0 com.onda.app/com.onda.app.MainActivity} destroySurfaces: appStopped=true cleanupOnResume=false win.mWindowRemovalAllowed=false win.mRemoveOnExit=false win.mViewVisibility=8 caller=com.android.server.wm.ActivityRecord.destroySurfaces:25 com.android.server.wm.ActivityRecord.activityStopped:204 com.android.server.wm.ActivityClientController.activityStopped:95 android.app.IActivityClientController$Stub.onTransact:722 com.android.server.wm.ActivityClientController.onTransact:1 android.os.Binder.execTransactInternal:1541 android.os.Binder.execTransact:1480
11-17 23:25:27.814  1643  5926 I WindowManager: Destroying surface Surface(name=com.onda.app/com.onda.app.MainActivity$_9771)/@0x9fcf15d called by com.android.server.wm.WindowStateAnimator.destroySurface:11 com.android.server.wm.WindowStateAnimator.destroySurfaceLocked:54 com.android.server.wm.WindowState.destroySurfaceUnchecked:5 com.android.server.wm.WindowState.destroySurface:126 com.android.server.wm.ActivityRecord.destroySurfaces:25 com.android.server.wm.ActivityRecord.activityStopped:204 com.android.server.wm.ActivityClientController.activityStopped:95 android.app.IActivityClientController$Stub.onTransact:722
11-17 23:25:27.814  1643  2024 D SGM:FgCheckThread: pkgName: com.onda.app is not in foreground
11-17 23:25:27.814  1643  2024 D SGM:FgCheckThread: noteStopComponent(), received pkgName: com.onda.app, focusedPkgName: com.sec.android.app.launcher, userId: 0
11-17 23:25:27.815  1643  2021 D PkgPredictorService-SecIpmManagerServiceImpl: bg information pid:9771 uid:10404 pkgName:com.onda.app
11-17 23:25:27.817  1336  1336 I SurfaceFlinger: [LayerHierarchy{RequestedLayerState{com.onda.app/com.onda.app.MainActivity$_9771#20052} no children}] reparent to OffscreenRoot
11-17 23:25:27.817  1336  1336 I SurfaceFlinger: [LayerHierarchy{RequestedLayerState{com.onda.app/com.onda.app.MainActivity$_9771#20052} no children}] RelativeParent to null
11-17 23:25:27.817  1336  1336 I SurfaceFlinger: id=20052 Removed com.onda.app/com.onda.app.MainActivity$_9771#20052 (147)
11-17 23:25:27.825  1336  1336 I SurfaceFlinger: destroyed com.onda.app/com.onda.app.MainActivity$_9771#20052
11-17 23:25:27.826  1336  1336 I Layer   : id=20052 Destroyed com.onda.app/com.onda.app.MainActivity$_9771#20052
11-17 23:25:28.411  1643  2024 I ActivityManager: Killing 9771:com.onda.app/u0a404 (adj 850): remove task
11-17 23:25:28.411  1643  2535 D CoreBackPreview: Window{7357651 u0 com.onda.app/com.onda.app.MainActivity}: Setting back callback null
11-17 23:25:28.467  1643  4846 W ActivityManager: Scheduling restart of crashed service com.onda.app/org.chromium.content.app.SandboxedProcessService0:0 in 1000ms for connection
11-17 23:25:28.476  1643  2669 D ConnectivityService: releasing NetworkRequest [ REQUEST id=7667, [ Capabilities: INTERNET&NOT_RESTRICTED&TRUSTED&NOT_VCN_MANAGED&NOT_BANDWIDTH_CONSTRAINED Uid: 10404 RequestorUid: 10404 RequestorPkg: com.onda.app UnderlyingNetworks: Null] ] (release request)
11-17 23:25:28.477  1643  5940 I WindowManager: WIN DEATH: Window{7357651 u0 com.onda.app/com.onda.app.MainActivity}
11-17 23:25:28.477  1643  5940 W InputManager-JNI: Input channel object '7357651 com.onda.app/com.onda.app.MainActivity (client)' was disposed without first being removed with the input manager!
11-17 23:25:28.477  1643  5940 V WindowManager: Remove Window{7357651 u0 com.onda.app/com.onda.app.MainActivity}: mSurfaceController=null mAnimatingExit=false mRemoveOnExit=false mHasSurface=false surfaceShowing=false animating=false app-animation=false mDisplayFrozen=false callers=com.android.server.wm.Session.binderDied:118 android.os.IBinder$DeathRecipient.binderDied:339 android.os.BinderProxy.sendDeathNotice:794 <bottom of call stack> <bottom of call stack> <bottom of call stack>
11-17 23:25:28.478  1336  1446 I SurfaceFlinger: id=20049 Removed 98da868 ActivityRecordInputSink com.onda.app/.MainActivity#20049 (145)
11-17 23:25:28.481  1643  2550 W UsageStatsService: Unexpected activity event reported! (com.onda.app/com.onda.app.MainActivity event : 23 instanceId : 29942548)
11-17 23:25:28.481  1643  2024 D SGM:FgCheckThread: pkgName: com.onda.app is not in foreground
11-17 23:25:28.481  1643  2024 D SGM:FgCheckThread: noteStopComponent(), received pkgName: com.onda.app, focusedPkgName: com.sec.android.app.launcher, userId: 0
11-17 23:25:28.491  1336  1336 I SurfaceFlinger: [LayerHierarchy{RequestedLayerState{7357651 com.onda.app/com.onda.app.MainActivity#20051} no children}] reparent to OffscreenRoot
11-17 23:25:28.491  1336  1336 I SurfaceFlinger: [LayerHierarchy{RequestedLayerState{7357651 com.onda.app/com.onda.app.MainActivity#20051} no children}] RelativeParent to null
11-17 23:25:28.491  1336  1336 I SurfaceFlinger: [LayerHierarchy{RequestedLayerState{ActivityRecord{814b926 u0 com.onda.app/.MainActivity t1398}#20041} 1 children}] reparent to OffscreenRoot
11-17 23:25:28.491  1336  1336 I SurfaceFlinger: [LayerHierarchy{RequestedLayerState{ActivityRecord{814b926 u0 com.onda.app/.MainActivity t1398}#20041} 1 children}] RelativeParent to null
11-17 23:25:28.491  1336  1336 I SurfaceFlinger: id=20041 Removed ActivityRecord{814b926 u0 com.onda.app/.MainActivity t1398}#20041 (146)
11-17 23:25:28.491  1336  1336 I SurfaceFlinger: id=20051 Removed 7357651 com.onda.app/com.onda.app.MainActivity#20051 (146)
11-17 23:25:28.499  1336  1336 I SurfaceFlinger: destroyed 7357651 com.onda.app/com.onda.app.MainActivity#20051
11-17 23:25:28.499  1336  1336 I SurfaceFlinger: destroyed 98da868 ActivityRecordInputSink com.onda.app/.MainActivity#20049
11-17 23:25:28.499  1336  1336 I SurfaceFlinger: destroyed ActivityRecord{814b926 u0 com.onda.app/.MainActivity t1398}#20041
11-17 23:25:28.499  1336  1336 I Layer   : id=20049 Destroyed 98da868 ActivityRecordInputSink com.onda.app/.MainActivity#20049
11-17 23:25:28.499  1336  1336 I Layer   : id=20041 Destroyed ActivityRecord{814b926 u0 com.onda.app/.MainActivity t1398}#20041
11-17 23:25:28.500  1336  1336 I Layer   : id=20051 Destroyed 7357651 com.onda.app/com.onda.app.MainActivity#20051
11-17 23:25:28.954  1643  2879 I Pageboost: db update :com.onda.app ret 1
11-17 23:26:18.428  7012  7942 I artd    : GetBestInfo: odex next to the dex file (/data/app/~~rnN8d367Le0QNQjS8gmXyQ==/com.onda.app-gi8bkjvrSnBjDrEbgyvmEg==/oat/arm64/base.odex) is kOatUpToDate with filter 'speed-profile' executable 'false'
11-17 23:26:40.762  3422  9728 I HoneySpace.SuggestedItemsFacade: DPS items : Onda, com.onda.app/.MainActivity#UserHandle{0}
11-17 23:26:40.764  3422  9728 I HoneySpace.SuggestedItemsFacade: getFinalItems : Onda, com.onda.app/.MainActivity#UserHandle{0}
11-17 23:26:41.431  5010  5016 W gle.android.gms: ApkAssets: Deleting an ApkAssets object '<empty> and /data/app/~~rnN8d367Le0QNQjS8gmXyQ==/com.onda.app-gi8bkjvrSnBjDrEbgyvmEg==/base.apk' with 1 weak references
11-17 23:27:12.973  1643  2536 I Pageboost: start alp : com.onda.app
11-17 23:27:12.974  1643  2879 I Pageboost: alp for : com.onda.app , 0
11-17 23:27:12.981  2913  3086 D ShellStartingWindow: preload Icon com.onda.app
11-17 23:27:12.996  1643  2058 I ActivityManager: Start proc 10075:com.onda.app/u0a404 for activelaunch {com.onda.app/com.onda.app.MainActivity}
11-17 23:27:12.996  1643  2058 D DynamicHiddenApp_BGProtectManager: [SecIpm] it's a ML_TYPE_EMPTYPROCESS protected process com.onda.app
11-17 23:27:13.012 10075 10075 I com.onda.app: Using CollectorTypeCC GC.
11-17 23:27:13.014 10075 10075 E com.onda.app: Not starting debugger since process cannot load the jdwp agent.
11-17 23:27:13.029 10075 10075 D nativeloader: Configuring clns-7 for other apk /data/app/~~rnN8d367Le0QNQjS8gmXyQ==/com.onda.app-gi8bkjvrSnBjDrEbgyvmEg==/base.apk. target_sdk_version=34, uses_libraries=, library_path=/data/app/~~rnN8d367Le0QNQjS8gmXyQ==/com.onda.app-gi8bkjvrSnBjDrEbgyvmEg==/lib/arm64, permitted_path=/data:/mnt/expand:/data/user/0/com.onda.app
11-17 23:27:13.039  1643  4090 I Pageboost: onAppLaunch : com.onda.app
11-17 23:27:13.039  1643  2879 I Pageboost: Record App IO : com.onda.app pid 10075
11-17 23:27:13.040  3422  8376 I LauncherActivityInfo: packageName: com.onda.app, useThemeIcon: false, height: 216, width: 216, density: 640
11-17 23:27:13.041  1643  4090 V WindowManager: Collecting in transition 1475: ActivityRecord{97cec21 u0 com.onda.app/.MainActivity, caller=com.android.server.wm.TransitionController.collect:7 com.android.server.wm.ActivityStarter.startActivityUnchecked:626 com.android.server.wm.ActivityStarter.executeRequest:3365 com.android.server.wm.ActivityStarter.execute:1122 com.android.server.wm.ActivityTaskManagerService.startActivityAsUser:88
11-17 23:27:13.041  1643  4090 D ActivityTaskManager: TaskLaunchParamsModifier:task=null activity=ActivityRecord{97cec21 u0 com.onda.app/.MainActivity t-1} display-from-option=0 display-id=0 task-display-area-windowing-mode=1 suggested-display-area=DefaultTaskDisplayArea_d0@220808832
11-17 23:27:13.041  1643  4090 D ActivityTaskManager: TaskLaunchParamsModifier:task=null activity=ActivityRecord{97cec21 u0 com.onda.app/.MainActivity t-1} display-from-option=0 display-id=0 task-display-area-windowing-mode=1 suggested-display-area=DefaultTaskDisplayArea_d0@220808832 inherit-from-source=fullscreen non-freeform-task-display-area display-area=DefaultTaskDisplayArea_d0@220808832 activity-requested-portrait freeform-size-mismatch=Rect(81, 562 - 999, 1732)
11-17 23:27:13.043  1643  4090 D ActivityTaskManager: TaskLaunchParamsModifier:task=Task{ca8c846 #1399 type=standard A=10404:com.onda.app} activity=ActivityRecord{97cec21 u0 com.onda.app/.MainActivity t-1} display-from-option=0 display-id=0 task-display-area-windowing-mode=1 suggested-display-area=DefaultTaskDisplayArea_d0@220808832 inherit-from-source=fullscreen non-freeform-task-display-area display-area=DefaultTaskDisplayArea_d0@220808832 activity-requested-portrait freeform-size-mismatch=Rect(81, 562 - 999, 1732)
